Archive member included to satisfy reference by file (symbol)

/home/vsts/work/1/edk2/Build/Lumia950XL-AARCH64/DEBUG_GCC5/AARCH64/ArmPkg/Library/CompilerIntrinsicsLib/CompilerIntrinsicsLib/OUTPUT/CompilerIntrinsicsLib.lib(memcpy.obj)
                              /home/vsts/work/1/edk2/ArmPkg/Library/GccLto/liblto-aarch64.a (memcpy)
/home/vsts/work/1/edk2/Build/Lumia950XL-AARCH64/DEBUG_GCC5/AARCH64/ArmPkg/Library/CompilerIntrinsicsLib/CompilerIntrinsicsLib/OUTPUT/CompilerIntrinsicsLib.lib(memset.obj)
                              /home/vsts/work/1/edk2/ArmPkg/Library/GccLto/liblto-aarch64.a (memset)
/home/vsts/work/1/edk2/Build/Lumia950XL-AARCH64/DEBUG_GCC5/AARCH64/MdePkg/Library/UefiDriverEntryPoint/UefiDriverEntryPoint/OUTPUT/UefiDriverEntryPoint.lib(DriverEntryPoint.obj)
                              (_ModuleEntryPoint)
/home/vsts/work/1/edk2/Build/Lumia950XL-AARCH64/DEBUG_GCC5/AARCH64/MdeModulePkg/Universal/DevicePathDxe/DevicePathDxe/OUTPUT/DevicePathDxe.lib(AutoGen.obj)
                              DriverEntryPoint.obj (symbol from plugin) (ProcessLibraryConstructorList)
/home/vsts/work/1/edk2/Build/Lumia950XL-AARCH64/DEBUG_GCC5/AARCH64/MdeModulePkg/Universal/DevicePathDxe/DevicePathDxe/OUTPUT/DevicePathDxe.lib(DevicePath.obj)
                              AutoGen.obj (symbol from plugin) (DevicePathEntryPoint)
/home/vsts/work/1/edk2/Build/Lumia950XL-AARCH64/DEBUG_GCC5/AARCH64/MdePkg/Library/BaseDebugLibSerialPort/BaseDebugLibSerialPort/OUTPUT/BaseDebugLibSerialPort.lib(DebugLib.obj)
                              AutoGen.obj (symbol from plugin) (BaseDebugLibSerialPortConstructor)
/home/vsts/work/1/edk2/Build/Lumia950XL-AARCH64/DEBUG_GCC5/AARCH64/MdePkg/Library/UefiRuntimeServicesTableLib/UefiRuntimeServicesTableLib/OUTPUT/UefiRuntimeServicesTableLib.lib(UefiRuntimeServicesTableLib.obj)
                              AutoGen.obj (symbol from plugin) (UefiRuntimeServicesTableLibConstructor)
/home/vsts/work/1/edk2/Build/Lumia950XL-AARCH64/DEBUG_GCC5/AARCH64/MdePkg/Library/UefiBootServicesTableLib/UefiBootServicesTableLib/OUTPUT/UefiBootServicesTableLib.lib(UefiBootServicesTableLib.obj)
                              AutoGen.obj (symbol from plugin) (UefiBootServicesTableLibConstructor)
/home/vsts/work/1/edk2/Build/Lumia950XL-AARCH64/DEBUG_GCC5/AARCH64/MdePkg/Library/UefiDevicePathLib/UefiDevicePathLib/OUTPUT/UefiDevicePathLib.lib(UefiDevicePathLib.obj)
                              DevicePath.obj (symbol from plugin) (GetDevicePathSize)
/home/vsts/work/1/edk2/Build/Lumia950XL-AARCH64/DEBUG_GCC5/AARCH64/MdePkg/Library/UefiDevicePathLib/UefiDevicePathLib/OUTPUT/UefiDevicePathLib.lib(DevicePathUtilities.obj)
                              UefiDevicePathLib.obj (symbol from plugin) (UefiDevicePathLibGetDevicePathSize)
/home/vsts/work/1/edk2/Build/Lumia950XL-AARCH64/DEBUG_GCC5/AARCH64/MdePkg/Library/UefiDevicePathLib/UefiDevicePathLib/OUTPUT/UefiDevicePathLib.lib(DevicePathToText.obj)
                              UefiDevicePathLib.obj (symbol from plugin) (UefiDevicePathLibConvertDeviceNodeToText)
/home/vsts/work/1/edk2/Build/Lumia950XL-AARCH64/DEBUG_GCC5/AARCH64/MdePkg/Library/UefiDevicePathLib/UefiDevicePathLib/OUTPUT/UefiDevicePathLib.lib(DevicePathFromText.obj)
                              UefiDevicePathLib.obj (symbol from plugin) (UefiDevicePathLibConvertTextToDeviceNode)
/home/vsts/work/1/edk2/Build/Lumia950XL-AARCH64/DEBUG_GCC5/AARCH64/MdePkg/Library/UefiLib/UefiLib/OUTPUT/UefiLib.lib(UefiLib.obj)
                              AutoGen.obj (symbol from plugin) (UefiLibConstructor)
/home/vsts/work/1/edk2/Build/Lumia950XL-AARCH64/DEBUG_GCC5/AARCH64/MdePkg/Library/DxeHobLib/DxeHobLib/OUTPUT/DxeHobLib.lib(HobLib.obj)
                              AutoGen.obj (symbol from plugin) (HobLibConstructor)
/home/vsts/work/1/edk2/Build/Lumia950XL-AARCH64/DEBUG_GCC5/AARCH64/MdePkg/Library/BaseMemoryLib/BaseMemoryLib/OUTPUT/BaseMemoryLib.lib(ZeroMemWrapper.obj)
                              DevicePathToText.obj (symbol from plugin) (ZeroMem)
/home/vsts/work/1/edk2/Build/Lumia950XL-AARCH64/DEBUG_GCC5/AARCH64/MdePkg/Library/BaseMemoryLib/BaseMemoryLib/OUTPUT/BaseMemoryLib.lib(SetMemWrapper.obj)
                              DebugLib.obj (symbol from plugin) (SetMem)
/home/vsts/work/1/edk2/Build/Lumia950XL-AARCH64/DEBUG_GCC5/AARCH64/MdePkg/Library/BaseMemoryLib/BaseMemoryLib/OUTPUT/BaseMemoryLib.lib(CopyMemWrapper.obj)
                              DevicePathUtilities.obj (symbol from plugin) (CopyMem)
/home/vsts/work/1/edk2/Build/Lumia950XL-AARCH64/DEBUG_GCC5/AARCH64/MdePkg/Library/BaseMemoryLib/BaseMemoryLib/OUTPUT/BaseMemoryLib.lib(MemLibGeneric.obj)
                              ZeroMemWrapper.obj (symbol from plugin) (InternalMemZeroMem)
/home/vsts/work/1/edk2/Build/Lumia950XL-AARCH64/DEBUG_GCC5/AARCH64/MdePkg/Library/BaseMemoryLib/BaseMemoryLib/OUTPUT/BaseMemoryLib.lib(MemLibGuid.obj)
                              DevicePathFromText.obj (symbol from plugin) (CopyGuid)
/home/vsts/work/1/edk2/Build/Lumia950XL-AARCH64/DEBUG_GCC5/AARCH64/MdePkg/Library/BaseMemoryLib/BaseMemoryLib/OUTPUT/BaseMemoryLib.lib(CopyMem.obj)
                              CopyMemWrapper.obj (symbol from plugin) (InternalMemCopyMem)
/home/vsts/work/1/edk2/Build/Lumia950XL-AARCH64/DEBUG_GCC5/AARCH64/MdePkg/Library/BaseMemoryLib/BaseMemoryLib/OUTPUT/BaseMemoryLib.lib(SetMem.obj)
                              SetMemWrapper.obj (symbol from plugin) (InternalMemSetMem)
/home/vsts/work/1/edk2/Build/Lumia950XL-AARCH64/DEBUG_GCC5/AARCH64/MdePkg/Library/BaseMemoryLib/BaseMemoryLib/OUTPUT/BaseMemoryLib.lib(SetMem64Wrapper.obj)
                              SetMemWrapper.obj (symbol from plugin) (SetMem64)
/home/vsts/work/1/edk2/Build/Lumia950XL-AARCH64/DEBUG_GCC5/AARCH64/MdePkg/Library/BaseLib/BaseLib/OUTPUT/BaseLib.lib(SwapBytes64.obj)
                              DevicePathFromText.obj (symbol from plugin) (SwapBytes64)
/home/vsts/work/1/edk2/Build/Lumia950XL-AARCH64/DEBUG_GCC5/AARCH64/MdePkg/Library/BaseLib/BaseLib/OUTPUT/BaseLib.lib(LShiftU64.obj)
                              DevicePathToText.obj (symbol from plugin) (LShiftU64)
/home/vsts/work/1/edk2/Build/Lumia950XL-AARCH64/DEBUG_GCC5/AARCH64/MdePkg/Library/BaseLib/BaseLib/OUTPUT/BaseLib.lib(CpuDeadLoop.obj)
                              DebugLib.obj (symbol from plugin) (CpuDeadLoop)
/home/vsts/work/1/edk2/Build/Lumia950XL-AARCH64/DEBUG_GCC5/AARCH64/MdePkg/Library/BaseLib/BaseLib/OUTPUT/BaseLib.lib(SafeString.obj)
                              DevicePathFromText.obj (symbol from plugin) (StrnLenS)
/home/vsts/work/1/edk2/Build/Lumia950XL-AARCH64/DEBUG_GCC5/AARCH64/MdePkg/Library/BaseLib/BaseLib/OUTPUT/BaseLib.lib(String.obj)
                              DevicePathFromText.obj (symbol from plugin) (StrLen)
/home/vsts/work/1/edk2/Build/Lumia950XL-AARCH64/DEBUG_GCC5/AARCH64/MdePkg/Library/BaseLib/BaseLib/OUTPUT/BaseLib.lib(Unaligned.obj)
                              DevicePathUtilities.obj (symbol from plugin) (ReadUnaligned16)
/home/vsts/work/1/edk2/Build/Lumia950XL-AARCH64/DEBUG_GCC5/AARCH64/MdePkg/Library/BaseLib/BaseLib/OUTPUT/BaseLib.lib(Math64.obj)
                              LShiftU64.obj (symbol from plugin) (InternalMathLShiftU64)
/home/vsts/work/1/edk2/Build/Lumia950XL-AARCH64/DEBUG_GCC5/AARCH64/MdePkg/Library/BaseLib/BaseLib/OUTPUT/BaseLib.lib(CpuBreakpoint.obj)
                              DebugLib.obj (symbol from plugin) (CpuBreakpoint)
/home/vsts/work/1/edk2/Build/Lumia950XL-AARCH64/DEBUG_GCC5/AARCH64/MdePkg/Library/BaseLib/BaseLib/OUTPUT/BaseLib.lib(SwapBytes32.obj)
                              SafeString.obj (symbol from plugin) (SwapBytes32)
/home/vsts/work/1/edk2/Build/Lumia950XL-AARCH64/DEBUG_GCC5/AARCH64/MdePkg/Library/BaseLib/BaseLib/OUTPUT/BaseLib.lib(SwapBytes16.obj)
                              SafeString.obj (symbol from plugin) (SwapBytes16)
/home/vsts/work/1/edk2/Build/Lumia950XL-AARCH64/DEBUG_GCC5/AARCH64/MdePkg/Library/BaseLib/BaseLib/OUTPUT/BaseLib.lib(RShiftU64.obj)
                              SafeString.obj (symbol from plugin) (RShiftU64)
/home/vsts/work/1/edk2/Build/Lumia950XL-AARCH64/DEBUG_GCC5/AARCH64/MdePkg/Library/BaseLib/BaseLib/OUTPUT/BaseLib.lib(MultU64x32.obj)
                              SafeString.obj (symbol from plugin) (MultU64x32)
/home/vsts/work/1/edk2/Build/Lumia950XL-AARCH64/DEBUG_GCC5/AARCH64/MdePkg/Library/BaseLib/BaseLib/OUTPUT/BaseLib.lib(DivU64x32.obj)
                              SafeString.obj (symbol from plugin) (DivU64x32)
/home/vsts/work/1/edk2/Build/Lumia950XL-AARCH64/DEBUG_GCC5/AARCH64/MdePkg/Library/BaseDebugPrintErrorLevelLib/BaseDebugPrintErrorLevelLib/OUTPUT/BaseDebugPrintErrorLevelLib.lib(BaseDebugPrintErrorLevelLib.obj)
                              DebugLib.obj (symbol from plugin) (GetDebugPrintErrorLevel)
/home/vsts/work/1/edk2/Build/Lumia950XL-AARCH64/DEBUG_GCC5/AARCH64/MdePkg/Library/BasePrintLib/BasePrintLib/OUTPUT/BasePrintLib.lib(PrintLib.obj)
                              DevicePathToText.obj (symbol from plugin) (UnicodeVSPrint)
/home/vsts/work/1/edk2/Build/Lumia950XL-AARCH64/DEBUG_GCC5/AARCH64/MdePkg/Library/BasePrintLib/BasePrintLib/OUTPUT/BasePrintLib.lib(PrintLibInternal.obj)
                              PrintLib.obj (symbol from plugin) (BasePrintLibConvertValueToString)
/home/vsts/work/1/edk2/Build/Lumia950XL-AARCH64/DEBUG_GCC5/AARCH64/Lumia950XLPkg/Library/FrameBufferSerialPortLib/FrameBufferSerialPortLib/OUTPUT/FrameBufferSerialPortLib.lib(FrameBufferSerialPortLib.obj)
                              DebugLib.obj (symbol from plugin) (SerialPortInitialize)
/home/vsts/work/1/edk2/Build/Lumia950XL-AARCH64/DEBUG_GCC5/AARCH64/MdePkg/Library/UefiMemoryAllocationLib/UefiMemoryAllocationLib/OUTPUT/UefiMemoryAllocationLib.lib(MemoryAllocationLib.obj)
                              DevicePathUtilities.obj (symbol from plugin) (AllocatePool)
/home/vsts/work/1/edk2/Build/Lumia950XL-AARCH64/DEBUG_GCC5/AARCH64/MdePkg/Library/BaseLib/BaseLib/OUTPUT/BaseLib.lib(DivU64x32Remainder.obj)
                              PrintLibInternal.obj (symbol from plugin) (DivU64x32Remainder)
/home/vsts/work/1/edk2/Build/Lumia950XL-AARCH64/DEBUG_GCC5/AARCH64/ArmPkg/Library/ArmLib/ArmBaseLib/OUTPUT/ArmBaseLib.lib(ArmLibSupport.obj)
                              FrameBufferSerialPortLib.obj (symbol from plugin) (ArmGetInterruptState)
/home/vsts/work/1/edk2/Build/Lumia950XL-AARCH64/DEBUG_GCC5/AARCH64/ArmPkg/Library/ArmLib/ArmBaseLib/OUTPUT/ArmBaseLib.lib(ArmLibSupportV8.obj)
                              FrameBufferSerialPortLib.obj (symbol from plugin) (ArmEnableInterrupts)
/home/vsts/work/1/edk2/Build/Lumia950XL-AARCH64/DEBUG_GCC5/AARCH64/ArmPkg/Library/ArmCacheMaintenanceLib/ArmCacheMaintenanceLib/OUTPUT/ArmCacheMaintenanceLib.lib(ArmCacheMaintenanceLib.obj)
                              FrameBufferSerialPortLib.obj (symbol from plugin) (WriteBackInvalidateDataCacheRange)
/home/vsts/work/1/edk2/Build/Lumia950XL-AARCH64/DEBUG_GCC5/AARCH64/ArmPkg/Library/ArmLib/ArmBaseLib/OUTPUT/ArmBaseLib.lib(ArmLib.obj)
                              ArmCacheMaintenanceLib.obj (symbol from plugin) (ArmDataCacheLineLength)
/home/vsts/work/1/edk2/Build/Lumia950XL-AARCH64/DEBUG_GCC5/AARCH64/ArmPkg/Library/ArmLib/ArmBaseLib/OUTPUT/ArmBaseLib.lib(AArch64Support.obj)
                              ArmCacheMaintenanceLib.obj (symbol from plugin) (ArmInvalidateDataCacheEntryByMVA)

Discarded input sections

 .text          0x0000000000000000       0x10 /home/vsts/work/1/edk2/ArmPkg/Library/GccLto/liblto-aarch64.a
 .data          0x0000000000000000        0x0 /home/vsts/work/1/edk2/ArmPkg/Library/GccLto/liblto-aarch64.a
 .bss           0x0000000000000000        0x0 /home/vsts/work/1/edk2/ArmPkg/Library/GccLto/liblto-aarch64.a
 .text          0x0000000000000000        0x0 /tmp/cc1rdrpc.ltrans0.ltrans.o
 .data          0x0000000000000000        0x0 /tmp/cc1rdrpc.ltrans0.ltrans.o
 .bss           0x0000000000000000        0x0 /tmp/cc1rdrpc.ltrans0.ltrans.o
 .text._DriverUnloadHandler
                0x0000000000000000        0x8 /tmp/cc1rdrpc.ltrans0.ltrans.o
 .text.__memset
                0x0000000000000000       0x1c /tmp/cc1rdrpc.ltrans0.ltrans.o
 .comment       0x0000000000000000       0x2e /tmp/cc1rdrpc.ltrans0.ltrans.o
 .text          0x0000000000000000        0x0 memcpy.obj (symbol from plugin)
 .text          0x0000000000000000        0x0 memset.obj (symbol from plugin)
 .text          0x0000000000000000        0x0 DriverEntryPoint.obj (symbol from plugin)
 .text          0x0000000000000000        0x0 AutoGen.obj (symbol from plugin)
 .text          0x0000000000000000        0x0 DevicePath.obj (symbol from plugin)
 .text          0x0000000000000000        0x0 DebugLib.obj (symbol from plugin)
 .text          0x0000000000000000        0x0 UefiRuntimeServicesTableLib.obj (symbol from plugin)
 .text          0x0000000000000000        0x0 UefiBootServicesTableLib.obj (symbol from plugin)
 .text          0x0000000000000000        0x0 UefiDevicePathLib.obj (symbol from plugin)
 .text          0x0000000000000000        0x0 DevicePathUtilities.obj (symbol from plugin)
 .text          0x0000000000000000        0x0 DevicePathToText.obj (symbol from plugin)
 .text          0x0000000000000000        0x0 DevicePathFromText.obj (symbol from plugin)
 .text          0x0000000000000000        0x0 UefiLib.obj (symbol from plugin)
 .text          0x0000000000000000        0x0 HobLib.obj (symbol from plugin)
 .text          0x0000000000000000        0x0 ZeroMemWrapper.obj (symbol from plugin)
 .text          0x0000000000000000        0x0 SetMemWrapper.obj (symbol from plugin)
 .text          0x0000000000000000        0x0 CopyMemWrapper.obj (symbol from plugin)
 .text          0x0000000000000000        0x0 MemLibGeneric.obj (symbol from plugin)
 .text          0x0000000000000000        0x0 MemLibGuid.obj (symbol from plugin)
 .text          0x0000000000000000        0x0 CopyMem.obj (symbol from plugin)
 .text          0x0000000000000000        0x0 SetMem.obj (symbol from plugin)
 .text          0x0000000000000000        0x0 SetMem64Wrapper.obj (symbol from plugin)
 .text          0x0000000000000000        0x0 SwapBytes64.obj (symbol from plugin)
 .text          0x0000000000000000        0x0 LShiftU64.obj (symbol from plugin)
 .text          0x0000000000000000        0x0 CpuDeadLoop.obj (symbol from plugin)
 .text          0x0000000000000000        0x0 SafeString.obj (symbol from plugin)
 .text          0x0000000000000000        0x0 String.obj (symbol from plugin)
 .text          0x0000000000000000        0x0 Unaligned.obj (symbol from plugin)
 .text          0x0000000000000000        0x0 Math64.obj (symbol from plugin)
 .text          0x0000000000000000        0x8 /home/vsts/work/1/edk2/Build/Lumia950XL-AARCH64/DEBUG_GCC5/AARCH64/MdePkg/Library/BaseLib/BaseLib/OUTPUT/BaseLib.lib(CpuBreakpoint.obj)
 .data          0x0000000000000000        0x0 /home/vsts/work/1/edk2/Build/Lumia950XL-AARCH64/DEBUG_GCC5/AARCH64/MdePkg/Library/BaseLib/BaseLib/OUTPUT/BaseLib.lib(CpuBreakpoint.obj)
 .bss           0x0000000000000000        0x0 /home/vsts/work/1/edk2/Build/Lumia950XL-AARCH64/DEBUG_GCC5/AARCH64/MdePkg/Library/BaseLib/BaseLib/OUTPUT/BaseLib.lib(CpuBreakpoint.obj)
 .text          0x0000000000000000        0x0 SwapBytes32.obj (symbol from plugin)
 .text          0x0000000000000000        0x0 SwapBytes16.obj (symbol from plugin)
 .text          0x0000000000000000        0x0 RShiftU64.obj (symbol from plugin)
 .text          0x0000000000000000        0x0 MultU64x32.obj (symbol from plugin)
 .text          0x0000000000000000        0x0 DivU64x32.obj (symbol from plugin)
 .text          0x0000000000000000        0x0 BaseDebugPrintErrorLevelLib.obj (symbol from plugin)
 .text          0x0000000000000000        0x0 PrintLib.obj (symbol from plugin)
 .text          0x0000000000000000        0x0 PrintLibInternal.obj (symbol from plugin)
 .text          0x0000000000000000        0x0 FrameBufferSerialPortLib.obj (symbol from plugin)
 .text          0x0000000000000000        0x0 MemoryAllocationLib.obj (symbol from plugin)
 .text          0x0000000000000000        0x0 DivU64x32Remainder.obj (symbol from plugin)
 .text          0x0000000000000000        0x0 /home/vsts/work/1/edk2/Build/Lumia950XL-AARCH64/DEBUG_GCC5/AARCH64/ArmPkg/Library/ArmLib/ArmBaseLib/OUTPUT/ArmBaseLib.lib(ArmLibSupport.obj)
 .data          0x0000000000000000        0x0 /home/vsts/work/1/edk2/Build/Lumia950XL-AARCH64/DEBUG_GCC5/AARCH64/ArmPkg/Library/ArmLib/ArmBaseLib/OUTPUT/ArmBaseLib.lib(ArmLibSupport.obj)
 .bss           0x0000000000000000        0x0 /home/vsts/work/1/edk2/Build/Lumia950XL-AARCH64/DEBUG_GCC5/AARCH64/ArmPkg/Library/ArmLib/ArmBaseLib/OUTPUT/ArmBaseLib.lib(ArmLibSupport.obj)
 .text.ArmReadMidr
                0x0000000000000000        0x8 /home/vsts/work/1/edk2/Build/Lumia950XL-AARCH64/DEBUG_GCC5/AARCH64/ArmPkg/Library/ArmLib/ArmBaseLib/OUTPUT/ArmBaseLib.lib(ArmLibSupport.obj)
 .text.ArmGetFiqState
                0x0000000000000000       0x10 /home/vsts/work/1/edk2/Build/Lumia950XL-AARCH64/DEBUG_GCC5/AARCH64/ArmPkg/Library/ArmLib/ArmBaseLib/OUTPUT/ArmBaseLib.lib(ArmLibSupport.obj)
 .text.ArmWriteCpacr
                0x0000000000000000        0x8 /home/vsts/work/1/edk2/Build/Lumia950XL-AARCH64/DEBUG_GCC5/AARCH64/ArmPkg/Library/ArmLib/ArmBaseLib/OUTPUT/ArmBaseLib.lib(ArmLibSupport.obj)
 .text.ArmWriteAuxCr
                0x0000000000000000       0x28 /home/vsts/work/1/edk2/Build/Lumia950XL-AARCH64/DEBUG_GCC5/AARCH64/ArmPkg/Library/ArmLib/ArmBaseLib/OUTPUT/ArmBaseLib.lib(ArmLibSupport.obj)
 .text.ArmReadAuxCr
                0x0000000000000000       0x28 /home/vsts/work/1/edk2/Build/Lumia950XL-AARCH64/DEBUG_GCC5/AARCH64/ArmPkg/Library/ArmLib/ArmBaseLib/OUTPUT/ArmBaseLib.lib(ArmLibSupport.obj)
 .text.ArmSetTTBR0
                0x0000000000000000       0x34 /home/vsts/work/1/edk2/Build/Lumia950XL-AARCH64/DEBUG_GCC5/AARCH64/ArmPkg/Library/ArmLib/ArmBaseLib/OUTPUT/ArmBaseLib.lib(ArmLibSupport.obj)
 .text.ArmGetTTBR0BaseAddress
                0x0000000000000000       0x30 /home/vsts/work/1/edk2/Build/Lumia950XL-AARCH64/DEBUG_GCC5/AARCH64/ArmPkg/Library/ArmLib/ArmBaseLib/OUTPUT/ArmBaseLib.lib(ArmLibSupport.obj)
 .text.ArmGetTCR
                0x0000000000000000       0x34 /home/vsts/work/1/edk2/Build/Lumia950XL-AARCH64/DEBUG_GCC5/AARCH64/ArmPkg/Library/ArmLib/ArmBaseLib/OUTPUT/ArmBaseLib.lib(ArmLibSupport.obj)
 .text.ArmSetTCR
                0x0000000000000000       0x34 /home/vsts/work/1/edk2/Build/Lumia950XL-AARCH64/DEBUG_GCC5/AARCH64/ArmPkg/Library/ArmLib/ArmBaseLib/OUTPUT/ArmBaseLib.lib(ArmLibSupport.obj)
 .text.ArmGetMAIR
                0x0000000000000000       0x34 /home/vsts/work/1/edk2/Build/Lumia950XL-AARCH64/DEBUG_GCC5/AARCH64/ArmPkg/Library/ArmLib/ArmBaseLib/OUTPUT/ArmBaseLib.lib(ArmLibSupport.obj)
 .text.ArmSetMAIR
                0x0000000000000000       0x34 /home/vsts/work/1/edk2/Build/Lumia950XL-AARCH64/DEBUG_GCC5/AARCH64/ArmPkg/Library/ArmLib/ArmBaseLib/OUTPUT/ArmBaseLib.lib(ArmLibSupport.obj)
 .text.ArmUpdateTranslationTableEntry
                0x0000000000000000       0x40 /home/vsts/work/1/edk2/Build/Lumia950XL-AARCH64/DEBUG_GCC5/AARCH64/ArmPkg/Library/ArmLib/ArmBaseLib/OUTPUT/ArmBaseLib.lib(ArmLibSupport.obj)
 .text.ArmInvalidateTlb
                0x0000000000000000       0x38 /home/vsts/work/1/edk2/Build/Lumia950XL-AARCH64/DEBUG_GCC5/AARCH64/ArmPkg/Library/ArmLib/ArmBaseLib/OUTPUT/ArmBaseLib.lib(ArmLibSupport.obj)
 .text.ArmWriteCptr
                0x0000000000000000        0x8 /home/vsts/work/1/edk2/Build/Lumia950XL-AARCH64/DEBUG_GCC5/AARCH64/ArmPkg/Library/ArmLib/ArmBaseLib/OUTPUT/ArmBaseLib.lib(ArmLibSupport.obj)
 .text.ArmWriteScr
                0x0000000000000000        0xc /home/vsts/work/1/edk2/Build/Lumia950XL-AARCH64/DEBUG_GCC5/AARCH64/ArmPkg/Library/ArmLib/ArmBaseLib/OUTPUT/ArmBaseLib.lib(ArmLibSupport.obj)
 .text.ArmWriteMVBar
                0x0000000000000000        0x8 /home/vsts/work/1/edk2/Build/Lumia950XL-AARCH64/DEBUG_GCC5/AARCH64/ArmPkg/Library/ArmLib/ArmBaseLib/OUTPUT/ArmBaseLib.lib(ArmLibSupport.obj)
 .text.ArmCallWFE
                0x0000000000000000        0x8 /home/vsts/work/1/edk2/Build/Lumia950XL-AARCH64/DEBUG_GCC5/AARCH64/ArmPkg/Library/ArmLib/ArmBaseLib/OUTPUT/ArmBaseLib.lib(ArmLibSupport.obj)
 .text.ArmCallSEV
                0x0000000000000000        0x8 /home/vsts/work/1/edk2/Build/Lumia950XL-AARCH64/DEBUG_GCC5/AARCH64/ArmPkg/Library/ArmLib/ArmBaseLib/OUTPUT/ArmBaseLib.lib(ArmLibSupport.obj)
 .text.ArmReadCpuActlr
                0x0000000000000000        0x8 /home/vsts/work/1/edk2/Build/Lumia950XL-AARCH64/DEBUG_GCC5/AARCH64/ArmPkg/Library/ArmLib/ArmBaseLib/OUTPUT/ArmBaseLib.lib(ArmLibSupport.obj)
 .text.ArmWriteCpuActlr
                0x0000000000000000       0x10 /home/vsts/work/1/edk2/Build/Lumia950XL-AARCH64/DEBUG_GCC5/AARCH64/ArmPkg/Library/ArmLib/ArmBaseLib/OUTPUT/ArmBaseLib.lib(ArmLibSupport.obj)
 .text.ArmReadSctlr
                0x0000000000000000       0x30 /home/vsts/work/1/edk2/Build/Lumia950XL-AARCH64/DEBUG_GCC5/AARCH64/ArmPkg/Library/ArmLib/ArmBaseLib/OUTPUT/ArmBaseLib.lib(ArmLibSupport.obj)
 .text          0x0000000000000000        0x0 /home/vsts/work/1/edk2/Build/Lumia950XL-AARCH64/DEBUG_GCC5/AARCH64/ArmPkg/Library/ArmLib/ArmBaseLib/OUTPUT/ArmBaseLib.lib(ArmLibSupportV8.obj)
 .data          0x0000000000000000        0x0 /home/vsts/work/1/edk2/Build/Lumia950XL-AARCH64/DEBUG_GCC5/AARCH64/ArmPkg/Library/ArmLib/ArmBaseLib/OUTPUT/ArmBaseLib.lib(ArmLibSupportV8.obj)
 .bss           0x0000000000000000        0x0 /home/vsts/work/1/edk2/Build/Lumia950XL-AARCH64/DEBUG_GCC5/AARCH64/ArmPkg/Library/ArmLib/ArmBaseLib/OUTPUT/ArmBaseLib.lib(ArmLibSupportV8.obj)
 .text.ArmIsMpCore
                0x0000000000000000       0x14 /home/vsts/work/1/edk2/Build/Lumia950XL-AARCH64/DEBUG_GCC5/AARCH64/ArmPkg/Library/ArmLib/ArmBaseLib/OUTPUT/ArmBaseLib.lib(ArmLibSupportV8.obj)
 .text.ArmEnableAsynchronousAbort
                0x0000000000000000        0xc /home/vsts/work/1/edk2/Build/Lumia950XL-AARCH64/DEBUG_GCC5/AARCH64/ArmPkg/Library/ArmLib/ArmBaseLib/OUTPUT/ArmBaseLib.lib(ArmLibSupportV8.obj)
 .text.ArmDisableAsynchronousAbort
                0x0000000000000000        0xc /home/vsts/work/1/edk2/Build/Lumia950XL-AARCH64/DEBUG_GCC5/AARCH64/ArmPkg/Library/ArmLib/ArmBaseLib/OUTPUT/ArmBaseLib.lib(ArmLibSupportV8.obj)
 .text.ArmEnableIrq
                0x0000000000000000        0xc /home/vsts/work/1/edk2/Build/Lumia950XL-AARCH64/DEBUG_GCC5/AARCH64/ArmPkg/Library/ArmLib/ArmBaseLib/OUTPUT/ArmBaseLib.lib(ArmLibSupportV8.obj)
 .text.ArmDisableIrq
                0x0000000000000000        0xc /home/vsts/work/1/edk2/Build/Lumia950XL-AARCH64/DEBUG_GCC5/AARCH64/ArmPkg/Library/ArmLib/ArmBaseLib/OUTPUT/ArmBaseLib.lib(ArmLibSupportV8.obj)
 .text.ArmEnableFiq
                0x0000000000000000        0xc /home/vsts/work/1/edk2/Build/Lumia950XL-AARCH64/DEBUG_GCC5/AARCH64/ArmPkg/Library/ArmLib/ArmBaseLib/OUTPUT/ArmBaseLib.lib(ArmLibSupportV8.obj)
 .text.ArmDisableFiq
                0x0000000000000000        0xc /home/vsts/work/1/edk2/Build/Lumia950XL-AARCH64/DEBUG_GCC5/AARCH64/ArmPkg/Library/ArmLib/ArmBaseLib/OUTPUT/ArmBaseLib.lib(ArmLibSupportV8.obj)
 .text.ArmDisableAllExceptions
                0x0000000000000000        0xc /home/vsts/work/1/edk2/Build/Lumia950XL-AARCH64/DEBUG_GCC5/AARCH64/ArmPkg/Library/ArmLib/ArmBaseLib/OUTPUT/ArmBaseLib.lib(ArmLibSupportV8.obj)
 .text.ReadCCSIDR
                0x0000000000000000       0x10 /home/vsts/work/1/edk2/Build/Lumia950XL-AARCH64/DEBUG_GCC5/AARCH64/ArmPkg/Library/ArmLib/ArmBaseLib/OUTPUT/ArmBaseLib.lib(ArmLibSupportV8.obj)
 .text.ReadCLIDR
                0x0000000000000000        0x8 /home/vsts/work/1/edk2/Build/Lumia950XL-AARCH64/DEBUG_GCC5/AARCH64/ArmPkg/Library/ArmLib/ArmBaseLib/OUTPUT/ArmBaseLib.lib(ArmLibSupportV8.obj)
 .text          0x0000000000000000        0x0 ArmCacheMaintenanceLib.obj (symbol from plugin)
 .text          0x0000000000000000        0x0 ArmLib.obj (symbol from plugin)
 .text          0x0000000000000000        0x0 /home/vsts/work/1/edk2/Build/Lumia950XL-AARCH64/DEBUG_GCC5/AARCH64/ArmPkg/Library/ArmLib/ArmBaseLib/OUTPUT/ArmBaseLib.lib(AArch64Support.obj)
 .data          0x0000000000000000        0x0 /home/vsts/work/1/edk2/Build/Lumia950XL-AARCH64/DEBUG_GCC5/AARCH64/ArmPkg/Library/ArmLib/ArmBaseLib/OUTPUT/ArmBaseLib.lib(AArch64Support.obj)
 .bss           0x0000000000000000        0x0 /home/vsts/work/1/edk2/Build/Lumia950XL-AARCH64/DEBUG_GCC5/AARCH64/ArmPkg/Library/ArmLib/ArmBaseLib/OUTPUT/ArmBaseLib.lib(AArch64Support.obj)
 .text.ArmInvalidateDataCacheEntryByMVA
                0x0000000000000000        0x8 /home/vsts/work/1/edk2/Build/Lumia950XL-AARCH64/DEBUG_GCC5/AARCH64/ArmPkg/Library/ArmLib/ArmBaseLib/OUTPUT/ArmBaseLib.lib(AArch64Support.obj)
 .text.ArmCleanDataCacheEntryByMVA
                0x0000000000000000        0x8 /home/vsts/work/1/edk2/Build/Lumia950XL-AARCH64/DEBUG_GCC5/AARCH64/ArmPkg/Library/ArmLib/ArmBaseLib/OUTPUT/ArmBaseLib.lib(AArch64Support.obj)
 .text.ArmCleanDataCacheEntryToPoUByMVA
                0x0000000000000000        0x8 /home/vsts/work/1/edk2/Build/Lumia950XL-AARCH64/DEBUG_GCC5/AARCH64/ArmPkg/Library/ArmLib/ArmBaseLib/OUTPUT/ArmBaseLib.lib(AArch64Support.obj)
 .text.ArmInvalidateInstructionCacheEntryToPoUByMVA
                0x0000000000000000        0x8 /home/vsts/work/1/edk2/Build/Lumia950XL-AARCH64/DEBUG_GCC5/AARCH64/ArmPkg/Library/ArmLib/ArmBaseLib/OUTPUT/ArmBaseLib.lib(AArch64Support.obj)
 .text.ArmInvalidateDataCacheEntryBySetWay
                0x0000000000000000        0x8 /home/vsts/work/1/edk2/Build/Lumia950XL-AARCH64/DEBUG_GCC5/AARCH64/ArmPkg/Library/ArmLib/ArmBaseLib/OUTPUT/ArmBaseLib.lib(AArch64Support.obj)
 .text.ArmCleanInvalidateDataCacheEntryBySetWay
                0x0000000000000000        0x8 /home/vsts/work/1/edk2/Build/Lumia950XL-AARCH64/DEBUG_GCC5/AARCH64/ArmPkg/Library/ArmLib/ArmBaseLib/OUTPUT/ArmBaseLib.lib(AArch64Support.obj)
 .text.ArmCleanDataCacheEntryBySetWay
                0x0000000000000000        0x8 /home/vsts/work/1/edk2/Build/Lumia950XL-AARCH64/DEBUG_GCC5/AARCH64/ArmPkg/Library/ArmLib/ArmBaseLib/OUTPUT/ArmBaseLib.lib(AArch64Support.obj)
 .text.ArmInvalidateInstructionCache
                0x0000000000000000       0x10 /home/vsts/work/1/edk2/Build/Lumia950XL-AARCH64/DEBUG_GCC5/AARCH64/ArmPkg/Library/ArmLib/ArmBaseLib/OUTPUT/ArmBaseLib.lib(AArch64Support.obj)
 .text.ArmEnableMmu
                0x0000000000000000       0x88 /home/vsts/work/1/edk2/Build/Lumia950XL-AARCH64/DEBUG_GCC5/AARCH64/ArmPkg/Library/ArmLib/ArmBaseLib/OUTPUT/ArmBaseLib.lib(AArch64Support.obj)
 .text.ArmDisableMmu
                0x0000000000000000       0x74 /home/vsts/work/1/edk2/Build/Lumia950XL-AARCH64/DEBUG_GCC5/AARCH64/ArmPkg/Library/ArmLib/ArmBaseLib/OUTPUT/ArmBaseLib.lib(AArch64Support.obj)
 .text.ArmDisableCachesAndMmu
                0x0000000000000000       0x6c /home/vsts/work/1/edk2/Build/Lumia950XL-AARCH64/DEBUG_GCC5/AARCH64/ArmPkg/Library/ArmLib/ArmBaseLib/OUTPUT/ArmBaseLib.lib(AArch64Support.obj)
 .text.ArmMmuEnabled
                0x0000000000000000       0x34 /home/vsts/work/1/edk2/Build/Lumia950XL-AARCH64/DEBUG_GCC5/AARCH64/ArmPkg/Library/ArmLib/ArmBaseLib/OUTPUT/ArmBaseLib.lib(AArch64Support.obj)
 .text.ArmEnableDataCache
                0x0000000000000000       0x68 /home/vsts/work/1/edk2/Build/Lumia950XL-AARCH64/DEBUG_GCC5/AARCH64/ArmPkg/Library/ArmLib/ArmBaseLib/OUTPUT/ArmBaseLib.lib(AArch64Support.obj)
 .text.ArmDisableDataCache
                0x0000000000000000       0x68 /home/vsts/work/1/edk2/Build/Lumia950XL-AARCH64/DEBUG_GCC5/AARCH64/ArmPkg/Library/ArmLib/ArmBaseLib/OUTPUT/ArmBaseLib.lib(AArch64Support.obj)
 .text.ArmEnableInstructionCache
                0x0000000000000000       0x68 /home/vsts/work/1/edk2/Build/Lumia950XL-AARCH64/DEBUG_GCC5/AARCH64/ArmPkg/Library/ArmLib/ArmBaseLib/OUTPUT/ArmBaseLib.lib(AArch64Support.obj)
 .text.ArmDisableInstructionCache
                0x0000000000000000       0x68 /home/vsts/work/1/edk2/Build/Lumia950XL-AARCH64/DEBUG_GCC5/AARCH64/ArmPkg/Library/ArmLib/ArmBaseLib/OUTPUT/ArmBaseLib.lib(AArch64Support.obj)
 .text.ArmEnableAlignmentCheck
                0x0000000000000000       0x58 /home/vsts/work/1/edk2/Build/Lumia950XL-AARCH64/DEBUG_GCC5/AARCH64/ArmPkg/Library/ArmLib/ArmBaseLib/OUTPUT/ArmBaseLib.lib(AArch64Support.obj)
 .text.ArmDisableAlignmentCheck
                0x0000000000000000       0x68 /home/vsts/work/1/edk2/Build/Lumia950XL-AARCH64/DEBUG_GCC5/AARCH64/ArmPkg/Library/ArmLib/ArmBaseLib/OUTPUT/ArmBaseLib.lib(AArch64Support.obj)
 .text.ArmEnableStackAlignmentCheck
                0x0000000000000000       0x58 /home/vsts/work/1/edk2/Build/Lumia950XL-AARCH64/DEBUG_GCC5/AARCH64/ArmPkg/Library/ArmLib/ArmBaseLib/OUTPUT/ArmBaseLib.lib(AArch64Support.obj)
 .text.ArmDisableStackAlignmentCheck
                0x0000000000000000       0x68 /home/vsts/work/1/edk2/Build/Lumia950XL-AARCH64/DEBUG_GCC5/AARCH64/ArmPkg/Library/ArmLib/ArmBaseLib/OUTPUT/ArmBaseLib.lib(AArch64Support.obj)
 .text.ArmEnableBranchPrediction
                0x0000000000000000        0x4 /home/vsts/work/1/edk2/Build/Lumia950XL-AARCH64/DEBUG_GCC5/AARCH64/ArmPkg/Library/ArmLib/ArmBaseLib/OUTPUT/ArmBaseLib.lib(AArch64Support.obj)
 .text.ArmDisableBranchPrediction
                0x0000000000000000        0x4 /home/vsts/work/1/edk2/Build/Lumia950XL-AARCH64/DEBUG_GCC5/AARCH64/ArmPkg/Library/ArmLib/ArmBaseLib/OUTPUT/ArmBaseLib.lib(AArch64Support.obj)
 .text.AArch64AllDataCachesOperation
                0x0000000000000000       0xa8 /home/vsts/work/1/edk2/Build/Lumia950XL-AARCH64/DEBUG_GCC5/AARCH64/ArmPkg/Library/ArmLib/ArmBaseLib/OUTPUT/ArmBaseLib.lib(AArch64Support.obj)
 .text.ArmDataMemoryBarrier
                0x0000000000000000        0x8 /home/vsts/work/1/edk2/Build/Lumia950XL-AARCH64/DEBUG_GCC5/AARCH64/ArmPkg/Library/ArmLib/ArmBaseLib/OUTPUT/ArmBaseLib.lib(AArch64Support.obj)
 .text.ArmInstructionSynchronizationBarrier
                0x0000000000000000        0x8 /home/vsts/work/1/edk2/Build/Lumia950XL-AARCH64/DEBUG_GCC5/AARCH64/ArmPkg/Library/ArmLib/ArmBaseLib/OUTPUT/ArmBaseLib.lib(AArch64Support.obj)
 .text.ArmWriteVBar
                0x0000000000000000       0x34 /home/vsts/work/1/edk2/Build/Lumia950XL-AARCH64/DEBUG_GCC5/AARCH64/ArmPkg/Library/ArmLib/ArmBaseLib/OUTPUT/ArmBaseLib.lib(AArch64Support.obj)
 .text.ArmReadVBar
                0x0000000000000000       0x30 /home/vsts/work/1/edk2/Build/Lumia950XL-AARCH64/DEBUG_GCC5/AARCH64/ArmPkg/Library/ArmLib/ArmBaseLib/OUTPUT/ArmBaseLib.lib(AArch64Support.obj)
 .text.ArmEnableVFP
                0x0000000000000000       0x64 /home/vsts/work/1/edk2/Build/Lumia950XL-AARCH64/DEBUG_GCC5/AARCH64/ArmPkg/Library/ArmLib/ArmBaseLib/OUTPUT/ArmBaseLib.lib(AArch64Support.obj)
 .text.ArmCallWFI
                0x0000000000000000        0x8 /home/vsts/work/1/edk2/Build/Lumia950XL-AARCH64/DEBUG_GCC5/AARCH64/ArmPkg/Library/ArmLib/ArmBaseLib/OUTPUT/ArmBaseLib.lib(AArch64Support.obj)
 .text.ArmReadMpidr
                0x0000000000000000        0x8 /home/vsts/work/1/edk2/Build/Lumia950XL-AARCH64/DEBUG_GCC5/AARCH64/ArmPkg/Library/ArmLib/ArmBaseLib/OUTPUT/ArmBaseLib.lib(AArch64Support.obj)
 .text.ArmReadTpidrurw
                0x0000000000000000        0x8 /home/vsts/work/1/edk2/Build/Lumia950XL-AARCH64/DEBUG_GCC5/AARCH64/ArmPkg/Library/ArmLib/ArmBaseLib/OUTPUT/ArmBaseLib.lib(AArch64Support.obj)
 .text.ArmWriteTpidrurw
                0x0000000000000000        0x8 /home/vsts/work/1/edk2/Build/Lumia950XL-AARCH64/DEBUG_GCC5/AARCH64/ArmPkg/Library/ArmLib/ArmBaseLib/OUTPUT/ArmBaseLib.lib(AArch64Support.obj)
 .text.ArmIsArchTimerImplemented
                0x0000000000000000        0x8 /home/vsts/work/1/edk2/Build/Lumia950XL-AARCH64/DEBUG_GCC5/AARCH64/ArmPkg/Library/ArmLib/ArmBaseLib/OUTPUT/ArmBaseLib.lib(AArch64Support.obj)
 .text.ArmReadIdPfr0
                0x0000000000000000        0x8 /home/vsts/work/1/edk2/Build/Lumia950XL-AARCH64/DEBUG_GCC5/AARCH64/ArmPkg/Library/ArmLib/ArmBaseLib/OUTPUT/ArmBaseLib.lib(AArch64Support.obj)
 .text.ArmReadIdPfr1
                0x0000000000000000        0x8 /home/vsts/work/1/edk2/Build/Lumia950XL-AARCH64/DEBUG_GCC5/AARCH64/ArmPkg/Library/ArmLib/ArmBaseLib/OUTPUT/ArmBaseLib.lib(AArch64Support.obj)
 .text.ArmWriteHcr
                0x0000000000000000        0x8 /home/vsts/work/1/edk2/Build/Lumia950XL-AARCH64/DEBUG_GCC5/AARCH64/ArmPkg/Library/ArmLib/ArmBaseLib/OUTPUT/ArmBaseLib.lib(AArch64Support.obj)
 .text.ArmReadHcr
                0x0000000000000000        0x8 /home/vsts/work/1/edk2/Build/Lumia950XL-AARCH64/DEBUG_GCC5/AARCH64/ArmPkg/Library/ArmLib/ArmBaseLib/OUTPUT/ArmBaseLib.lib(AArch64Support.obj)
 .text.ArmReadCurrentEL
                0x0000000000000000        0x8 /home/vsts/work/1/edk2/Build/Lumia950XL-AARCH64/DEBUG_GCC5/AARCH64/ArmPkg/Library/ArmLib/ArmBaseLib/OUTPUT/ArmBaseLib.lib(AArch64Support.obj)
 .text.ArmReadCntHctl
                0x0000000000000000        0x8 /home/vsts/work/1/edk2/Build/Lumia950XL-AARCH64/DEBUG_GCC5/AARCH64/ArmPkg/Library/ArmLib/ArmBaseLib/OUTPUT/ArmBaseLib.lib(AArch64Support.obj)
 .text.ArmWriteCntHctl
                0x0000000000000000        0x8 /home/vsts/work/1/edk2/Build/Lumia950XL-AARCH64/DEBUG_GCC5/AARCH64/ArmPkg/Library/ArmLib/ArmBaseLib/OUTPUT/ArmBaseLib.lib(AArch64Support.obj)

Memory Configuration

Name             Origin             Length             Attributes
*default*        0x0000000000000000 0xffffffffffffffff

Linker script and memory map

LOAD /home/vsts/work/1/edk2/ArmPkg/Library/GccLto/liblto-aarch64.a
LOAD /tmp/cc1rdrpc.ltrans0.ltrans.o
START GROUP
LOAD /home/vsts/work/1/edk2/Build/Lumia950XL-AARCH64/DEBUG_GCC5/AARCH64/MdePkg/Library/BaseMemoryLib/BaseMemoryLib/OUTPUT/BaseMemoryLib.lib
LOAD /home/vsts/work/1/edk2/Build/Lumia950XL-AARCH64/DEBUG_GCC5/AARCH64/MdePkg/Library/DxePcdLib/DxePcdLib/OUTPUT/DxePcdLib.lib
LOAD /home/vsts/work/1/edk2/Build/Lumia950XL-AARCH64/DEBUG_GCC5/AARCH64/MdePkg/Library/BaseLib/BaseLib/OUTPUT/BaseLib.lib
LOAD /home/vsts/work/1/edk2/Build/Lumia950XL-AARCH64/DEBUG_GCC5/AARCH64/ArmPkg/Library/ArmLib/ArmBaseLib/OUTPUT/ArmBaseLib.lib
LOAD /home/vsts/work/1/edk2/Build/Lumia950XL-AARCH64/DEBUG_GCC5/AARCH64/ArmPkg/Library/ArmCacheMaintenanceLib/ArmCacheMaintenanceLib/OUTPUT/ArmCacheMaintenanceLib.lib
LOAD /home/vsts/work/1/edk2/Build/Lumia950XL-AARCH64/DEBUG_GCC5/AARCH64/ArmPkg/Library/CompilerIntrinsicsLib/CompilerIntrinsicsLib/OUTPUT/CompilerIntrinsicsLib.lib
LOAD /home/vsts/work/1/edk2/Build/Lumia950XL-AARCH64/DEBUG_GCC5/AARCH64/MdePkg/Library/BaseIoLibIntrinsic/BaseIoLibIntrinsic/OUTPUT/BaseIoLibIntrinsic.lib
LOAD /home/vsts/work/1/edk2/Build/Lumia950XL-AARCH64/DEBUG_GCC5/AARCH64/MdePkg/Library/BaseDebugPrintErrorLevelLib/BaseDebugPrintErrorLevelLib/OUTPUT/BaseDebugPrintErrorLevelLib.lib
LOAD /home/vsts/work/1/edk2/Build/Lumia950XL-AARCH64/DEBUG_GCC5/AARCH64/MdePkg/Library/BasePrintLib/BasePrintLib/OUTPUT/BasePrintLib.lib
LOAD /home/vsts/work/1/edk2/Build/Lumia950XL-AARCH64/DEBUG_GCC5/AARCH64/Lumia950XLPkg/Library/FrameBufferSerialPortLib/FrameBufferSerialPortLib/OUTPUT/FrameBufferSerialPortLib.lib
LOAD /home/vsts/work/1/edk2/Build/Lumia950XL-AARCH64/DEBUG_GCC5/AARCH64/MdePkg/Library/BaseDebugLibSerialPort/BaseDebugLibSerialPort/OUTPUT/BaseDebugLibSerialPort.lib
LOAD /home/vsts/work/1/edk2/Build/Lumia950XL-AARCH64/DEBUG_GCC5/AARCH64/MdePkg/Library/UefiMemoryAllocationLib/UefiMemoryAllocationLib/OUTPUT/UefiMemoryAllocationLib.lib
LOAD /home/vsts/work/1/edk2/Build/Lumia950XL-AARCH64/DEBUG_GCC5/AARCH64/MdePkg/Library/UefiRuntimeServicesTableLib/UefiRuntimeServicesTableLib/OUTPUT/UefiRuntimeServicesTableLib.lib
LOAD /home/vsts/work/1/edk2/Build/Lumia950XL-AARCH64/DEBUG_GCC5/AARCH64/MdePkg/Library/UefiBootServicesTableLib/UefiBootServicesTableLib/OUTPUT/UefiBootServicesTableLib.lib
LOAD /home/vsts/work/1/edk2/Build/Lumia950XL-AARCH64/DEBUG_GCC5/AARCH64/MdePkg/Library/UefiDevicePathLib/UefiDevicePathLib/OUTPUT/UefiDevicePathLib.lib
LOAD /home/vsts/work/1/edk2/Build/Lumia950XL-AARCH64/DEBUG_GCC5/AARCH64/MdePkg/Library/UefiLib/UefiLib/OUTPUT/UefiLib.lib
LOAD /home/vsts/work/1/edk2/Build/Lumia950XL-AARCH64/DEBUG_GCC5/AARCH64/MdePkg/Library/DxeHobLib/DxeHobLib/OUTPUT/DxeHobLib.lib
LOAD /home/vsts/work/1/edk2/Build/Lumia950XL-AARCH64/DEBUG_GCC5/AARCH64/MdePkg/Library/UefiDriverEntryPoint/UefiDriverEntryPoint/OUTPUT/UefiDriverEntryPoint.lib
LOAD /home/vsts/work/1/edk2/Build/Lumia950XL-AARCH64/DEBUG_GCC5/AARCH64/MdeModulePkg/Universal/DevicePathDxe/DevicePathDxe/OUTPUT/DevicePathDxe.lib
END GROUP
                0x0000000000000228                . = PECOFF_HEADER_SIZE

.text           0x0000000000001000     0xb8b0
 *(.text .text.* .stub .gnu.linkonce.t.*)
 .text.DebugPrintLevelEnabled.constprop.20
                0x0000000000001000        0x8 /tmp/cc1rdrpc.ltrans0.ltrans.o
 .text.InternalAllocatePool.constprop.14
                0x0000000000001008       0x38 /tmp/cc1rdrpc.ltrans0.ltrans.o
 .text.BasePrintLibFillBuffer
                0x0000000000001040       0x34 /tmp/cc1rdrpc.ltrans0.ltrans.o
 .text.SwapBytes32
                0x0000000000001074       0x20 /tmp/cc1rdrpc.ltrans0.ltrans.o
 .text.InternalIsHexaDecimalDigitCharacter
                0x0000000000001094       0x34 /tmp/cc1rdrpc.ltrans0.ltrans.o
 .text.InternalHexCharToUintn
                0x00000000000010c8       0x40 /tmp/cc1rdrpc.ltrans0.ltrans.o
 .text.AsciiStrnLenS
                0x0000000000001108       0x3c /tmp/cc1rdrpc.ltrans0.ltrans.o
 .text.SwapBytes64
                0x0000000000001144       0x28 /tmp/cc1rdrpc.ltrans0.ltrans.o
 .text.StrToAscii
                0x000000000000116c       0x2c /tmp/cc1rdrpc.ltrans0.ltrans.o
 .text.IsHexStr
                0x0000000000001198       0x38 /tmp/cc1rdrpc.ltrans0.ltrans.o
 .text.SplitStr
                0x00000000000011d0       0x48 /tmp/cc1rdrpc.ltrans0.ltrans.o
 .text.GetNextParamStr
                0x0000000000001218        0x8 /tmp/cc1rdrpc.ltrans0.ltrans.o
 .text.DebugPrintEnabled
                0x0000000000001220        0x8 /tmp/cc1rdrpc.ltrans0.ltrans.o
 .text.DebugAssertEnabled
                0x0000000000001228        0x8 /tmp/cc1rdrpc.ltrans0.ltrans.o
 .text.BaseDebugLibSerialPortConstructor
                0x0000000000001230       0x84 /tmp/cc1rdrpc.ltrans0.ltrans.o
 .text.FbConFlush
                0x00000000000012b4       0x54 /tmp/cc1rdrpc.ltrans0.ltrans.o
 .text.SerialPortWrite
                0x0000000000001308      0x314 /tmp/cc1rdrpc.ltrans0.ltrans.o
 .text.DebugAssert
                0x000000000000161c       0x58 /tmp/cc1rdrpc.ltrans0.ltrans.o
 .text.WriteUnaligned16
                0x0000000000001674       0x5c /tmp/cc1rdrpc.ltrans0.ltrans.o
 .text.WriteUnaligned32
                0x00000000000016d0       0x64 /tmp/cc1rdrpc.ltrans0.ltrans.o
 .text.WriteUnaligned64
                0x0000000000001734       0x64 /tmp/cc1rdrpc.ltrans0.ltrans.o
 .text.ReadUnaligned16
                0x0000000000001798       0x68 /tmp/cc1rdrpc.ltrans0.ltrans.o
 .text.ReadUnaligned32
                0x0000000000001800       0x5c /tmp/cc1rdrpc.ltrans0.ltrans.o
 .text.AsciiStrLen
                0x000000000000185c       0xa0 /tmp/cc1rdrpc.ltrans0.ltrans.o
 .text.StrLen   0x00000000000018fc       0xbc /tmp/cc1rdrpc.ltrans0.ltrans.o
 .text.StrSize  0x00000000000019b8       0x1c /tmp/cc1rdrpc.ltrans0.ltrans.o
 .text.StrnCmp  0x00000000000019d4       0xe4 /tmp/cc1rdrpc.ltrans0.ltrans.o
 .text.StrCmp   0x0000000000001ab8       0x98 /tmp/cc1rdrpc.ltrans0.ltrans.o
 .text.StrHexToBytes
                0x0000000000001b50      0x16c /tmp/cc1rdrpc.ltrans0.ltrans.o
 .text.StrnLenS
                0x0000000000001cbc       0x7c /tmp/cc1rdrpc.ltrans0.ltrans.o
 .text.BasePrintLibSPrintMarker.constprop.24
                0x0000000000001d38     0x1030 /tmp/cc1rdrpc.ltrans0.ltrans.o
 .text.unlikely.BasePrintLibSPrint.constprop.25
                0x0000000000002d68       0x54 /tmp/cc1rdrpc.ltrans0.ltrans.o
 .text.DebugPrint.constprop.21
                0x0000000000002dbc       0x80 /tmp/cc1rdrpc.ltrans0.ltrans.o
 .text.FreePool
                0x0000000000002e3c       0x78 /tmp/cc1rdrpc.ltrans0.ltrans.o
 .text.AsciiSPrint.constprop.22
                0x0000000000002eb4       0x68 /tmp/cc1rdrpc.ltrans0.ltrans.o
 .text.SPrintLength
                0x0000000000002f1c       0x70 /tmp/cc1rdrpc.ltrans0.ltrans.o
 .text.UnicodeVSPrint
                0x0000000000002f8c       0x9c /tmp/cc1rdrpc.ltrans0.ltrans.o
 .text.UnicodeSPrint.constprop.9
                0x0000000000003028       0x5c /tmp/cc1rdrpc.ltrans0.ltrans.o
 .text.UnicodeStrToAsciiStrS.constprop.7
                0x0000000000003084      0x1a8 /tmp/cc1rdrpc.ltrans0.ltrans.o
 .text.StrDecimalToUint64
                0x000000000000322c      0x134 /tmp/cc1rdrpc.ltrans0.ltrans.o
 .text.StrHexToUintnS
                0x0000000000003360      0x1ac /tmp/cc1rdrpc.ltrans0.ltrans.o
 .text.StrHexToUintn
                0x000000000000350c       0x20 /tmp/cc1rdrpc.ltrans0.ltrans.o
 .text.EisaIdFromText
                0x000000000000352c       0x44 /tmp/cc1rdrpc.ltrans0.ltrans.o
 .text.StrDecimalToUintnS
                0x0000000000003570      0x178 /tmp/cc1rdrpc.ltrans0.ltrans.o
 .text.StrDecimalToUintn
                0x00000000000036e8       0x20 /tmp/cc1rdrpc.ltrans0.ltrans.o
 .text.Strtoi   0x0000000000003708       0x2c /tmp/cc1rdrpc.ltrans0.ltrans.o
 .text.NetworkProtocolFromText
                0x0000000000003734       0x5c /tmp/cc1rdrpc.ltrans0.ltrans.o
 .text.StrCpyS  0x0000000000003790      0x1f0 /tmp/cc1rdrpc.ltrans0.ltrans.o
 .text.LShiftU64
                0x0000000000003980        0x8 /tmp/cc1rdrpc.ltrans0.ltrans.o
 .text.ReadUnaligned64
                0x0000000000003988       0x68 /tmp/cc1rdrpc.ltrans0.ltrans.o
 .text.CompareGuid
                0x00000000000039f0       0x5c /tmp/cc1rdrpc.ltrans0.ltrans.o
 .text.CopyGuid
                0x0000000000003a4c       0x4c /tmp/cc1rdrpc.ltrans0.ltrans.o
 .text.StrToGuid
                0x0000000000003a98      0x17c /tmp/cc1rdrpc.ltrans0.ltrans.o
 .text.StrHexToUint64
                0x0000000000003c14      0x178 /tmp/cc1rdrpc.ltrans0.ltrans.o
 .text.Strtoi64
                0x0000000000003d8c       0x40 /tmp/cc1rdrpc.ltrans0.ltrans.o
 .text.CopyMem  0x0000000000003dcc      0x2a8 /tmp/cc1rdrpc.ltrans0.ltrans.o
 .text.InternalAllocateCopyPool.constprop.13
                0x0000000000004074       0x8c /tmp/cc1rdrpc.ltrans0.ltrans.o
 .text.UefiDevicePathLibStrDuplicate
                0x0000000000004100       0x24 /tmp/cc1rdrpc.ltrans0.ltrans.o
 .text.StrToIpv4Address.constprop.5
                0x0000000000004124      0x15c /tmp/cc1rdrpc.ltrans0.ltrans.o
 .text.ZeroMem  0x0000000000004280      0x118 /tmp/cc1rdrpc.ltrans0.ltrans.o
 .text.InternalAllocateZeroPool.constprop.11
                0x0000000000004398       0x34 /tmp/cc1rdrpc.ltrans0.ltrans.o
 .text.InternalReallocatePool.constprop.10
                0x00000000000043cc       0x60 /tmp/cc1rdrpc.ltrans0.ltrans.o
 .text.StrToIpv6Address.constprop.6
                0x000000000000442c      0x260 /tmp/cc1rdrpc.ltrans0.ltrans.o
 .text.UefiDevicePathLibCatPrint
                0x000000000000468c      0x154 /tmp/cc1rdrpc.ltrans0.ltrans.o
 .text.DevPathToTextEndInstance
                0x00000000000047e0        0xc /tmp/cc1rdrpc.ltrans0.ltrans.o
 .text.DevPathToTextBBS
                0x00000000000047ec       0xec /tmp/cc1rdrpc.ltrans0.ltrans.o
 .text.DevPathToTextRamDisk
                0x00000000000048d8      0x1a0 /tmp/cc1rdrpc.ltrans0.ltrans.o
 .text.DevPathRelativeOffsetRange
                0x0000000000004a78       0x10 /tmp/cc1rdrpc.ltrans0.ltrans.o
 .text.DevPathToTextFvFile
                0x0000000000004a88       0x10 /tmp/cc1rdrpc.ltrans0.ltrans.o
 .text.DevPathToTextFv
                0x0000000000004a98       0x10 /tmp/cc1rdrpc.ltrans0.ltrans.o
 .text.DevPathToTextMediaProtocol
                0x0000000000004aa8       0x10 /tmp/cc1rdrpc.ltrans0.ltrans.o
 .text.DevPathToTextFilePath
                0x0000000000004ab8       0x10 /tmp/cc1rdrpc.ltrans0.ltrans.o
 .text.DevPathToTextCDROM
                0x0000000000004ac8       0x30 /tmp/cc1rdrpc.ltrans0.ltrans.o
 .text.DevPathToTextHardDrive
                0x0000000000004af8       0x8c /tmp/cc1rdrpc.ltrans0.ltrans.o
 .text.DevPathToTextBluetoothLE
                0x0000000000004b84       0x44 /tmp/cc1rdrpc.ltrans0.ltrans.o
 .text.DevPathToTextWiFi
                0x0000000000004bc8       0x44 /tmp/cc1rdrpc.ltrans0.ltrans.o
 .text.DevPathToTextBluetooth
                0x0000000000004c0c       0x24 /tmp/cc1rdrpc.ltrans0.ltrans.o
 .text.DevPathToTextVlan
                0x0000000000004c30       0x10 /tmp/cc1rdrpc.ltrans0.ltrans.o
 .text.DevPathToTextiSCSI
                0x0000000000004c40       0xe4 /tmp/cc1rdrpc.ltrans0.ltrans.o
 .text.DevPathToTextUart
                0x0000000000004d24      0x118 /tmp/cc1rdrpc.ltrans0.ltrans.o
 .text.DevPathToTextInfiniBand
                0x0000000000004e3c       0x1c /tmp/cc1rdrpc.ltrans0.ltrans.o
 .text.CatIPv6Address
                0x0000000000004e58       0x8c /tmp/cc1rdrpc.ltrans0.ltrans.o
 .text.CatIPv4Address
                0x0000000000004ee4       0x1c /tmp/cc1rdrpc.ltrans0.ltrans.o
 .text.CatNetworkProtocol
                0x0000000000004f00       0x38 /tmp/cc1rdrpc.ltrans0.ltrans.o
 .text.DevPathToTextMacAddr
                0x0000000000004f38       0x8c /tmp/cc1rdrpc.ltrans0.ltrans.o
 .text.DevPathToTextI2O
                0x0000000000004fc4       0x10 /tmp/cc1rdrpc.ltrans0.ltrans.o
 .text.DevPathToTextSata
                0x0000000000004fd4       0x18 /tmp/cc1rdrpc.ltrans0.ltrans.o
 .text.DevPathToTextUsbClass
                0x0000000000004fec      0x1bc /tmp/cc1rdrpc.ltrans0.ltrans.o
 .text.DevPathToTextLogicalUnit
                0x00000000000051a8       0x10 /tmp/cc1rdrpc.ltrans0.ltrans.o
 .text.DevPathToTextUsb
                0x00000000000051b8       0x14 /tmp/cc1rdrpc.ltrans0.ltrans.o
 .text.DevPathToText1394
                0x00000000000051cc       0x10 /tmp/cc1rdrpc.ltrans0.ltrans.o
 .text.DevPathToTextEmmc
                0x00000000000051dc       0x10 /tmp/cc1rdrpc.ltrans0.ltrans.o
 .text.DevPathToTextSd
                0x00000000000051ec       0x10 /tmp/cc1rdrpc.ltrans0.ltrans.o
 .text.DevPathToTextUfs
                0x00000000000051fc       0x14 /tmp/cc1rdrpc.ltrans0.ltrans.o
 .text.DevPathToTextNVMe
                0x0000000000005210       0x54 /tmp/cc1rdrpc.ltrans0.ltrans.o
 .text.DevPathToTextSasEx
                0x0000000000005264      0x184 /tmp/cc1rdrpc.ltrans0.ltrans.o
 .text.DevPathToTextFibreEx
                0x00000000000053e8       0xa0 /tmp/cc1rdrpc.ltrans0.ltrans.o
 .text.DevPathToTextFibre
                0x0000000000005488       0x10 /tmp/cc1rdrpc.ltrans0.ltrans.o
 .text.DevPathToTextScsi
                0x0000000000005498       0x14 /tmp/cc1rdrpc.ltrans0.ltrans.o
 .text.DevPathToTextAtapi
                0x00000000000054ac       0x60 /tmp/cc1rdrpc.ltrans0.ltrans.o
 .text.DevPathToTextAcpiEx
                0x000000000000550c      0x1b8 /tmp/cc1rdrpc.ltrans0.ltrans.o
 .text.DevPathToTextAcpi
                0x00000000000056c4       0xc0 /tmp/cc1rdrpc.ltrans0.ltrans.o
 .text.DevPathToTextBmc
                0x0000000000005784       0x3c /tmp/cc1rdrpc.ltrans0.ltrans.o
 .text.DevPathToTextController
                0x00000000000057c0       0x10 /tmp/cc1rdrpc.ltrans0.ltrans.o
 .text.DevPathToTextMemMap
                0x00000000000057d0       0x14 /tmp/cc1rdrpc.ltrans0.ltrans.o
 .text.DevPathToTextPccard
                0x00000000000057e4       0x10 /tmp/cc1rdrpc.ltrans0.ltrans.o
 .text.DevPathToTextPci
                0x00000000000057f4       0x14 /tmp/cc1rdrpc.ltrans0.ltrans.o
 .text.SetDevicePathEndNode
                0x0000000000005808       0x54 /tmp/cc1rdrpc.ltrans0.ltrans.o
 .text.SetDevicePathNodeLength
                0x000000000000585c       0x78 /tmp/cc1rdrpc.ltrans0.ltrans.o
 .text.UefiDevicePathLibCreateDeviceNode
                0x00000000000058d4       0x64 /tmp/cc1rdrpc.ltrans0.ltrans.o
 .text.CreateDeviceNode
                0x0000000000005938        0x4 /tmp/cc1rdrpc.ltrans0.ltrans.o
 .text.UefiDevicePathLibConvertTextToDeviceNode
                0x000000000000593c      0x154 /tmp/cc1rdrpc.ltrans0.ltrans.o
 .text.ConvertTextToDeviceNode
                0x0000000000005a90        0x4 /tmp/cc1rdrpc.ltrans0.ltrans.o
 .text.DevPathFromTextSata
                0x0000000000005a94       0x88 /tmp/cc1rdrpc.ltrans0.ltrans.o
 .text.DevPathFromTextBBS
                0x0000000000005b1c      0x140 /tmp/cc1rdrpc.ltrans0.ltrans.o
 .text.DevPathFromTextPersistentVirtualCd
                0x0000000000005c5c       0xb0 /tmp/cc1rdrpc.ltrans0.ltrans.o
 .text.DevPathFromTextPersistentVirtualDisk
                0x0000000000005d0c       0xb0 /tmp/cc1rdrpc.ltrans0.ltrans.o
 .text.DevPathFromTextVirtualCd
                0x0000000000005dbc       0xb0 /tmp/cc1rdrpc.ltrans0.ltrans.o
 .text.DevPathFromTextVirtualDisk
                0x0000000000005e6c       0xb0 /tmp/cc1rdrpc.ltrans0.ltrans.o
 .text.DevPathFromTextRamDisk
                0x0000000000005f1c       0xc0 /tmp/cc1rdrpc.ltrans0.ltrans.o
 .text.DevPathFromTextRelativeOffsetRange
                0x0000000000005fdc       0x70 /tmp/cc1rdrpc.ltrans0.ltrans.o
 .text.DevPathFromTextFvFile
                0x000000000000604c       0x50 /tmp/cc1rdrpc.ltrans0.ltrans.o
 .text.DevPathFromTextFv
                0x000000000000609c       0x50 /tmp/cc1rdrpc.ltrans0.ltrans.o
 .text.DevPathFromTextMedia
                0x00000000000060ec       0x50 /tmp/cc1rdrpc.ltrans0.ltrans.o
 .text.DevPathFromTextCDROM
                0x000000000000613c       0x88 /tmp/cc1rdrpc.ltrans0.ltrans.o
 .text.DevPathFromTextHD
                0x00000000000061c4      0x130 /tmp/cc1rdrpc.ltrans0.ltrans.o
 .text.DevPathFromTextUri
                0x00000000000062f4       0x64 /tmp/cc1rdrpc.ltrans0.ltrans.o
 .text.DevPathFromTextDns
                0x0000000000006358      0x10c /tmp/cc1rdrpc.ltrans0.ltrans.o
 .text.DevPathFromTextBluetoothLE
                0x0000000000006464       0x78 /tmp/cc1rdrpc.ltrans0.ltrans.o
 .text.DevPathFromTextWiFi
                0x00000000000064dc       0x90 /tmp/cc1rdrpc.ltrans0.ltrans.o
 .text.DevPathFromTextBluetooth
                0x000000000000656c       0x58 /tmp/cc1rdrpc.ltrans0.ltrans.o
 .text.DevPathFromTextVlan
                0x00000000000065c4       0x50 /tmp/cc1rdrpc.ltrans0.ltrans.o
 .text.DevPathFromTextiSCSI
                0x0000000000006614      0x180 /tmp/cc1rdrpc.ltrans0.ltrans.o
 .text.DevPathFromTextUnit
                0x0000000000006794       0x50 /tmp/cc1rdrpc.ltrans0.ltrans.o
 .text.DevPathFromTextUsbWwid
                0x00000000000067e4       0xec /tmp/cc1rdrpc.ltrans0.ltrans.o
 .text.ConvertFromTextUsbClass
                0x00000000000068d0       0xd4 /tmp/cc1rdrpc.ltrans0.ltrans.o
 .text.DevPathFromTextUsbTestAndMeasurement
                0x00000000000069a4       0x24 /tmp/cc1rdrpc.ltrans0.ltrans.o
 .text.DevPathFromTextUsbIrdaBridge
                0x00000000000069c8       0x24 /tmp/cc1rdrpc.ltrans0.ltrans.o
 .text.DevPathFromTextUsbDeviceFirmwareUpdate
                0x00000000000069ec       0x24 /tmp/cc1rdrpc.ltrans0.ltrans.o
 .text.DevPathFromTextUsbWireless
                0x0000000000006a10       0x28 /tmp/cc1rdrpc.ltrans0.ltrans.o
 .text.DevPathFromTextUsbDiagnostic
                0x0000000000006a38       0x28 /tmp/cc1rdrpc.ltrans0.ltrans.o
 .text.DevPathFromTextUsbVideo
                0x0000000000006a60       0x28 /tmp/cc1rdrpc.ltrans0.ltrans.o
 .text.DevPathFromTextUsbSmartCard
                0x0000000000006a88       0x28 /tmp/cc1rdrpc.ltrans0.ltrans.o
 .text.DevPathFromTextUsbCDCData
                0x0000000000006ab0       0x28 /tmp/cc1rdrpc.ltrans0.ltrans.o
 .text.DevPathFromTextUsbHub
                0x0000000000006ad8       0x28 /tmp/cc1rdrpc.ltrans0.ltrans.o
 .text.DevPathFromTextUsbMassStorage
                0x0000000000006b00       0x28 /tmp/cc1rdrpc.ltrans0.ltrans.o
 .text.DevPathFromTextUsbPrinter
                0x0000000000006b28       0x28 /tmp/cc1rdrpc.ltrans0.ltrans.o
 .text.DevPathFromTextUsbImage
                0x0000000000006b50       0x28 /tmp/cc1rdrpc.ltrans0.ltrans.o
 .text.DevPathFromTextUsbHID
                0x0000000000006b78       0x28 /tmp/cc1rdrpc.ltrans0.ltrans.o
 .text.DevPathFromTextUsbCDCControl
                0x0000000000006ba0       0x28 /tmp/cc1rdrpc.ltrans0.ltrans.o
 .text.DevPathFromTextUsbAudio
                0x0000000000006bc8       0x28 /tmp/cc1rdrpc.ltrans0.ltrans.o
 .text.DevPathFromTextUsbClass
                0x0000000000006bf0       0x24 /tmp/cc1rdrpc.ltrans0.ltrans.o
 .text.DevPathFromTextUart
                0x0000000000006c14      0x1b0 /tmp/cc1rdrpc.ltrans0.ltrans.o
 .text.DevPathFromTextIPv6
                0x0000000000006dc4      0x138 /tmp/cc1rdrpc.ltrans0.ltrans.o
 .text.DevPathFromTextIPv4
                0x0000000000006efc      0x124 /tmp/cc1rdrpc.ltrans0.ltrans.o
 .text.DevPathFromTextMAC
                0x0000000000007020       0x88 /tmp/cc1rdrpc.ltrans0.ltrans.o
 .text.DevPathFromTextDebugPort
                0x00000000000070a8       0x40 /tmp/cc1rdrpc.ltrans0.ltrans.o
 .text.DevPathFromTextEmmc
                0x00000000000070e8       0x50 /tmp/cc1rdrpc.ltrans0.ltrans.o
 .text.DevPathFromTextSd
                0x0000000000007138       0x50 /tmp/cc1rdrpc.ltrans0.ltrans.o
 .text.DevPathFromTextUfs
                0x0000000000007188       0x70 /tmp/cc1rdrpc.ltrans0.ltrans.o
 .text.DevPathFromTextNVMe
                0x00000000000071f8       0x94 /tmp/cc1rdrpc.ltrans0.ltrans.o
 .text.DevPathFromTextSasEx
                0x000000000000728c      0x210 /tmp/cc1rdrpc.ltrans0.ltrans.o
 .text.DevPathFromTextSAS
                0x000000000000749c      0x218 /tmp/cc1rdrpc.ltrans0.ltrans.o
 .text.DevPathFromTextUartFlowCtrl
                0x00000000000076b4       0x8c /tmp/cc1rdrpc.ltrans0.ltrans.o
 .text.DevPathFromTextVenUtf8
                0x0000000000007740       0x40 /tmp/cc1rdrpc.ltrans0.ltrans.o
 .text.DevPathFromTextVenVt100Plus
                0x0000000000007780       0x40 /tmp/cc1rdrpc.ltrans0.ltrans.o
 .text.DevPathFromTextVenVt100
                0x00000000000077c0       0x40 /tmp/cc1rdrpc.ltrans0.ltrans.o
 .text.DevPathFromTextVenPcAnsi
                0x0000000000007800       0x40 /tmp/cc1rdrpc.ltrans0.ltrans.o
 .text.DevPathFromTextInfiniband
                0x0000000000007840       0xc0 /tmp/cc1rdrpc.ltrans0.ltrans.o
 .text.DevPathFromTextI2O
                0x0000000000007900       0x50 /tmp/cc1rdrpc.ltrans0.ltrans.o
 .text.DevPathFromTextUsb
                0x0000000000007950       0x70 /tmp/cc1rdrpc.ltrans0.ltrans.o
 .text.DevPathFromText1394
                0x00000000000079c0       0x54 /tmp/cc1rdrpc.ltrans0.ltrans.o
 .text.DevPathFromTextFibreEx
                0x0000000000007a14       0x8c /tmp/cc1rdrpc.ltrans0.ltrans.o
 .text.DevPathFromTextFibre
                0x0000000000007aa0       0x74 /tmp/cc1rdrpc.ltrans0.ltrans.o
 .text.DevPathFromTextScsi
                0x0000000000007b14       0x70 /tmp/cc1rdrpc.ltrans0.ltrans.o
 .text.DevPathFromTextAta
                0x0000000000007b84       0xf8 /tmp/cc1rdrpc.ltrans0.ltrans.o
 .text.DevPathFromTextAcpiExp
                0x0000000000007c7c       0xa0 /tmp/cc1rdrpc.ltrans0.ltrans.o
 .text.DevPathFromTextAcpiEx
                0x0000000000007d1c      0x10c /tmp/cc1rdrpc.ltrans0.ltrans.o
 .text.ConvertFromTextAcpi
                0x0000000000007e28       0x68 /tmp/cc1rdrpc.ltrans0.ltrans.o
 .text.DevPathFromTextParallelPort
                0x0000000000007e90        0x8 /tmp/cc1rdrpc.ltrans0.ltrans.o
 .text.DevPathFromTextSerial
                0x0000000000007e98        0x8 /tmp/cc1rdrpc.ltrans0.ltrans.o
 .text.DevPathFromTextKeyboard
                0x0000000000007ea0        0x8 /tmp/cc1rdrpc.ltrans0.ltrans.o
 .text.DevPathFromTextFloppy
                0x0000000000007ea8        0x8 /tmp/cc1rdrpc.ltrans0.ltrans.o
 .text.DevPathFromTextPcieRoot
                0x0000000000007eb0        0x8 /tmp/cc1rdrpc.ltrans0.ltrans.o
 .text.DevPathFromTextPciRoot
                0x0000000000007eb8        0x8 /tmp/cc1rdrpc.ltrans0.ltrans.o
 .text.DevPathFromTextAcpi
                0x0000000000007ec0       0x70 /tmp/cc1rdrpc.ltrans0.ltrans.o
 .text.DevPathFromTextBmc
                0x0000000000007f30       0x78 /tmp/cc1rdrpc.ltrans0.ltrans.o
 .text.DevPathFromTextCtrl
                0x0000000000007fa8       0x50 /tmp/cc1rdrpc.ltrans0.ltrans.o
 .text.ConvertFromTextVendor
                0x0000000000007ff8       0x94 /tmp/cc1rdrpc.ltrans0.ltrans.o
 .text.DevPathFromTextVenMedia
                0x000000000000808c        0xc /tmp/cc1rdrpc.ltrans0.ltrans.o
 .text.DevPathFromTextVenMsg
                0x0000000000008098        0xc /tmp/cc1rdrpc.ltrans0.ltrans.o
 .text.DevPathFromTextVenHw
                0x00000000000080a4        0xc /tmp/cc1rdrpc.ltrans0.ltrans.o
 .text.DevPathFromTextMemoryMapped
                0x00000000000080b0       0x88 /tmp/cc1rdrpc.ltrans0.ltrans.o
 .text.DevPathFromTextPcCard
                0x0000000000008138       0x50 /tmp/cc1rdrpc.ltrans0.ltrans.o
 .text.DevPathFromTextPci
                0x0000000000008188       0x70 /tmp/cc1rdrpc.ltrans0.ltrans.o
 .text.DevPathFromTextGenericPath
                0x00000000000081f8       0x8c /tmp/cc1rdrpc.ltrans0.ltrans.o
 .text.DevPathFromTextBbsPath
                0x0000000000008284        0xc /tmp/cc1rdrpc.ltrans0.ltrans.o
 .text.DevPathFromTextMediaPath
                0x0000000000008290        0xc /tmp/cc1rdrpc.ltrans0.ltrans.o
 .text.DevPathFromTextMsg
                0x000000000000829c        0xc /tmp/cc1rdrpc.ltrans0.ltrans.o
 .text.DevPathFromTextAcpiPath
                0x00000000000082a8        0xc /tmp/cc1rdrpc.ltrans0.ltrans.o
 .text.DevPathFromTextHardwarePath
                0x00000000000082b4        0xc /tmp/cc1rdrpc.ltrans0.ltrans.o
 .text.DevPathFromTextPath
                0x00000000000082c0       0x2c /tmp/cc1rdrpc.ltrans0.ltrans.o
 .text.DevicePathNodeLength
                0x00000000000082ec       0x50 /tmp/cc1rdrpc.ltrans0.ltrans.o
 .text.DevPathFromTextAcpiAdr
                0x000000000000833c       0xf8 /tmp/cc1rdrpc.ltrans0.ltrans.o
 .text.DevPathToTextUri
                0x0000000000008434       0x94 /tmp/cc1rdrpc.ltrans0.ltrans.o
 .text.DevPathToTextDns
                0x00000000000084c8       0xc0 /tmp/cc1rdrpc.ltrans0.ltrans.o
 .text.DevPathToTextIPv6
                0x0000000000008588       0xe8 /tmp/cc1rdrpc.ltrans0.ltrans.o
 .text.DevPathToTextIPv4
                0x0000000000008670       0xf0 /tmp/cc1rdrpc.ltrans0.ltrans.o
 .text.DevPathToTextUsbWWID
                0x0000000000008760       0xa4 /tmp/cc1rdrpc.ltrans0.ltrans.o
 .text.DevPathToTextAcpiAdr
                0x0000000000008804       0x90 /tmp/cc1rdrpc.ltrans0.ltrans.o
 .text.NextDevicePathNode
                0x0000000000008894       0x50 /tmp/cc1rdrpc.ltrans0.ltrans.o
 .text.DevicePathSubType
                0x00000000000088e4       0x48 /tmp/cc1rdrpc.ltrans0.ltrans.o
 .text.DevicePathType
                0x000000000000892c       0x48 /tmp/cc1rdrpc.ltrans0.ltrans.o
 .text.DevPathToTextNodeGeneric
                0x0000000000008974      0x104 /tmp/cc1rdrpc.ltrans0.ltrans.o
 .text.DevPathToTextVendor
                0x0000000000008a78      0x350 /tmp/cc1rdrpc.ltrans0.ltrans.o
 .text.IsDevicePathEndType
                0x0000000000008dc8       0x58 /tmp/cc1rdrpc.ltrans0.ltrans.o
 .text.IsDevicePathEnd
                0x0000000000008e20       0x70 /tmp/cc1rdrpc.ltrans0.ltrans.o
 .text.IsDevicePathValid.constprop.15
                0x0000000000008e90       0xa8 /tmp/cc1rdrpc.ltrans0.ltrans.o
 .text.UefiDevicePathLibGetDevicePathSize
                0x0000000000008f38       0x6c /tmp/cc1rdrpc.ltrans0.ltrans.o
 .text.GetDevicePathSize
                0x0000000000008fa4        0x4 /tmp/cc1rdrpc.ltrans0.ltrans.o
 .text.UefiDevicePathLibDuplicateDevicePath
                0x0000000000008fa8       0x34 /tmp/cc1rdrpc.ltrans0.ltrans.o
 .text.DuplicateDevicePath
                0x0000000000008fdc        0x4 /tmp/cc1rdrpc.ltrans0.ltrans.o
 .text.UefiDevicePathLibAppendDevicePath
                0x0000000000008fe0       0xc4 /tmp/cc1rdrpc.ltrans0.ltrans.o
 .text.AppendDevicePath
                0x00000000000090a4        0x4 /tmp/cc1rdrpc.ltrans0.ltrans.o
 .text.UefiDevicePathLibAppendDevicePathNode
                0x00000000000090a8       0x9c /tmp/cc1rdrpc.ltrans0.ltrans.o
 .text.AppendDevicePathNode
                0x0000000000009144        0x4 /tmp/cc1rdrpc.ltrans0.ltrans.o
 .text.AppendDevicePathInstance
                0x0000000000009148       0xd4 /tmp/cc1rdrpc.ltrans0.ltrans.o
 .text.ConvertDevicePathToText
                0x000000000000921c      0x13c /tmp/cc1rdrpc.ltrans0.ltrans.o
 .text.ConvertTextToDevicePath
                0x0000000000009358      0x1e0 /tmp/cc1rdrpc.ltrans0.ltrans.o
 .text.ConvertDeviceNodeToText
                0x0000000000009538       0xdc /tmp/cc1rdrpc.ltrans0.ltrans.o
 .text.IsDevicePathMultiInstance
                0x0000000000009614       0xb8 /tmp/cc1rdrpc.ltrans0.ltrans.o
 .text.GetNextDevicePathInstance
                0x00000000000096cc       0xf0 /tmp/cc1rdrpc.ltrans0.ltrans.o
 .text._ModuleEntryPoint
                0x00000000000097bc      0x238 /tmp/cc1rdrpc.ltrans0.ltrans.o
                0x00000000000097bc                _ModuleEntryPoint
 .text.__memcpy
                0x00000000000099f4       0x20 /tmp/cc1rdrpc.ltrans0.ltrans.o
                0x00000000000099f4                memcpy
 .text.ArmCacheInfo
                0x0000000000009a14        0x8 /home/vsts/work/1/edk2/Build/Lumia950XL-AARCH64/DEBUG_GCC5/AARCH64/ArmPkg/Library/ArmLib/ArmBaseLib/OUTPUT/ArmBaseLib.lib(ArmLibSupport.obj)
                0x0000000000009a14                ArmCacheInfo
 .text.ArmGetInterruptState
                0x0000000000009a1c       0x10 /home/vsts/work/1/edk2/Build/Lumia950XL-AARCH64/DEBUG_GCC5/AARCH64/ArmPkg/Library/ArmLib/ArmBaseLib/OUTPUT/ArmBaseLib.lib(ArmLibSupport.obj)
                0x0000000000009a1c                ArmGetInterruptState
 .text.ArmEnableInterrupts
                0x0000000000009a2c        0xc /home/vsts/work/1/edk2/Build/Lumia950XL-AARCH64/DEBUG_GCC5/AARCH64/ArmPkg/Library/ArmLib/ArmBaseLib/OUTPUT/ArmBaseLib.lib(ArmLibSupportV8.obj)
                0x0000000000009a2c                ArmEnableInterrupts
 .text.ArmDisableInterrupts
                0x0000000000009a38        0xc /home/vsts/work/1/edk2/Build/Lumia950XL-AARCH64/DEBUG_GCC5/AARCH64/ArmPkg/Library/ArmLib/ArmBaseLib/OUTPUT/ArmBaseLib.lib(ArmLibSupportV8.obj)
                0x0000000000009a38                ArmDisableInterrupts
 .text.ArmCleanInvalidateDataCacheEntryByMVA
                0x0000000000009a44        0x8 /home/vsts/work/1/edk2/Build/Lumia950XL-AARCH64/DEBUG_GCC5/AARCH64/ArmPkg/Library/ArmLib/ArmBaseLib/OUTPUT/ArmBaseLib.lib(AArch64Support.obj)
                0x0000000000009a44                ArmCleanInvalidateDataCacheEntryByMVA
 .text.ArmDataSynchronizationBarrier
                0x0000000000009a4c        0x8 /home/vsts/work/1/edk2/Build/Lumia950XL-AARCH64/DEBUG_GCC5/AARCH64/ArmPkg/Library/ArmLib/ArmBaseLib/OUTPUT/ArmBaseLib.lib(AArch64Support.obj)
                0x0000000000009a4c                ArmDataSynchronizationBarrier
 *(.rodata .rodata.* .gnu.linkonce.r.*)
 .rodata.DevPathToTextBBS
                0x0000000000009a54        0x6 /tmp/cc1rdrpc.ltrans0.ltrans.o
 *fill*         0x0000000000009a5a        0x2 
 .rodata.DevPathToTextUart
                0x0000000000009a5c        0x4 /tmp/cc1rdrpc.ltrans0.ltrans.o
 .rodata.DevPathFromTextUart
                0x0000000000009a60       0x10 /tmp/cc1rdrpc.ltrans0.ltrans.o
 .rodata.AsciiStrLen.str1.1
                0x0000000000009a70       0x86 /tmp/cc1rdrpc.ltrans0.ltrans.o
 .rodata.BasePrintLibSPrintMarker.constprop.24.str1.1
                0x0000000000009af6      0x26d /tmp/cc1rdrpc.ltrans0.ltrans.o
 .rodata.CSWTCH.42
                0x0000000000009d63        0x6 /tmp/cc1rdrpc.ltrans0.ltrans.o
 *fill*         0x0000000000009d69        0x1 
 .rodata.CatIPv4Address.str2.2
                0x0000000000009d6a       0x18 /tmp/cc1rdrpc.ltrans0.ltrans.o
 .rodata.CatIPv6Address.str2.2
                0x0000000000009d82       0x90 /tmp/cc1rdrpc.ltrans0.ltrans.o
 .rodata.CatNetworkProtocol.str2.2
                0x0000000000009e12       0x90 /tmp/cc1rdrpc.ltrans0.ltrans.o
                                          0xa (size before relaxing)
 .rodata.ConvertDeviceNodeToText.str1.1
                0x0000000000009e12       0x18 /tmp/cc1rdrpc.ltrans0.ltrans.o
 .rodata.ConvertDevicePathToText.str2.2
                0x0000000000009e2a        0x4 /tmp/cc1rdrpc.ltrans0.ltrans.o
 .rodata.ConvertTextToDevicePath.str1.1
                0x0000000000009e2e       0x1b /tmp/cc1rdrpc.ltrans0.ltrans.o
 .rodata.CopyMem.str1.1
                0x0000000000009e49       0xc6 /tmp/cc1rdrpc.ltrans0.ltrans.o
 .rodata.DebugAssert.str1.1
                0x0000000000009f0f       0x26 /tmp/cc1rdrpc.ltrans0.ltrans.o
 .rodata.DebugPrint.constprop.21.str1.1
                0x0000000000009f35       0x21 /tmp/cc1rdrpc.ltrans0.ltrans.o
 .rodata.DevPathFromTextAcpiAdr.str1.1
                0x0000000000009f56       0x18 /tmp/cc1rdrpc.ltrans0.ltrans.o
 .rodata.DevPathFromTextIPv6.str2.2
                0x0000000000009f6e       0x3c /tmp/cc1rdrpc.ltrans0.ltrans.o
 .rodata.DevPathFromTextSasEx.str2.2
                0x0000000000009faa       0x16 /tmp/cc1rdrpc.ltrans0.ltrans.o
 .rodata.DevPathFromTextUart.str2.2
                0x0000000000009fc0       0x20 /tmp/cc1rdrpc.ltrans0.ltrans.o
                                         0x24 (size before relaxing)
 .rodata.DevPathFromTextUartFlowCtrl.str2.2
                0x0000000000009fe0       0x22 /tmp/cc1rdrpc.ltrans0.ltrans.o
 .rodata.DevPathRelativeOffsetRange.str2.2
                0x000000000000a002       0x28 /tmp/cc1rdrpc.ltrans0.ltrans.o
 .rodata.DevPathToText1394.str2.2
                0x000000000000a02a       0x1c /tmp/cc1rdrpc.ltrans0.ltrans.o
 .rodata.DevPathToTextAcpi.str2.2
                0x000000000000a046       0xfc /tmp/cc1rdrpc.ltrans0.ltrans.o
 .rodata.DevPathToTextAcpiAdr.str2.2
                0x000000000000a142       0x26 /tmp/cc1rdrpc.ltrans0.ltrans.o
 .rodata.DevPathToTextAcpiEx.str2.2
                0x000000000000a168       0x88 /tmp/cc1rdrpc.ltrans0.ltrans.o
                                         0xa4 (size before relaxing)
 .rodata.DevPathToTextAtapi.str2.2
                0x000000000000a1f0       0x72 /tmp/cc1rdrpc.ltrans0.ltrans.o
 .rodata.DevPathToTextBBS.str2.2
                0x000000000000a262       0x72 /tmp/cc1rdrpc.ltrans0.ltrans.o
                                         0x84 (size before relaxing)
 .rodata.DevPathToTextBluetooth.str2.2
                0x000000000000a2d4       0x48 /tmp/cc1rdrpc.ltrans0.ltrans.o
 .rodata.DevPathToTextBluetoothLE.str2.2
                0x000000000000a31c       0x5a /tmp/cc1rdrpc.ltrans0.ltrans.o
 .rodata.DevPathToTextBmc.str2.2
                0x000000000000a376       0x20 /tmp/cc1rdrpc.ltrans0.ltrans.o
 .rodata.DevPathToTextCDROM.str2.2
                0x000000000000a396       0x48 /tmp/cc1rdrpc.ltrans0.ltrans.o
 .rodata.DevPathToTextController.str2.2
                0x000000000000a3de       0x16 /tmp/cc1rdrpc.ltrans0.ltrans.o
 .rodata.DevPathToTextDns.str2.2
                0x000000000000a3f4        0xa /tmp/cc1rdrpc.ltrans0.ltrans.o
 .rodata.DevPathToTextEmmc.str2.2
                0x000000000000a3fe       0x16 /tmp/cc1rdrpc.ltrans0.ltrans.o
 .rodata.DevPathToTextEndInstance.str2.2
                0x000000000000a414       0x16 /tmp/cc1rdrpc.ltrans0.ltrans.o
                                          0x4 (size before relaxing)
 .rodata.DevPathToTextFibre.str2.2
                0x000000000000a414       0x26 /tmp/cc1rdrpc.ltrans0.ltrans.o
 .rodata.DevPathToTextFibreEx.str2.2
                0x000000000000a43a       0x16 /tmp/cc1rdrpc.ltrans0.ltrans.o
 .rodata.DevPathToTextFilePath.str2.2
                0x000000000000a450        0x6 /tmp/cc1rdrpc.ltrans0.ltrans.o
 .rodata.DevPathToTextFv.str2.2
                0x000000000000a456        0xe /tmp/cc1rdrpc.ltrans0.ltrans.o
 .rodata.DevPathToTextFvFile.str2.2
                0x000000000000a464       0x16 /tmp/cc1rdrpc.ltrans0.ltrans.o
 .rodata.DevPathToTextHardDrive.str2.2
                0x000000000000a47a       0x64 /tmp/cc1rdrpc.ltrans0.ltrans.o
                                         0x7e (size before relaxing)
 .rodata.DevPathToTextI2O.str2.2
                0x000000000000a4de       0x14 /tmp/cc1rdrpc.ltrans0.ltrans.o
 .rodata.DevPathToTextIPv4.str2.2
                0x000000000000a4f2       0x16 /tmp/cc1rdrpc.ltrans0.ltrans.o
                                         0x20 (size before relaxing)
 .rodata.DevPathToTextIPv6.str2.2
                0x000000000000a508       0x80 /tmp/cc1rdrpc.ltrans0.ltrans.o
 .rodata.DevPathToTextInfiniBand.str2.2
                0x000000000000a588       0x4c /tmp/cc1rdrpc.ltrans0.ltrans.o
 .rodata.DevPathToTextLogicalUnit.str2.2
                0x000000000000a5d4       0x16 /tmp/cc1rdrpc.ltrans0.ltrans.o
 .rodata.DevPathToTextMacAddr.str2.2
                0x000000000000a5ea        0xa /tmp/cc1rdrpc.ltrans0.ltrans.o
                                         0x14 (size before relaxing)
 .rodata.DevPathToTextMediaProtocol.str2.2
                0x000000000000a5f4       0x14 /tmp/cc1rdrpc.ltrans0.ltrans.o
 .rodata.DevPathToTextMemMap.str2.2
                0x000000000000a608       0x3e /tmp/cc1rdrpc.ltrans0.ltrans.o
 .rodata.DevPathToTextNVMe.str2.2
                0x000000000000a646       0x66 /tmp/cc1rdrpc.ltrans0.ltrans.o
 .rodata.DevPathToTextNodeGeneric.str2.2
                0x000000000000a6ac       0x22 /tmp/cc1rdrpc.ltrans0.ltrans.o
 .rodata.DevPathToTextPccard.str2.2
                0x000000000000a6ce       0x1a /tmp/cc1rdrpc.ltrans0.ltrans.o
 .rodata.DevPathToTextPci.str2.2
                0x000000000000a6e8       0x1e /tmp/cc1rdrpc.ltrans0.ltrans.o
 .rodata.DevPathToTextRamDisk.str2.2
                0x000000000000a706       0xca /tmp/cc1rdrpc.ltrans0.ltrans.o
                                        0x136 (size before relaxing)
 .rodata.DevPathToTextSasEx.str2.2
                0x000000000000a7d0       0xbc /tmp/cc1rdrpc.ltrans0.ltrans.o
                                         0xce (size before relaxing)
 .rodata.DevPathToTextSata.str2.2
                0x000000000000a88c       0x2a /tmp/cc1rdrpc.ltrans0.ltrans.o
 .rodata.DevPathToTextScsi.str2.2
                0x000000000000a8b6       0x20 /tmp/cc1rdrpc.ltrans0.ltrans.o
 .rodata.DevPathToTextSd.str2.2
                0x000000000000a8d6       0x12 /tmp/cc1rdrpc.ltrans0.ltrans.o
 .rodata.DevPathToTextUart.str2.2
                0x000000000000a8e8       0x5c /tmp/cc1rdrpc.ltrans0.ltrans.o
                                         0x74 (size before relaxing)
 .rodata.DevPathToTextUfs.str2.2
                0x000000000000a944       0x1e /tmp/cc1rdrpc.ltrans0.ltrans.o
 .rodata.DevPathToTextUri.str1.1
                0x000000000000a962       0x17 /tmp/cc1rdrpc.ltrans0.ltrans.o
 *fill*         0x000000000000a979        0x1 
 .rodata.DevPathToTextUri.str2.2
                0x000000000000a97a       0x10 /tmp/cc1rdrpc.ltrans0.ltrans.o
 .rodata.DevPathToTextUsb.str2.2
                0x000000000000a98a       0x1e /tmp/cc1rdrpc.ltrans0.ltrans.o
 .rodata.DevPathToTextUsbClass.str2.2
                0x000000000000a9a8      0x250 /tmp/cc1rdrpc.ltrans0.ltrans.o
 .rodata.DevPathToTextUsbWWID.str1.1
                0x000000000000abf8       0x17 /tmp/cc1rdrpc.ltrans0.ltrans.o
 *fill*         0x000000000000ac0f        0x1 
 .rodata.DevPathToTextUsbWWID.str2.2
                0x000000000000ac10       0x3a /tmp/cc1rdrpc.ltrans0.ltrans.o
 .rodata.DevPathToTextVendor.str2.2
                0x000000000000ac4a      0x118 /tmp/cc1rdrpc.ltrans0.ltrans.o
                                        0x144 (size before relaxing)
 .rodata.DevPathToTextVlan.str2.2
                0x000000000000ad62       0x12 /tmp/cc1rdrpc.ltrans0.ltrans.o
 .rodata.DevPathToTextWiFi.str2.2
                0x000000000000ad74       0x14 /tmp/cc1rdrpc.ltrans0.ltrans.o
 .rodata.DevPathToTextiSCSI.str2.2
                0x000000000000ad88       0x76 /tmp/cc1rdrpc.ltrans0.ltrans.o
                                         0x86 (size before relaxing)
 .rodata.FreePool.str1.1
                0x000000000000adfe       0x68 /tmp/cc1rdrpc.ltrans0.ltrans.o
 .rodata.GetNextDevicePathInstance.str1.1
                0x000000000000ae66       0x15 /tmp/cc1rdrpc.ltrans0.ltrans.o
 .rodata.InternalAllocateCopyPool.constprop.13.str1.1
                0x000000000000ae7b       0x3f /tmp/cc1rdrpc.ltrans0.ltrans.o
 .rodata.IsDevicePathValid.constprop.15.str1.1
                0x000000000000aeba       0x1b /tmp/cc1rdrpc.ltrans0.ltrans.o
 *fill*         0x000000000000aed5        0x1 
 .rodata.NetworkProtocolFromText.str2.2
                0x000000000000aed6       0x10 /tmp/cc1rdrpc.ltrans0.ltrans.o
 .rodata.SPrintLength.str1.1
                0x000000000000aee6       0x65 /tmp/cc1rdrpc.ltrans0.ltrans.o
 .rodata.SetDevicePathEndNode.str1.1
                0x000000000000af4b       0x4e /tmp/cc1rdrpc.ltrans0.ltrans.o
                                         0x63 (size before relaxing)
 .rodata.SetDevicePathNodeLength.str1.1
                0x000000000000af99       0x47 /tmp/cc1rdrpc.ltrans0.ltrans.o
 .rodata.StrCpyS.str1.1
                0x000000000000afe0       0xec /tmp/cc1rdrpc.ltrans0.ltrans.o
 .rodata.StrDecimalToUint64.str1.1
                0x000000000000b0cc       0x82 /tmp/cc1rdrpc.ltrans0.ltrans.o
 .rodata.StrHexToBytes.str1.1
                0x000000000000b14e       0xca /tmp/cc1rdrpc.ltrans0.ltrans.o
 .rodata.StrLen.str1.1
                0x000000000000b218       0x5d /tmp/cc1rdrpc.ltrans0.ltrans.o
 .rodata.StrToGuid.str1.1
                0x000000000000b275       0x17 /tmp/cc1rdrpc.ltrans0.ltrans.o
 .rodata.StrToIpv4Address.constprop.5.str1.1
                0x000000000000b28c       0x1a /tmp/cc1rdrpc.ltrans0.ltrans.o
 .rodata.StrToIpv6Address.constprop.6.str1.1
                0x000000000000b2a6       0x4a /tmp/cc1rdrpc.ltrans0.ltrans.o
 .rodata.StrnCmp.str1.1
                0x000000000000b2f0       0x72 /tmp/cc1rdrpc.ltrans0.ltrans.o
 .rodata.UefiDevicePathLibCatPrint.str1.1
                0x000000000000b362       0x64 /tmp/cc1rdrpc.ltrans0.ltrans.o
 .rodata.UefiDevicePathLibConvertTextToDeviceNode.str1.1
                0x000000000000b3c6       0x6b /tmp/cc1rdrpc.ltrans0.ltrans.o
 *fill*         0x000000000000b431        0x1 
 .rodata.UnicodeSPrint.constprop.9.str2.2
                0x000000000000b432       0x16 /tmp/cc1rdrpc.ltrans0.ltrans.o
 .rodata.UnicodeStrToAsciiStrS.constprop.7.str1.1
                0x000000000000b448       0xc8 /tmp/cc1rdrpc.ltrans0.ltrans.o
 .rodata.UnicodeVSPrint.str1.1
                0x000000000000b510       0x28 /tmp/cc1rdrpc.ltrans0.ltrans.o
 .rodata.WriteUnaligned16.str1.1
                0x000000000000b538       0x55 /tmp/cc1rdrpc.ltrans0.ltrans.o
 .rodata.ZeroMem.str1.1
                0x000000000000b58d       0x7b /tmp/cc1rdrpc.ltrans0.ltrans.o
 .rodata._ModuleEntryPoint.str1.1
                0x000000000000b608      0x1d7 /tmp/cc1rdrpc.ltrans0.ltrans.o
 *fill*         0x000000000000b7df        0x1 
 .rodata.mDevicePathFromText
                0x000000000000b7e0       0x10 /tmp/cc1rdrpc.ltrans0.ltrans.o
 .rodata.mDevicePathToText
                0x000000000000b7f0       0x10 /tmp/cc1rdrpc.ltrans0.ltrans.o
 .rodata.mDevicePathUtilities
                0x000000000000b800       0x40 /tmp/cc1rdrpc.ltrans0.ltrans.o
 .rodata.mHexStr
                0x000000000000b840       0x10 /tmp/cc1rdrpc.ltrans0.ltrans.o
 .rodata.mStatusString
                0x000000000000b850      0x138 /tmp/cc1rdrpc.ltrans0.ltrans.o
 .rodata.mUefiDevicePathLibDevPathFromTextTable
                0x000000000000b988      0x570 /tmp/cc1rdrpc.ltrans0.ltrans.o
 .rodata.mUefiDevicePathLibEndDevicePath
                0x000000000000bef8        0x4 /tmp/cc1rdrpc.ltrans0.ltrans.o
 *fill*         0x000000000000befc        0x4 
 .rodata.mUefiDevicePathLibToTextTable
                0x000000000000bf00      0x320 /tmp/cc1rdrpc.ltrans0.ltrans.o
 .rodata.mUefiDevicePathLibToTextTableGeneric
                0x000000000000c220       0x60 /tmp/cc1rdrpc.ltrans0.ltrans.o
 .rodata.str1.1
                0x000000000000c280      0x224 /tmp/cc1rdrpc.ltrans0.ltrans.o
                                        0x235 (size before relaxing)
 .rodata.str2.2
                0x000000000000c4a4      0x40c /tmp/cc1rdrpc.ltrans0.ltrans.o
                                        0x44c (size before relaxing)
 *(.got .got.*)
 *:AutoGen.obj(.data.g*Guid)

.iplt           0x000000000000c8b0        0x0
 .iplt          0x000000000000c8b0        0x0 /home/vsts/work/1/edk2/Build/Lumia950XL-AARCH64/DEBUG_GCC5/AARCH64/ArmPkg/Library/ArmLib/ArmBaseLib/OUTPUT/ArmBaseLib.lib(AArch64Support.obj)

.data           0x000000000000d000      0x450
 *(.data .data.* .gnu.linkonce.d.*)
 .data.font5x12
                0x000000000000d000      0x300 /tmp/cc1rdrpc.ltrans0.ltrans.o
 .data.gEfiDebugPortProtocolGuid
                0x000000000000d300       0x10 /tmp/cc1rdrpc.ltrans0.ltrans.o
 .data.gEfiDevicePathFromTextProtocolGuid
                0x000000000000d310       0x10 /tmp/cc1rdrpc.ltrans0.ltrans.o
 .data.gEfiDevicePathToTextProtocolGuid
                0x000000000000d320       0x10 /tmp/cc1rdrpc.ltrans0.ltrans.o
 .data.gEfiDevicePathUtilitiesProtocolGuid
                0x000000000000d330       0x10 /tmp/cc1rdrpc.ltrans0.ltrans.o
 .data.gEfiHobListGuid
                0x000000000000d340       0x10 /tmp/cc1rdrpc.ltrans0.ltrans.o
 .data.gEfiPcAnsiGuid
                0x000000000000d350       0x10 /tmp/cc1rdrpc.ltrans0.ltrans.o
 .data.gEfiPersistentVirtualCdGuid
                0x000000000000d360       0x10 /tmp/cc1rdrpc.ltrans0.ltrans.o
 .data.gEfiPersistentVirtualDiskGuid
                0x000000000000d370       0x10 /tmp/cc1rdrpc.ltrans0.ltrans.o
 .data.gEfiSasDevicePathGuid
                0x000000000000d380       0x10 /tmp/cc1rdrpc.ltrans0.ltrans.o
 .data.gEfiUartDevicePathGuid
                0x000000000000d390       0x10 /tmp/cc1rdrpc.ltrans0.ltrans.o
 .data.gEfiVT100Guid
                0x000000000000d3a0       0x10 /tmp/cc1rdrpc.ltrans0.ltrans.o
 .data.gEfiVT100PlusGuid
                0x000000000000d3b0       0x10 /tmp/cc1rdrpc.ltrans0.ltrans.o
 .data.gEfiVTUTF8Guid
                0x000000000000d3c0       0x10 /tmp/cc1rdrpc.ltrans0.ltrans.o
 .data.gEfiVirtualCdGuid
                0x000000000000d3d0       0x10 /tmp/cc1rdrpc.ltrans0.ltrans.o
 .data.gEfiVirtualDiskGuid
                0x000000000000d3e0       0x10 /tmp/cc1rdrpc.ltrans0.ltrans.o
 *(.bss .bss.*)
 .bss.gBS       0x000000000000d3f0        0x8 /tmp/cc1rdrpc.ltrans0.ltrans.o
 .bss.gImageHandle
                0x000000000000d3f8        0x8 /tmp/cc1rdrpc.ltrans0.ltrans.o
 .bss.gRT       0x000000000000d400        0x8 /tmp/cc1rdrpc.ltrans0.ltrans.o
 .bss.gST       0x000000000000d408        0x8 /tmp/cc1rdrpc.ltrans0.ltrans.o
 .bss.mHobList  0x000000000000d410        0x8 /tmp/cc1rdrpc.ltrans0.ltrans.o
 .bss.m_Color   0x000000000000d418       0x10 /tmp/cc1rdrpc.ltrans0.ltrans.o
 .bss.m_Initialized
                0x000000000000d428        0x1 /tmp/cc1rdrpc.ltrans0.ltrans.o
 *fill*         0x000000000000d429        0x7 
 .bss.m_MaxPosition
                0x000000000000d430       0x10 /tmp/cc1rdrpc.ltrans0.ltrans.o
 .bss.m_Position
                0x000000000000d440       0x10 /tmp/cc1rdrpc.ltrans0.ltrans.o

.igot.plt       0x000000000000d450        0x0
 .igot.plt      0x000000000000d450        0x0 /home/vsts/work/1/edk2/Build/Lumia950XL-AARCH64/DEBUG_GCC5/AARCH64/ArmPkg/Library/ArmLib/ArmBaseLib/OUTPUT/ArmBaseLib.lib(AArch64Support.obj)

.eh_frame
 *(.eh_frame)

.rela           0x000000000000d450        0x0
 *(.rela .rela.*)
 .rela.iplt     0x000000000000d450        0x0 /home/vsts/work/1/edk2/Build/Lumia950XL-AARCH64/DEBUG_GCC5/AARCH64/ArmPkg/Library/ArmLib/ArmBaseLib/OUTPUT/ArmBaseLib.lib(AArch64Support.obj)

.hii
 *(.hii)

.build-id       0x000000000000d450       0x24
 *(.note.gnu.build-id)
 .note.gnu.build-id
                0x000000000000d450       0x24 /home/vsts/work/1/edk2/ArmPkg/Library/GccLto/liblto-aarch64.a

/DISCARD/
 *(.note.GNU-stack)
 *(.gnu_debuglink)
 *(.interp)
 *(.dynsym)
 *(.dynstr)
 *(.dynamic)
 *(.hash .gnu.hash)
 *(.comment)
 *(COMMON)
                0x0000000000000228                PECOFF_HEADER_SIZE = 0x228
OUTPUT(/home/vsts/work/1/edk2/Build/Lumia950XL-AARCH64/DEBUG_GCC5/AARCH64/MdeModulePkg/Universal/DevicePathDxe/DevicePathDxe/DEBUG/DevicePathDxe.dll elf64-littleaarch64)

.debug_info     0x0000000000000000    0x134d7
 .debug_info    0x0000000000000000    0x134d7 /tmp/cc1rdrpc.ltrans0.ltrans.o

.debug_abbrev   0x0000000000000000      0x656
 .debug_abbrev  0x0000000000000000      0x656 /tmp/cc1rdrpc.ltrans0.ltrans.o

.debug_loc      0x0000000000000000    0x1524d
 .debug_loc     0x0000000000000000    0x1524d /tmp/cc1rdrpc.ltrans0.ltrans.o

.debug_aranges  0x0000000000000000      0xee0
 .debug_aranges
                0x0000000000000000      0xee0 /tmp/cc1rdrpc.ltrans0.ltrans.o

.debug_ranges   0x0000000000000000     0x2290
 .debug_ranges  0x0000000000000000     0x2290 /tmp/cc1rdrpc.ltrans0.ltrans.o

.debug_line     0x0000000000000000     0x366d
 .debug_line    0x0000000000000000     0x366d /tmp/cc1rdrpc.ltrans0.ltrans.o

.debug_str      0x0000000000000000     0x468c
 .debug_str     0x0000000000000000     0x468c /tmp/cc1rdrpc.ltrans0.ltrans.o
                                       0x4c92 (size before relaxing)

.debug_frame    0x0000000000000000     0x2af8
 .debug_frame   0x0000000000000000     0x2af8 /tmp/cc1rdrpc.ltrans0.ltrans.o
