Archive member included to satisfy reference by file (symbol)

/home/vsts/work/1/edk2/Build/Lumia950XL-AARCH64/DEBUG_GCC5/AARCH64/ArmPkg/Library/CompilerIntrinsicsLib/CompilerIntrinsicsLib/OUTPUT/CompilerIntrinsicsLib.lib(memcpy.obj)
                              /home/vsts/work/1/edk2/ArmPkg/Library/GccLto/liblto-aarch64.a (memcpy)
/home/vsts/work/1/edk2/Build/Lumia950XL-AARCH64/DEBUG_GCC5/AARCH64/ArmPkg/Library/CompilerIntrinsicsLib/CompilerIntrinsicsLib/OUTPUT/CompilerIntrinsicsLib.lib(memset.obj)
                              /home/vsts/work/1/edk2/ArmPkg/Library/GccLto/liblto-aarch64.a (memset)
/home/vsts/work/1/edk2/Build/Lumia950XL-AARCH64/DEBUG_GCC5/AARCH64/MdePkg/Library/UefiDriverEntryPoint/UefiDriverEntryPoint/OUTPUT/UefiDriverEntryPoint.lib(DriverEntryPoint.obj)
                              (_ModuleEntryPoint)
/home/vsts/work/1/edk2/Build/Lumia950XL-AARCH64/DEBUG_GCC5/AARCH64/MdeModulePkg/Universal/HiiDatabaseDxe/HiiDatabaseDxe/OUTPUT/HiiDatabase.lib(AutoGen.obj)
                              DriverEntryPoint.obj (symbol from plugin) (ProcessLibraryConstructorList)
/home/vsts/work/1/edk2/Build/Lumia950XL-AARCH64/DEBUG_GCC5/AARCH64/MdeModulePkg/Universal/HiiDatabaseDxe/HiiDatabaseDxe/OUTPUT/HiiDatabase.lib(HiiDatabaseEntry.obj)
                              AutoGen.obj (symbol from plugin) (InitializeHiiDatabase)
/home/vsts/work/1/edk2/Build/Lumia950XL-AARCH64/DEBUG_GCC5/AARCH64/MdeModulePkg/Universal/HiiDatabaseDxe/HiiDatabaseDxe/OUTPUT/HiiDatabase.lib(Image.obj)
                              HiiDatabaseEntry.obj (symbol from plugin) (HiiNewImage)
/home/vsts/work/1/edk2/Build/Lumia950XL-AARCH64/DEBUG_GCC5/AARCH64/MdeModulePkg/Universal/HiiDatabaseDxe/HiiDatabaseDxe/OUTPUT/HiiDatabase.lib(ImageEx.obj)
                              HiiDatabaseEntry.obj (symbol from plugin) (HiiNewImageEx)
/home/vsts/work/1/edk2/Build/Lumia950XL-AARCH64/DEBUG_GCC5/AARCH64/MdeModulePkg/Universal/HiiDatabaseDxe/HiiDatabaseDxe/OUTPUT/HiiDatabase.lib(ConfigRouting.obj)
                              HiiDatabaseEntry.obj (symbol from plugin) (HiiConfigRoutingExportConfig)
/home/vsts/work/1/edk2/Build/Lumia950XL-AARCH64/DEBUG_GCC5/AARCH64/MdeModulePkg/Universal/HiiDatabaseDxe/HiiDatabaseDxe/OUTPUT/HiiDatabase.lib(String.obj)
                              HiiDatabaseEntry.obj (symbol from plugin) (HiiGetLanguages)
/home/vsts/work/1/edk2/Build/Lumia950XL-AARCH64/DEBUG_GCC5/AARCH64/MdeModulePkg/Universal/HiiDatabaseDxe/HiiDatabaseDxe/OUTPUT/HiiDatabase.lib(Database.obj)
                              String.obj (symbol from plugin) (IsHiiHandleValid)
/home/vsts/work/1/edk2/Build/Lumia950XL-AARCH64/DEBUG_GCC5/AARCH64/MdeModulePkg/Universal/HiiDatabaseDxe/HiiDatabaseDxe/OUTPUT/HiiDatabase.lib(Font.obj)
                              Database.obj (symbol from plugin) (FindGlyphBlock)
/home/vsts/work/1/edk2/Build/Lumia950XL-AARCH64/DEBUG_GCC5/AARCH64/MdeModulePkg/Universal/HiiDatabaseDxe/HiiDatabaseDxe/OUTPUT/HiiDatabase.lib(ConfigKeywordHandler.obj)
                              HiiDatabaseEntry.obj (symbol from plugin) (EfiConfigKeywordHandlerSetData)
/home/vsts/work/1/edk2/Build/Lumia950XL-AARCH64/DEBUG_GCC5/AARCH64/MdePkg/Library/DxePcdLib/DxePcdLib/OUTPUT/DxePcdLib.lib(DxePcdLib.obj)
                              Database.obj (symbol from plugin) (LibPcdGetExPtr)
/home/vsts/work/1/edk2/Build/Lumia950XL-AARCH64/DEBUG_GCC5/AARCH64/MdePkg/Library/BaseMemoryLib/BaseMemoryLib/OUTPUT/BaseMemoryLib.lib(ZeroMemWrapper.obj)
                              Image.obj (symbol from plugin) (ZeroMem)
/home/vsts/work/1/edk2/Build/Lumia950XL-AARCH64/DEBUG_GCC5/AARCH64/MdePkg/Library/BaseMemoryLib/BaseMemoryLib/OUTPUT/BaseMemoryLib.lib(CompareMemWrapper.obj)
                              Image.obj (symbol from plugin) (CompareMem)
/home/vsts/work/1/edk2/Build/Lumia950XL-AARCH64/DEBUG_GCC5/AARCH64/MdePkg/Library/BaseMemoryLib/BaseMemoryLib/OUTPUT/BaseMemoryLib.lib(SetMem32Wrapper.obj)
                              Font.obj (symbol from plugin) (SetMem32)
/home/vsts/work/1/edk2/Build/Lumia950XL-AARCH64/DEBUG_GCC5/AARCH64/MdePkg/Library/BaseMemoryLib/BaseMemoryLib/OUTPUT/BaseMemoryLib.lib(CopyMemWrapper.obj)
                              Image.obj (symbol from plugin) (CopyMem)
/home/vsts/work/1/edk2/Build/Lumia950XL-AARCH64/DEBUG_GCC5/AARCH64/MdePkg/Library/BaseMemoryLib/BaseMemoryLib/OUTPUT/BaseMemoryLib.lib(MemLibGeneric.obj)
                              SetMem32Wrapper.obj (symbol from plugin) (InternalMemSetMem32)
/home/vsts/work/1/edk2/Build/Lumia950XL-AARCH64/DEBUG_GCC5/AARCH64/MdePkg/Library/BaseMemoryLib/BaseMemoryLib/OUTPUT/BaseMemoryLib.lib(MemLibGuid.obj)
                              ConfigRouting.obj (symbol from plugin) (CopyGuid)
/home/vsts/work/1/edk2/Build/Lumia950XL-AARCH64/DEBUG_GCC5/AARCH64/MdePkg/Library/BaseMemoryLib/BaseMemoryLib/OUTPUT/BaseMemoryLib.lib(CopyMem.obj)
                              CopyMemWrapper.obj (symbol from plugin) (InternalMemCopyMem)
/home/vsts/work/1/edk2/Build/Lumia950XL-AARCH64/DEBUG_GCC5/AARCH64/MdePkg/Library/BaseMemoryLib/BaseMemoryLib/OUTPUT/BaseMemoryLib.lib(SetMem.obj)
                              MemLibGeneric.obj (symbol from plugin) (InternalMemSetMem)
/home/vsts/work/1/edk2/Build/Lumia950XL-AARCH64/DEBUG_GCC5/AARCH64/MdePkg/Library/BaseLib/BaseLib/OUTPUT/BaseLib.lib(LShiftU64.obj)
                              ConfigRouting.obj (symbol from plugin) (LShiftU64)
/home/vsts/work/1/edk2/Build/Lumia950XL-AARCH64/DEBUG_GCC5/AARCH64/MdePkg/Library/BaseLib/BaseLib/OUTPUT/BaseLib.lib(BitField.obj)
                              Database.obj (symbol from plugin) (BitFieldRead32)
/home/vsts/work/1/edk2/Build/Lumia950XL-AARCH64/DEBUG_GCC5/AARCH64/MdePkg/Library/BaseLib/BaseLib/OUTPUT/BaseLib.lib(LinkedList.obj)
                              HiiDatabaseEntry.obj (symbol from plugin) (InitializeListHead)
/home/vsts/work/1/edk2/Build/Lumia950XL-AARCH64/DEBUG_GCC5/AARCH64/MdePkg/Library/BaseLib/BaseLib/OUTPUT/BaseLib.lib(SafeString.obj)
                              ConfigRouting.obj (symbol from plugin) (StrnLenS)
/home/vsts/work/1/edk2/Build/Lumia950XL-AARCH64/DEBUG_GCC5/AARCH64/MdePkg/Library/BaseLib/BaseLib/OUTPUT/BaseLib.lib(String.obj)
                              ConfigRouting.obj (symbol from plugin) (StrLen)
/home/vsts/work/1/edk2/Build/Lumia950XL-AARCH64/DEBUG_GCC5/AARCH64/MdePkg/Library/BaseLib/BaseLib/OUTPUT/BaseLib.lib(Unaligned.obj)
                              Image.obj (symbol from plugin) (ReadUnaligned16)
/home/vsts/work/1/edk2/Build/Lumia950XL-AARCH64/DEBUG_GCC5/AARCH64/MdePkg/Library/BaseLib/BaseLib/OUTPUT/BaseLib.lib(Math64.obj)
                              LShiftU64.obj (symbol from plugin) (InternalMathLShiftU64)
/home/vsts/work/1/edk2/Build/Lumia950XL-AARCH64/DEBUG_GCC5/AARCH64/MdePkg/Library/BaseLib/BaseLib/OUTPUT/BaseLib.lib(SwapBytes32.obj)
                              SafeString.obj (symbol from plugin) (SwapBytes32)
/home/vsts/work/1/edk2/Build/Lumia950XL-AARCH64/DEBUG_GCC5/AARCH64/MdePkg/Library/BaseLib/BaseLib/OUTPUT/BaseLib.lib(SwapBytes16.obj)
                              SafeString.obj (symbol from plugin) (SwapBytes16)
/home/vsts/work/1/edk2/Build/Lumia950XL-AARCH64/DEBUG_GCC5/AARCH64/MdePkg/Library/BaseLib/BaseLib/OUTPUT/BaseLib.lib(RShiftU64.obj)
                              BitField.obj (symbol from plugin) (RShiftU64)
/home/vsts/work/1/edk2/Build/Lumia950XL-AARCH64/DEBUG_GCC5/AARCH64/MdePkg/Library/BaseLib/BaseLib/OUTPUT/BaseLib.lib(MultU64x32.obj)
                              SafeString.obj (symbol from plugin) (MultU64x32)
/home/vsts/work/1/edk2/Build/Lumia950XL-AARCH64/DEBUG_GCC5/AARCH64/MdePkg/Library/BaseLib/BaseLib/OUTPUT/BaseLib.lib(DivU64x32.obj)
                              SafeString.obj (symbol from plugin) (DivU64x32)
/home/vsts/work/1/edk2/Build/Lumia950XL-AARCH64/DEBUG_GCC5/AARCH64/MdePkg/Library/BasePrintLib/BasePrintLib/OUTPUT/BasePrintLib.lib(PrintLib.obj)
                              ConfigRouting.obj (symbol from plugin) (UnicodeSPrint)
/home/vsts/work/1/edk2/Build/Lumia950XL-AARCH64/DEBUG_GCC5/AARCH64/MdePkg/Library/BasePrintLib/BasePrintLib/OUTPUT/BasePrintLib.lib(PrintLibInternal.obj)
                              PrintLib.obj (symbol from plugin) (BasePrintLibConvertValueToString)
/home/vsts/work/1/edk2/Build/Lumia950XL-AARCH64/DEBUG_GCC5/AARCH64/MdePkg/Library/BaseDebugLibSerialPort/BaseDebugLibSerialPort/OUTPUT/BaseDebugLibSerialPort.lib(DebugLib.obj)
                              AutoGen.obj (symbol from plugin) (BaseDebugLibSerialPortConstructor)
/home/vsts/work/1/edk2/Build/Lumia950XL-AARCH64/DEBUG_GCC5/AARCH64/MdePkg/Library/UefiMemoryAllocationLib/UefiMemoryAllocationLib/OUTPUT/UefiMemoryAllocationLib.lib(MemoryAllocationLib.obj)
                              Image.obj (symbol from plugin) (AllocatePool)
/home/vsts/work/1/edk2/Build/Lumia950XL-AARCH64/DEBUG_GCC5/AARCH64/MdePkg/Library/UefiRuntimeServicesTableLib/UefiRuntimeServicesTableLib/OUTPUT/UefiRuntimeServicesTableLib.lib(UefiRuntimeServicesTableLib.obj)
                              AutoGen.obj (symbol from plugin) (UefiRuntimeServicesTableLibConstructor)
/home/vsts/work/1/edk2/Build/Lumia950XL-AARCH64/DEBUG_GCC5/AARCH64/MdePkg/Library/UefiBootServicesTableLib/UefiBootServicesTableLib/OUTPUT/UefiBootServicesTableLib.lib(UefiBootServicesTableLib.obj)
                              AutoGen.obj (symbol from plugin) (UefiBootServicesTableLibConstructor)
/home/vsts/work/1/edk2/Build/Lumia950XL-AARCH64/DEBUG_GCC5/AARCH64/MdePkg/Library/UefiDevicePathLib/UefiDevicePathLib/OUTPUT/UefiDevicePathLib.lib(DevicePathUtilities.obj)
                              ConfigRouting.obj (symbol from plugin) (DevicePathNodeLength)
/home/vsts/work/1/edk2/Build/Lumia950XL-AARCH64/DEBUG_GCC5/AARCH64/MdePkg/Library/UefiDevicePathLib/UefiDevicePathLib/OUTPUT/UefiDevicePathLib.lib(UefiDevicePathLib.obj)
                              ConfigRouting.obj (symbol from plugin) (GetDevicePathSize)
/home/vsts/work/1/edk2/Build/Lumia950XL-AARCH64/DEBUG_GCC5/AARCH64/MdePkg/Library/UefiDevicePathLib/UefiDevicePathLib/OUTPUT/UefiDevicePathLib.lib(DevicePathToText.obj)
                              UefiDevicePathLib.obj (symbol from plugin) (UefiDevicePathLibConvertDeviceNodeToText)
/home/vsts/work/1/edk2/Build/Lumia950XL-AARCH64/DEBUG_GCC5/AARCH64/MdePkg/Library/UefiDevicePathLib/UefiDevicePathLib/OUTPUT/UefiDevicePathLib.lib(DevicePathFromText.obj)
                              UefiDevicePathLib.obj (symbol from plugin) (UefiDevicePathLibConvertTextToDeviceNode)
/home/vsts/work/1/edk2/Build/Lumia950XL-AARCH64/DEBUG_GCC5/AARCH64/MdePkg/Library/UefiLib/UefiLib/OUTPUT/UefiLib.lib(UefiNotTiano.obj)
                              HiiDatabaseEntry.obj (symbol from plugin) (EfiCreateEventReadyToBootEx)
/home/vsts/work/1/edk2/Build/Lumia950XL-AARCH64/DEBUG_GCC5/AARCH64/MdePkg/Library/UefiLib/UefiLib/OUTPUT/UefiLib.lib(UefiLib.obj)
                              UefiNotTiano.obj (symbol from plugin) (EfiEventEmptyFunction)
/home/vsts/work/1/edk2/Build/Lumia950XL-AARCH64/DEBUG_GCC5/AARCH64/MdePkg/Library/DxeHobLib/DxeHobLib/OUTPUT/DxeHobLib.lib(HobLib.obj)
                              AutoGen.obj (symbol from plugin) (HobLibConstructor)
/home/vsts/work/1/edk2/Build/Lumia950XL-AARCH64/DEBUG_GCC5/AARCH64/MdePkg/Library/BaseMemoryLib/BaseMemoryLib/OUTPUT/BaseMemoryLib.lib(SetMemWrapper.obj)
                              DebugLib.obj (symbol from plugin) (SetMem)
/home/vsts/work/1/edk2/Build/Lumia950XL-AARCH64/DEBUG_GCC5/AARCH64/MdePkg/Library/BaseMemoryLib/BaseMemoryLib/OUTPUT/BaseMemoryLib.lib(SetMem64Wrapper.obj)
                              SetMemWrapper.obj (symbol from plugin) (SetMem64)
/home/vsts/work/1/edk2/Build/Lumia950XL-AARCH64/DEBUG_GCC5/AARCH64/MdePkg/Library/BaseLib/BaseLib/OUTPUT/BaseLib.lib(SwapBytes64.obj)
                              DevicePathFromText.obj (symbol from plugin) (SwapBytes64)
/home/vsts/work/1/edk2/Build/Lumia950XL-AARCH64/DEBUG_GCC5/AARCH64/MdePkg/Library/BaseLib/BaseLib/OUTPUT/BaseLib.lib(DivU64x32Remainder.obj)
                              PrintLibInternal.obj (symbol from plugin) (DivU64x32Remainder)
/home/vsts/work/1/edk2/Build/Lumia950XL-AARCH64/DEBUG_GCC5/AARCH64/MdePkg/Library/BaseLib/BaseLib/OUTPUT/BaseLib.lib(CpuDeadLoop.obj)
                              DebugLib.obj (symbol from plugin) (CpuDeadLoop)
/home/vsts/work/1/edk2/Build/Lumia950XL-AARCH64/DEBUG_GCC5/AARCH64/MdePkg/Library/BaseLib/BaseLib/OUTPUT/BaseLib.lib(CpuBreakpoint.obj)
                              DebugLib.obj (symbol from plugin) (CpuBreakpoint)
/home/vsts/work/1/edk2/Build/Lumia950XL-AARCH64/DEBUG_GCC5/AARCH64/MdePkg/Library/BaseDebugPrintErrorLevelLib/BaseDebugPrintErrorLevelLib/OUTPUT/BaseDebugPrintErrorLevelLib.lib(BaseDebugPrintErrorLevelLib.obj)
                              DebugLib.obj (symbol from plugin) (GetDebugPrintErrorLevel)
/home/vsts/work/1/edk2/Build/Lumia950XL-AARCH64/DEBUG_GCC5/AARCH64/Lumia950XLPkg/Library/FrameBufferSerialPortLib/FrameBufferSerialPortLib/OUTPUT/FrameBufferSerialPortLib.lib(FrameBufferSerialPortLib.obj)
                              DebugLib.obj (symbol from plugin) (SerialPortInitialize)
/home/vsts/work/1/edk2/Build/Lumia950XL-AARCH64/DEBUG_GCC5/AARCH64/ArmPkg/Library/ArmLib/ArmBaseLib/OUTPUT/ArmBaseLib.lib(ArmLibSupport.obj)
                              FrameBufferSerialPortLib.obj (symbol from plugin) (ArmGetInterruptState)
/home/vsts/work/1/edk2/Build/Lumia950XL-AARCH64/DEBUG_GCC5/AARCH64/ArmPkg/Library/ArmLib/ArmBaseLib/OUTPUT/ArmBaseLib.lib(ArmLibSupportV8.obj)
                              FrameBufferSerialPortLib.obj (symbol from plugin) (ArmEnableInterrupts)
/home/vsts/work/1/edk2/Build/Lumia950XL-AARCH64/DEBUG_GCC5/AARCH64/ArmPkg/Library/ArmCacheMaintenanceLib/ArmCacheMaintenanceLib/OUTPUT/ArmCacheMaintenanceLib.lib(ArmCacheMaintenanceLib.obj)
                              FrameBufferSerialPortLib.obj (symbol from plugin) (WriteBackInvalidateDataCacheRange)
/home/vsts/work/1/edk2/Build/Lumia950XL-AARCH64/DEBUG_GCC5/AARCH64/ArmPkg/Library/ArmLib/ArmBaseLib/OUTPUT/ArmBaseLib.lib(ArmLib.obj)
                              ArmCacheMaintenanceLib.obj (symbol from plugin) (ArmDataCacheLineLength)
/home/vsts/work/1/edk2/Build/Lumia950XL-AARCH64/DEBUG_GCC5/AARCH64/ArmPkg/Library/ArmLib/ArmBaseLib/OUTPUT/ArmBaseLib.lib(AArch64Support.obj)
                              ArmCacheMaintenanceLib.obj (symbol from plugin) (ArmInvalidateDataCacheEntryByMVA)

Discarded input sections

 .text          0x0000000000000000       0x10 /home/vsts/work/1/edk2/ArmPkg/Library/GccLto/liblto-aarch64.a
 .data          0x0000000000000000        0x0 /home/vsts/work/1/edk2/ArmPkg/Library/GccLto/liblto-aarch64.a
 .bss           0x0000000000000000        0x0 /home/vsts/work/1/edk2/ArmPkg/Library/GccLto/liblto-aarch64.a
 .text          0x0000000000000000        0x0 /tmp/ccZzeYIQ.ltrans0.ltrans.o
 .data          0x0000000000000000        0x0 /tmp/ccZzeYIQ.ltrans0.ltrans.o
 .bss           0x0000000000000000        0x0 /tmp/ccZzeYIQ.ltrans0.ltrans.o
 .text._DriverUnloadHandler
                0x0000000000000000        0x8 /tmp/ccZzeYIQ.ltrans0.ltrans.o
 .text.__memset
                0x0000000000000000       0x1c /tmp/ccZzeYIQ.ltrans0.ltrans.o
 .text.__memcpy
                0x0000000000000000       0x20 /tmp/ccZzeYIQ.ltrans0.ltrans.o
 .comment       0x0000000000000000       0x2e /tmp/ccZzeYIQ.ltrans0.ltrans.o
 .text          0x0000000000000000        0x0 /tmp/ccZzeYIQ.ltrans1.ltrans.o
 .data          0x0000000000000000        0x0 /tmp/ccZzeYIQ.ltrans1.ltrans.o
 .bss           0x0000000000000000        0x0 /tmp/ccZzeYIQ.ltrans1.ltrans.o
 .text.EfiEventEmptyFunction
                0x0000000000000000        0x4 /tmp/ccZzeYIQ.ltrans1.ltrans.o
 .text.IsNodeInList
                0x0000000000000000       0xb0 /tmp/ccZzeYIQ.ltrans1.ltrans.o
 .rodata.IsNodeInList.str1.1
                0x0000000000000000       0x44 /tmp/ccZzeYIQ.ltrans1.ltrans.o
 .rodata._gDriverUnloadImageCount
                0x0000000000000000        0x1 /tmp/ccZzeYIQ.ltrans1.ltrans.o
 .rodata._gUefiDriverRevision
                0x0000000000000000        0x4 /tmp/ccZzeYIQ.ltrans1.ltrans.o
 .comment       0x0000000000000000       0x2e /tmp/ccZzeYIQ.ltrans1.ltrans.o
 .text          0x0000000000000000        0x0 memcpy.obj (symbol from plugin)
 .text          0x0000000000000000        0x0 memset.obj (symbol from plugin)
 .text          0x0000000000000000        0x0 DriverEntryPoint.obj (symbol from plugin)
 .text          0x0000000000000000        0x0 AutoGen.obj (symbol from plugin)
 .text          0x0000000000000000        0x0 HiiDatabaseEntry.obj (symbol from plugin)
 .text          0x0000000000000000        0x0 Image.obj (symbol from plugin)
 .text          0x0000000000000000        0x0 ImageEx.obj (symbol from plugin)
 .text          0x0000000000000000        0x0 ConfigRouting.obj (symbol from plugin)
 .text          0x0000000000000000        0x0 String.obj (symbol from plugin)
 .text          0x0000000000000000        0x0 Database.obj (symbol from plugin)
 .text          0x0000000000000000        0x0 Font.obj (symbol from plugin)
 .text          0x0000000000000000        0x0 ConfigKeywordHandler.obj (symbol from plugin)
 .text          0x0000000000000000        0x0 DxePcdLib.obj (symbol from plugin)
 .text          0x0000000000000000        0x0 ZeroMemWrapper.obj (symbol from plugin)
 .text          0x0000000000000000        0x0 CompareMemWrapper.obj (symbol from plugin)
 .text          0x0000000000000000        0x0 SetMem32Wrapper.obj (symbol from plugin)
 .text          0x0000000000000000        0x0 CopyMemWrapper.obj (symbol from plugin)
 .text          0x0000000000000000        0x0 MemLibGeneric.obj (symbol from plugin)
 .text          0x0000000000000000        0x0 MemLibGuid.obj (symbol from plugin)
 .text          0x0000000000000000        0x0 CopyMem.obj (symbol from plugin)
 .text          0x0000000000000000        0x0 SetMem.obj (symbol from plugin)
 .text          0x0000000000000000        0x0 LShiftU64.obj (symbol from plugin)
 .text          0x0000000000000000        0x0 BitField.obj (symbol from plugin)
 .text          0x0000000000000000        0x0 LinkedList.obj (symbol from plugin)
 .text          0x0000000000000000        0x0 SafeString.obj (symbol from plugin)
 .text          0x0000000000000000        0x0 String.obj (symbol from plugin)
 .text          0x0000000000000000        0x0 Unaligned.obj (symbol from plugin)
 .text          0x0000000000000000        0x0 Math64.obj (symbol from plugin)
 .text          0x0000000000000000        0x0 SwapBytes32.obj (symbol from plugin)
 .text          0x0000000000000000        0x0 SwapBytes16.obj (symbol from plugin)
 .text          0x0000000000000000        0x0 RShiftU64.obj (symbol from plugin)
 .text          0x0000000000000000        0x0 MultU64x32.obj (symbol from plugin)
 .text          0x0000000000000000        0x0 DivU64x32.obj (symbol from plugin)
 .text          0x0000000000000000        0x0 PrintLib.obj (symbol from plugin)
 .text          0x0000000000000000        0x0 PrintLibInternal.obj (symbol from plugin)
 .text          0x0000000000000000        0x0 DebugLib.obj (symbol from plugin)
 .text          0x0000000000000000        0x0 MemoryAllocationLib.obj (symbol from plugin)
 .text          0x0000000000000000        0x0 UefiRuntimeServicesTableLib.obj (symbol from plugin)
 .text          0x0000000000000000        0x0 UefiBootServicesTableLib.obj (symbol from plugin)
 .text          0x0000000000000000        0x0 DevicePathUtilities.obj (symbol from plugin)
 .text          0x0000000000000000        0x0 UefiDevicePathLib.obj (symbol from plugin)
 .text          0x0000000000000000        0x0 DevicePathToText.obj (symbol from plugin)
 .text          0x0000000000000000        0x0 DevicePathFromText.obj (symbol from plugin)
 .text          0x0000000000000000        0x0 UefiNotTiano.obj (symbol from plugin)
 .text          0x0000000000000000        0x0 UefiLib.obj (symbol from plugin)
 .text          0x0000000000000000        0x0 HobLib.obj (symbol from plugin)
 .text          0x0000000000000000        0x0 SetMemWrapper.obj (symbol from plugin)
 .text          0x0000000000000000        0x0 SetMem64Wrapper.obj (symbol from plugin)
 .text          0x0000000000000000        0x0 SwapBytes64.obj (symbol from plugin)
 .text          0x0000000000000000        0x0 DivU64x32Remainder.obj (symbol from plugin)
 .text          0x0000000000000000        0x0 CpuDeadLoop.obj (symbol from plugin)
 .text          0x0000000000000000        0x8 /home/vsts/work/1/edk2/Build/Lumia950XL-AARCH64/DEBUG_GCC5/AARCH64/MdePkg/Library/BaseLib/BaseLib/OUTPUT/BaseLib.lib(CpuBreakpoint.obj)
 .data          0x0000000000000000        0x0 /home/vsts/work/1/edk2/Build/Lumia950XL-AARCH64/DEBUG_GCC5/AARCH64/MdePkg/Library/BaseLib/BaseLib/OUTPUT/BaseLib.lib(CpuBreakpoint.obj)
 .bss           0x0000000000000000        0x0 /home/vsts/work/1/edk2/Build/Lumia950XL-AARCH64/DEBUG_GCC5/AARCH64/MdePkg/Library/BaseLib/BaseLib/OUTPUT/BaseLib.lib(CpuBreakpoint.obj)
 .text          0x0000000000000000        0x0 BaseDebugPrintErrorLevelLib.obj (symbol from plugin)
 .text          0x0000000000000000        0x0 FrameBufferSerialPortLib.obj (symbol from plugin)
 .text          0x0000000000000000        0x0 /home/vsts/work/1/edk2/Build/Lumia950XL-AARCH64/DEBUG_GCC5/AARCH64/ArmPkg/Library/ArmLib/ArmBaseLib/OUTPUT/ArmBaseLib.lib(ArmLibSupport.obj)
 .data          0x0000000000000000        0x0 /home/vsts/work/1/edk2/Build/Lumia950XL-AARCH64/DEBUG_GCC5/AARCH64/ArmPkg/Library/ArmLib/ArmBaseLib/OUTPUT/ArmBaseLib.lib(ArmLibSupport.obj)
 .bss           0x0000000000000000        0x0 /home/vsts/work/1/edk2/Build/Lumia950XL-AARCH64/DEBUG_GCC5/AARCH64/ArmPkg/Library/ArmLib/ArmBaseLib/OUTPUT/ArmBaseLib.lib(ArmLibSupport.obj)
 .text.ArmReadMidr
                0x0000000000000000        0x8 /home/vsts/work/1/edk2/Build/Lumia950XL-AARCH64/DEBUG_GCC5/AARCH64/ArmPkg/Library/ArmLib/ArmBaseLib/OUTPUT/ArmBaseLib.lib(ArmLibSupport.obj)
 .text.ArmGetFiqState
                0x0000000000000000       0x10 /home/vsts/work/1/edk2/Build/Lumia950XL-AARCH64/DEBUG_GCC5/AARCH64/ArmPkg/Library/ArmLib/ArmBaseLib/OUTPUT/ArmBaseLib.lib(ArmLibSupport.obj)
 .text.ArmWriteCpacr
                0x0000000000000000        0x8 /home/vsts/work/1/edk2/Build/Lumia950XL-AARCH64/DEBUG_GCC5/AARCH64/ArmPkg/Library/ArmLib/ArmBaseLib/OUTPUT/ArmBaseLib.lib(ArmLibSupport.obj)
 .text.ArmWriteAuxCr
                0x0000000000000000       0x28 /home/vsts/work/1/edk2/Build/Lumia950XL-AARCH64/DEBUG_GCC5/AARCH64/ArmPkg/Library/ArmLib/ArmBaseLib/OUTPUT/ArmBaseLib.lib(ArmLibSupport.obj)
 .text.ArmReadAuxCr
                0x0000000000000000       0x28 /home/vsts/work/1/edk2/Build/Lumia950XL-AARCH64/DEBUG_GCC5/AARCH64/ArmPkg/Library/ArmLib/ArmBaseLib/OUTPUT/ArmBaseLib.lib(ArmLibSupport.obj)
 .text.ArmSetTTBR0
                0x0000000000000000       0x34 /home/vsts/work/1/edk2/Build/Lumia950XL-AARCH64/DEBUG_GCC5/AARCH64/ArmPkg/Library/ArmLib/ArmBaseLib/OUTPUT/ArmBaseLib.lib(ArmLibSupport.obj)
 .text.ArmGetTTBR0BaseAddress
                0x0000000000000000       0x30 /home/vsts/work/1/edk2/Build/Lumia950XL-AARCH64/DEBUG_GCC5/AARCH64/ArmPkg/Library/ArmLib/ArmBaseLib/OUTPUT/ArmBaseLib.lib(ArmLibSupport.obj)
 .text.ArmGetTCR
                0x0000000000000000       0x34 /home/vsts/work/1/edk2/Build/Lumia950XL-AARCH64/DEBUG_GCC5/AARCH64/ArmPkg/Library/ArmLib/ArmBaseLib/OUTPUT/ArmBaseLib.lib(ArmLibSupport.obj)
 .text.ArmSetTCR
                0x0000000000000000       0x34 /home/vsts/work/1/edk2/Build/Lumia950XL-AARCH64/DEBUG_GCC5/AARCH64/ArmPkg/Library/ArmLib/ArmBaseLib/OUTPUT/ArmBaseLib.lib(ArmLibSupport.obj)
 .text.ArmGetMAIR
                0x0000000000000000       0x34 /home/vsts/work/1/edk2/Build/Lumia950XL-AARCH64/DEBUG_GCC5/AARCH64/ArmPkg/Library/ArmLib/ArmBaseLib/OUTPUT/ArmBaseLib.lib(ArmLibSupport.obj)
 .text.ArmSetMAIR
                0x0000000000000000       0x34 /home/vsts/work/1/edk2/Build/Lumia950XL-AARCH64/DEBUG_GCC5/AARCH64/ArmPkg/Library/ArmLib/ArmBaseLib/OUTPUT/ArmBaseLib.lib(ArmLibSupport.obj)
 .text.ArmUpdateTranslationTableEntry
                0x0000000000000000       0x40 /home/vsts/work/1/edk2/Build/Lumia950XL-AARCH64/DEBUG_GCC5/AARCH64/ArmPkg/Library/ArmLib/ArmBaseLib/OUTPUT/ArmBaseLib.lib(ArmLibSupport.obj)
 .text.ArmInvalidateTlb
                0x0000000000000000       0x38 /home/vsts/work/1/edk2/Build/Lumia950XL-AARCH64/DEBUG_GCC5/AARCH64/ArmPkg/Library/ArmLib/ArmBaseLib/OUTPUT/ArmBaseLib.lib(ArmLibSupport.obj)
 .text.ArmWriteCptr
                0x0000000000000000        0x8 /home/vsts/work/1/edk2/Build/Lumia950XL-AARCH64/DEBUG_GCC5/AARCH64/ArmPkg/Library/ArmLib/ArmBaseLib/OUTPUT/ArmBaseLib.lib(ArmLibSupport.obj)
 .text.ArmWriteScr
                0x0000000000000000        0xc /home/vsts/work/1/edk2/Build/Lumia950XL-AARCH64/DEBUG_GCC5/AARCH64/ArmPkg/Library/ArmLib/ArmBaseLib/OUTPUT/ArmBaseLib.lib(ArmLibSupport.obj)
 .text.ArmWriteMVBar
                0x0000000000000000        0x8 /home/vsts/work/1/edk2/Build/Lumia950XL-AARCH64/DEBUG_GCC5/AARCH64/ArmPkg/Library/ArmLib/ArmBaseLib/OUTPUT/ArmBaseLib.lib(ArmLibSupport.obj)
 .text.ArmCallWFE
                0x0000000000000000        0x8 /home/vsts/work/1/edk2/Build/Lumia950XL-AARCH64/DEBUG_GCC5/AARCH64/ArmPkg/Library/ArmLib/ArmBaseLib/OUTPUT/ArmBaseLib.lib(ArmLibSupport.obj)
 .text.ArmCallSEV
                0x0000000000000000        0x8 /home/vsts/work/1/edk2/Build/Lumia950XL-AARCH64/DEBUG_GCC5/AARCH64/ArmPkg/Library/ArmLib/ArmBaseLib/OUTPUT/ArmBaseLib.lib(ArmLibSupport.obj)
 .text.ArmReadCpuActlr
                0x0000000000000000        0x8 /home/vsts/work/1/edk2/Build/Lumia950XL-AARCH64/DEBUG_GCC5/AARCH64/ArmPkg/Library/ArmLib/ArmBaseLib/OUTPUT/ArmBaseLib.lib(ArmLibSupport.obj)
 .text.ArmWriteCpuActlr
                0x0000000000000000       0x10 /home/vsts/work/1/edk2/Build/Lumia950XL-AARCH64/DEBUG_GCC5/AARCH64/ArmPkg/Library/ArmLib/ArmBaseLib/OUTPUT/ArmBaseLib.lib(ArmLibSupport.obj)
 .text.ArmReadSctlr
                0x0000000000000000       0x30 /home/vsts/work/1/edk2/Build/Lumia950XL-AARCH64/DEBUG_GCC5/AARCH64/ArmPkg/Library/ArmLib/ArmBaseLib/OUTPUT/ArmBaseLib.lib(ArmLibSupport.obj)
 .text          0x0000000000000000        0x0 /home/vsts/work/1/edk2/Build/Lumia950XL-AARCH64/DEBUG_GCC5/AARCH64/ArmPkg/Library/ArmLib/ArmBaseLib/OUTPUT/ArmBaseLib.lib(ArmLibSupportV8.obj)
 .data          0x0000000000000000        0x0 /home/vsts/work/1/edk2/Build/Lumia950XL-AARCH64/DEBUG_GCC5/AARCH64/ArmPkg/Library/ArmLib/ArmBaseLib/OUTPUT/ArmBaseLib.lib(ArmLibSupportV8.obj)
 .bss           0x0000000000000000        0x0 /home/vsts/work/1/edk2/Build/Lumia950XL-AARCH64/DEBUG_GCC5/AARCH64/ArmPkg/Library/ArmLib/ArmBaseLib/OUTPUT/ArmBaseLib.lib(ArmLibSupportV8.obj)
 .text.ArmIsMpCore
                0x0000000000000000       0x14 /home/vsts/work/1/edk2/Build/Lumia950XL-AARCH64/DEBUG_GCC5/AARCH64/ArmPkg/Library/ArmLib/ArmBaseLib/OUTPUT/ArmBaseLib.lib(ArmLibSupportV8.obj)
 .text.ArmEnableAsynchronousAbort
                0x0000000000000000        0xc /home/vsts/work/1/edk2/Build/Lumia950XL-AARCH64/DEBUG_GCC5/AARCH64/ArmPkg/Library/ArmLib/ArmBaseLib/OUTPUT/ArmBaseLib.lib(ArmLibSupportV8.obj)
 .text.ArmDisableAsynchronousAbort
                0x0000000000000000        0xc /home/vsts/work/1/edk2/Build/Lumia950XL-AARCH64/DEBUG_GCC5/AARCH64/ArmPkg/Library/ArmLib/ArmBaseLib/OUTPUT/ArmBaseLib.lib(ArmLibSupportV8.obj)
 .text.ArmEnableIrq
                0x0000000000000000        0xc /home/vsts/work/1/edk2/Build/Lumia950XL-AARCH64/DEBUG_GCC5/AARCH64/ArmPkg/Library/ArmLib/ArmBaseLib/OUTPUT/ArmBaseLib.lib(ArmLibSupportV8.obj)
 .text.ArmDisableIrq
                0x0000000000000000        0xc /home/vsts/work/1/edk2/Build/Lumia950XL-AARCH64/DEBUG_GCC5/AARCH64/ArmPkg/Library/ArmLib/ArmBaseLib/OUTPUT/ArmBaseLib.lib(ArmLibSupportV8.obj)
 .text.ArmEnableFiq
                0x0000000000000000        0xc /home/vsts/work/1/edk2/Build/Lumia950XL-AARCH64/DEBUG_GCC5/AARCH64/ArmPkg/Library/ArmLib/ArmBaseLib/OUTPUT/ArmBaseLib.lib(ArmLibSupportV8.obj)
 .text.ArmDisableFiq
                0x0000000000000000        0xc /home/vsts/work/1/edk2/Build/Lumia950XL-AARCH64/DEBUG_GCC5/AARCH64/ArmPkg/Library/ArmLib/ArmBaseLib/OUTPUT/ArmBaseLib.lib(ArmLibSupportV8.obj)
 .text.ArmDisableAllExceptions
                0x0000000000000000        0xc /home/vsts/work/1/edk2/Build/Lumia950XL-AARCH64/DEBUG_GCC5/AARCH64/ArmPkg/Library/ArmLib/ArmBaseLib/OUTPUT/ArmBaseLib.lib(ArmLibSupportV8.obj)
 .text.ReadCCSIDR
                0x0000000000000000       0x10 /home/vsts/work/1/edk2/Build/Lumia950XL-AARCH64/DEBUG_GCC5/AARCH64/ArmPkg/Library/ArmLib/ArmBaseLib/OUTPUT/ArmBaseLib.lib(ArmLibSupportV8.obj)
 .text.ReadCLIDR
                0x0000000000000000        0x8 /home/vsts/work/1/edk2/Build/Lumia950XL-AARCH64/DEBUG_GCC5/AARCH64/ArmPkg/Library/ArmLib/ArmBaseLib/OUTPUT/ArmBaseLib.lib(ArmLibSupportV8.obj)
 .text          0x0000000000000000        0x0 ArmCacheMaintenanceLib.obj (symbol from plugin)
 .text          0x0000000000000000        0x0 ArmLib.obj (symbol from plugin)
 .text          0x0000000000000000        0x0 /home/vsts/work/1/edk2/Build/Lumia950XL-AARCH64/DEBUG_GCC5/AARCH64/ArmPkg/Library/ArmLib/ArmBaseLib/OUTPUT/ArmBaseLib.lib(AArch64Support.obj)
 .data          0x0000000000000000        0x0 /home/vsts/work/1/edk2/Build/Lumia950XL-AARCH64/DEBUG_GCC5/AARCH64/ArmPkg/Library/ArmLib/ArmBaseLib/OUTPUT/ArmBaseLib.lib(AArch64Support.obj)
 .bss           0x0000000000000000        0x0 /home/vsts/work/1/edk2/Build/Lumia950XL-AARCH64/DEBUG_GCC5/AARCH64/ArmPkg/Library/ArmLib/ArmBaseLib/OUTPUT/ArmBaseLib.lib(AArch64Support.obj)
 .text.ArmInvalidateDataCacheEntryByMVA
                0x0000000000000000        0x8 /home/vsts/work/1/edk2/Build/Lumia950XL-AARCH64/DEBUG_GCC5/AARCH64/ArmPkg/Library/ArmLib/ArmBaseLib/OUTPUT/ArmBaseLib.lib(AArch64Support.obj)
 .text.ArmCleanDataCacheEntryByMVA
                0x0000000000000000        0x8 /home/vsts/work/1/edk2/Build/Lumia950XL-AARCH64/DEBUG_GCC5/AARCH64/ArmPkg/Library/ArmLib/ArmBaseLib/OUTPUT/ArmBaseLib.lib(AArch64Support.obj)
 .text.ArmCleanDataCacheEntryToPoUByMVA
                0x0000000000000000        0x8 /home/vsts/work/1/edk2/Build/Lumia950XL-AARCH64/DEBUG_GCC5/AARCH64/ArmPkg/Library/ArmLib/ArmBaseLib/OUTPUT/ArmBaseLib.lib(AArch64Support.obj)
 .text.ArmInvalidateInstructionCacheEntryToPoUByMVA
                0x0000000000000000        0x8 /home/vsts/work/1/edk2/Build/Lumia950XL-AARCH64/DEBUG_GCC5/AARCH64/ArmPkg/Library/ArmLib/ArmBaseLib/OUTPUT/ArmBaseLib.lib(AArch64Support.obj)
 .text.ArmInvalidateDataCacheEntryBySetWay
                0x0000000000000000        0x8 /home/vsts/work/1/edk2/Build/Lumia950XL-AARCH64/DEBUG_GCC5/AARCH64/ArmPkg/Library/ArmLib/ArmBaseLib/OUTPUT/ArmBaseLib.lib(AArch64Support.obj)
 .text.ArmCleanInvalidateDataCacheEntryBySetWay
                0x0000000000000000        0x8 /home/vsts/work/1/edk2/Build/Lumia950XL-AARCH64/DEBUG_GCC5/AARCH64/ArmPkg/Library/ArmLib/ArmBaseLib/OUTPUT/ArmBaseLib.lib(AArch64Support.obj)
 .text.ArmCleanDataCacheEntryBySetWay
                0x0000000000000000        0x8 /home/vsts/work/1/edk2/Build/Lumia950XL-AARCH64/DEBUG_GCC5/AARCH64/ArmPkg/Library/ArmLib/ArmBaseLib/OUTPUT/ArmBaseLib.lib(AArch64Support.obj)
 .text.ArmInvalidateInstructionCache
                0x0000000000000000       0x10 /home/vsts/work/1/edk2/Build/Lumia950XL-AARCH64/DEBUG_GCC5/AARCH64/ArmPkg/Library/ArmLib/ArmBaseLib/OUTPUT/ArmBaseLib.lib(AArch64Support.obj)
 .text.ArmEnableMmu
                0x0000000000000000       0x88 /home/vsts/work/1/edk2/Build/Lumia950XL-AARCH64/DEBUG_GCC5/AARCH64/ArmPkg/Library/ArmLib/ArmBaseLib/OUTPUT/ArmBaseLib.lib(AArch64Support.obj)
 .text.ArmDisableMmu
                0x0000000000000000       0x74 /home/vsts/work/1/edk2/Build/Lumia950XL-AARCH64/DEBUG_GCC5/AARCH64/ArmPkg/Library/ArmLib/ArmBaseLib/OUTPUT/ArmBaseLib.lib(AArch64Support.obj)
 .text.ArmDisableCachesAndMmu
                0x0000000000000000       0x6c /home/vsts/work/1/edk2/Build/Lumia950XL-AARCH64/DEBUG_GCC5/AARCH64/ArmPkg/Library/ArmLib/ArmBaseLib/OUTPUT/ArmBaseLib.lib(AArch64Support.obj)
 .text.ArmMmuEnabled
                0x0000000000000000       0x34 /home/vsts/work/1/edk2/Build/Lumia950XL-AARCH64/DEBUG_GCC5/AARCH64/ArmPkg/Library/ArmLib/ArmBaseLib/OUTPUT/ArmBaseLib.lib(AArch64Support.obj)
 .text.ArmEnableDataCache
                0x0000000000000000       0x68 /home/vsts/work/1/edk2/Build/Lumia950XL-AARCH64/DEBUG_GCC5/AARCH64/ArmPkg/Library/ArmLib/ArmBaseLib/OUTPUT/ArmBaseLib.lib(AArch64Support.obj)
 .text.ArmDisableDataCache
                0x0000000000000000       0x68 /home/vsts/work/1/edk2/Build/Lumia950XL-AARCH64/DEBUG_GCC5/AARCH64/ArmPkg/Library/ArmLib/ArmBaseLib/OUTPUT/ArmBaseLib.lib(AArch64Support.obj)
 .text.ArmEnableInstructionCache
                0x0000000000000000       0x68 /home/vsts/work/1/edk2/Build/Lumia950XL-AARCH64/DEBUG_GCC5/AARCH64/ArmPkg/Library/ArmLib/ArmBaseLib/OUTPUT/ArmBaseLib.lib(AArch64Support.obj)
 .text.ArmDisableInstructionCache
                0x0000000000000000       0x68 /home/vsts/work/1/edk2/Build/Lumia950XL-AARCH64/DEBUG_GCC5/AARCH64/ArmPkg/Library/ArmLib/ArmBaseLib/OUTPUT/ArmBaseLib.lib(AArch64Support.obj)
 .text.ArmEnableAlignmentCheck
                0x0000000000000000       0x58 /home/vsts/work/1/edk2/Build/Lumia950XL-AARCH64/DEBUG_GCC5/AARCH64/ArmPkg/Library/ArmLib/ArmBaseLib/OUTPUT/ArmBaseLib.lib(AArch64Support.obj)
 .text.ArmDisableAlignmentCheck
                0x0000000000000000       0x68 /home/vsts/work/1/edk2/Build/Lumia950XL-AARCH64/DEBUG_GCC5/AARCH64/ArmPkg/Library/ArmLib/ArmBaseLib/OUTPUT/ArmBaseLib.lib(AArch64Support.obj)
 .text.ArmEnableStackAlignmentCheck
                0x0000000000000000       0x58 /home/vsts/work/1/edk2/Build/Lumia950XL-AARCH64/DEBUG_GCC5/AARCH64/ArmPkg/Library/ArmLib/ArmBaseLib/OUTPUT/ArmBaseLib.lib(AArch64Support.obj)
 .text.ArmDisableStackAlignmentCheck
                0x0000000000000000       0x68 /home/vsts/work/1/edk2/Build/Lumia950XL-AARCH64/DEBUG_GCC5/AARCH64/ArmPkg/Library/ArmLib/ArmBaseLib/OUTPUT/ArmBaseLib.lib(AArch64Support.obj)
 .text.ArmEnableBranchPrediction
                0x0000000000000000        0x4 /home/vsts/work/1/edk2/Build/Lumia950XL-AARCH64/DEBUG_GCC5/AARCH64/ArmPkg/Library/ArmLib/ArmBaseLib/OUTPUT/ArmBaseLib.lib(AArch64Support.obj)
 .text.ArmDisableBranchPrediction
                0x0000000000000000        0x4 /home/vsts/work/1/edk2/Build/Lumia950XL-AARCH64/DEBUG_GCC5/AARCH64/ArmPkg/Library/ArmLib/ArmBaseLib/OUTPUT/ArmBaseLib.lib(AArch64Support.obj)
 .text.AArch64AllDataCachesOperation
                0x0000000000000000       0xa8 /home/vsts/work/1/edk2/Build/Lumia950XL-AARCH64/DEBUG_GCC5/AARCH64/ArmPkg/Library/ArmLib/ArmBaseLib/OUTPUT/ArmBaseLib.lib(AArch64Support.obj)
 .text.ArmDataMemoryBarrier
                0x0000000000000000        0x8 /home/vsts/work/1/edk2/Build/Lumia950XL-AARCH64/DEBUG_GCC5/AARCH64/ArmPkg/Library/ArmLib/ArmBaseLib/OUTPUT/ArmBaseLib.lib(AArch64Support.obj)
 .text.ArmInstructionSynchronizationBarrier
                0x0000000000000000        0x8 /home/vsts/work/1/edk2/Build/Lumia950XL-AARCH64/DEBUG_GCC5/AARCH64/ArmPkg/Library/ArmLib/ArmBaseLib/OUTPUT/ArmBaseLib.lib(AArch64Support.obj)
 .text.ArmWriteVBar
                0x0000000000000000       0x34 /home/vsts/work/1/edk2/Build/Lumia950XL-AARCH64/DEBUG_GCC5/AARCH64/ArmPkg/Library/ArmLib/ArmBaseLib/OUTPUT/ArmBaseLib.lib(AArch64Support.obj)
 .text.ArmReadVBar
                0x0000000000000000       0x30 /home/vsts/work/1/edk2/Build/Lumia950XL-AARCH64/DEBUG_GCC5/AARCH64/ArmPkg/Library/ArmLib/ArmBaseLib/OUTPUT/ArmBaseLib.lib(AArch64Support.obj)
 .text.ArmEnableVFP
                0x0000000000000000       0x64 /home/vsts/work/1/edk2/Build/Lumia950XL-AARCH64/DEBUG_GCC5/AARCH64/ArmPkg/Library/ArmLib/ArmBaseLib/OUTPUT/ArmBaseLib.lib(AArch64Support.obj)
 .text.ArmCallWFI
                0x0000000000000000        0x8 /home/vsts/work/1/edk2/Build/Lumia950XL-AARCH64/DEBUG_GCC5/AARCH64/ArmPkg/Library/ArmLib/ArmBaseLib/OUTPUT/ArmBaseLib.lib(AArch64Support.obj)
 .text.ArmReadMpidr
                0x0000000000000000        0x8 /home/vsts/work/1/edk2/Build/Lumia950XL-AARCH64/DEBUG_GCC5/AARCH64/ArmPkg/Library/ArmLib/ArmBaseLib/OUTPUT/ArmBaseLib.lib(AArch64Support.obj)
 .text.ArmReadTpidrurw
                0x0000000000000000        0x8 /home/vsts/work/1/edk2/Build/Lumia950XL-AARCH64/DEBUG_GCC5/AARCH64/ArmPkg/Library/ArmLib/ArmBaseLib/OUTPUT/ArmBaseLib.lib(AArch64Support.obj)
 .text.ArmWriteTpidrurw
                0x0000000000000000        0x8 /home/vsts/work/1/edk2/Build/Lumia950XL-AARCH64/DEBUG_GCC5/AARCH64/ArmPkg/Library/ArmLib/ArmBaseLib/OUTPUT/ArmBaseLib.lib(AArch64Support.obj)
 .text.ArmIsArchTimerImplemented
                0x0000000000000000        0x8 /home/vsts/work/1/edk2/Build/Lumia950XL-AARCH64/DEBUG_GCC5/AARCH64/ArmPkg/Library/ArmLib/ArmBaseLib/OUTPUT/ArmBaseLib.lib(AArch64Support.obj)
 .text.ArmReadIdPfr0
                0x0000000000000000        0x8 /home/vsts/work/1/edk2/Build/Lumia950XL-AARCH64/DEBUG_GCC5/AARCH64/ArmPkg/Library/ArmLib/ArmBaseLib/OUTPUT/ArmBaseLib.lib(AArch64Support.obj)
 .text.ArmReadIdPfr1
                0x0000000000000000        0x8 /home/vsts/work/1/edk2/Build/Lumia950XL-AARCH64/DEBUG_GCC5/AARCH64/ArmPkg/Library/ArmLib/ArmBaseLib/OUTPUT/ArmBaseLib.lib(AArch64Support.obj)
 .text.ArmWriteHcr
                0x0000000000000000        0x8 /home/vsts/work/1/edk2/Build/Lumia950XL-AARCH64/DEBUG_GCC5/AARCH64/ArmPkg/Library/ArmLib/ArmBaseLib/OUTPUT/ArmBaseLib.lib(AArch64Support.obj)
 .text.ArmReadHcr
                0x0000000000000000        0x8 /home/vsts/work/1/edk2/Build/Lumia950XL-AARCH64/DEBUG_GCC5/AARCH64/ArmPkg/Library/ArmLib/ArmBaseLib/OUTPUT/ArmBaseLib.lib(AArch64Support.obj)
 .text.ArmReadCurrentEL
                0x0000000000000000        0x8 /home/vsts/work/1/edk2/Build/Lumia950XL-AARCH64/DEBUG_GCC5/AARCH64/ArmPkg/Library/ArmLib/ArmBaseLib/OUTPUT/ArmBaseLib.lib(AArch64Support.obj)
 .text.ArmReadCntHctl
                0x0000000000000000        0x8 /home/vsts/work/1/edk2/Build/Lumia950XL-AARCH64/DEBUG_GCC5/AARCH64/ArmPkg/Library/ArmLib/ArmBaseLib/OUTPUT/ArmBaseLib.lib(AArch64Support.obj)
 .text.ArmWriteCntHctl
                0x0000000000000000        0x8 /home/vsts/work/1/edk2/Build/Lumia950XL-AARCH64/DEBUG_GCC5/AARCH64/ArmPkg/Library/ArmLib/ArmBaseLib/OUTPUT/ArmBaseLib.lib(AArch64Support.obj)

Memory Configuration

Name             Origin             Length             Attributes
*default*        0x0000000000000000 0xffffffffffffffff

Linker script and memory map

LOAD /home/vsts/work/1/edk2/ArmPkg/Library/GccLto/liblto-aarch64.a
LOAD /tmp/ccZzeYIQ.ltrans0.ltrans.o
LOAD /tmp/ccZzeYIQ.ltrans1.ltrans.o
START GROUP
LOAD /home/vsts/work/1/edk2/Build/Lumia950XL-AARCH64/DEBUG_GCC5/AARCH64/MdePkg/Library/DxePcdLib/DxePcdLib/OUTPUT/DxePcdLib.lib
LOAD /home/vsts/work/1/edk2/Build/Lumia950XL-AARCH64/DEBUG_GCC5/AARCH64/MdePkg/Library/BaseMemoryLib/BaseMemoryLib/OUTPUT/BaseMemoryLib.lib
LOAD /home/vsts/work/1/edk2/Build/Lumia950XL-AARCH64/DEBUG_GCC5/AARCH64/MdePkg/Library/BaseLib/BaseLib/OUTPUT/BaseLib.lib
LOAD /home/vsts/work/1/edk2/Build/Lumia950XL-AARCH64/DEBUG_GCC5/AARCH64/ArmPkg/Library/ArmLib/ArmBaseLib/OUTPUT/ArmBaseLib.lib
LOAD /home/vsts/work/1/edk2/Build/Lumia950XL-AARCH64/DEBUG_GCC5/AARCH64/ArmPkg/Library/ArmCacheMaintenanceLib/ArmCacheMaintenanceLib/OUTPUT/ArmCacheMaintenanceLib.lib
LOAD /home/vsts/work/1/edk2/Build/Lumia950XL-AARCH64/DEBUG_GCC5/AARCH64/ArmPkg/Library/CompilerIntrinsicsLib/CompilerIntrinsicsLib/OUTPUT/CompilerIntrinsicsLib.lib
LOAD /home/vsts/work/1/edk2/Build/Lumia950XL-AARCH64/DEBUG_GCC5/AARCH64/MdePkg/Library/BaseIoLibIntrinsic/BaseIoLibIntrinsic/OUTPUT/BaseIoLibIntrinsic.lib
LOAD /home/vsts/work/1/edk2/Build/Lumia950XL-AARCH64/DEBUG_GCC5/AARCH64/MdePkg/Library/BaseDebugPrintErrorLevelLib/BaseDebugPrintErrorLevelLib/OUTPUT/BaseDebugPrintErrorLevelLib.lib
LOAD /home/vsts/work/1/edk2/Build/Lumia950XL-AARCH64/DEBUG_GCC5/AARCH64/Lumia950XLPkg/Library/FrameBufferSerialPortLib/FrameBufferSerialPortLib/OUTPUT/FrameBufferSerialPortLib.lib
LOAD /home/vsts/work/1/edk2/Build/Lumia950XL-AARCH64/DEBUG_GCC5/AARCH64/MdePkg/Library/BasePrintLib/BasePrintLib/OUTPUT/BasePrintLib.lib
LOAD /home/vsts/work/1/edk2/Build/Lumia950XL-AARCH64/DEBUG_GCC5/AARCH64/MdePkg/Library/BaseDebugLibSerialPort/BaseDebugLibSerialPort/OUTPUT/BaseDebugLibSerialPort.lib
LOAD /home/vsts/work/1/edk2/Build/Lumia950XL-AARCH64/DEBUG_GCC5/AARCH64/MdePkg/Library/UefiMemoryAllocationLib/UefiMemoryAllocationLib/OUTPUT/UefiMemoryAllocationLib.lib
LOAD /home/vsts/work/1/edk2/Build/Lumia950XL-AARCH64/DEBUG_GCC5/AARCH64/MdePkg/Library/UefiRuntimeServicesTableLib/UefiRuntimeServicesTableLib/OUTPUT/UefiRuntimeServicesTableLib.lib
LOAD /home/vsts/work/1/edk2/Build/Lumia950XL-AARCH64/DEBUG_GCC5/AARCH64/MdePkg/Library/UefiBootServicesTableLib/UefiBootServicesTableLib/OUTPUT/UefiBootServicesTableLib.lib
LOAD /home/vsts/work/1/edk2/Build/Lumia950XL-AARCH64/DEBUG_GCC5/AARCH64/MdePkg/Library/UefiDevicePathLib/UefiDevicePathLib/OUTPUT/UefiDevicePathLib.lib
LOAD /home/vsts/work/1/edk2/Build/Lumia950XL-AARCH64/DEBUG_GCC5/AARCH64/MdePkg/Library/UefiLib/UefiLib/OUTPUT/UefiLib.lib
LOAD /home/vsts/work/1/edk2/Build/Lumia950XL-AARCH64/DEBUG_GCC5/AARCH64/MdePkg/Library/DxeHobLib/DxeHobLib/OUTPUT/DxeHobLib.lib
LOAD /home/vsts/work/1/edk2/Build/Lumia950XL-AARCH64/DEBUG_GCC5/AARCH64/MdePkg/Library/UefiDriverEntryPoint/UefiDriverEntryPoint/OUTPUT/UefiDriverEntryPoint.lib
LOAD /home/vsts/work/1/edk2/Build/Lumia950XL-AARCH64/DEBUG_GCC5/AARCH64/MdeModulePkg/Universal/HiiDatabaseDxe/HiiDatabaseDxe/OUTPUT/HiiDatabase.lib
END GROUP
                0x0000000000000228                . = PECOFF_HEADER_SIZE

.text           0x0000000000001000    0x1b89c
 *(.text .text.* .stub .gnu.linkonce.t.*)
 .text.IsLineBreak
                0x0000000000001000       0xf8 /tmp/ccZzeYIQ.ltrans0.ltrans.o
 .text.IsEfiVarStoreQuestion
                0x00000000000010f8       0x30 /tmp/ccZzeYIQ.ltrans0.ltrans.o
 .text.IsHiiHandleValid
                0x0000000000001128       0x24 /tmp/ccZzeYIQ.ltrans0.ltrans.o
 .text.ProcessLibraryDestructorList
                0x000000000000114c        0x4 /tmp/ccZzeYIQ.ltrans0.ltrans.o
                0x000000000000114c                ProcessLibraryDestructorList
 .text.GlyphToBlt
                0x0000000000001150      0x214 /tmp/ccZzeYIQ.ltrans0.ltrans.o
 .text.NarrowGlyphToBlt
                0x0000000000001364      0x118 /tmp/ccZzeYIQ.ltrans0.ltrans.o
 .text.GlyphToImage
                0x000000000000147c      0x174 /tmp/ccZzeYIQ.ltrans0.ltrans.o
 .text.HiiGetPackageListHandle
                0x00000000000015f0      0x128 /tmp/ccZzeYIQ.ltrans0.ltrans.o
                0x00000000000015f0                HiiGetPackageListHandle
 .text.AsciiHiiToLower
                0x0000000000001718       0x6c /tmp/ccZzeYIQ.ltrans0.ltrans.o
 .text.HiiToLower
                0x0000000000001784       0x94 /tmp/ccZzeYIQ.ltrans0.ltrans.o
 .text.HiiFindKeyboardLayouts
                0x0000000000001818      0x208 /tmp/ccZzeYIQ.ltrans0.ltrans.o
                0x0000000000001818                HiiFindKeyboardLayouts
 .text.InvokeRegisteredFunction
                0x0000000000001a20      0x3d8 /tmp/ccZzeYIQ.ltrans0.ltrans.o
 .text.AddDevicePathPackage
                0x0000000000001df8      0x12c /tmp/ccZzeYIQ.ltrans0.ltrans.o
 .text.RemoveDevicePathPackage
                0x0000000000001f24       0x70 /tmp/ccZzeYIQ.ltrans0.ltrans.o
 .text.RemoveImagePackages
                0x0000000000001f94       0x74 /tmp/ccZzeYIQ.ltrans0.ltrans.o
 .text.CopyRgbToGopPixel
                0x0000000000002008       0x84 /tmp/ccZzeYIQ.ltrans0.ltrans.o
 .text.CopyGopToRgbPixel
                0x000000000000208c       0x88 /tmp/ccZzeYIQ.ltrans0.ltrans.o
 .text.GetUnicodeStringTextOrSize
                0x0000000000002114       0xc0 /tmp/ccZzeYIQ.ltrans0.ltrans.o
 .text.GetSystemFont.part.1
                0x00000000000021d4       0xc8 /tmp/ccZzeYIQ.ltrans0.ltrans.o
 .text.SaveFontName
                0x000000000000229c       0x8c /tmp/ccZzeYIQ.ltrans0.ltrans.o
 .text.GetElementsFromRequest
                0x0000000000002328       0x84 /tmp/ccZzeYIQ.ltrans0.ltrans.o
 .text.OutputConfigBody
                0x00000000000023ac       0xc8 /tmp/ccZzeYIQ.ltrans0.ltrans.o
 .text.CalculateConfigStringLen
                0x0000000000002474       0xac /tmp/ccZzeYIQ.ltrans0.ltrans.o
 .text.GetDevicePath.part.0
                0x0000000000002520      0x17c /tmp/ccZzeYIQ.ltrans0.ltrans.o
 .text.GetValueOfNumber
                0x000000000000269c      0x144 /tmp/ccZzeYIQ.ltrans0.ltrans.o
 .text.HiiConfigToBlock
                0x00000000000027e0      0x38c /tmp/ccZzeYIQ.ltrans0.ltrans.o
                0x00000000000027e0                HiiConfigToBlock
 .text.Output8bitPixel
                0x0000000000002b6c      0x158 /tmp/ccZzeYIQ.ltrans0.ltrans.o
 .text.IsFontInfoExisted
                0x0000000000002cc4      0x470 /tmp/ccZzeYIQ.ltrans0.ltrans.o
 .text.GetGlyphBuffer
                0x0000000000003134      0x2f8 /tmp/ccZzeYIQ.ltrans0.ltrans.o
 .text.HiiGetKeyboardLayout
                0x000000000000342c      0x228 /tmp/ccZzeYIQ.ltrans0.ltrans.o
                0x000000000000342c                HiiGetKeyboardLayout
 .text.ImageToBlt
                0x0000000000003654      0x124 /tmp/ccZzeYIQ.ltrans0.ltrans.o
 .text.HiiDrawImage
                0x0000000000003778      0x33c /tmp/ccZzeYIQ.ltrans0.ltrans.o
                0x0000000000003778                HiiDrawImage
 .text.HiiDrawImageEx
                0x0000000000003ab4       0x98 /tmp/ccZzeYIQ.ltrans0.ltrans.o
                0x0000000000003ab4                HiiDrawImageEx
 .text.IsSystemFontInfo
                0x0000000000003b4c      0x220 /tmp/ccZzeYIQ.ltrans0.ltrans.o
 .text.HiiGetFontInfo
                0x0000000000003d6c      0x308 /tmp/ccZzeYIQ.ltrans0.ltrans.o
                0x0000000000003d6c                HiiGetFontInfo
 .text.HiiGetGlyph
                0x0000000000004074      0x30c /tmp/ccZzeYIQ.ltrans0.ltrans.o
                0x0000000000004074                HiiGetGlyph
 .text.HiiStringToImage
                0x0000000000004380      0xcf4 /tmp/ccZzeYIQ.ltrans0.ltrans.o
                0x0000000000004380                HiiStringToImage
 .text.HiiStringIdToImage
                0x0000000000005074      0x37c /tmp/ccZzeYIQ.ltrans0.ltrans.o
                0x0000000000005074                HiiStringIdToImage
 .text.HiiRegisterPackageNotify
                0x00000000000053f0      0x18c /tmp/ccZzeYIQ.ltrans0.ltrans.o
                0x00000000000053f0                HiiRegisterPackageNotify
 .text.ReferFontInfoLocally
                0x000000000000557c      0x17c /tmp/ccZzeYIQ.ltrans0.ltrans.o
 .text.FindStringBlock
                0x00000000000056f8      0x788 /tmp/ccZzeYIQ.ltrans0.ltrans.o
 .text.GetStringWorker
                0x0000000000005e80      0x2b4 /tmp/ccZzeYIQ.ltrans0.ltrans.o
 .text.InsertBlockData
                0x0000000000006134       0xa0 /tmp/ccZzeYIQ.ltrans0.ltrans.o
 .text.InsertDefaultValue
                0x00000000000061d4       0xe4 /tmp/ccZzeYIQ.ltrans0.ltrans.o
 .text.HiiSetKeyboardLayout
                0x00000000000062b8      0x1fc /tmp/ccZzeYIQ.ltrans0.ltrans.o
                0x00000000000062b8                HiiSetKeyboardLayout
 .text.LocateHiiImageDecoder
                0x00000000000064b4      0x140 /tmp/ccZzeYIQ.ltrans0.ltrans.o
 .text.HiiUnregisterPackageNotify
                0x00000000000065f4      0x1c0 /tmp/ccZzeYIQ.ltrans0.ltrans.o
                0x00000000000065f4                HiiUnregisterPackageNotify
 .text.HiiListPackageLists
                0x00000000000067b4      0x24c /tmp/ccZzeYIQ.ltrans0.ltrans.o
                0x00000000000067b4                HiiListPackageLists
 .text.RemoveKeyboardLayoutPackages
                0x0000000000006a00       0xfc /tmp/ccZzeYIQ.ltrans0.ltrans.o
 .text.RemoveSimpleFontPackages
                0x0000000000006afc       0xfc /tmp/ccZzeYIQ.ltrans0.ltrans.o
 .text.RemoveFontPackages
                0x0000000000006bf8      0x200 /tmp/ccZzeYIQ.ltrans0.ltrans.o
 .text.RemoveStringPackages
                0x0000000000006df8      0x170 /tmp/ccZzeYIQ.ltrans0.ltrans.o
 .text.RemoveFormPackages
                0x0000000000006f68      0x104 /tmp/ccZzeYIQ.ltrans0.ltrans.o
 .text.RemoveGuidPackages
                0x000000000000706c       0xfc /tmp/ccZzeYIQ.ltrans0.ltrans.o
 .text.HiiCompareLanguage
                0x0000000000007168      0x128 /tmp/ccZzeYIQ.ltrans0.ltrans.o
 .text.HiiGetString
                0x0000000000007290      0x288 /tmp/ccZzeYIQ.ltrans0.ltrans.o
                0x0000000000007290                HiiGetString
 .text.HiiGetLanguages
                0x0000000000007518      0x204 /tmp/ccZzeYIQ.ltrans0.ltrans.o
                0x0000000000007518                HiiGetLanguages
 .text.AppendToMultiString
                0x000000000000771c       0xc8 /tmp/ccZzeYIQ.ltrans0.ltrans.o
 .text.HiiBlockToConfig
                0x00000000000077e4      0x51c /tmp/ccZzeYIQ.ltrans0.ltrans.o
                0x00000000000077e4                HiiBlockToConfig
 .text.FindQuestionDefaultSetting
                0x0000000000007d00      0x438 /tmp/ccZzeYIQ.ltrans0.ltrans.o
 .text.AddPackages
                0x0000000000008138     0x11d4 /tmp/ccZzeYIQ.ltrans0.ltrans.o
 .text.HiiGetSecondaryLanguages
                0x000000000000930c      0x200 /tmp/ccZzeYIQ.ltrans0.ltrans.o
                0x000000000000930c                HiiGetSecondaryLanguages
 .text.MergeDefaultString
                0x000000000000950c      0x8ec /tmp/ccZzeYIQ.ltrans0.ltrans.o
 .text.GetImageIdOrAddress
                0x0000000000009df8      0x26c /tmp/ccZzeYIQ.ltrans0.ltrans.o
 .text.LocatePackageList
                0x000000000000a064       0xc0 /tmp/ccZzeYIQ.ltrans0.ltrans.o
 .text.HiiGetImageInfo
                0x000000000000a124      0x16c /tmp/ccZzeYIQ.ltrans0.ltrans.o
                0x000000000000a124                HiiGetImageInfo
 .text.IGetImage
                0x000000000000a290      0x580 /tmp/ccZzeYIQ.ltrans0.ltrans.o
 .text.HiiGetImageEx
                0x000000000000a810       0x84 /tmp/ccZzeYIQ.ltrans0.ltrans.o
                0x000000000000a810                HiiGetImageEx
 .text.HiiDrawImageIdEx
                0x000000000000a894       0xa0 /tmp/ccZzeYIQ.ltrans0.ltrans.o
                0x000000000000a894                HiiDrawImageIdEx
 .text.HiiGetImage
                0x000000000000a934       0x84 /tmp/ccZzeYIQ.ltrans0.ltrans.o
                0x000000000000a934                HiiGetImage
 .text.HiiDrawImageId
                0x000000000000a9b8       0xa0 /tmp/ccZzeYIQ.ltrans0.ltrans.o
                0x000000000000a9b8                HiiDrawImageId
 .text.ConstructConfigHdr
                0x000000000000aa58      0x2e4 /tmp/ccZzeYIQ.ltrans0.ltrans.o
                0x000000000000aa58                ConstructConfigHdr
 .text.GetWidth
                0x000000000000ad3c      0x190 /tmp/ccZzeYIQ.ltrans0.ltrans.o
                0x000000000000ad3c                GetWidth
 .text.FindStorageFromVarId
                0x000000000000aecc       0xb8 /tmp/ccZzeYIQ.ltrans0.ltrans.o
                0x000000000000aecc                FindStorageFromVarId
 .text.FindQuestionFromStringId
                0x000000000000af84       0xe8 /tmp/ccZzeYIQ.ltrans0.ltrans.o
                0x000000000000af84                FindQuestionFromStringId
 .text.GetUnicodeStringTextAndSize
                0x000000000000b06c       0xb0 /tmp/ccZzeYIQ.ltrans0.ltrans.o
                0x000000000000b06c                GetUnicodeStringTextAndSize
 .text.GetStringIdFromRecord
                0x000000000000b11c      0x63c /tmp/ccZzeYIQ.ltrans0.ltrans.o
                0x000000000000b11c                GetStringIdFromRecord
 .text.ExtractReadOnlyFromOpCode
                0x000000000000b758       0x4c /tmp/ccZzeYIQ.ltrans0.ltrans.o
                0x000000000000b758                ExtractReadOnlyFromOpCode
 .text.ExtractKeyword
                0x000000000000b7a4       0xe4 /tmp/ccZzeYIQ.ltrans0.ltrans.o
                0x000000000000b7a4                ExtractKeyword
 .text.ExtractNameSpace
                0x000000000000b888      0x104 /tmp/ccZzeYIQ.ltrans0.ltrans.o
                0x000000000000b888                ExtractNameSpace
 .text.ExtractDevicePath
                0x000000000000b98c      0x1bc /tmp/ccZzeYIQ.ltrans0.ltrans.o
                0x000000000000b98c                ExtractDevicePath
 .text.GetCell  0x000000000000bb48       0xc4 /tmp/ccZzeYIQ.ltrans0.ltrans.o
                0x000000000000bb48                GetCell
 .text.NewCell  0x000000000000bc0c       0xb8 /tmp/ccZzeYIQ.ltrans0.ltrans.o
                0x000000000000bc0c                NewCell
 .text.ExportFormPackages
                0x000000000000bcc4      0x1b8 /tmp/ccZzeYIQ.ltrans0.ltrans.o
                0x000000000000bcc4                ExportFormPackages
 .text.ExportPackageList
                0x000000000000be7c      0xb34 /tmp/ccZzeYIQ.ltrans0.ltrans.o
 .text.HiiExportPackageLists
                0x000000000000c9b0      0x298 /tmp/ccZzeYIQ.ltrans0.ltrans.o
                0x000000000000c9b0                HiiExportPackageLists
 .text.HiiGetDatabaseInfo
                0x000000000000cc48      0x174 /tmp/ccZzeYIQ.ltrans0.ltrans.o
 .text.HiiSetString
                0x000000000000cdbc      0x804 /tmp/ccZzeYIQ.ltrans0.ltrans.o
                0x000000000000cdbc                HiiSetString
 .text.HiiNewString
                0x000000000000d5c0      0x8d4 /tmp/ccZzeYIQ.ltrans0.ltrans.o
                0x000000000000d5c0                HiiNewString
 .text.HiiSetImage
                0x000000000000de94      0x2bc /tmp/ccZzeYIQ.ltrans0.ltrans.o
                0x000000000000de94                HiiSetImage
 .text.HiiSetImageEx
                0x000000000000e150       0x80 /tmp/ccZzeYIQ.ltrans0.ltrans.o
                0x000000000000e150                HiiSetImageEx
 .text.HiiNewImage
                0x000000000000e1d0      0x240 /tmp/ccZzeYIQ.ltrans0.ltrans.o
                0x000000000000e1d0                HiiNewImage
 .text.HiiNewImageEx
                0x000000000000e410       0x80 /tmp/ccZzeYIQ.ltrans0.ltrans.o
                0x000000000000e410                HiiNewImageEx
 .text.GetSupportedLanguages
                0x000000000000e490       0xd4 /tmp/ccZzeYIQ.ltrans0.ltrans.o
                0x000000000000e490                GetSupportedLanguages
 .text.InternalGetString
                0x000000000000e564      0x188 /tmp/ccZzeYIQ.ltrans0.ltrans.o
 .text.BlockArrayCheck
                0x000000000000e6ec      0x110 /tmp/ccZzeYIQ.ltrans0.ltrans.o
 .text.IsThisOpcodeRequired
                0x000000000000e7fc      0x1b4 /tmp/ccZzeYIQ.ltrans0.ltrans.o
 .text.GenerateSubStr
                0x000000000000e9b0      0x278 /tmp/ccZzeYIQ.ltrans0.ltrans.o
                0x000000000000e9b0                GenerateSubStr
 .text.HiiGetAltCfg
                0x000000000000ec28      0x3b8 /tmp/ccZzeYIQ.ltrans0.ltrans.o
                0x000000000000ec28                HiiGetAltCfg
 .text.IsThisVarstore
                0x000000000000efe0      0x154 /tmp/ccZzeYIQ.ltrans0.ltrans.o
 .text.GetFullStringFromHiiFormPackages.part.5
                0x000000000000f134     0x1a24 /tmp/ccZzeYIQ.ltrans0.ltrans.o
 .text.HiiConfigRoutingExportConfig
                0x0000000000010b58      0x4b4 /tmp/ccZzeYIQ.ltrans0.ltrans.o
                0x0000000000010b58                HiiConfigRoutingExportConfig
 .text.HiiGetConfigurationSetting
                0x000000000001100c      0x154 /tmp/ccZzeYIQ.ltrans0.ltrans.o
 .text.HiiUpdatePackageList
                0x0000000000011160      0x25c /tmp/ccZzeYIQ.ltrans0.ltrans.o
                0x0000000000011160                HiiUpdatePackageList
 .text.HiiRemovePackageList
                0x00000000000113bc      0x244 /tmp/ccZzeYIQ.ltrans0.ltrans.o
                0x00000000000113bc                HiiRemovePackageList
 .text.HiiNewPackageList
                0x0000000000011600      0x2d4 /tmp/ccZzeYIQ.ltrans0.ltrans.o
                0x0000000000011600                HiiNewPackageList
 .text.OnReadyToBoot
                0x00000000000118d4       0x44 /tmp/ccZzeYIQ.ltrans0.ltrans.o
 .text.IsThisPackageList
                0x0000000000011918      0x1b8 /tmp/ccZzeYIQ.ltrans0.ltrans.o
 .text.GetVarStoreType
                0x0000000000011ad0      0x280 /tmp/ccZzeYIQ.ltrans0.ltrans.o
 .text.HiiConfigRoutingRouteConfig
                0x0000000000011d50      0x4e8 /tmp/ccZzeYIQ.ltrans0.ltrans.o
                0x0000000000011d50                HiiConfigRoutingRouteConfig
 .text.HiiConfigRoutingExtractConfig
                0x0000000000012238      0xa8c /tmp/ccZzeYIQ.ltrans0.ltrans.o
                0x0000000000012238                HiiConfigRoutingExtractConfig
 .text._ModuleEntryPoint
                0x0000000000012cc4      0x4fc /tmp/ccZzeYIQ.ltrans0.ltrans.o
                0x0000000000012cc4                _ModuleEntryPoint
 .text.InternalAllocatePool
                0x00000000000131c0       0x30 /tmp/ccZzeYIQ.ltrans1.ltrans.o
 .text.BasePrintLibFillBuffer
                0x00000000000131f0       0x34 /tmp/ccZzeYIQ.ltrans1.ltrans.o
 .text.AsciiStrnLenS
                0x0000000000013224       0x3c /tmp/ccZzeYIQ.ltrans1.ltrans.o
 .text.InternalSafeStringIsOverlap
                0x0000000000013260       0x3c /tmp/ccZzeYIQ.ltrans1.ltrans.o
 .text.InternalSafeStringNoStrOverlap
                0x000000000001329c       0x24 /tmp/ccZzeYIQ.ltrans1.ltrans.o
 .text.FbConFlush
                0x00000000000132c0       0x54 /tmp/ccZzeYIQ.ltrans1.ltrans.o
 .text.SerialPortWrite
                0x0000000000013314      0x314 /tmp/ccZzeYIQ.ltrans1.ltrans.o
 .text.DevicePathFromHandle
                0x0000000000013628       0x38 /tmp/ccZzeYIQ.ltrans1.ltrans.o
                0x0000000000013628                DevicePathFromHandle
 .text.AllocatePool
                0x0000000000013660        0xc /tmp/ccZzeYIQ.ltrans1.ltrans.o
                0x0000000000013660                AllocatePool
 .text.DebugPrintLevelEnabled
                0x000000000001366c        0x8 /tmp/ccZzeYIQ.ltrans1.ltrans.o
                0x000000000001366c                DebugPrintLevelEnabled
 .text.DebugPrintEnabled
                0x0000000000013674        0x8 /tmp/ccZzeYIQ.ltrans1.ltrans.o
                0x0000000000013674                DebugPrintEnabled
 .text.DebugAssertEnabled
                0x000000000001367c        0x8 /tmp/ccZzeYIQ.ltrans1.ltrans.o
                0x000000000001367c                DebugAssertEnabled
 .text.BaseDebugLibSerialPortConstructor
                0x0000000000013684       0x84 /tmp/ccZzeYIQ.ltrans1.ltrans.o
                0x0000000000013684                BaseDebugLibSerialPortConstructor
 .text.StrnLenS
                0x0000000000013708       0x7c /tmp/ccZzeYIQ.ltrans1.ltrans.o
                0x0000000000013708                StrnLenS
 .text.BasePrintLibSPrintMarker.constprop.32
                0x0000000000013784      0xed8 /tmp/ccZzeYIQ.ltrans1.ltrans.o
 .text.unlikely.BasePrintLibSPrint.constprop.33
                0x000000000001465c       0x54 /tmp/ccZzeYIQ.ltrans1.ltrans.o
 .text.AsciiSPrint.constprop.30
                0x00000000000146b0       0x68 /tmp/ccZzeYIQ.ltrans1.ltrans.o
 .text.DebugAssert
                0x0000000000014718       0x58 /tmp/ccZzeYIQ.ltrans1.ltrans.o
                0x0000000000014718                DebugAssert
 .text.BitFieldWrite32.constprop.10
                0x0000000000014770      0x1a8 /tmp/ccZzeYIQ.ltrans1.ltrans.o
                0x0000000000014770                BitFieldWrite32.constprop.10
 .text.IsDevicePathEnd
                0x0000000000014918       0x94 /tmp/ccZzeYIQ.ltrans1.ltrans.o
                0x0000000000014918                IsDevicePathEnd
 .text.BasePrintLibValueToString
                0x00000000000149ac       0x28 /tmp/ccZzeYIQ.ltrans1.ltrans.o
 .text.UnicodeValueToStringS.constprop.13
                0x00000000000149d4      0x178 /tmp/ccZzeYIQ.ltrans1.ltrans.o
                0x00000000000149d4                UnicodeValueToStringS.constprop.13
 .text.WriteUnaligned16
                0x0000000000014b4c       0x5c /tmp/ccZzeYIQ.ltrans1.ltrans.o
                0x0000000000014b4c                WriteUnaligned16
 .text.WriteUnaligned32
                0x0000000000014ba8       0x64 /tmp/ccZzeYIQ.ltrans1.ltrans.o
 .text.WriteUnaligned64
                0x0000000000014c0c       0x64 /tmp/ccZzeYIQ.ltrans1.ltrans.o
 .text.ReadUnaligned16
                0x0000000000014c70       0x68 /tmp/ccZzeYIQ.ltrans1.ltrans.o
                0x0000000000014c70                ReadUnaligned16
 .text.DevicePathNodeLength
                0x0000000000014cd8       0x50 /tmp/ccZzeYIQ.ltrans1.ltrans.o
                0x0000000000014cd8                DevicePathNodeLength
 .text.NextDevicePathNode
                0x0000000000014d28       0x50 /tmp/ccZzeYIQ.ltrans1.ltrans.o
                0x0000000000014d28                NextDevicePathNode
 .text.UefiDevicePathLibGetDevicePathSize
                0x0000000000014d78       0xc4 /tmp/ccZzeYIQ.ltrans1.ltrans.o
                0x0000000000014d78                UefiDevicePathLibGetDevicePathSize
 .text.ReadUnaligned32
                0x0000000000014e3c       0x5c /tmp/ccZzeYIQ.ltrans1.ltrans.o
                0x0000000000014e3c                ReadUnaligned32
 .text.AsciiStrLen
                0x0000000000014e98       0xa0 /tmp/ccZzeYIQ.ltrans1.ltrans.o
                0x0000000000014e98                AsciiStrLen
 .text.DebugPrint
                0x0000000000014f38       0x8c /tmp/ccZzeYIQ.ltrans1.ltrans.o
                0x0000000000014f38                DebugPrint
 .text.FreePool
                0x0000000000014fc4       0x7c /tmp/ccZzeYIQ.ltrans1.ltrans.o
                0x0000000000014fc4                FreePool
 .text.GetFormPackageData.part.4.constprop.21
                0x0000000000015040       0xd0 /tmp/ccZzeYIQ.ltrans1.ltrans.o
                0x0000000000015040                GetFormPackageData.part.4.constprop.21
 .text.GetVariable2.constprop.16
                0x0000000000015110       0xfc /tmp/ccZzeYIQ.ltrans1.ltrans.o
                0x0000000000015110                GetVariable2.constprop.16
 .text.AsciiStrSize
                0x000000000001520c       0x18 /tmp/ccZzeYIQ.ltrans1.ltrans.o
                0x000000000001520c                AsciiStrSize
 .text.AsciiStrStr.constprop.6
                0x0000000000015224       0xbc /tmp/ccZzeYIQ.ltrans1.ltrans.o
                0x0000000000015224                AsciiStrStr.constprop.6
 .text.AsciiStrnCmp
                0x00000000000152e0       0xe4 /tmp/ccZzeYIQ.ltrans1.ltrans.o
                0x00000000000152e0                AsciiStrnCmp
 .text.AsciiStrCmp
                0x00000000000153c4       0x98 /tmp/ccZzeYIQ.ltrans1.ltrans.o
                0x00000000000153c4                AsciiStrCmp
 .text.StrLen   0x000000000001545c       0xbc /tmp/ccZzeYIQ.ltrans1.ltrans.o
                0x000000000001545c                StrLen
 .text.StrSize  0x0000000000015518       0x1c /tmp/ccZzeYIQ.ltrans1.ltrans.o
                0x0000000000015518                StrSize
 .text.StrStr   0x0000000000015534       0xbc /tmp/ccZzeYIQ.ltrans1.ltrans.o
                0x0000000000015534                StrStr
 .text.StrnCmp  0x00000000000155f0       0xe4 /tmp/ccZzeYIQ.ltrans1.ltrans.o
                0x00000000000155f0                StrnCmp
 .text.StrCmp   0x00000000000156d4       0x98 /tmp/ccZzeYIQ.ltrans1.ltrans.o
                0x00000000000156d4                StrCmp
 .text.AsciiStrToUnicodeStrS
                0x000000000001576c      0x1a4 /tmp/ccZzeYIQ.ltrans1.ltrans.o
                0x000000000001576c                AsciiStrToUnicodeStrS
 .text.AsciiStrCpyS
                0x0000000000015910      0x190 /tmp/ccZzeYIQ.ltrans1.ltrans.o
                0x0000000000015910                AsciiStrCpyS
 .text.InternalBaseLibIsListValid
                0x0000000000015aa0       0xb8 /tmp/ccZzeYIQ.ltrans1.ltrans.o
 .text.UnicodeSPrint
                0x0000000000015b58       0xd0 /tmp/ccZzeYIQ.ltrans1.ltrans.o
                0x0000000000015b58                UnicodeSPrint
 .text.UnicodeStrToAsciiStrS
                0x0000000000015c28      0x1f0 /tmp/ccZzeYIQ.ltrans1.ltrans.o
                0x0000000000015c28                UnicodeStrToAsciiStrS
 .text.StrnCatS
                0x0000000000015e18      0x268 /tmp/ccZzeYIQ.ltrans1.ltrans.o
                0x0000000000015e18                StrnCatS
 .text.StrCatS  0x0000000000016080      0x224 /tmp/ccZzeYIQ.ltrans1.ltrans.o
                0x0000000000016080                StrCatS
 .text.StrnCpyS
                0x00000000000162a4      0x214 /tmp/ccZzeYIQ.ltrans1.ltrans.o
                0x00000000000162a4                StrnCpyS
 .text.StrCpyS  0x00000000000164b8      0x1cc /tmp/ccZzeYIQ.ltrans1.ltrans.o
                0x00000000000164b8                StrCpyS
 .text.GenerateKeywordResp
                0x0000000000016684      0x1d0 /tmp/ccZzeYIQ.ltrans1.ltrans.o
 .text.IsNull   0x0000000000016854       0x5c /tmp/ccZzeYIQ.ltrans1.ltrans.o
                0x0000000000016854                IsNull
 .text.IsListEmpty
                0x00000000000168b0       0x5c /tmp/ccZzeYIQ.ltrans1.ltrans.o
                0x00000000000168b0                IsListEmpty
 .text.RemoveEntryList
                0x000000000001690c       0x64 /tmp/ccZzeYIQ.ltrans1.ltrans.o
                0x000000000001690c                RemoveEntryList
 .text.GetNextNode
                0x0000000000016970       0x58 /tmp/ccZzeYIQ.ltrans1.ltrans.o
                0x0000000000016970                GetNextNode
 .text.GetFirstNode
                0x00000000000169c8       0x54 /tmp/ccZzeYIQ.ltrans1.ltrans.o
                0x00000000000169c8                GetFirstNode
 .text.InsertTailList
                0x0000000000016a1c       0x6c /tmp/ccZzeYIQ.ltrans1.ltrans.o
                0x0000000000016a1c                InsertTailList
 .text.InitializeListHead
                0x0000000000016a88       0x4c /tmp/ccZzeYIQ.ltrans1.ltrans.o
                0x0000000000016a88                InitializeListHead
 .text.BitFieldRead32
                0x0000000000016ad4       0x80 /tmp/ccZzeYIQ.ltrans1.ltrans.o
                0x0000000000016ad4                BitFieldRead32
 .text.LShiftU64
                0x0000000000016b54       0x50 /tmp/ccZzeYIQ.ltrans1.ltrans.o
                0x0000000000016b54                LShiftU64
 .text.ReadUnaligned64
                0x0000000000016ba4       0x68 /tmp/ccZzeYIQ.ltrans1.ltrans.o
 .text.StrHexToUint64
                0x0000000000016c0c      0x1bc /tmp/ccZzeYIQ.ltrans1.ltrans.o
                0x0000000000016c0c                StrHexToUint64
 .text.BitFieldRead64
                0x0000000000016dc8       0xc0 /tmp/ccZzeYIQ.ltrans1.ltrans.o
                0x0000000000016dc8                BitFieldRead64
 .text.CompareGuid
                0x0000000000016e88       0x5c /tmp/ccZzeYIQ.ltrans1.ltrans.o
                0x0000000000016e88                CompareGuid
 .text.CopyGuid
                0x0000000000016ee4       0x4c /tmp/ccZzeYIQ.ltrans1.ltrans.o
                0x0000000000016ee4                CopyGuid
 .text.CopyMem  0x0000000000016f30      0x2a8 /tmp/ccZzeYIQ.ltrans1.ltrans.o
                0x0000000000016f30                CopyMem
 .text.AllocateCopyPool
                0x00000000000171d8       0x90 /tmp/ccZzeYIQ.ltrans1.ltrans.o
                0x00000000000171d8                AllocateCopyPool
 .text.ExtractValueFromDriver
                0x0000000000017268      0x100 /tmp/ccZzeYIQ.ltrans1.ltrans.o
 .text.SetMem32
                0x0000000000017368       0xdc /tmp/ccZzeYIQ.ltrans1.ltrans.o
                0x0000000000017368                SetMem32
 .text.CompareMem
                0x0000000000017444       0xfc /tmp/ccZzeYIQ.ltrans1.ltrans.o
                0x0000000000017444                CompareMem
 .text.GetStringIdFromDatabase
                0x0000000000017540      0x274 /tmp/ccZzeYIQ.ltrans1.ltrans.o
 .text.ZeroMem  0x00000000000177b4      0x120 /tmp/ccZzeYIQ.ltrans1.ltrans.o
                0x00000000000177b4                ZeroMem
 .text.InternalAllocateZeroPool
                0x00000000000178d4       0x34 /tmp/ccZzeYIQ.ltrans1.ltrans.o
                0x00000000000178d4                InternalAllocateZeroPool
 .text.ReallocatePool
                0x0000000000017908       0x60 /tmp/ccZzeYIQ.ltrans1.ltrans.o
                0x0000000000017908                ReallocatePool
 .text.MergeToMultiKeywordResp
                0x0000000000017968       0xac /tmp/ccZzeYIQ.ltrans1.ltrans.o
 .text.AllocateZeroPool
                0x0000000000017a14        0xc /tmp/ccZzeYIQ.ltrans1.ltrans.o
                0x0000000000017a14                AllocateZeroPool
 .text.GetBestLanguage.constprop.17
                0x0000000000017a20      0x188 /tmp/ccZzeYIQ.ltrans1.ltrans.o
                0x0000000000017a20                GetBestLanguage.constprop.17
 .text.WriteOutputParam.constprop.4
                0x0000000000017ba8       0x88 /tmp/ccZzeYIQ.ltrans1.ltrans.o
 .text.FindGlyphBlock.constprop.3
                0x0000000000017c30      0x530 /tmp/ccZzeYIQ.ltrans1.ltrans.o
                0x0000000000017c30                FindGlyphBlock.constprop.3
 .text.GetNameFromId
                0x0000000000018160      0x178 /tmp/ccZzeYIQ.ltrans1.ltrans.o
 .text.ConstructRequestElement
                0x00000000000182d8       0xc0 /tmp/ccZzeYIQ.ltrans1.ltrans.o
 .text.EfiConfigKeywordHandlerSetData
                0x0000000000018398      0x6e8 /tmp/ccZzeYIQ.ltrans1.ltrans.o
 .text.ExtractConfigRequest
                0x0000000000018a80      0x280 /tmp/ccZzeYIQ.ltrans1.ltrans.o
 .text.EfiConfigKeywordHandlerGetData
                0x0000000000018d00      0xd38 /tmp/ccZzeYIQ.ltrans1.ltrans.o
 .text.GetPiPcdProtocol
                0x0000000000019a38       0xc0 /tmp/ccZzeYIQ.ltrans1.ltrans.o
                0x0000000000019a38                GetPiPcdProtocol
 .text.ArmCacheInfo
                0x0000000000019af8        0x8 /home/vsts/work/1/edk2/Build/Lumia950XL-AARCH64/DEBUG_GCC5/AARCH64/ArmPkg/Library/ArmLib/ArmBaseLib/OUTPUT/ArmBaseLib.lib(ArmLibSupport.obj)
                0x0000000000019af8                ArmCacheInfo
 .text.ArmGetInterruptState
                0x0000000000019b00       0x10 /home/vsts/work/1/edk2/Build/Lumia950XL-AARCH64/DEBUG_GCC5/AARCH64/ArmPkg/Library/ArmLib/ArmBaseLib/OUTPUT/ArmBaseLib.lib(ArmLibSupport.obj)
                0x0000000000019b00                ArmGetInterruptState
 .text.ArmEnableInterrupts
                0x0000000000019b10        0xc /home/vsts/work/1/edk2/Build/Lumia950XL-AARCH64/DEBUG_GCC5/AARCH64/ArmPkg/Library/ArmLib/ArmBaseLib/OUTPUT/ArmBaseLib.lib(ArmLibSupportV8.obj)
                0x0000000000019b10                ArmEnableInterrupts
 .text.ArmDisableInterrupts
                0x0000000000019b1c        0xc /home/vsts/work/1/edk2/Build/Lumia950XL-AARCH64/DEBUG_GCC5/AARCH64/ArmPkg/Library/ArmLib/ArmBaseLib/OUTPUT/ArmBaseLib.lib(ArmLibSupportV8.obj)
                0x0000000000019b1c                ArmDisableInterrupts
 .text.ArmCleanInvalidateDataCacheEntryByMVA
                0x0000000000019b28        0x8 /home/vsts/work/1/edk2/Build/Lumia950XL-AARCH64/DEBUG_GCC5/AARCH64/ArmPkg/Library/ArmLib/ArmBaseLib/OUTPUT/ArmBaseLib.lib(AArch64Support.obj)
                0x0000000000019b28                ArmCleanInvalidateDataCacheEntryByMVA
 .text.ArmDataSynchronizationBarrier
                0x0000000000019b30        0x8 /home/vsts/work/1/edk2/Build/Lumia950XL-AARCH64/DEBUG_GCC5/AARCH64/ArmPkg/Library/ArmLib/ArmBaseLib/OUTPUT/ArmBaseLib.lib(AArch64Support.obj)
                0x0000000000019b30                ArmDataSynchronizationBarrier
 *(.rodata .rodata.* .gnu.linkonce.r.*)
 .rodata.InvokeRegisteredFunction
                0x0000000000019b38       0x12 /tmp/ccZzeYIQ.ltrans0.ltrans.o
 *fill*         0x0000000000019b4a        0x2 
 .rodata.FindStringBlock
                0x0000000000019b4c       0x46 /tmp/ccZzeYIQ.ltrans0.ltrans.o
 *fill*         0x0000000000019b92        0x2 
 .rodata.GetStringWorker
                0x0000000000019b94        0x8 /tmp/ccZzeYIQ.ltrans0.ltrans.o
 .rodata.HiiListPackageLists
                0x0000000000019b9c        0xa /tmp/ccZzeYIQ.ltrans0.ltrans.o
 *fill*         0x0000000000019ba6        0x2 
 .rodata.AddPackages
                0x0000000000019ba8       0x12 /tmp/ccZzeYIQ.ltrans0.ltrans.o
 *fill*         0x0000000000019bba        0x2 
 .rodata.GetImageIdOrAddress
                0x0000000000019bbc       0x23 /tmp/ccZzeYIQ.ltrans0.ltrans.o
 *fill*         0x0000000000019bdf        0x1 
 .rodata.IGetImage
                0x0000000000019be0       0x14 /tmp/ccZzeYIQ.ltrans0.ltrans.o
 .rodata.GetWidth
                0x0000000000019bf4        0x4 /tmp/ccZzeYIQ.ltrans0.ltrans.o
 .rodata.GetStringIdFromRecord
                0x0000000000019bf8       0x46 /tmp/ccZzeYIQ.ltrans0.ltrans.o
 *fill*         0x0000000000019c3e        0x2 
 .rodata.HiiSetString
                0x0000000000019c40       0x10 /tmp/ccZzeYIQ.ltrans0.ltrans.o
 .rodata.HiiSetImage
                0x0000000000019c50        0xa /tmp/ccZzeYIQ.ltrans0.ltrans.o
 *fill*         0x0000000000019c5a        0x2 
 .rodata.HiiUpdatePackageList
                0x0000000000019c5c        0x9 /tmp/ccZzeYIQ.ltrans0.ltrans.o
 .rodata.AddDevicePathPackage.str1.1
                0x0000000000019c65       0x37 /tmp/ccZzeYIQ.ltrans0.ltrans.o
 .rodata.AppendToMultiString.str1.1
                0x0000000000019c9c       0x1d /tmp/ccZzeYIQ.ltrans0.ltrans.o
 .rodata.AsciiHiiToLower.str1.1
                0x0000000000019cb9       0x63 /tmp/ccZzeYIQ.ltrans0.ltrans.o
 .rodata.CalculateConfigStringLen.str1.1
                0x0000000000019d1c       0x33 /tmp/ccZzeYIQ.ltrans0.ltrans.o
                                         0x4a (size before relaxing)
 *fill*         0x0000000000019d4f        0x1 
 .rodata.CalculateConfigStringLen.str2.2
                0x0000000000019d50        0xe /tmp/ccZzeYIQ.ltrans0.ltrans.o
 .rodata.ConstructConfigHdr.str1.1
                0x0000000000019d5e       0x84 /tmp/ccZzeYIQ.ltrans0.ltrans.o
 .rodata.CopyRgbToGopPixel.str1.1
                0x0000000000019de2       0x7b /tmp/ccZzeYIQ.ltrans0.ltrans.o
 .rodata.ExportPackageList.str1.1
                0x0000000000019e5d       0xeb /tmp/ccZzeYIQ.ltrans0.ltrans.o
                                        0x137 (size before relaxing)
 .rodata.ExtractKeyword.str2.2
                0x0000000000019f48       0x12 /tmp/ccZzeYIQ.ltrans0.ltrans.o
 .rodata.ExtractNameSpace.str2.2
                0x0000000000019f5a       0x16 /tmp/ccZzeYIQ.ltrans0.ltrans.o
 .rodata.FindQuestionDefaultSetting.str1.1
                0x0000000000019f70       0x77 /tmp/ccZzeYIQ.ltrans0.ltrans.o
 .rodata.FindStorageFromVarId.str1.1
                0x0000000000019fe7       0x1c /tmp/ccZzeYIQ.ltrans0.ltrans.o
 .rodata.FindStringBlock.str1.1
                0x000000000001a003       0xcf /tmp/ccZzeYIQ.ltrans0.ltrans.o
                                         0xed (size before relaxing)
 .rodata.GenerateSubStr.str1.1
                0x000000000001a0d2       0x4a /tmp/ccZzeYIQ.ltrans0.ltrans.o
                                         0x5e (size before relaxing)
 .rodata.GetElementsFromRequest.str1.1
                0x000000000001a11c       0x1b /tmp/ccZzeYIQ.ltrans0.ltrans.o
 *fill*         0x000000000001a137        0x1 
 .rodata.GetElementsFromRequest.str2.2
                0x000000000001a138       0x12 /tmp/ccZzeYIQ.ltrans0.ltrans.o
                                         0x22 (size before relaxing)
 .rodata.GetFullStringFromHiiFormPackages.part.5.str1.1
                0x000000000001a14a       0x34 /tmp/ccZzeYIQ.ltrans0.ltrans.o
 .rodata.GetFullStringFromHiiFormPackages.part.5.str2.2
                0x000000000001a17e       0xa0 /tmp/ccZzeYIQ.ltrans0.ltrans.o
 .rodata.GetImageIdOrAddress.str1.1
                0x000000000001a21e       0x60 /tmp/ccZzeYIQ.ltrans0.ltrans.o
 .rodata.GetStringIdFromRecord.str1.1
                0x000000000001a27e       0xbd /tmp/ccZzeYIQ.ltrans0.ltrans.o
 .rodata.GetStringWorker.str1.1
                0x000000000001a33b       0x40 /tmp/ccZzeYIQ.ltrans0.ltrans.o
 .rodata.GetSupportedLanguages.str1.1
                0x000000000001a37b       0x1a /tmp/ccZzeYIQ.ltrans0.ltrans.o
 *fill*         0x000000000001a395        0x1 
 .rodata.GetSystemFont.part.1.str2.2
                0x000000000001a396       0x16 /tmp/ccZzeYIQ.ltrans0.ltrans.o
 .rodata.GetUnicodeStringTextAndSize.str1.1
                0x000000000001a3ac       0x56 /tmp/ccZzeYIQ.ltrans0.ltrans.o
 .rodata.GetUnicodeStringTextOrSize.str1.1
                0x000000000001a402       0x38 /tmp/ccZzeYIQ.ltrans0.ltrans.o
 .rodata.GetWidth.str1.1
                0x000000000001a43a       0x37 /tmp/ccZzeYIQ.ltrans0.ltrans.o
 .rodata.GlyphToBlt.str1.1
                0x000000000001a471       0x8e /tmp/ccZzeYIQ.ltrans0.ltrans.o
 .rodata.HiiBlockToConfig.str2.2
                0x000000000001a4ff       0x16 /tmp/ccZzeYIQ.ltrans0.ltrans.o
                                         0x1e (size before relaxing)
 .rodata.HiiCompareLanguage.str1.1
                0x000000000001a4ff       0x2a /tmp/ccZzeYIQ.ltrans0.ltrans.o
 .rodata.HiiConfigRoutingExtractConfig.str1.1
                0x000000000001a529       0x15 /tmp/ccZzeYIQ.ltrans0.ltrans.o
 .rodata.HiiConfigRoutingRouteConfig.str1.1
                0x000000000001a53e       0x55 /tmp/ccZzeYIQ.ltrans0.ltrans.o
 *fill*         0x000000000001a593        0x1 
 .rodata.HiiConfigToBlock.str2.2
                0x000000000001a594       0x10 /tmp/ccZzeYIQ.ltrans0.ltrans.o
                                         0x20 (size before relaxing)
 .rodata.HiiDrawImageEx.str1.1
                0x000000000001a5a4       0x47 /tmp/ccZzeYIQ.ltrans0.ltrans.o
 .rodata.HiiGetAltCfg.str2.2
                0x000000000001a5eb       0x10 /tmp/ccZzeYIQ.ltrans0.ltrans.o
                                         0x1c (size before relaxing)
 .rodata.HiiGetConfigurationSetting.str1.1
                0x000000000001a5eb       0x3a /tmp/ccZzeYIQ.ltrans0.ltrans.o
 .rodata.HiiGetDatabaseInfo.str1.1
                0x000000000001a625       0x72 /tmp/ccZzeYIQ.ltrans0.ltrans.o
 .rodata.HiiGetFontInfo.str1.1
                0x000000000001a697       0x1d /tmp/ccZzeYIQ.ltrans0.ltrans.o
 .rodata.HiiGetGlyph.str1.1
                0x000000000001a6b4       0x3c /tmp/ccZzeYIQ.ltrans0.ltrans.o
 .rodata.HiiGetPackageListHandle.str1.1
                0x000000000001a6f0       0x5d /tmp/ccZzeYIQ.ltrans0.ltrans.o
 .rodata.HiiRemovePackageList.str1.1
                0x000000000001a74d       0x39 /tmp/ccZzeYIQ.ltrans0.ltrans.o
 .rodata.HiiSetKeyboardLayout.str1.1
                0x000000000001a786       0x1f /tmp/ccZzeYIQ.ltrans0.ltrans.o
 .rodata.HiiStringIdToImage.str1.1
                0x000000000001a7a5       0x1f /tmp/ccZzeYIQ.ltrans0.ltrans.o
                                          0x1 (size before relaxing)
 .rodata.HiiStringToImage.str1.1
                0x000000000001a7a5       0x4f /tmp/ccZzeYIQ.ltrans0.ltrans.o
                                         0x64 (size before relaxing)
 .rodata.HiiToLower.str1.1
                0x000000000001a7f4       0x4d /tmp/ccZzeYIQ.ltrans0.ltrans.o
 .rodata.IGetImage.str1.1
                0x000000000001a841       0x26 /tmp/ccZzeYIQ.ltrans0.ltrans.o
 .rodata.InsertDefaultValue.str1.1
                0x000000000001a867       0x22 /tmp/ccZzeYIQ.ltrans0.ltrans.o
 .rodata.InternalGetString.str1.1
                0x000000000001a889        0xe /tmp/ccZzeYIQ.ltrans0.ltrans.o
 .rodata.InvokeRegisteredFunction.str1.1
                0x000000000001a897        0xe /tmp/ccZzeYIQ.ltrans0.ltrans.o
                                         0x17 (size before relaxing)
 .rodata.IsFontInfoExisted.str1.1
                0x000000000001a897       0x67 /tmp/ccZzeYIQ.ltrans0.ltrans.o
                                         0x80 (size before relaxing)
 .rodata.IsSystemFontInfo.str1.1
                0x000000000001a8fe       0x6a /tmp/ccZzeYIQ.ltrans0.ltrans.o
 .rodata.IsThisVarstore.str2.2
                0x000000000001a968        0xe /tmp/ccZzeYIQ.ltrans0.ltrans.o
 .rodata.LocateHiiImageDecoder.str1.1
                0x000000000001a976       0x12 /tmp/ccZzeYIQ.ltrans0.ltrans.o
 .rodata.MergeDefaultString.str1.1
                0x000000000001a988       0x92 /tmp/ccZzeYIQ.ltrans0.ltrans.o
 .rodata.MergeDefaultString.str2.2
                0x000000000001aa1a       0x28 /tmp/ccZzeYIQ.ltrans0.ltrans.o
                                         0x2c (size before relaxing)
 .rodata.NarrowGlyphToBlt.str1.1
                0x000000000001aa42       0x51 /tmp/ccZzeYIQ.ltrans0.ltrans.o
 .rodata.NewCell.str1.1
                0x000000000001aa93       0x36 /tmp/ccZzeYIQ.ltrans0.ltrans.o
 .rodata.Output8bitPixel.str1.1
                0x000000000001aac9       0x65 /tmp/ccZzeYIQ.ltrans0.ltrans.o
 .rodata.OutputConfigBody.str2.2
                0x000000000001ab2e       0x12 /tmp/ccZzeYIQ.ltrans0.ltrans.o
                                         0x1e (size before relaxing)
 .rodata.ReferFontInfoLocally.str1.1
                0x000000000001ab40       0x96 /tmp/ccZzeYIQ.ltrans0.ltrans.o
 .rodata.SaveFontName.str1.1
                0x000000000001abd6       0x35 /tmp/ccZzeYIQ.ltrans0.ltrans.o
 .rodata._ModuleEntryPoint.str1.1
                0x000000000001ac0b      0x3f4 /tmp/ccZzeYIQ.ltrans0.ltrans.o
 .rodata._gPcd_FixedAtBuild_PcdUefiVariableDefaultPlatformLang
                0x000000000001afff        0x6 /tmp/ccZzeYIQ.ltrans0.ltrans.o
 .rodata.mHiiEfiColors
                0x000000000001b005       0x40 /tmp/ccZzeYIQ.ltrans0.ltrans.o
 *fill*         0x000000000001b045        0x3 
 .rodata.EfiConfigKeywordHandlerGetData
                0x000000000001b048       0x4e /tmp/ccZzeYIQ.ltrans1.ltrans.o
 .rodata.AllocateCopyPool.str1.1
                0x000000000001b096       0x3f /tmp/ccZzeYIQ.ltrans1.ltrans.o
 .rodata.AsciiSPrint.constprop.30.str1.1
                0x000000000001b0d5       0x18 /tmp/ccZzeYIQ.ltrans1.ltrans.o
 .rodata.AsciiStrCpyS.str1.1
                0x000000000001b0ed       0x99 /tmp/ccZzeYIQ.ltrans1.ltrans.o
 .rodata.AsciiStrLen.str1.1
                0x000000000001b186       0x6f /tmp/ccZzeYIQ.ltrans1.ltrans.o
                                         0x86 (size before relaxing)
 .rodata.AsciiStrStr.constprop.6.str1.1
                0x000000000001b1f5       0x3e /tmp/ccZzeYIQ.ltrans1.ltrans.o
 .rodata.AsciiStrToUnicodeStrS.str1.1
                0x000000000001b233      0x128 /tmp/ccZzeYIQ.ltrans1.ltrans.o
 .rodata.AsciiStrnCmp.str1.1
                0x000000000001b35b       0x70 /tmp/ccZzeYIQ.ltrans1.ltrans.o
 .rodata.BasePrintLibSPrintMarker.constprop.32.str1.1
                0x000000000001b3cb      0x286 /tmp/ccZzeYIQ.ltrans1.ltrans.o
                                        0x29d (size before relaxing)
 .rodata.BitFieldRead64.str1.1
                0x000000000001b651       0x46 /tmp/ccZzeYIQ.ltrans1.ltrans.o
 .rodata.BitFieldWrite32.constprop.10.str1.1
                0x000000000001b697       0xa1 /tmp/ccZzeYIQ.ltrans1.ltrans.o
 .rodata.CompareMem.str1.1
                0x000000000001b738       0x87 /tmp/ccZzeYIQ.ltrans1.ltrans.o
 .rodata.ConstructRequestElement.str2.2
                0x000000000001b7bf       0x12 /tmp/ccZzeYIQ.ltrans1.ltrans.o
                                         0x34 (size before relaxing)
 .rodata.CopyMem.str1.1
                0x000000000001b7bf       0xc6 /tmp/ccZzeYIQ.ltrans1.ltrans.o
 .rodata.DebugAssert.str1.1
                0x000000000001b885        0xc /tmp/ccZzeYIQ.ltrans1.ltrans.o
 .rodata.EfiConfigKeywordHandlerGetData.str1.1
                0x000000000001b891       0x1b /tmp/ccZzeYIQ.ltrans1.ltrans.o
                                         0x6d (size before relaxing)
 .rodata.EfiConfigKeywordHandlerGetData.str2.2
                0x000000000001b8ac       0x62 /tmp/ccZzeYIQ.ltrans1.ltrans.o
 .rodata.EfiConfigKeywordHandlerSetData.str1.1
                0x000000000001b90e      0x151 /tmp/ccZzeYIQ.ltrans1.ltrans.o
                                        0x170 (size before relaxing)
 .rodata.EfiConfigKeywordHandlerSetData.str2.2
                0x000000000001ba5f        0xe /tmp/ccZzeYIQ.ltrans1.ltrans.o
 .rodata.ExtractConfigRequest.str1.1
                0x000000000001ba5f       0x5e /tmp/ccZzeYIQ.ltrans1.ltrans.o
 .rodata.ExtractValueFromDriver.str1.1
                0x000000000001babd       0x42 /tmp/ccZzeYIQ.ltrans1.ltrans.o
                                         0x5c (size before relaxing)
 .rodata.ExtractValueFromDriver.str2.2
                0x000000000001baff       0x14 /tmp/ccZzeYIQ.ltrans1.ltrans.o
 .rodata.FindGlyphBlock.constprop.3.str1.1
                0x000000000001baff       0x6c /tmp/ccZzeYIQ.ltrans1.ltrans.o
                                         0xb0 (size before relaxing)
 .rodata.FreePool.str1.1
                0x000000000001bb6b       0x54 /tmp/ccZzeYIQ.ltrans1.ltrans.o
                                         0x89 (size before relaxing)
 .rodata.GenerateKeywordResp.str1.1
                0x000000000001bbbf       0x9c /tmp/ccZzeYIQ.ltrans1.ltrans.o
                                         0xf0 (size before relaxing)
 *fill*         0x000000000001bc5b        0x1 
 .rodata.GenerateKeywordResp.str2.2
                0x000000000001bc5c       0x14 /tmp/ccZzeYIQ.ltrans1.ltrans.o
                                         0x4a (size before relaxing)
 .rodata.GetBestLanguage.constprop.17.str1.1
                0x000000000001bc70       0x23 /tmp/ccZzeYIQ.ltrans1.ltrans.o
 .rodata.GetNameFromId.str1.1
                0x000000000001bc93       0x23 /tmp/ccZzeYIQ.ltrans1.ltrans.o
                                         0x24 (size before relaxing)
 .rodata.GetPiPcdProtocol.str1.1
                0x000000000001bcb6       0x17 /tmp/ccZzeYIQ.ltrans1.ltrans.o
                                         0x53 (size before relaxing)
 .rodata.GetStringIdFromDatabase.str1.1
                0x000000000001bccd       0xc2 /tmp/ccZzeYIQ.ltrans1.ltrans.o
                                         0xe9 (size before relaxing)
 .rodata.GetVariable2.constprop.16.str1.1
                0x000000000001bd8f       0x4f /tmp/ccZzeYIQ.ltrans1.ltrans.o
 .rodata.GetVariable2.constprop.16.str2.2
                0x000000000001bdde       0x1a /tmp/ccZzeYIQ.ltrans1.ltrans.o
 .rodata.InitializeListHead.str1.1
                0x000000000001bdf8       0x19 /tmp/ccZzeYIQ.ltrans1.ltrans.o
 .rodata.InternalBaseLibIsListValid.str1.1
                0x000000000001be11       0x7c /tmp/ccZzeYIQ.ltrans1.ltrans.o
                                         0x91 (size before relaxing)
 .rodata.IsDevicePathEnd.str1.1
                0x000000000001be8d       0x63 /tmp/ccZzeYIQ.ltrans1.ltrans.o
 .rodata.IsListEmpty.str1.1
                0x000000000001bef0       0x26 /tmp/ccZzeYIQ.ltrans1.ltrans.o
 .rodata.IsNull.str1.1
                0x000000000001bf16       0x22 /tmp/ccZzeYIQ.ltrans1.ltrans.o
 .rodata.LShiftU64.str1.1
                0x000000000001bf38       0x45 /tmp/ccZzeYIQ.ltrans1.ltrans.o
 .rodata.RemoveEntryList.str1.1
                0x000000000001bf7d       0x15 /tmp/ccZzeYIQ.ltrans1.ltrans.o
 .rodata.SetMem32.str1.1
                0x000000000001bf92       0xd1 /tmp/ccZzeYIQ.ltrans1.ltrans.o
 .rodata.StrHexToUint64.str1.1
                0x000000000001c063       0x82 /tmp/ccZzeYIQ.ltrans1.ltrans.o
 .rodata.StrLen.str1.1
                0x000000000001c0e5       0x3a /tmp/ccZzeYIQ.ltrans1.ltrans.o
 .rodata.StrStr.str1.1
                0x000000000001c11f       0x3a /tmp/ccZzeYIQ.ltrans1.ltrans.o
                                         0x32 (size before relaxing)
 .rodata.StrnCatS.str1.1
                0x000000000001c11f       0xbb /tmp/ccZzeYIQ.ltrans1.ltrans.o
 .rodata.StrnCmp.str1.1
                0x000000000001c1da       0x72 /tmp/ccZzeYIQ.ltrans1.ltrans.o
 .rodata.StrnLenS.str1.1
                0x000000000001c24c       0x5e /tmp/ccZzeYIQ.ltrans1.ltrans.o
 .rodata.UnicodeSPrint.str1.1
                0x000000000001c2aa       0x4f /tmp/ccZzeYIQ.ltrans1.ltrans.o
 .rodata.UnicodeStrToAsciiStrS.str1.1
                0x000000000001c2f9       0x99 /tmp/ccZzeYIQ.ltrans1.ltrans.o
 .rodata.UnicodeValueToStringS.constprop.13.str1.1
                0x000000000001c392       0xe0 /tmp/ccZzeYIQ.ltrans1.ltrans.o
 .rodata.WriteUnaligned16.str1.1
                0x000000000001c472       0x3e /tmp/ccZzeYIQ.ltrans1.ltrans.o
 .rodata.ZeroMem.str1.1
                0x000000000001c4b0       0x7b /tmp/ccZzeYIQ.ltrans1.ltrans.o
 .rodata.mHexStr
                0x000000000001c52b       0x10 /tmp/ccZzeYIQ.ltrans1.ltrans.o
 *fill*         0x000000000001c53b        0x5 
 .rodata.mStatusString
                0x000000000001c540      0x138 /tmp/ccZzeYIQ.ltrans1.ltrans.o
 .rodata.str1.1
                0x000000000001c678      0x224 /tmp/ccZzeYIQ.ltrans1.ltrans.o
                                        0x235 (size before relaxing)
 *(.got .got.*)
 *:AutoGen.obj(.data.g*Guid)

.iplt           0x000000000001c89c        0x0
 .iplt          0x000000000001c89c        0x0 /home/vsts/work/1/edk2/Build/Lumia950XL-AARCH64/DEBUG_GCC5/AARCH64/ArmPkg/Library/ArmLib/ArmBaseLib/OUTPUT/ArmBaseLib.lib(AArch64Support.obj)

.data           0x000000000001d000      0x6e0
 *(.data .data.* .gnu.linkonce.d.*)
 .data.gEdkiiIfrBitVarstoreGuid
                0x000000000001d000       0x10 /tmp/ccZzeYIQ.ltrans0.ltrans.o
 .data.gEfiCallerIdGuid
                0x000000000001d010       0x10 /tmp/ccZzeYIQ.ltrans0.ltrans.o
 .data.gEfiConfigKeywordHandlerProtocolGuid
                0x000000000001d020       0x10 /tmp/ccZzeYIQ.ltrans0.ltrans.o
 .data.gEfiEventReadyToBootGuid
                0x000000000001d030       0x10 /tmp/ccZzeYIQ.ltrans0.ltrans.o
 .data.gEfiGetPcdInfoProtocolGuid
                0x000000000001d040       0x10 /tmp/ccZzeYIQ.ltrans0.ltrans.o
 .data.gEfiHiiConfigAccessProtocolGuid
                0x000000000001d050       0x10 /tmp/ccZzeYIQ.ltrans0.ltrans.o
 .data.gEfiHiiConfigRoutingProtocolGuid
                0x000000000001d060       0x10 /tmp/ccZzeYIQ.ltrans0.ltrans.o
 .data.gEfiHiiDatabaseProtocolGuid
                0x000000000001d070       0x10 /tmp/ccZzeYIQ.ltrans0.ltrans.o
 .data.gEfiHiiFontProtocolGuid
                0x000000000001d080       0x10 /tmp/ccZzeYIQ.ltrans0.ltrans.o
 .data.gEfiHiiImageDecoderNameJpegGuid
                0x000000000001d090       0x10 /tmp/ccZzeYIQ.ltrans0.ltrans.o
 .data.gEfiHiiImageDecoderNamePngGuid
                0x000000000001d0a0       0x10 /tmp/ccZzeYIQ.ltrans0.ltrans.o
 .data.gEfiHiiImageDecoderProtocolGuid
                0x000000000001d0b0       0x10 /tmp/ccZzeYIQ.ltrans0.ltrans.o
 .data.gEfiHiiImageExProtocolGuid
                0x000000000001d0c0       0x10 /tmp/ccZzeYIQ.ltrans0.ltrans.o
 .data.gEfiHiiImageProtocolGuid
                0x000000000001d0d0       0x10 /tmp/ccZzeYIQ.ltrans0.ltrans.o
 .data.gEfiHiiKeyBoardLayoutGuid
                0x000000000001d0e0       0x10 /tmp/ccZzeYIQ.ltrans0.ltrans.o
 .data.gEfiHiiStringProtocolGuid
                0x000000000001d0f0       0x10 /tmp/ccZzeYIQ.ltrans0.ltrans.o
 .data.gEfiHobListGuid
                0x000000000001d100       0x10 /tmp/ccZzeYIQ.ltrans0.ltrans.o
 .data.gEfiMdeModulePkgTokenSpaceGuid
                0x000000000001d110       0x10 /tmp/ccZzeYIQ.ltrans0.ltrans.o
 .data.gExportConfigResp
                0x000000000001d120        0x1 /tmp/ccZzeYIQ.ltrans0.ltrans.o
 *fill*         0x000000000001d121        0x7 
 .data.gSkuId   0x000000000001d128        0x8 /tmp/ccZzeYIQ.ltrans0.ltrans.o
 .data.gVarStorageList
                0x000000000001d130       0x10 /tmp/ccZzeYIQ.ltrans0.ltrans.o
 .data.mLanguageWindow
                0x000000000001d140       0x20 /tmp/ccZzeYIQ.ltrans0.ltrans.o
 .data.font5x12
                0x000000000001d160      0x300 /tmp/ccZzeYIQ.ltrans1.ltrans.o
 .data.gEfiDevicePathProtocolGuid
                0x000000000001d460       0x10 /tmp/ccZzeYIQ.ltrans1.ltrans.o
                0x000000000001d460                gEfiDevicePathProtocolGuid
 .data.gEfiGlobalVariableGuid
                0x000000000001d470       0x10 /tmp/ccZzeYIQ.ltrans1.ltrans.o
                0x000000000001d470                gEfiGlobalVariableGuid
 .data.gEfiPcdProtocolGuid
                0x000000000001d480       0x10 /tmp/ccZzeYIQ.ltrans1.ltrans.o
 .data.mPrivate
                0x000000000001d490      0x1a8 /tmp/ccZzeYIQ.ltrans1.ltrans.o
                0x000000000001d490                mPrivate
 *(.bss .bss.*)
 .bss.gConfigRespSize
                0x000000000001d638        0x8 /tmp/ccZzeYIQ.ltrans0.ltrans.o
 .bss.gDatabaseInfoSize
                0x000000000001d640        0x8 /tmp/ccZzeYIQ.ltrans0.ltrans.o
 .bss.gExportAfterReadyToBoot
                0x000000000001d648        0x1 /tmp/ccZzeYIQ.ltrans0.ltrans.o
 *fill*         0x000000000001d649        0x7 
 .bss.gHiiKeyboardLayoutChanged
                0x000000000001d650        0x8 /tmp/ccZzeYIQ.ltrans0.ltrans.o
 .bss.gImageHandle
                0x000000000001d658        0x8 /tmp/ccZzeYIQ.ltrans0.ltrans.o
 .bss.gNvDefaultStoreSize
                0x000000000001d660        0x8 /tmp/ccZzeYIQ.ltrans0.ltrans.o
 .bss.gRTConfigRespBuffer
                0x000000000001d668        0x8 /tmp/ccZzeYIQ.ltrans0.ltrans.o
 .bss.gRTDatabaseInfoBuffer
                0x000000000001d670        0x8 /tmp/ccZzeYIQ.ltrans0.ltrans.o
 .bss.gST       0x000000000001d678        0x8 /tmp/ccZzeYIQ.ltrans0.ltrans.o
 .bss.mHobList  0x000000000001d680        0x8 /tmp/ccZzeYIQ.ltrans0.ltrans.o
 .bss.mPiPcdInfo
                0x000000000001d688        0x8 /tmp/ccZzeYIQ.ltrans0.ltrans.o
 .bss.gBS       0x000000000001d690        0x8 /tmp/ccZzeYIQ.ltrans1.ltrans.o
                0x000000000001d690                gBS
 .bss.gRT       0x000000000001d698        0x8 /tmp/ccZzeYIQ.ltrans1.ltrans.o
                0x000000000001d698                gRT
 .bss.mPiPcd    0x000000000001d6a0        0x8 /tmp/ccZzeYIQ.ltrans1.ltrans.o
 .bss.m_Color   0x000000000001d6a8       0x10 /tmp/ccZzeYIQ.ltrans1.ltrans.o
 .bss.m_Initialized
                0x000000000001d6b8        0x1 /tmp/ccZzeYIQ.ltrans1.ltrans.o
 *fill*         0x000000000001d6b9        0x7 
 .bss.m_MaxPosition
                0x000000000001d6c0       0x10 /tmp/ccZzeYIQ.ltrans1.ltrans.o
 .bss.m_Position
                0x000000000001d6d0       0x10 /tmp/ccZzeYIQ.ltrans1.ltrans.o

.igot.plt       0x000000000001d6e0        0x0
 .igot.plt      0x000000000001d6e0        0x0 /home/vsts/work/1/edk2/Build/Lumia950XL-AARCH64/DEBUG_GCC5/AARCH64/ArmPkg/Library/ArmLib/ArmBaseLib/OUTPUT/ArmBaseLib.lib(AArch64Support.obj)

.eh_frame
 *(.eh_frame)

.rela           0x000000000001d6e0        0x0
 *(.rela .rela.*)
 .rela.iplt     0x000000000001d6e0        0x0 /home/vsts/work/1/edk2/Build/Lumia950XL-AARCH64/DEBUG_GCC5/AARCH64/ArmPkg/Library/ArmLib/ArmBaseLib/OUTPUT/ArmBaseLib.lib(AArch64Support.obj)

.hii
 *(.hii)

.build-id       0x000000000001d6e0       0x24
 *(.note.gnu.build-id)
 .note.gnu.build-id
                0x000000000001d6e0       0x24 /home/vsts/work/1/edk2/ArmPkg/Library/GccLto/liblto-aarch64.a

/DISCARD/
 *(.note.GNU-stack)
 *(.gnu_debuglink)
 *(.interp)
 *(.dynsym)
 *(.dynstr)
 *(.dynamic)
 *(.hash .gnu.hash)
 *(.comment)
 *(COMMON)
                0x0000000000000228                PECOFF_HEADER_SIZE = 0x228
OUTPUT(/home/vsts/work/1/edk2/Build/Lumia950XL-AARCH64/DEBUG_GCC5/AARCH64/MdeModulePkg/Universal/HiiDatabaseDxe/HiiDatabaseDxe/DEBUG/HiiDatabase.dll elf64-littleaarch64)

.debug_info     0x0000000000000000    0x2c7e4
 .debug_info    0x0000000000000000    0x1f512 /tmp/ccZzeYIQ.ltrans0.ltrans.o
 .debug_info    0x000000000001f512     0xd2d2 /tmp/ccZzeYIQ.ltrans1.ltrans.o

.debug_abbrev   0x0000000000000000      0xcb6
 .debug_abbrev  0x0000000000000000      0x647 /tmp/ccZzeYIQ.ltrans0.ltrans.o
 .debug_abbrev  0x0000000000000647      0x66f /tmp/ccZzeYIQ.ltrans1.ltrans.o

.debug_loc      0x0000000000000000    0x38a80
 .debug_loc     0x0000000000000000    0x29cd9 /tmp/ccZzeYIQ.ltrans0.ltrans.o
 .debug_loc     0x0000000000029cd9     0xeda7 /tmp/ccZzeYIQ.ltrans1.ltrans.o

.debug_aranges  0x0000000000000000      0xd00
 .debug_aranges
                0x0000000000000000      0x750 /tmp/ccZzeYIQ.ltrans0.ltrans.o
 .debug_aranges
                0x0000000000000750      0x5b0 /tmp/ccZzeYIQ.ltrans1.ltrans.o

.debug_ranges   0x0000000000000000     0x40e0
 .debug_ranges  0x0000000000000000     0x2bc0 /tmp/ccZzeYIQ.ltrans0.ltrans.o
 .debug_ranges  0x0000000000002bc0     0x1520 /tmp/ccZzeYIQ.ltrans1.ltrans.o

.debug_line     0x0000000000000000     0x59fc
 .debug_line    0x0000000000000000     0x39c9 /tmp/ccZzeYIQ.ltrans0.ltrans.o
 .debug_line    0x00000000000039c9     0x2033 /tmp/ccZzeYIQ.ltrans1.ltrans.o

.debug_str      0x0000000000000000     0x6ca8
 .debug_str     0x0000000000000000     0x5904 /tmp/ccZzeYIQ.ltrans0.ltrans.o
                                       0x6917 (size before relaxing)
 .debug_str     0x0000000000005904     0x13a4 /tmp/ccZzeYIQ.ltrans1.ltrans.o
                                       0x432a (size before relaxing)

.debug_frame    0x0000000000000000     0x3390
 .debug_frame   0x0000000000000000     0x2088 /tmp/ccZzeYIQ.ltrans0.ltrans.o
 .debug_frame   0x0000000000002088     0x1308 /tmp/ccZzeYIQ.ltrans1.ltrans.o
