Archive member included to satisfy reference by file (symbol)

/home/vsts/work/1/edk2/Build/Lumia950XL-AARCH64/DEBUG_GCC5/AARCH64/ArmPkg/Library/CompilerIntrinsicsLib/CompilerIntrinsicsLib/OUTPUT/CompilerIntrinsicsLib.lib(memcpy.obj)
                              /home/vsts/work/1/edk2/ArmPkg/Library/GccLto/liblto-aarch64.a (memcpy)
/home/vsts/work/1/edk2/Build/Lumia950XL-AARCH64/DEBUG_GCC5/AARCH64/ArmPkg/Library/CompilerIntrinsicsLib/CompilerIntrinsicsLib/OUTPUT/CompilerIntrinsicsLib.lib(memset.obj)
                              /home/vsts/work/1/edk2/ArmPkg/Library/GccLto/liblto-aarch64.a (memset)
/home/vsts/work/1/edk2/Build/Lumia950XL-AARCH64/DEBUG_GCC5/AARCH64/MdePkg/Library/UefiDriverEntryPoint/UefiDriverEntryPoint/OUTPUT/UefiDriverEntryPoint.lib(DriverEntryPoint.obj)
                              (_ModuleEntryPoint)
/home/vsts/work/1/edk2/Build/Lumia950XL-AARCH64/DEBUG_GCC5/AARCH64/Lumia950XLPkg/Driver/I2cQupDxe/I2cQupDxe/OUTPUT/I2cQupDxe.lib(AutoGen.obj)
                              DriverEntryPoint.obj (symbol from plugin) (ProcessLibraryConstructorList)
/home/vsts/work/1/edk2/Build/Lumia950XL-AARCH64/DEBUG_GCC5/AARCH64/Lumia950XLPkg/Driver/I2cQupDxe/I2cQupDxe/OUTPUT/I2cQupDxe.lib(Driver.obj)
                              AutoGen.obj (symbol from plugin) (I2cQupDxeInitialize)
/home/vsts/work/1/edk2/Build/Lumia950XL-AARCH64/DEBUG_GCC5/AARCH64/Lumia950XLPkg/Driver/I2cQupDxe/I2cQupDxe/OUTPUT/I2cQupDxe.lib(i2c_qup.obj)
                              Driver.obj (symbol from plugin) (qup_i2c_xfer)
/home/vsts/work/1/edk2/Build/Lumia950XL-AARCH64/DEBUG_GCC5/AARCH64/MdePkg/Library/BaseMemoryLib/BaseMemoryLib/OUTPUT/BaseMemoryLib.lib(CopyMemWrapper.obj)
                              i2c_qup.obj (symbol from plugin) (CopyMem)
/home/vsts/work/1/edk2/Build/Lumia950XL-AARCH64/DEBUG_GCC5/AARCH64/MdePkg/Library/BaseMemoryLib/BaseMemoryLib/OUTPUT/BaseMemoryLib.lib(CopyMem.obj)
                              CopyMemWrapper.obj (symbol from plugin) (InternalMemCopyMem)
/home/vsts/work/1/edk2/Build/Lumia950XL-AARCH64/DEBUG_GCC5/AARCH64/MdePkg/Library/BaseLib/BaseLib/OUTPUT/BaseLib.lib(LinkedList.obj)
                              Driver.obj (symbol from plugin) (InsertTailList)
/home/vsts/work/1/edk2/Build/Lumia950XL-AARCH64/DEBUG_GCC5/AARCH64/MdePkg/Library/BaseLib/BaseLib/OUTPUT/BaseLib.lib(String.obj)
                              i2c_qup.obj (symbol from plugin) (AsciiStrSize)
/home/vsts/work/1/edk2/Build/Lumia950XL-AARCH64/DEBUG_GCC5/AARCH64/MdePkg/Library/BaseLib/BaseLib/OUTPUT/BaseLib.lib(SafeString.obj)
                              String.obj (symbol from plugin) (StrDecimalToUintnS)
/home/vsts/work/1/edk2/Build/Lumia950XL-AARCH64/DEBUG_GCC5/AARCH64/MdePkg/Library/BaseLib/BaseLib/OUTPUT/BaseLib.lib(SwapBytes32.obj)
                              SafeString.obj (symbol from plugin) (SwapBytes32)
/home/vsts/work/1/edk2/Build/Lumia950XL-AARCH64/DEBUG_GCC5/AARCH64/MdePkg/Library/BaseLib/BaseLib/OUTPUT/BaseLib.lib(SwapBytes16.obj)
                              SafeString.obj (symbol from plugin) (SwapBytes16)
/home/vsts/work/1/edk2/Build/Lumia950XL-AARCH64/DEBUG_GCC5/AARCH64/MdePkg/Library/BaseLib/BaseLib/OUTPUT/BaseLib.lib(RShiftU64.obj)
                              SafeString.obj (symbol from plugin) (RShiftU64)
/home/vsts/work/1/edk2/Build/Lumia950XL-AARCH64/DEBUG_GCC5/AARCH64/MdePkg/Library/BaseLib/BaseLib/OUTPUT/BaseLib.lib(MultU64x32.obj)
                              SafeString.obj (symbol from plugin) (MultU64x32)
/home/vsts/work/1/edk2/Build/Lumia950XL-AARCH64/DEBUG_GCC5/AARCH64/MdePkg/Library/BaseLib/BaseLib/OUTPUT/BaseLib.lib(LShiftU64.obj)
                              SafeString.obj (symbol from plugin) (LShiftU64)
/home/vsts/work/1/edk2/Build/Lumia950XL-AARCH64/DEBUG_GCC5/AARCH64/MdePkg/Library/BaseLib/BaseLib/OUTPUT/BaseLib.lib(DivU64x32.obj)
                              SafeString.obj (symbol from plugin) (DivU64x32)
/home/vsts/work/1/edk2/Build/Lumia950XL-AARCH64/DEBUG_GCC5/AARCH64/MdePkg/Library/BaseLib/BaseLib/OUTPUT/BaseLib.lib(Math64.obj)
                              LShiftU64.obj (symbol from plugin) (InternalMathLShiftU64)
/home/vsts/work/1/edk2/Build/Lumia950XL-AARCH64/DEBUG_GCC5/AARCH64/MdePkg/Library/BaseIoLibIntrinsic/BaseIoLibIntrinsic/OUTPUT/BaseIoLibIntrinsic.lib(IoLibArm.obj)
                              i2c_qup.obj (symbol from plugin) (MmioRead32)
/home/vsts/work/1/edk2/Build/Lumia950XL-AARCH64/DEBUG_GCC5/AARCH64/MdePkg/Library/BaseDebugLibSerialPort/BaseDebugLibSerialPort/OUTPUT/BaseDebugLibSerialPort.lib(DebugLib.obj)
                              AutoGen.obj (symbol from plugin) (BaseDebugLibSerialPortConstructor)
/home/vsts/work/1/edk2/Build/Lumia950XL-AARCH64/DEBUG_GCC5/AARCH64/MdePkg/Library/UefiRuntimeServicesTableLib/UefiRuntimeServicesTableLib/OUTPUT/UefiRuntimeServicesTableLib.lib(UefiRuntimeServicesTableLib.obj)
                              AutoGen.obj (symbol from plugin) (UefiRuntimeServicesTableLibConstructor)
/home/vsts/work/1/edk2/Build/Lumia950XL-AARCH64/DEBUG_GCC5/AARCH64/MdePkg/Library/UefiBootServicesTableLib/UefiBootServicesTableLib/OUTPUT/UefiBootServicesTableLib.lib(UefiBootServicesTableLib.obj)
                              AutoGen.obj (symbol from plugin) (UefiBootServicesTableLibConstructor)
/home/vsts/work/1/edk2/Build/Lumia950XL-AARCH64/DEBUG_GCC5/AARCH64/MdePkg/Library/UefiLib/UefiLib/OUTPUT/UefiLib.lib(UefiLib.obj)
                              AutoGen.obj (symbol from plugin) (UefiLibConstructor)
/home/vsts/work/1/edk2/Build/Lumia950XL-AARCH64/DEBUG_GCC5/AARCH64/MdePkg/Library/DxeHobLib/DxeHobLib/OUTPUT/DxeHobLib.lib(HobLib.obj)
                              AutoGen.obj (symbol from plugin) (HobLibConstructor)
/home/vsts/work/1/edk2/Build/Lumia950XL-AARCH64/DEBUG_GCC5/AARCH64/Lumia950XLPkg/GPLDriver/GpioTlmmDxe/GpioTlmmLib/OUTPUT/GpioTlmmLib.lib(LibraryBS.obj)
                              AutoGen.obj (symbol from plugin) (GpioTlmmLibConstructor)
/home/vsts/work/1/edk2/Build/Lumia950XL-AARCH64/DEBUG_GCC5/AARCH64/Lumia950XLPkg/Driver/ClockDxe/ClockLib/OUTPUT/ClockLib.lib(LibraryBS.obj)
                              AutoGen.obj (symbol from plugin) (ClockLibConstructor)
/home/vsts/work/1/edk2/Build/Lumia950XL-AARCH64/DEBUG_GCC5/AARCH64/Lumia950XLPkg/Library/InterruptsLib/InterruptsLib/OUTPUT/InterruptsLib.lib(Interrupts.obj)
                              i2c_qup.obj (symbol from plugin) (mask_interrupt)
/home/vsts/work/1/edk2/Build/Lumia950XL-AARCH64/DEBUG_GCC5/AARCH64/Lumia950XLPkg/Library/MallocLib/MallocLib/OUTPUT/MallocLib.lib(malloc.obj)
                              i2c_qup.obj (symbol from plugin) (free)
/home/vsts/work/1/edk2/Build/Lumia950XL-AARCH64/DEBUG_GCC5/AARCH64/ArmPkg/Library/ArmArchTimerLib/ArmArchTimerLib/OUTPUT/ArmArchTimerLib.lib(ArmArchTimerLib.obj)
                              AutoGen.obj (symbol from plugin) (TimerConstructor)
/home/vsts/work/1/edk2/Build/Lumia950XL-AARCH64/DEBUG_GCC5/AARCH64/Lumia950XLPkg/Library/StaticQcomPlatformI2cQupLib/StaticQcomPlatformI2cQupLib/OUTPUT/StaticQcomPlatformI2cQupLib.lib(StaticQcomPlatformI2cQupLib.obj)
                              Driver.obj (symbol from plugin) (LibQcomPlatformI2cQupAddBusses)
/home/vsts/work/1/edk2/Build/Lumia950XL-AARCH64/DEBUG_GCC5/AARCH64/MdePkg/Library/BaseMemoryLib/BaseMemoryLib/OUTPUT/BaseMemoryLib.lib(ZeroMemWrapper.obj)
                              String.obj (symbol from plugin) (ZeroMem)
/home/vsts/work/1/edk2/Build/Lumia950XL-AARCH64/DEBUG_GCC5/AARCH64/MdePkg/Library/BaseMemoryLib/BaseMemoryLib/OUTPUT/BaseMemoryLib.lib(SetMemWrapper.obj)
                              DebugLib.obj (symbol from plugin) (SetMem)
/home/vsts/work/1/edk2/Build/Lumia950XL-AARCH64/DEBUG_GCC5/AARCH64/MdePkg/Library/BaseMemoryLib/BaseMemoryLib/OUTPUT/BaseMemoryLib.lib(MemLibGeneric.obj)
                              ZeroMemWrapper.obj (symbol from plugin) (InternalMemZeroMem)
/home/vsts/work/1/edk2/Build/Lumia950XL-AARCH64/DEBUG_GCC5/AARCH64/MdePkg/Library/BaseMemoryLib/BaseMemoryLib/OUTPUT/BaseMemoryLib.lib(MemLibGuid.obj)
                              SafeString.obj (symbol from plugin) (CopyGuid)
/home/vsts/work/1/edk2/Build/Lumia950XL-AARCH64/DEBUG_GCC5/AARCH64/MdePkg/Library/BaseMemoryLib/BaseMemoryLib/OUTPUT/BaseMemoryLib.lib(SetMem.obj)
                              SetMemWrapper.obj (symbol from plugin) (InternalMemSetMem)
/home/vsts/work/1/edk2/Build/Lumia950XL-AARCH64/DEBUG_GCC5/AARCH64/MdePkg/Library/BaseMemoryLib/BaseMemoryLib/OUTPUT/BaseMemoryLib.lib(SetMem64Wrapper.obj)
                              SetMemWrapper.obj (symbol from plugin) (SetMem64)
/home/vsts/work/1/edk2/Build/Lumia950XL-AARCH64/DEBUG_GCC5/AARCH64/MdePkg/Library/BaseLib/BaseLib/OUTPUT/BaseLib.lib(MultU64x64.obj)
                              ArmArchTimerLib.obj (symbol from plugin) (MultU64x64)
/home/vsts/work/1/edk2/Build/Lumia950XL-AARCH64/DEBUG_GCC5/AARCH64/MdePkg/Library/BaseLib/BaseLib/OUTPUT/BaseLib.lib(DivU64x32Remainder.obj)
                              ArmArchTimerLib.obj (symbol from plugin) (DivU64x32Remainder)
/home/vsts/work/1/edk2/Build/Lumia950XL-AARCH64/DEBUG_GCC5/AARCH64/MdePkg/Library/BaseLib/BaseLib/OUTPUT/BaseLib.lib(CpuDeadLoop.obj)
                              DebugLib.obj (symbol from plugin) (CpuDeadLoop)
/home/vsts/work/1/edk2/Build/Lumia950XL-AARCH64/DEBUG_GCC5/AARCH64/MdePkg/Library/BaseLib/BaseLib/OUTPUT/BaseLib.lib(Unaligned.obj)
                              UefiLib.obj (symbol from plugin) (ReadUnaligned24)
/home/vsts/work/1/edk2/Build/Lumia950XL-AARCH64/DEBUG_GCC5/AARCH64/MdePkg/Library/BaseLib/BaseLib/OUTPUT/BaseLib.lib(CpuBreakpoint.obj)
                              DebugLib.obj (symbol from plugin) (CpuBreakpoint)
/home/vsts/work/1/edk2/Build/Lumia950XL-AARCH64/DEBUG_GCC5/AARCH64/ArmPkg/Library/ArmLib/ArmBaseLib/OUTPUT/ArmBaseLib.lib(AArch64Support.obj)
                              ArmArchTimerLib.obj (symbol from plugin) (ArmIsArchTimerImplemented)
/home/vsts/work/1/edk2/Build/Lumia950XL-AARCH64/DEBUG_GCC5/AARCH64/MdePkg/Library/BaseDebugPrintErrorLevelLib/BaseDebugPrintErrorLevelLib/OUTPUT/BaseDebugPrintErrorLevelLib.lib(BaseDebugPrintErrorLevelLib.obj)
                              DebugLib.obj (symbol from plugin) (GetDebugPrintErrorLevel)
/home/vsts/work/1/edk2/Build/Lumia950XL-AARCH64/DEBUG_GCC5/AARCH64/Lumia950XLPkg/Library/FrameBufferSerialPortLib/FrameBufferSerialPortLib/OUTPUT/FrameBufferSerialPortLib.lib(FrameBufferSerialPortLib.obj)
                              DebugLib.obj (symbol from plugin) (SerialPortInitialize)
/home/vsts/work/1/edk2/Build/Lumia950XL-AARCH64/DEBUG_GCC5/AARCH64/MdePkg/Library/BasePrintLib/BasePrintLib/OUTPUT/BasePrintLib.lib(PrintLib.obj)
                              DebugLib.obj (symbol from plugin) (AsciiVSPrint)
/home/vsts/work/1/edk2/Build/Lumia950XL-AARCH64/DEBUG_GCC5/AARCH64/MdePkg/Library/BasePrintLib/BasePrintLib/OUTPUT/BasePrintLib.lib(PrintLibInternal.obj)
                              PrintLib.obj (symbol from plugin) (BasePrintLibConvertValueToString)
/home/vsts/work/1/edk2/Build/Lumia950XL-AARCH64/DEBUG_GCC5/AARCH64/MdePkg/Library/UefiMemoryAllocationLib/UefiMemoryAllocationLib/OUTPUT/UefiMemoryAllocationLib.lib(MemoryAllocationLib.obj)
                              malloc.obj (symbol from plugin) (AllocateAlignedPages)
/home/vsts/work/1/edk2/Build/Lumia950XL-AARCH64/DEBUG_GCC5/AARCH64/ArmPkg/Library/ArmGenericTimerPhyCounterLib/ArmGenericTimerPhyCounterLib/OUTPUT/ArmGenericTimerPhyCounterLib.lib(ArmGenericTimerPhyCounterLib.obj)
                              ArmArchTimerLib.obj (symbol from plugin) (ArmGenericTimerGetTimerFreq)
/home/vsts/work/1/edk2/Build/Lumia950XL-AARCH64/DEBUG_GCC5/AARCH64/ArmPkg/Library/ArmLib/ArmBaseLib/OUTPUT/ArmBaseLib.lib(ArmLibSupport.obj)
                              FrameBufferSerialPortLib.obj (symbol from plugin) (ArmGetInterruptState)
/home/vsts/work/1/edk2/Build/Lumia950XL-AARCH64/DEBUG_GCC5/AARCH64/ArmPkg/Library/ArmLib/ArmBaseLib/OUTPUT/ArmBaseLib.lib(ArmLibSupportV8.obj)
                              FrameBufferSerialPortLib.obj (symbol from plugin) (ArmEnableInterrupts)
/home/vsts/work/1/edk2/Build/Lumia950XL-AARCH64/DEBUG_GCC5/AARCH64/ArmPkg/Library/ArmLib/ArmBaseLib/OUTPUT/ArmBaseLib.lib(AArch64ArchTimerSupport.obj)
                              ArmGenericTimerPhyCounterLib.obj (symbol from plugin) (ArmReadCntFrq)
/home/vsts/work/1/edk2/Build/Lumia950XL-AARCH64/DEBUG_GCC5/AARCH64/ArmPkg/Library/ArmCacheMaintenanceLib/ArmCacheMaintenanceLib/OUTPUT/ArmCacheMaintenanceLib.lib(ArmCacheMaintenanceLib.obj)
                              FrameBufferSerialPortLib.obj (symbol from plugin) (WriteBackInvalidateDataCacheRange)
/home/vsts/work/1/edk2/Build/Lumia950XL-AARCH64/DEBUG_GCC5/AARCH64/ArmPkg/Library/ArmLib/ArmBaseLib/OUTPUT/ArmBaseLib.lib(ArmLib.obj)
                              ArmCacheMaintenanceLib.obj (symbol from plugin) (ArmDataCacheLineLength)

Discarded input sections

 .text          0x0000000000000000       0x10 /home/vsts/work/1/edk2/ArmPkg/Library/GccLto/liblto-aarch64.a
 .data          0x0000000000000000        0x0 /home/vsts/work/1/edk2/ArmPkg/Library/GccLto/liblto-aarch64.a
 .bss           0x0000000000000000        0x0 /home/vsts/work/1/edk2/ArmPkg/Library/GccLto/liblto-aarch64.a
 .text          0x0000000000000000        0x0 /tmp/ccaaPKEa.ltrans0.ltrans.o
 .data          0x0000000000000000        0x0 /tmp/ccaaPKEa.ltrans0.ltrans.o
 .bss           0x0000000000000000        0x0 /tmp/ccaaPKEa.ltrans0.ltrans.o
 .text.StrnLenS
                0x0000000000000000       0x7c /tmp/ccaaPKEa.ltrans0.ltrans.o
 .text.__memset
                0x0000000000000000       0x1c /tmp/ccaaPKEa.ltrans0.ltrans.o
 .text.__memcpy
                0x0000000000000000       0x20 /tmp/ccaaPKEa.ltrans0.ltrans.o
 .rodata.StrnLenS.str1.1
                0x0000000000000000       0x5e /tmp/ccaaPKEa.ltrans0.ltrans.o
 .comment       0x0000000000000000       0x2e /tmp/ccaaPKEa.ltrans0.ltrans.o
 .text          0x0000000000000000        0x0 memcpy.obj (symbol from plugin)
 .text          0x0000000000000000        0x0 memset.obj (symbol from plugin)
 .text          0x0000000000000000        0x0 DriverEntryPoint.obj (symbol from plugin)
 .text          0x0000000000000000        0x0 AutoGen.obj (symbol from plugin)
 .text          0x0000000000000000        0x0 Driver.obj (symbol from plugin)
 .text          0x0000000000000000        0x0 i2c_qup.obj (symbol from plugin)
 .text          0x0000000000000000        0x0 CopyMemWrapper.obj (symbol from plugin)
 .text          0x0000000000000000        0x0 CopyMem.obj (symbol from plugin)
 .text          0x0000000000000000        0x0 LinkedList.obj (symbol from plugin)
 .text          0x0000000000000000        0x0 String.obj (symbol from plugin)
 .text          0x0000000000000000        0x0 SafeString.obj (symbol from plugin)
 .text          0x0000000000000000        0x0 SwapBytes32.obj (symbol from plugin)
 .text          0x0000000000000000        0x0 SwapBytes16.obj (symbol from plugin)
 .text          0x0000000000000000        0x0 RShiftU64.obj (symbol from plugin)
 .text          0x0000000000000000        0x0 MultU64x32.obj (symbol from plugin)
 .text          0x0000000000000000        0x0 LShiftU64.obj (symbol from plugin)
 .text          0x0000000000000000        0x0 DivU64x32.obj (symbol from plugin)
 .text          0x0000000000000000        0x0 Math64.obj (symbol from plugin)
 .text          0x0000000000000000        0x0 IoLibArm.obj (symbol from plugin)
 .text          0x0000000000000000        0x0 DebugLib.obj (symbol from plugin)
 .text          0x0000000000000000        0x0 UefiRuntimeServicesTableLib.obj (symbol from plugin)
 .text          0x0000000000000000        0x0 UefiBootServicesTableLib.obj (symbol from plugin)
 .text          0x0000000000000000        0x0 UefiLib.obj (symbol from plugin)
 .text          0x0000000000000000        0x0 HobLib.obj (symbol from plugin)
 .text          0x0000000000000000        0x0 LibraryBS.obj (symbol from plugin)
 .text          0x0000000000000000        0x0 LibraryBS.obj (symbol from plugin)
 .text          0x0000000000000000        0x0 Interrupts.obj (symbol from plugin)
 .text          0x0000000000000000        0x0 malloc.obj (symbol from plugin)
 .text          0x0000000000000000        0x0 ArmArchTimerLib.obj (symbol from plugin)
 .text          0x0000000000000000        0x0 StaticQcomPlatformI2cQupLib.obj (symbol from plugin)
 .text          0x0000000000000000        0x0 ZeroMemWrapper.obj (symbol from plugin)
 .text          0x0000000000000000        0x0 SetMemWrapper.obj (symbol from plugin)
 .text          0x0000000000000000        0x0 MemLibGeneric.obj (symbol from plugin)
 .text          0x0000000000000000        0x0 MemLibGuid.obj (symbol from plugin)
 .text          0x0000000000000000        0x0 SetMem.obj (symbol from plugin)
 .text          0x0000000000000000        0x0 SetMem64Wrapper.obj (symbol from plugin)
 .text          0x0000000000000000        0x0 MultU64x64.obj (symbol from plugin)
 .text          0x0000000000000000        0x0 DivU64x32Remainder.obj (symbol from plugin)
 .text          0x0000000000000000        0x0 CpuDeadLoop.obj (symbol from plugin)
 .text          0x0000000000000000        0x0 Unaligned.obj (symbol from plugin)
 .text          0x0000000000000000        0x8 /home/vsts/work/1/edk2/Build/Lumia950XL-AARCH64/DEBUG_GCC5/AARCH64/MdePkg/Library/BaseLib/BaseLib/OUTPUT/BaseLib.lib(CpuBreakpoint.obj)
 .data          0x0000000000000000        0x0 /home/vsts/work/1/edk2/Build/Lumia950XL-AARCH64/DEBUG_GCC5/AARCH64/MdePkg/Library/BaseLib/BaseLib/OUTPUT/BaseLib.lib(CpuBreakpoint.obj)
 .bss           0x0000000000000000        0x0 /home/vsts/work/1/edk2/Build/Lumia950XL-AARCH64/DEBUG_GCC5/AARCH64/MdePkg/Library/BaseLib/BaseLib/OUTPUT/BaseLib.lib(CpuBreakpoint.obj)
 .text          0x0000000000000000        0x0 /home/vsts/work/1/edk2/Build/Lumia950XL-AARCH64/DEBUG_GCC5/AARCH64/ArmPkg/Library/ArmLib/ArmBaseLib/OUTPUT/ArmBaseLib.lib(AArch64Support.obj)
 .data          0x0000000000000000        0x0 /home/vsts/work/1/edk2/Build/Lumia950XL-AARCH64/DEBUG_GCC5/AARCH64/ArmPkg/Library/ArmLib/ArmBaseLib/OUTPUT/ArmBaseLib.lib(AArch64Support.obj)
 .bss           0x0000000000000000        0x0 /home/vsts/work/1/edk2/Build/Lumia950XL-AARCH64/DEBUG_GCC5/AARCH64/ArmPkg/Library/ArmLib/ArmBaseLib/OUTPUT/ArmBaseLib.lib(AArch64Support.obj)
 .text.ArmInvalidateDataCacheEntryByMVA
                0x0000000000000000        0x8 /home/vsts/work/1/edk2/Build/Lumia950XL-AARCH64/DEBUG_GCC5/AARCH64/ArmPkg/Library/ArmLib/ArmBaseLib/OUTPUT/ArmBaseLib.lib(AArch64Support.obj)
 .text.ArmCleanDataCacheEntryByMVA
                0x0000000000000000        0x8 /home/vsts/work/1/edk2/Build/Lumia950XL-AARCH64/DEBUG_GCC5/AARCH64/ArmPkg/Library/ArmLib/ArmBaseLib/OUTPUT/ArmBaseLib.lib(AArch64Support.obj)
 .text.ArmCleanDataCacheEntryToPoUByMVA
                0x0000000000000000        0x8 /home/vsts/work/1/edk2/Build/Lumia950XL-AARCH64/DEBUG_GCC5/AARCH64/ArmPkg/Library/ArmLib/ArmBaseLib/OUTPUT/ArmBaseLib.lib(AArch64Support.obj)
 .text.ArmInvalidateInstructionCacheEntryToPoUByMVA
                0x0000000000000000        0x8 /home/vsts/work/1/edk2/Build/Lumia950XL-AARCH64/DEBUG_GCC5/AARCH64/ArmPkg/Library/ArmLib/ArmBaseLib/OUTPUT/ArmBaseLib.lib(AArch64Support.obj)
 .text.ArmInvalidateDataCacheEntryBySetWay
                0x0000000000000000        0x8 /home/vsts/work/1/edk2/Build/Lumia950XL-AARCH64/DEBUG_GCC5/AARCH64/ArmPkg/Library/ArmLib/ArmBaseLib/OUTPUT/ArmBaseLib.lib(AArch64Support.obj)
 .text.ArmCleanInvalidateDataCacheEntryBySetWay
                0x0000000000000000        0x8 /home/vsts/work/1/edk2/Build/Lumia950XL-AARCH64/DEBUG_GCC5/AARCH64/ArmPkg/Library/ArmLib/ArmBaseLib/OUTPUT/ArmBaseLib.lib(AArch64Support.obj)
 .text.ArmCleanDataCacheEntryBySetWay
                0x0000000000000000        0x8 /home/vsts/work/1/edk2/Build/Lumia950XL-AARCH64/DEBUG_GCC5/AARCH64/ArmPkg/Library/ArmLib/ArmBaseLib/OUTPUT/ArmBaseLib.lib(AArch64Support.obj)
 .text.ArmInvalidateInstructionCache
                0x0000000000000000       0x10 /home/vsts/work/1/edk2/Build/Lumia950XL-AARCH64/DEBUG_GCC5/AARCH64/ArmPkg/Library/ArmLib/ArmBaseLib/OUTPUT/ArmBaseLib.lib(AArch64Support.obj)
 .text.ArmEnableMmu
                0x0000000000000000       0x88 /home/vsts/work/1/edk2/Build/Lumia950XL-AARCH64/DEBUG_GCC5/AARCH64/ArmPkg/Library/ArmLib/ArmBaseLib/OUTPUT/ArmBaseLib.lib(AArch64Support.obj)
 .text.ArmDisableMmu
                0x0000000000000000       0x74 /home/vsts/work/1/edk2/Build/Lumia950XL-AARCH64/DEBUG_GCC5/AARCH64/ArmPkg/Library/ArmLib/ArmBaseLib/OUTPUT/ArmBaseLib.lib(AArch64Support.obj)
 .text.ArmDisableCachesAndMmu
                0x0000000000000000       0x6c /home/vsts/work/1/edk2/Build/Lumia950XL-AARCH64/DEBUG_GCC5/AARCH64/ArmPkg/Library/ArmLib/ArmBaseLib/OUTPUT/ArmBaseLib.lib(AArch64Support.obj)
 .text.ArmMmuEnabled
                0x0000000000000000       0x34 /home/vsts/work/1/edk2/Build/Lumia950XL-AARCH64/DEBUG_GCC5/AARCH64/ArmPkg/Library/ArmLib/ArmBaseLib/OUTPUT/ArmBaseLib.lib(AArch64Support.obj)
 .text.ArmEnableDataCache
                0x0000000000000000       0x68 /home/vsts/work/1/edk2/Build/Lumia950XL-AARCH64/DEBUG_GCC5/AARCH64/ArmPkg/Library/ArmLib/ArmBaseLib/OUTPUT/ArmBaseLib.lib(AArch64Support.obj)
 .text.ArmDisableDataCache
                0x0000000000000000       0x68 /home/vsts/work/1/edk2/Build/Lumia950XL-AARCH64/DEBUG_GCC5/AARCH64/ArmPkg/Library/ArmLib/ArmBaseLib/OUTPUT/ArmBaseLib.lib(AArch64Support.obj)
 .text.ArmEnableInstructionCache
                0x0000000000000000       0x68 /home/vsts/work/1/edk2/Build/Lumia950XL-AARCH64/DEBUG_GCC5/AARCH64/ArmPkg/Library/ArmLib/ArmBaseLib/OUTPUT/ArmBaseLib.lib(AArch64Support.obj)
 .text.ArmDisableInstructionCache
                0x0000000000000000       0x68 /home/vsts/work/1/edk2/Build/Lumia950XL-AARCH64/DEBUG_GCC5/AARCH64/ArmPkg/Library/ArmLib/ArmBaseLib/OUTPUT/ArmBaseLib.lib(AArch64Support.obj)
 .text.ArmEnableAlignmentCheck
                0x0000000000000000       0x58 /home/vsts/work/1/edk2/Build/Lumia950XL-AARCH64/DEBUG_GCC5/AARCH64/ArmPkg/Library/ArmLib/ArmBaseLib/OUTPUT/ArmBaseLib.lib(AArch64Support.obj)
 .text.ArmDisableAlignmentCheck
                0x0000000000000000       0x68 /home/vsts/work/1/edk2/Build/Lumia950XL-AARCH64/DEBUG_GCC5/AARCH64/ArmPkg/Library/ArmLib/ArmBaseLib/OUTPUT/ArmBaseLib.lib(AArch64Support.obj)
 .text.ArmEnableStackAlignmentCheck
                0x0000000000000000       0x58 /home/vsts/work/1/edk2/Build/Lumia950XL-AARCH64/DEBUG_GCC5/AARCH64/ArmPkg/Library/ArmLib/ArmBaseLib/OUTPUT/ArmBaseLib.lib(AArch64Support.obj)
 .text.ArmDisableStackAlignmentCheck
                0x0000000000000000       0x68 /home/vsts/work/1/edk2/Build/Lumia950XL-AARCH64/DEBUG_GCC5/AARCH64/ArmPkg/Library/ArmLib/ArmBaseLib/OUTPUT/ArmBaseLib.lib(AArch64Support.obj)
 .text.ArmEnableBranchPrediction
                0x0000000000000000        0x4 /home/vsts/work/1/edk2/Build/Lumia950XL-AARCH64/DEBUG_GCC5/AARCH64/ArmPkg/Library/ArmLib/ArmBaseLib/OUTPUT/ArmBaseLib.lib(AArch64Support.obj)
 .text.ArmDisableBranchPrediction
                0x0000000000000000        0x4 /home/vsts/work/1/edk2/Build/Lumia950XL-AARCH64/DEBUG_GCC5/AARCH64/ArmPkg/Library/ArmLib/ArmBaseLib/OUTPUT/ArmBaseLib.lib(AArch64Support.obj)
 .text.AArch64AllDataCachesOperation
                0x0000000000000000       0xa8 /home/vsts/work/1/edk2/Build/Lumia950XL-AARCH64/DEBUG_GCC5/AARCH64/ArmPkg/Library/ArmLib/ArmBaseLib/OUTPUT/ArmBaseLib.lib(AArch64Support.obj)
 .text.ArmDataMemoryBarrier
                0x0000000000000000        0x8 /home/vsts/work/1/edk2/Build/Lumia950XL-AARCH64/DEBUG_GCC5/AARCH64/ArmPkg/Library/ArmLib/ArmBaseLib/OUTPUT/ArmBaseLib.lib(AArch64Support.obj)
 .text.ArmInstructionSynchronizationBarrier
                0x0000000000000000        0x8 /home/vsts/work/1/edk2/Build/Lumia950XL-AARCH64/DEBUG_GCC5/AARCH64/ArmPkg/Library/ArmLib/ArmBaseLib/OUTPUT/ArmBaseLib.lib(AArch64Support.obj)
 .text.ArmWriteVBar
                0x0000000000000000       0x34 /home/vsts/work/1/edk2/Build/Lumia950XL-AARCH64/DEBUG_GCC5/AARCH64/ArmPkg/Library/ArmLib/ArmBaseLib/OUTPUT/ArmBaseLib.lib(AArch64Support.obj)
 .text.ArmReadVBar
                0x0000000000000000       0x30 /home/vsts/work/1/edk2/Build/Lumia950XL-AARCH64/DEBUG_GCC5/AARCH64/ArmPkg/Library/ArmLib/ArmBaseLib/OUTPUT/ArmBaseLib.lib(AArch64Support.obj)
 .text.ArmEnableVFP
                0x0000000000000000       0x64 /home/vsts/work/1/edk2/Build/Lumia950XL-AARCH64/DEBUG_GCC5/AARCH64/ArmPkg/Library/ArmLib/ArmBaseLib/OUTPUT/ArmBaseLib.lib(AArch64Support.obj)
 .text.ArmCallWFI
                0x0000000000000000        0x8 /home/vsts/work/1/edk2/Build/Lumia950XL-AARCH64/DEBUG_GCC5/AARCH64/ArmPkg/Library/ArmLib/ArmBaseLib/OUTPUT/ArmBaseLib.lib(AArch64Support.obj)
 .text.ArmReadMpidr
                0x0000000000000000        0x8 /home/vsts/work/1/edk2/Build/Lumia950XL-AARCH64/DEBUG_GCC5/AARCH64/ArmPkg/Library/ArmLib/ArmBaseLib/OUTPUT/ArmBaseLib.lib(AArch64Support.obj)
 .text.ArmReadTpidrurw
                0x0000000000000000        0x8 /home/vsts/work/1/edk2/Build/Lumia950XL-AARCH64/DEBUG_GCC5/AARCH64/ArmPkg/Library/ArmLib/ArmBaseLib/OUTPUT/ArmBaseLib.lib(AArch64Support.obj)
 .text.ArmWriteTpidrurw
                0x0000000000000000        0x8 /home/vsts/work/1/edk2/Build/Lumia950XL-AARCH64/DEBUG_GCC5/AARCH64/ArmPkg/Library/ArmLib/ArmBaseLib/OUTPUT/ArmBaseLib.lib(AArch64Support.obj)
 .text.ArmReadIdPfr0
                0x0000000000000000        0x8 /home/vsts/work/1/edk2/Build/Lumia950XL-AARCH64/DEBUG_GCC5/AARCH64/ArmPkg/Library/ArmLib/ArmBaseLib/OUTPUT/ArmBaseLib.lib(AArch64Support.obj)
 .text.ArmReadIdPfr1
                0x0000000000000000        0x8 /home/vsts/work/1/edk2/Build/Lumia950XL-AARCH64/DEBUG_GCC5/AARCH64/ArmPkg/Library/ArmLib/ArmBaseLib/OUTPUT/ArmBaseLib.lib(AArch64Support.obj)
 .text.ArmWriteHcr
                0x0000000000000000        0x8 /home/vsts/work/1/edk2/Build/Lumia950XL-AARCH64/DEBUG_GCC5/AARCH64/ArmPkg/Library/ArmLib/ArmBaseLib/OUTPUT/ArmBaseLib.lib(AArch64Support.obj)
 .text.ArmReadHcr
                0x0000000000000000        0x8 /home/vsts/work/1/edk2/Build/Lumia950XL-AARCH64/DEBUG_GCC5/AARCH64/ArmPkg/Library/ArmLib/ArmBaseLib/OUTPUT/ArmBaseLib.lib(AArch64Support.obj)
 .text.ArmReadCurrentEL
                0x0000000000000000        0x8 /home/vsts/work/1/edk2/Build/Lumia950XL-AARCH64/DEBUG_GCC5/AARCH64/ArmPkg/Library/ArmLib/ArmBaseLib/OUTPUT/ArmBaseLib.lib(AArch64Support.obj)
 .text.ArmReadCntHctl
                0x0000000000000000        0x8 /home/vsts/work/1/edk2/Build/Lumia950XL-AARCH64/DEBUG_GCC5/AARCH64/ArmPkg/Library/ArmLib/ArmBaseLib/OUTPUT/ArmBaseLib.lib(AArch64Support.obj)
 .text.ArmWriteCntHctl
                0x0000000000000000        0x8 /home/vsts/work/1/edk2/Build/Lumia950XL-AARCH64/DEBUG_GCC5/AARCH64/ArmPkg/Library/ArmLib/ArmBaseLib/OUTPUT/ArmBaseLib.lib(AArch64Support.obj)
 .text          0x0000000000000000        0x0 BaseDebugPrintErrorLevelLib.obj (symbol from plugin)
 .text          0x0000000000000000        0x0 FrameBufferSerialPortLib.obj (symbol from plugin)
 .text          0x0000000000000000        0x0 PrintLib.obj (symbol from plugin)
 .text          0x0000000000000000        0x0 PrintLibInternal.obj (symbol from plugin)
 .text          0x0000000000000000        0x0 MemoryAllocationLib.obj (symbol from plugin)
 .text          0x0000000000000000        0x0 ArmGenericTimerPhyCounterLib.obj (symbol from plugin)
 .text          0x0000000000000000        0x0 /home/vsts/work/1/edk2/Build/Lumia950XL-AARCH64/DEBUG_GCC5/AARCH64/ArmPkg/Library/ArmLib/ArmBaseLib/OUTPUT/ArmBaseLib.lib(ArmLibSupport.obj)
 .data          0x0000000000000000        0x0 /home/vsts/work/1/edk2/Build/Lumia950XL-AARCH64/DEBUG_GCC5/AARCH64/ArmPkg/Library/ArmLib/ArmBaseLib/OUTPUT/ArmBaseLib.lib(ArmLibSupport.obj)
 .bss           0x0000000000000000        0x0 /home/vsts/work/1/edk2/Build/Lumia950XL-AARCH64/DEBUG_GCC5/AARCH64/ArmPkg/Library/ArmLib/ArmBaseLib/OUTPUT/ArmBaseLib.lib(ArmLibSupport.obj)
 .text.ArmReadMidr
                0x0000000000000000        0x8 /home/vsts/work/1/edk2/Build/Lumia950XL-AARCH64/DEBUG_GCC5/AARCH64/ArmPkg/Library/ArmLib/ArmBaseLib/OUTPUT/ArmBaseLib.lib(ArmLibSupport.obj)
 .text.ArmGetFiqState
                0x0000000000000000       0x10 /home/vsts/work/1/edk2/Build/Lumia950XL-AARCH64/DEBUG_GCC5/AARCH64/ArmPkg/Library/ArmLib/ArmBaseLib/OUTPUT/ArmBaseLib.lib(ArmLibSupport.obj)
 .text.ArmWriteCpacr
                0x0000000000000000        0x8 /home/vsts/work/1/edk2/Build/Lumia950XL-AARCH64/DEBUG_GCC5/AARCH64/ArmPkg/Library/ArmLib/ArmBaseLib/OUTPUT/ArmBaseLib.lib(ArmLibSupport.obj)
 .text.ArmWriteAuxCr
                0x0000000000000000       0x28 /home/vsts/work/1/edk2/Build/Lumia950XL-AARCH64/DEBUG_GCC5/AARCH64/ArmPkg/Library/ArmLib/ArmBaseLib/OUTPUT/ArmBaseLib.lib(ArmLibSupport.obj)
 .text.ArmReadAuxCr
                0x0000000000000000       0x28 /home/vsts/work/1/edk2/Build/Lumia950XL-AARCH64/DEBUG_GCC5/AARCH64/ArmPkg/Library/ArmLib/ArmBaseLib/OUTPUT/ArmBaseLib.lib(ArmLibSupport.obj)
 .text.ArmSetTTBR0
                0x0000000000000000       0x34 /home/vsts/work/1/edk2/Build/Lumia950XL-AARCH64/DEBUG_GCC5/AARCH64/ArmPkg/Library/ArmLib/ArmBaseLib/OUTPUT/ArmBaseLib.lib(ArmLibSupport.obj)
 .text.ArmGetTTBR0BaseAddress
                0x0000000000000000       0x30 /home/vsts/work/1/edk2/Build/Lumia950XL-AARCH64/DEBUG_GCC5/AARCH64/ArmPkg/Library/ArmLib/ArmBaseLib/OUTPUT/ArmBaseLib.lib(ArmLibSupport.obj)
 .text.ArmGetTCR
                0x0000000000000000       0x34 /home/vsts/work/1/edk2/Build/Lumia950XL-AARCH64/DEBUG_GCC5/AARCH64/ArmPkg/Library/ArmLib/ArmBaseLib/OUTPUT/ArmBaseLib.lib(ArmLibSupport.obj)
 .text.ArmSetTCR
                0x0000000000000000       0x34 /home/vsts/work/1/edk2/Build/Lumia950XL-AARCH64/DEBUG_GCC5/AARCH64/ArmPkg/Library/ArmLib/ArmBaseLib/OUTPUT/ArmBaseLib.lib(ArmLibSupport.obj)
 .text.ArmGetMAIR
                0x0000000000000000       0x34 /home/vsts/work/1/edk2/Build/Lumia950XL-AARCH64/DEBUG_GCC5/AARCH64/ArmPkg/Library/ArmLib/ArmBaseLib/OUTPUT/ArmBaseLib.lib(ArmLibSupport.obj)
 .text.ArmSetMAIR
                0x0000000000000000       0x34 /home/vsts/work/1/edk2/Build/Lumia950XL-AARCH64/DEBUG_GCC5/AARCH64/ArmPkg/Library/ArmLib/ArmBaseLib/OUTPUT/ArmBaseLib.lib(ArmLibSupport.obj)
 .text.ArmUpdateTranslationTableEntry
                0x0000000000000000       0x40 /home/vsts/work/1/edk2/Build/Lumia950XL-AARCH64/DEBUG_GCC5/AARCH64/ArmPkg/Library/ArmLib/ArmBaseLib/OUTPUT/ArmBaseLib.lib(ArmLibSupport.obj)
 .text.ArmInvalidateTlb
                0x0000000000000000       0x38 /home/vsts/work/1/edk2/Build/Lumia950XL-AARCH64/DEBUG_GCC5/AARCH64/ArmPkg/Library/ArmLib/ArmBaseLib/OUTPUT/ArmBaseLib.lib(ArmLibSupport.obj)
 .text.ArmWriteCptr
                0x0000000000000000        0x8 /home/vsts/work/1/edk2/Build/Lumia950XL-AARCH64/DEBUG_GCC5/AARCH64/ArmPkg/Library/ArmLib/ArmBaseLib/OUTPUT/ArmBaseLib.lib(ArmLibSupport.obj)
 .text.ArmWriteScr
                0x0000000000000000        0xc /home/vsts/work/1/edk2/Build/Lumia950XL-AARCH64/DEBUG_GCC5/AARCH64/ArmPkg/Library/ArmLib/ArmBaseLib/OUTPUT/ArmBaseLib.lib(ArmLibSupport.obj)
 .text.ArmWriteMVBar
                0x0000000000000000        0x8 /home/vsts/work/1/edk2/Build/Lumia950XL-AARCH64/DEBUG_GCC5/AARCH64/ArmPkg/Library/ArmLib/ArmBaseLib/OUTPUT/ArmBaseLib.lib(ArmLibSupport.obj)
 .text.ArmCallWFE
                0x0000000000000000        0x8 /home/vsts/work/1/edk2/Build/Lumia950XL-AARCH64/DEBUG_GCC5/AARCH64/ArmPkg/Library/ArmLib/ArmBaseLib/OUTPUT/ArmBaseLib.lib(ArmLibSupport.obj)
 .text.ArmCallSEV
                0x0000000000000000        0x8 /home/vsts/work/1/edk2/Build/Lumia950XL-AARCH64/DEBUG_GCC5/AARCH64/ArmPkg/Library/ArmLib/ArmBaseLib/OUTPUT/ArmBaseLib.lib(ArmLibSupport.obj)
 .text.ArmReadCpuActlr
                0x0000000000000000        0x8 /home/vsts/work/1/edk2/Build/Lumia950XL-AARCH64/DEBUG_GCC5/AARCH64/ArmPkg/Library/ArmLib/ArmBaseLib/OUTPUT/ArmBaseLib.lib(ArmLibSupport.obj)
 .text.ArmWriteCpuActlr
                0x0000000000000000       0x10 /home/vsts/work/1/edk2/Build/Lumia950XL-AARCH64/DEBUG_GCC5/AARCH64/ArmPkg/Library/ArmLib/ArmBaseLib/OUTPUT/ArmBaseLib.lib(ArmLibSupport.obj)
 .text.ArmReadSctlr
                0x0000000000000000       0x30 /home/vsts/work/1/edk2/Build/Lumia950XL-AARCH64/DEBUG_GCC5/AARCH64/ArmPkg/Library/ArmLib/ArmBaseLib/OUTPUT/ArmBaseLib.lib(ArmLibSupport.obj)
 .text          0x0000000000000000        0x0 /home/vsts/work/1/edk2/Build/Lumia950XL-AARCH64/DEBUG_GCC5/AARCH64/ArmPkg/Library/ArmLib/ArmBaseLib/OUTPUT/ArmBaseLib.lib(ArmLibSupportV8.obj)
 .data          0x0000000000000000        0x0 /home/vsts/work/1/edk2/Build/Lumia950XL-AARCH64/DEBUG_GCC5/AARCH64/ArmPkg/Library/ArmLib/ArmBaseLib/OUTPUT/ArmBaseLib.lib(ArmLibSupportV8.obj)
 .bss           0x0000000000000000        0x0 /home/vsts/work/1/edk2/Build/Lumia950XL-AARCH64/DEBUG_GCC5/AARCH64/ArmPkg/Library/ArmLib/ArmBaseLib/OUTPUT/ArmBaseLib.lib(ArmLibSupportV8.obj)
 .text.ArmIsMpCore
                0x0000000000000000       0x14 /home/vsts/work/1/edk2/Build/Lumia950XL-AARCH64/DEBUG_GCC5/AARCH64/ArmPkg/Library/ArmLib/ArmBaseLib/OUTPUT/ArmBaseLib.lib(ArmLibSupportV8.obj)
 .text.ArmEnableAsynchronousAbort
                0x0000000000000000        0xc /home/vsts/work/1/edk2/Build/Lumia950XL-AARCH64/DEBUG_GCC5/AARCH64/ArmPkg/Library/ArmLib/ArmBaseLib/OUTPUT/ArmBaseLib.lib(ArmLibSupportV8.obj)
 .text.ArmDisableAsynchronousAbort
                0x0000000000000000        0xc /home/vsts/work/1/edk2/Build/Lumia950XL-AARCH64/DEBUG_GCC5/AARCH64/ArmPkg/Library/ArmLib/ArmBaseLib/OUTPUT/ArmBaseLib.lib(ArmLibSupportV8.obj)
 .text.ArmEnableIrq
                0x0000000000000000        0xc /home/vsts/work/1/edk2/Build/Lumia950XL-AARCH64/DEBUG_GCC5/AARCH64/ArmPkg/Library/ArmLib/ArmBaseLib/OUTPUT/ArmBaseLib.lib(ArmLibSupportV8.obj)
 .text.ArmDisableIrq
                0x0000000000000000        0xc /home/vsts/work/1/edk2/Build/Lumia950XL-AARCH64/DEBUG_GCC5/AARCH64/ArmPkg/Library/ArmLib/ArmBaseLib/OUTPUT/ArmBaseLib.lib(ArmLibSupportV8.obj)
 .text.ArmEnableFiq
                0x0000000000000000        0xc /home/vsts/work/1/edk2/Build/Lumia950XL-AARCH64/DEBUG_GCC5/AARCH64/ArmPkg/Library/ArmLib/ArmBaseLib/OUTPUT/ArmBaseLib.lib(ArmLibSupportV8.obj)
 .text.ArmDisableFiq
                0x0000000000000000        0xc /home/vsts/work/1/edk2/Build/Lumia950XL-AARCH64/DEBUG_GCC5/AARCH64/ArmPkg/Library/ArmLib/ArmBaseLib/OUTPUT/ArmBaseLib.lib(ArmLibSupportV8.obj)
 .text.ArmDisableAllExceptions
                0x0000000000000000        0xc /home/vsts/work/1/edk2/Build/Lumia950XL-AARCH64/DEBUG_GCC5/AARCH64/ArmPkg/Library/ArmLib/ArmBaseLib/OUTPUT/ArmBaseLib.lib(ArmLibSupportV8.obj)
 .text.ReadCCSIDR
                0x0000000000000000       0x10 /home/vsts/work/1/edk2/Build/Lumia950XL-AARCH64/DEBUG_GCC5/AARCH64/ArmPkg/Library/ArmLib/ArmBaseLib/OUTPUT/ArmBaseLib.lib(ArmLibSupportV8.obj)
 .text.ReadCLIDR
                0x0000000000000000        0x8 /home/vsts/work/1/edk2/Build/Lumia950XL-AARCH64/DEBUG_GCC5/AARCH64/ArmPkg/Library/ArmLib/ArmBaseLib/OUTPUT/ArmBaseLib.lib(ArmLibSupportV8.obj)
 .text          0x0000000000000000        0x0 /home/vsts/work/1/edk2/Build/Lumia950XL-AARCH64/DEBUG_GCC5/AARCH64/ArmPkg/Library/ArmLib/ArmBaseLib/OUTPUT/ArmBaseLib.lib(AArch64ArchTimerSupport.obj)
 .data          0x0000000000000000        0x0 /home/vsts/work/1/edk2/Build/Lumia950XL-AARCH64/DEBUG_GCC5/AARCH64/ArmPkg/Library/ArmLib/ArmBaseLib/OUTPUT/ArmBaseLib.lib(AArch64ArchTimerSupport.obj)
 .bss           0x0000000000000000        0x0 /home/vsts/work/1/edk2/Build/Lumia950XL-AARCH64/DEBUG_GCC5/AARCH64/ArmPkg/Library/ArmLib/ArmBaseLib/OUTPUT/ArmBaseLib.lib(AArch64ArchTimerSupport.obj)
 .text.ArmWriteCntFrq
                0x0000000000000000        0x8 /home/vsts/work/1/edk2/Build/Lumia950XL-AARCH64/DEBUG_GCC5/AARCH64/ArmPkg/Library/ArmLib/ArmBaseLib/OUTPUT/ArmBaseLib.lib(AArch64ArchTimerSupport.obj)
 .text.ArmReadCntkCtl
                0x0000000000000000        0x8 /home/vsts/work/1/edk2/Build/Lumia950XL-AARCH64/DEBUG_GCC5/AARCH64/ArmPkg/Library/ArmLib/ArmBaseLib/OUTPUT/ArmBaseLib.lib(AArch64ArchTimerSupport.obj)
 .text.ArmWriteCntkCtl
                0x0000000000000000        0x8 /home/vsts/work/1/edk2/Build/Lumia950XL-AARCH64/DEBUG_GCC5/AARCH64/ArmPkg/Library/ArmLib/ArmBaseLib/OUTPUT/ArmBaseLib.lib(AArch64ArchTimerSupport.obj)
 .text.ArmReadCntpTval
                0x0000000000000000        0x8 /home/vsts/work/1/edk2/Build/Lumia950XL-AARCH64/DEBUG_GCC5/AARCH64/ArmPkg/Library/ArmLib/ArmBaseLib/OUTPUT/ArmBaseLib.lib(AArch64ArchTimerSupport.obj)
 .text.ArmWriteCntpTval
                0x0000000000000000        0x8 /home/vsts/work/1/edk2/Build/Lumia950XL-AARCH64/DEBUG_GCC5/AARCH64/ArmPkg/Library/ArmLib/ArmBaseLib/OUTPUT/ArmBaseLib.lib(AArch64ArchTimerSupport.obj)
 .text.ArmReadCntpCtl
                0x0000000000000000        0x8 /home/vsts/work/1/edk2/Build/Lumia950XL-AARCH64/DEBUG_GCC5/AARCH64/ArmPkg/Library/ArmLib/ArmBaseLib/OUTPUT/ArmBaseLib.lib(AArch64ArchTimerSupport.obj)
 .text.ArmWriteCntpCtl
                0x0000000000000000        0x8 /home/vsts/work/1/edk2/Build/Lumia950XL-AARCH64/DEBUG_GCC5/AARCH64/ArmPkg/Library/ArmLib/ArmBaseLib/OUTPUT/ArmBaseLib.lib(AArch64ArchTimerSupport.obj)
 .text.ArmReadCntvTval
                0x0000000000000000        0x8 /home/vsts/work/1/edk2/Build/Lumia950XL-AARCH64/DEBUG_GCC5/AARCH64/ArmPkg/Library/ArmLib/ArmBaseLib/OUTPUT/ArmBaseLib.lib(AArch64ArchTimerSupport.obj)
 .text.ArmWriteCntvTval
                0x0000000000000000        0x8 /home/vsts/work/1/edk2/Build/Lumia950XL-AARCH64/DEBUG_GCC5/AARCH64/ArmPkg/Library/ArmLib/ArmBaseLib/OUTPUT/ArmBaseLib.lib(AArch64ArchTimerSupport.obj)
 .text.ArmReadCntvCtl
                0x0000000000000000        0x8 /home/vsts/work/1/edk2/Build/Lumia950XL-AARCH64/DEBUG_GCC5/AARCH64/ArmPkg/Library/ArmLib/ArmBaseLib/OUTPUT/ArmBaseLib.lib(AArch64ArchTimerSupport.obj)
 .text.ArmWriteCntvCtl
                0x0000000000000000        0x8 /home/vsts/work/1/edk2/Build/Lumia950XL-AARCH64/DEBUG_GCC5/AARCH64/ArmPkg/Library/ArmLib/ArmBaseLib/OUTPUT/ArmBaseLib.lib(AArch64ArchTimerSupport.obj)
 .text.ArmReadCntvCt
                0x0000000000000000        0x8 /home/vsts/work/1/edk2/Build/Lumia950XL-AARCH64/DEBUG_GCC5/AARCH64/ArmPkg/Library/ArmLib/ArmBaseLib/OUTPUT/ArmBaseLib.lib(AArch64ArchTimerSupport.obj)
 .text.ArmReadCntpCval
                0x0000000000000000        0x8 /home/vsts/work/1/edk2/Build/Lumia950XL-AARCH64/DEBUG_GCC5/AARCH64/ArmPkg/Library/ArmLib/ArmBaseLib/OUTPUT/ArmBaseLib.lib(AArch64ArchTimerSupport.obj)
 .text.ArmWriteCntpCval
                0x0000000000000000        0x8 /home/vsts/work/1/edk2/Build/Lumia950XL-AARCH64/DEBUG_GCC5/AARCH64/ArmPkg/Library/ArmLib/ArmBaseLib/OUTPUT/ArmBaseLib.lib(AArch64ArchTimerSupport.obj)
 .text.ArmReadCntvCval
                0x0000000000000000        0x8 /home/vsts/work/1/edk2/Build/Lumia950XL-AARCH64/DEBUG_GCC5/AARCH64/ArmPkg/Library/ArmLib/ArmBaseLib/OUTPUT/ArmBaseLib.lib(AArch64ArchTimerSupport.obj)
 .text.ArmWriteCntvCval
                0x0000000000000000        0x8 /home/vsts/work/1/edk2/Build/Lumia950XL-AARCH64/DEBUG_GCC5/AARCH64/ArmPkg/Library/ArmLib/ArmBaseLib/OUTPUT/ArmBaseLib.lib(AArch64ArchTimerSupport.obj)
 .text.ArmReadCntvOff
                0x0000000000000000        0x8 /home/vsts/work/1/edk2/Build/Lumia950XL-AARCH64/DEBUG_GCC5/AARCH64/ArmPkg/Library/ArmLib/ArmBaseLib/OUTPUT/ArmBaseLib.lib(AArch64ArchTimerSupport.obj)
 .text.ArmWriteCntvOff
                0x0000000000000000        0x8 /home/vsts/work/1/edk2/Build/Lumia950XL-AARCH64/DEBUG_GCC5/AARCH64/ArmPkg/Library/ArmLib/ArmBaseLib/OUTPUT/ArmBaseLib.lib(AArch64ArchTimerSupport.obj)
 .text          0x0000000000000000        0x0 ArmCacheMaintenanceLib.obj (symbol from plugin)
 .text          0x0000000000000000        0x0 ArmLib.obj (symbol from plugin)

Memory Configuration

Name             Origin             Length             Attributes
*default*        0x0000000000000000 0xffffffffffffffff

Linker script and memory map

LOAD /home/vsts/work/1/edk2/ArmPkg/Library/GccLto/liblto-aarch64.a
LOAD /tmp/ccaaPKEa.ltrans0.ltrans.o
START GROUP
LOAD /home/vsts/work/1/edk2/Build/Lumia950XL-AARCH64/DEBUG_GCC5/AARCH64/MdePkg/Library/BaseMemoryLib/BaseMemoryLib/OUTPUT/BaseMemoryLib.lib
LOAD /home/vsts/work/1/edk2/Build/Lumia950XL-AARCH64/DEBUG_GCC5/AARCH64/MdePkg/Library/DxePcdLib/DxePcdLib/OUTPUT/DxePcdLib.lib
LOAD /home/vsts/work/1/edk2/Build/Lumia950XL-AARCH64/DEBUG_GCC5/AARCH64/MdePkg/Library/BaseLib/BaseLib/OUTPUT/BaseLib.lib
LOAD /home/vsts/work/1/edk2/Build/Lumia950XL-AARCH64/DEBUG_GCC5/AARCH64/ArmPkg/Library/ArmLib/ArmBaseLib/OUTPUT/ArmBaseLib.lib
LOAD /home/vsts/work/1/edk2/Build/Lumia950XL-AARCH64/DEBUG_GCC5/AARCH64/ArmPkg/Library/ArmCacheMaintenanceLib/ArmCacheMaintenanceLib/OUTPUT/ArmCacheMaintenanceLib.lib
LOAD /home/vsts/work/1/edk2/Build/Lumia950XL-AARCH64/DEBUG_GCC5/AARCH64/ArmPkg/Library/CompilerIntrinsicsLib/CompilerIntrinsicsLib/OUTPUT/CompilerIntrinsicsLib.lib
LOAD /home/vsts/work/1/edk2/Build/Lumia950XL-AARCH64/DEBUG_GCC5/AARCH64/MdePkg/Library/BaseIoLibIntrinsic/BaseIoLibIntrinsic/OUTPUT/BaseIoLibIntrinsic.lib
LOAD /home/vsts/work/1/edk2/Build/Lumia950XL-AARCH64/DEBUG_GCC5/AARCH64/MdePkg/Library/BaseDebugPrintErrorLevelLib/BaseDebugPrintErrorLevelLib/OUTPUT/BaseDebugPrintErrorLevelLib.lib
LOAD /home/vsts/work/1/edk2/Build/Lumia950XL-AARCH64/DEBUG_GCC5/AARCH64/Lumia950XLPkg/Library/FrameBufferSerialPortLib/FrameBufferSerialPortLib/OUTPUT/FrameBufferSerialPortLib.lib
LOAD /home/vsts/work/1/edk2/Build/Lumia950XL-AARCH64/DEBUG_GCC5/AARCH64/MdePkg/Library/BasePrintLib/BasePrintLib/OUTPUT/BasePrintLib.lib
LOAD /home/vsts/work/1/edk2/Build/Lumia950XL-AARCH64/DEBUG_GCC5/AARCH64/MdePkg/Library/BaseDebugLibSerialPort/BaseDebugLibSerialPort/OUTPUT/BaseDebugLibSerialPort.lib
LOAD /home/vsts/work/1/edk2/Build/Lumia950XL-AARCH64/DEBUG_GCC5/AARCH64/MdePkg/Library/UefiMemoryAllocationLib/UefiMemoryAllocationLib/OUTPUT/UefiMemoryAllocationLib.lib
LOAD /home/vsts/work/1/edk2/Build/Lumia950XL-AARCH64/DEBUG_GCC5/AARCH64/MdePkg/Library/UefiRuntimeServicesTableLib/UefiRuntimeServicesTableLib/OUTPUT/UefiRuntimeServicesTableLib.lib
LOAD /home/vsts/work/1/edk2/Build/Lumia950XL-AARCH64/DEBUG_GCC5/AARCH64/MdePkg/Library/UefiDevicePathLib/UefiDevicePathLib/OUTPUT/UefiDevicePathLib.lib
LOAD /home/vsts/work/1/edk2/Build/Lumia950XL-AARCH64/DEBUG_GCC5/AARCH64/MdePkg/Library/UefiBootServicesTableLib/UefiBootServicesTableLib/OUTPUT/UefiBootServicesTableLib.lib
LOAD /home/vsts/work/1/edk2/Build/Lumia950XL-AARCH64/DEBUG_GCC5/AARCH64/MdePkg/Library/UefiLib/UefiLib/OUTPUT/UefiLib.lib
LOAD /home/vsts/work/1/edk2/Build/Lumia950XL-AARCH64/DEBUG_GCC5/AARCH64/MdePkg/Library/DxeHobLib/DxeHobLib/OUTPUT/DxeHobLib.lib
LOAD /home/vsts/work/1/edk2/Build/Lumia950XL-AARCH64/DEBUG_GCC5/AARCH64/Lumia950XLPkg/Library/StrLib/StrLib/OUTPUT/StrLib.lib
LOAD /home/vsts/work/1/edk2/Build/Lumia950XL-AARCH64/DEBUG_GCC5/AARCH64/ArmPkg/Library/ArmGenericTimerPhyCounterLib/ArmGenericTimerPhyCounterLib/OUTPUT/ArmGenericTimerPhyCounterLib.lib
LOAD /home/vsts/work/1/edk2/Build/Lumia950XL-AARCH64/DEBUG_GCC5/AARCH64/Lumia950XLPkg/Library/MicroLibC/MicroLibC/OUTPUT/MicroLibC.lib
LOAD /home/vsts/work/1/edk2/Build/Lumia950XL-AARCH64/DEBUG_GCC5/AARCH64/Lumia950XLPkg/GPLDriver/GpioTlmmDxe/GpioTlmmLib/OUTPUT/GpioTlmmLib.lib
LOAD /home/vsts/work/1/edk2/Build/Lumia950XL-AARCH64/DEBUG_GCC5/AARCH64/Lumia950XLPkg/Driver/ClockDxe/ClockLib/OUTPUT/ClockLib.lib
LOAD /home/vsts/work/1/edk2/Build/Lumia950XL-AARCH64/DEBUG_GCC5/AARCH64/MdePkg/Library/UefiDriverEntryPoint/UefiDriverEntryPoint/OUTPUT/UefiDriverEntryPoint.lib
LOAD /home/vsts/work/1/edk2/Build/Lumia950XL-AARCH64/DEBUG_GCC5/AARCH64/Lumia950XLPkg/Library/InterruptsLib/InterruptsLib/OUTPUT/InterruptsLib.lib
LOAD /home/vsts/work/1/edk2/Build/Lumia950XL-AARCH64/DEBUG_GCC5/AARCH64/Lumia950XLPkg/Library/MallocLib/MallocLib/OUTPUT/MallocLib.lib
LOAD /home/vsts/work/1/edk2/Build/Lumia950XL-AARCH64/DEBUG_GCC5/AARCH64/ArmPkg/Library/ArmArchTimerLib/ArmArchTimerLib/OUTPUT/ArmArchTimerLib.lib
LOAD /home/vsts/work/1/edk2/Build/Lumia950XL-AARCH64/DEBUG_GCC5/AARCH64/Lumia950XLPkg/Library/StaticQcomPlatformI2cQupLib/StaticQcomPlatformI2cQupLib/OUTPUT/StaticQcomPlatformI2cQupLib.lib
LOAD /home/vsts/work/1/edk2/Build/Lumia950XL-AARCH64/DEBUG_GCC5/AARCH64/Lumia950XLPkg/Driver/I2cQupDxe/I2cQupDxe/OUTPUT/I2cQupDxe.lib
END GROUP
                0x0000000000000228                . = PECOFF_HEADER_SIZE

.text           0x0000000000001000     0x5722
 *(.text .text.* .stub .gnu.linkonce.t.*)
 .text.DebugPrintLevelEnabled
                0x0000000000001000        0xc /tmp/ccaaPKEa.ltrans0.ltrans.o
 .text.BasePrintLibFillBuffer
                0x000000000000100c       0x34 /tmp/ccaaPKEa.ltrans0.ltrans.o
 .text.PlatformI2cQupLibConstructor
                0x0000000000001040        0x8 /tmp/ccaaPKEa.ltrans0.ltrans.o
 .text.GetInterruptHandlerEntry
                0x0000000000001048       0x88 /tmp/ccaaPKEa.ltrans0.ltrans.o
 .text.DebugPrintEnabled
                0x00000000000010d0        0x8 /tmp/ccaaPKEa.ltrans0.ltrans.o
 .text.DebugAssertEnabled
                0x00000000000010d8        0x8 /tmp/ccaaPKEa.ltrans0.ltrans.o
 .text.AsciiStrnLenS
                0x00000000000010e0       0x3c /tmp/ccaaPKEa.ltrans0.ltrans.o
 .text.qup_i2c_iterate
                0x000000000000111c       0x48 /tmp/ccaaPKEa.ltrans0.ltrans.o
 .text.qup_i2c_get_dev
                0x0000000000001164       0x34 /tmp/ccaaPKEa.ltrans0.ltrans.o
 .text.BaseDebugLibSerialPortConstructor
                0x0000000000001198       0x84 /tmp/ccaaPKEa.ltrans0.ltrans.o
 .text.FbConFlush
                0x000000000000121c       0x54 /tmp/ccaaPKEa.ltrans0.ltrans.o
 .text.SerialPortWrite
                0x0000000000001270      0x314 /tmp/ccaaPKEa.ltrans0.ltrans.o
 .text.MicroSecondDelay
                0x0000000000001584       0x50 /tmp/ccaaPKEa.ltrans0.ltrans.o
 .text.DebugAssert
                0x00000000000015d4       0x58 /tmp/ccaaPKEa.ltrans0.ltrans.o
 .text.InterruptsLibIrqHandler
                0x000000000000162c       0x94 /tmp/ccaaPKEa.ltrans0.ltrans.o
 .text.ReadUnaligned16
                0x00000000000016c0       0x68 /tmp/ccaaPKEa.ltrans0.ltrans.o
 .text.ReadUnaligned32
                0x0000000000001728       0x5c /tmp/ccaaPKEa.ltrans0.ltrans.o
 .text.ReadUnaligned64
                0x0000000000001784       0x5c /tmp/ccaaPKEa.ltrans0.ltrans.o
 .text.CompareGuid.constprop.7
                0x00000000000017e0       0x64 /tmp/ccaaPKEa.ltrans0.ltrans.o
 .text.ZeroMem  0x0000000000001844       0xf8 /tmp/ccaaPKEa.ltrans0.ltrans.o
 .text.AllocateZeroPool
                0x000000000000193c       0x50 /tmp/ccaaPKEa.ltrans0.ltrans.o
 .text.MmioWrite32
                0x000000000000198c       0x54 /tmp/ccaaPKEa.ltrans0.ltrans.o
 .text.MmioRead32
                0x00000000000019e0       0x4c /tmp/ccaaPKEa.ltrans0.ltrans.o
 .text.BasePrintLibSPrintMarker.constprop.16
                0x0000000000001a2c      0xc70 /tmp/ccaaPKEa.ltrans0.ltrans.o
 .text.unlikely.BasePrintLibSPrint.constprop.17
                0x000000000000269c       0x54 /tmp/ccaaPKEa.ltrans0.ltrans.o
 .text.AsciiSPrint
                0x00000000000026f0       0x58 /tmp/ccaaPKEa.ltrans0.ltrans.o
 .text.AsciiStrLen
                0x0000000000002748       0x80 /tmp/ccaaPKEa.ltrans0.ltrans.o
 .text.DebugPrint
                0x00000000000027c8       0x88 /tmp/ccaaPKEa.ltrans0.ltrans.o
 .text.TimerConstructor
                0x0000000000002850       0x84 /tmp/ccaaPKEa.ltrans0.ltrans.o
 .text.free     0x00000000000028d4      0x230 /tmp/ccaaPKEa.ltrans0.ltrans.o
 .text.InterruptsLibConstructor
                0x0000000000002b04       0x8c /tmp/ccaaPKEa.ltrans0.ltrans.o
 .text.unmask_interrupt
                0x0000000000002b90       0x80 /tmp/ccaaPKEa.ltrans0.ltrans.o
 .text.mask_interrupt
                0x0000000000002c10       0x80 /tmp/ccaaPKEa.ltrans0.ltrans.o
 .text.ClockLibConstructor
                0x0000000000002c90       0x8c /tmp/ccaaPKEa.ltrans0.ltrans.o
 .text.GpioTlmmLibConstructor
                0x0000000000002d1c       0x8c /tmp/ccaaPKEa.ltrans0.ltrans.o
 .text.AsciiStrSize
                0x0000000000002da8       0x18 /tmp/ccaaPKEa.ltrans0.ltrans.o
 .text.InternalBaseLibIsListValid
                0x0000000000002dc0       0xb8 /tmp/ccaaPKEa.ltrans0.ltrans.o
 .text.IsListEmpty
                0x0000000000002e78       0x5c /tmp/ccaaPKEa.ltrans0.ltrans.o
 .text.RemoveEntryList
                0x0000000000002ed4       0x64 /tmp/ccaaPKEa.ltrans0.ltrans.o
 .text._DriverUnloadHandler
                0x0000000000002f38       0x54 /tmp/ccaaPKEa.ltrans0.ltrans.o
 .text.InsertTailList
                0x0000000000002f8c       0x6c /tmp/ccaaPKEa.ltrans0.ltrans.o
 .text.register_int_handler.constprop.2
                0x0000000000002ff8      0x144 /tmp/ccaaPKEa.ltrans0.ltrans.o
 .text.RegisterI2cDevice
                0x000000000000313c       0x8c /tmp/ccaaPKEa.ltrans0.ltrans.o
 .text.LibQcomPlatformI2cQupAddBusses.constprop.9
                0x00000000000031c8      0x25c /tmp/ccaaPKEa.ltrans0.ltrans.o
 .text.CopyMem  0x0000000000003424      0x2a8 /tmp/ccaaPKEa.ltrans0.ltrans.o
 .text.qup_i2c_interrupt
                0x00000000000036cc      0x36c /tmp/ccaaPKEa.ltrans0.ltrans.o
 .text.qup_verify_fifo.isra.1
                0x0000000000003a38      0x118 /tmp/ccaaPKEa.ltrans0.ltrans.o
 .text.qup_set_read_mode
                0x0000000000003b50      0x114 /tmp/ccaaPKEa.ltrans0.ltrans.o
 .text.qup_i2c_poll_state
                0x0000000000003c64      0x124 /tmp/ccaaPKEa.ltrans0.ltrans.o
 .text.qup_i2c_reset
                0x0000000000003d88      0x130 /tmp/ccaaPKEa.ltrans0.ltrans.o
 .text.qup_update_state
                0x0000000000003eb8      0x148 /tmp/ccaaPKEa.ltrans0.ltrans.o
 .text.qup_i2c_xfer
                0x0000000000004000     0x1048 /tmp/ccaaPKEa.ltrans0.ltrans.o
 .text._ModuleEntryPoint
                0x0000000000005048      0x498 /tmp/ccaaPKEa.ltrans0.ltrans.o
                0x0000000000005048                _ModuleEntryPoint
 .text.ArmCleanInvalidateDataCacheEntryByMVA
                0x00000000000054e0        0x8 /home/vsts/work/1/edk2/Build/Lumia950XL-AARCH64/DEBUG_GCC5/AARCH64/ArmPkg/Library/ArmLib/ArmBaseLib/OUTPUT/ArmBaseLib.lib(AArch64Support.obj)
                0x00000000000054e0                ArmCleanInvalidateDataCacheEntryByMVA
 .text.ArmDataSynchronizationBarrier
                0x00000000000054e8        0x8 /home/vsts/work/1/edk2/Build/Lumia950XL-AARCH64/DEBUG_GCC5/AARCH64/ArmPkg/Library/ArmLib/ArmBaseLib/OUTPUT/ArmBaseLib.lib(AArch64Support.obj)
                0x00000000000054e8                ArmDataSynchronizationBarrier
 .text.ArmIsArchTimerImplemented
                0x00000000000054f0        0x8 /home/vsts/work/1/edk2/Build/Lumia950XL-AARCH64/DEBUG_GCC5/AARCH64/ArmPkg/Library/ArmLib/ArmBaseLib/OUTPUT/ArmBaseLib.lib(AArch64Support.obj)
                0x00000000000054f0                ArmIsArchTimerImplemented
 .text.ArmCacheInfo
                0x00000000000054f8        0x8 /home/vsts/work/1/edk2/Build/Lumia950XL-AARCH64/DEBUG_GCC5/AARCH64/ArmPkg/Library/ArmLib/ArmBaseLib/OUTPUT/ArmBaseLib.lib(ArmLibSupport.obj)
                0x00000000000054f8                ArmCacheInfo
 .text.ArmGetInterruptState
                0x0000000000005500       0x10 /home/vsts/work/1/edk2/Build/Lumia950XL-AARCH64/DEBUG_GCC5/AARCH64/ArmPkg/Library/ArmLib/ArmBaseLib/OUTPUT/ArmBaseLib.lib(ArmLibSupport.obj)
                0x0000000000005500                ArmGetInterruptState
 .text.ArmEnableInterrupts
                0x0000000000005510        0xc /home/vsts/work/1/edk2/Build/Lumia950XL-AARCH64/DEBUG_GCC5/AARCH64/ArmPkg/Library/ArmLib/ArmBaseLib/OUTPUT/ArmBaseLib.lib(ArmLibSupportV8.obj)
                0x0000000000005510                ArmEnableInterrupts
 .text.ArmDisableInterrupts
                0x000000000000551c        0xc /home/vsts/work/1/edk2/Build/Lumia950XL-AARCH64/DEBUG_GCC5/AARCH64/ArmPkg/Library/ArmLib/ArmBaseLib/OUTPUT/ArmBaseLib.lib(ArmLibSupportV8.obj)
                0x000000000000551c                ArmDisableInterrupts
 .text.ArmReadCntFrq
                0x0000000000005528        0x8 /home/vsts/work/1/edk2/Build/Lumia950XL-AARCH64/DEBUG_GCC5/AARCH64/ArmPkg/Library/ArmLib/ArmBaseLib/OUTPUT/ArmBaseLib.lib(AArch64ArchTimerSupport.obj)
                0x0000000000005528                ArmReadCntFrq
 .text.ArmReadCntPct
                0x0000000000005530        0x8 /home/vsts/work/1/edk2/Build/Lumia950XL-AARCH64/DEBUG_GCC5/AARCH64/ArmPkg/Library/ArmLib/ArmBaseLib/OUTPUT/ArmBaseLib.lib(AArch64ArchTimerSupport.obj)
                0x0000000000005530                ArmReadCntPct
 *(.rodata .rodata.* .gnu.linkonce.r.*)
 .rodata.AsciiStrLen.str1.1
                0x0000000000005538       0x6f /tmp/ccaaPKEa.ltrans0.ltrans.o
 .rodata.BasePrintLibSPrintMarker.constprop.16.str1.1
                0x00000000000055a7      0x176 /tmp/ccaaPKEa.ltrans0.ltrans.o
 .rodata.ClockLibConstructor.str1.1
                0x000000000000571d       0x41 /tmp/ccaaPKEa.ltrans0.ltrans.o
 .rodata.CopyMem.str1.1
                0x000000000000575e       0xc6 /tmp/ccaaPKEa.ltrans0.ltrans.o
 .rodata.DebugAssert.str1.1
                0x0000000000005824       0x22 /tmp/ccaaPKEa.ltrans0.ltrans.o
 .rodata.GpioTlmmLibConstructor.str1.1
                0x0000000000005846       0x47 /tmp/ccaaPKEa.ltrans0.ltrans.o
 .rodata.InternalBaseLibIsListValid.str1.1
                0x000000000000588d       0x7c /tmp/ccaaPKEa.ltrans0.ltrans.o
                                         0x91 (size before relaxing)
 .rodata.InterruptsLibIrqHandler.str1.1
                0x0000000000005909       0x4e /tmp/ccaaPKEa.ltrans0.ltrans.o
 .rodata.IsListEmpty.str1.1
                0x0000000000005957       0x26 /tmp/ccaaPKEa.ltrans0.ltrans.o
 .rodata.LibQcomPlatformI2cQupAddBusses.constprop.9.str1.1
                0x000000000000597d      0x119 /tmp/ccaaPKEa.ltrans0.ltrans.o
 .rodata.MmioWrite32.str1.1
                0x0000000000005a96       0x57 /tmp/ccaaPKEa.ltrans0.ltrans.o
 .rodata.ReadUnaligned16.str1.1
                0x0000000000005aed       0x55 /tmp/ccaaPKEa.ltrans0.ltrans.o
 .rodata.RemoveEntryList.str1.1
                0x0000000000005b42       0x15 /tmp/ccaaPKEa.ltrans0.ltrans.o
 .rodata.TimerConstructor.str1.1
                0x0000000000005b57       0xc5 /tmp/ccaaPKEa.ltrans0.ltrans.o
                                         0xc7 (size before relaxing)
 .rodata.ZeroMem.str1.1
                0x0000000000005c1c       0x7b /tmp/ccaaPKEa.ltrans0.ltrans.o
 .rodata._ModuleEntryPoint.str1.1
                0x0000000000005c97      0x25a /tmp/ccaaPKEa.ltrans0.ltrans.o
 .rodata.free.str1.1
                0x0000000000005ef1      0x174 /tmp/ccaaPKEa.ltrans0.ltrans.o
 .rodata.mHexStr
                0x0000000000006065       0x10 /tmp/ccaaPKEa.ltrans0.ltrans.o
 *fill*         0x0000000000006075        0x3 
 .rodata.mStatusString
                0x0000000000006078      0x138 /tmp/ccaaPKEa.ltrans0.ltrans.o
 .rodata.qup_i2c_interrupt.str1.1
                0x00000000000061b0       0x8e /tmp/ccaaPKEa.ltrans0.ltrans.o
 .rodata.qup_i2c_poll_state.str1.1
                0x000000000000623e       0x2a /tmp/ccaaPKEa.ltrans0.ltrans.o
 .rodata.qup_i2c_reset.str1.1
                0x0000000000006268       0x1c /tmp/ccaaPKEa.ltrans0.ltrans.o
 .rodata.qup_i2c_xfer.str1.1
                0x0000000000006284      0x1c2 /tmp/ccaaPKEa.ltrans0.ltrans.o
 .rodata.qup_set_read_mode.str1.1
                0x0000000000006446       0x2a /tmp/ccaaPKEa.ltrans0.ltrans.o
 .rodata.qup_update_state.str1.1
                0x0000000000006470       0x3c /tmp/ccaaPKEa.ltrans0.ltrans.o
 .rodata.qup_verify_fifo.isra.1.str1.1
                0x00000000000064ac       0x3c /tmp/ccaaPKEa.ltrans0.ltrans.o
 .rodata.register_int_handler.constprop.2.str1.1
                0x00000000000064e8       0x16 /tmp/ccaaPKEa.ltrans0.ltrans.o
 .rodata.str1.1
                0x00000000000064fe      0x224 /tmp/ccaaPKEa.ltrans0.ltrans.o
                                        0x235 (size before relaxing)
 *(.got .got.*)
 *:AutoGen.obj(.data.g*Guid)

.iplt           0x0000000000006724        0x0
 .iplt          0x0000000000006724        0x0 /home/vsts/work/1/edk2/Build/Lumia950XL-AARCH64/DEBUG_GCC5/AARCH64/ArmPkg/Library/ArmLib/ArmBaseLib/OUTPUT/ArmBaseLib.lib(AArch64Support.obj)

.data           0x0000000000007000      0x478
 *(.data .data.* .gnu.linkonce.d.*)
 .data.NextDeviceId.11402
                0x0000000000007000        0x8 /tmp/ccaaPKEa.ltrans0.ltrans.o
 .data.font5x12
                0x0000000000007008      0x300 /tmp/ccaaPKEa.ltrans0.ltrans.o
 .data.gEfiHobListGuid
                0x0000000000007308       0x10 /tmp/ccaaPKEa.ltrans0.ltrans.o
 .data.gEfiLoadedImageProtocolGuid
                0x0000000000007318       0x10 /tmp/ccaaPKEa.ltrans0.ltrans.o
 .data.gHardwareInterruptProtocolGuid
                0x0000000000007328       0x10 /tmp/ccaaPKEa.ltrans0.ltrans.o
 .data.gI2cDevices
                0x0000000000007338       0x60 /tmp/ccaaPKEa.ltrans0.ltrans.o
 .data.gQcomClockProtocolGuid
                0x0000000000007398       0x10 /tmp/ccaaPKEa.ltrans0.ltrans.o
 .data.gQcomGpioTlmmProtocolGuid
                0x00000000000073a8       0x10 /tmp/ccaaPKEa.ltrans0.ltrans.o
 .data.gQcomI2cQupProtocolGuid
                0x00000000000073b8       0x10 /tmp/ccaaPKEa.ltrans0.ltrans.o
 .data.mDevices
                0x00000000000073c8       0x10 /tmp/ccaaPKEa.ltrans0.ltrans.o
 .data.mHandlers
                0x00000000000073d8       0x10 /tmp/ccaaPKEa.ltrans0.ltrans.o
 .data.mI2cQup  0x00000000000073e8       0x18 /tmp/ccaaPKEa.ltrans0.ltrans.o
 *(.bss .bss.*)
 .bss.gBS       0x0000000000007400        0x8 /tmp/ccaaPKEa.ltrans0.ltrans.o
 .bss.gClock    0x0000000000007408        0x8 /tmp/ccaaPKEa.ltrans0.ltrans.o
 .bss.gGpioTlmm
                0x0000000000007410        0x8 /tmp/ccaaPKEa.ltrans0.ltrans.o
 .bss.gImageHandle
                0x0000000000007418        0x8 /tmp/ccaaPKEa.ltrans0.ltrans.o
 .bss.gRT       0x0000000000007420        0x8 /tmp/ccaaPKEa.ltrans0.ltrans.o
 .bss.gST       0x0000000000007428        0x8 /tmp/ccaaPKEa.ltrans0.ltrans.o
 .bss.mHobList  0x0000000000007430        0x8 /tmp/ccaaPKEa.ltrans0.ltrans.o
 .bss.mInterrupt
                0x0000000000007438        0x8 /tmp/ccaaPKEa.ltrans0.ltrans.o
 .bss.m_Color   0x0000000000007440       0x10 /tmp/ccaaPKEa.ltrans0.ltrans.o
 .bss.m_Initialized
                0x0000000000007450        0x1 /tmp/ccaaPKEa.ltrans0.ltrans.o
 *fill*         0x0000000000007451        0x7 
 .bss.m_MaxPosition
                0x0000000000007458       0x10 /tmp/ccaaPKEa.ltrans0.ltrans.o
 .bss.m_Position
                0x0000000000007468       0x10 /tmp/ccaaPKEa.ltrans0.ltrans.o

.igot.plt       0x0000000000007478        0x0
 .igot.plt      0x0000000000007478        0x0 /home/vsts/work/1/edk2/Build/Lumia950XL-AARCH64/DEBUG_GCC5/AARCH64/ArmPkg/Library/ArmLib/ArmBaseLib/OUTPUT/ArmBaseLib.lib(AArch64Support.obj)

.eh_frame
 *(.eh_frame)

.rela           0x0000000000007478        0x0
 *(.rela .rela.*)
 .rela.iplt     0x0000000000007478        0x0 /home/vsts/work/1/edk2/Build/Lumia950XL-AARCH64/DEBUG_GCC5/AARCH64/ArmPkg/Library/ArmLib/ArmBaseLib/OUTPUT/ArmBaseLib.lib(AArch64Support.obj)

.hii
 *(.hii)

.build-id       0x0000000000007478       0x24
 *(.note.gnu.build-id)
 .note.gnu.build-id
                0x0000000000007478       0x24 /home/vsts/work/1/edk2/ArmPkg/Library/GccLto/liblto-aarch64.a

/DISCARD/
 *(.note.GNU-stack)
 *(.gnu_debuglink)
 *(.interp)
 *(.dynsym)
 *(.dynstr)
 *(.dynamic)
 *(.hash .gnu.hash)
 *(.comment)
 *(COMMON)
                0x0000000000000228                PECOFF_HEADER_SIZE = 0x228
OUTPUT(/home/vsts/work/1/edk2/Build/Lumia950XL-AARCH64/DEBUG_GCC5/AARCH64/Lumia950XLPkg/Driver/I2cQupDxe/I2cQupDxe/DEBUG/I2cQupDxe.dll elf64-littleaarch64)

.debug_info     0x0000000000000000     0xa834
 .debug_info    0x0000000000000000     0xa834 /tmp/ccaaPKEa.ltrans0.ltrans.o

.debug_abbrev   0x0000000000000000      0x6d1
 .debug_abbrev  0x0000000000000000      0x6d1 /tmp/ccaaPKEa.ltrans0.ltrans.o

.debug_loc      0x0000000000000000     0x98b7
 .debug_loc     0x0000000000000000     0x98b7 /tmp/ccaaPKEa.ltrans0.ltrans.o

.debug_aranges  0x0000000000000000      0x3a0
 .debug_aranges
                0x0000000000000000      0x3a0 /tmp/ccaaPKEa.ltrans0.ltrans.o

.debug_ranges   0x0000000000000000     0x1300
 .debug_ranges  0x0000000000000000     0x1300 /tmp/ccaaPKEa.ltrans0.ltrans.o

.debug_line     0x0000000000000000     0x1b22
 .debug_line    0x0000000000000000     0x1b22 /tmp/ccaaPKEa.ltrans0.ltrans.o

.debug_str      0x0000000000000000     0x3021
 .debug_str     0x0000000000000000     0x3021 /tmp/ccaaPKEa.ltrans0.ltrans.o
                                       0x33e3 (size before relaxing)

.debug_frame    0x0000000000000000      0xb20
 .debug_frame   0x0000000000000000      0xb20 /tmp/ccaaPKEa.ltrans0.ltrans.o
