Archive member included to satisfy reference by file (symbol)

/home/vsts/work/1/edk2/Build/Lumia950XL-AARCH64/DEBUG_GCC5/AARCH64/ArmPkg/Library/CompilerIntrinsicsLib/CompilerIntrinsicsLib/OUTPUT/CompilerIntrinsicsLib.lib(memcpy.obj)
                              /home/vsts/work/1/edk2/ArmPkg/Library/GccLto/liblto-aarch64.a (memcpy)
/home/vsts/work/1/edk2/Build/Lumia950XL-AARCH64/DEBUG_GCC5/AARCH64/ArmPkg/Library/CompilerIntrinsicsLib/CompilerIntrinsicsLib/OUTPUT/CompilerIntrinsicsLib.lib(memset.obj)
                              /home/vsts/work/1/edk2/ArmPkg/Library/GccLto/liblto-aarch64.a (memset)
/home/vsts/work/1/edk2/Build/Lumia950XL-AARCH64/DEBUG_GCC5/AARCH64/Lumia950XLPkg/PrePi/PrePi/OUTPUT/Sec.lib(ModuleEntryPoint.obj)
                              (_ModuleEntryPoint)
/home/vsts/work/1/edk2/Build/Lumia950XL-AARCH64/DEBUG_GCC5/AARCH64/Lumia950XLPkg/PrePi/PrePi/OUTPUT/Sec.lib(Pi.obj)
                              /home/vsts/work/1/edk2/Build/Lumia950XL-AARCH64/DEBUG_GCC5/AARCH64/Lumia950XLPkg/PrePi/PrePi/OUTPUT/Sec.lib(ModuleEntryPoint.obj) (CEntryPoint)
/home/vsts/work/1/edk2/Build/Lumia950XL-AARCH64/DEBUG_GCC5/AARCH64/Lumia950XLPkg/PrePi/PrePi/OUTPUT/Sec.lib(EarlyQGic.obj)
                              Pi.obj (symbol from plugin) (QGicPeim)
/home/vsts/work/1/edk2/Build/Lumia950XL-AARCH64/DEBUG_GCC5/AARCH64/Lumia950XLPkg/PrePi/PrePi/OUTPUT/Sec.lib(AutoGen.obj)
                              Pi.obj (symbol from plugin) (ProcessLibraryConstructorList)
/home/vsts/work/1/edk2/Build/Lumia950XL-AARCH64/DEBUG_GCC5/AARCH64/MdePkg/Library/BaseLib/BaseLib/OUTPUT/BaseLib.lib(CheckSum.obj)
                              Pi.obj (symbol from plugin) (CalculateCrc32)
/home/vsts/work/1/edk2/Build/Lumia950XL-AARCH64/DEBUG_GCC5/AARCH64/MdePkg/Library/BaseLib/BaseLib/OUTPUT/BaseLib.lib(CpuDeadLoop.obj)
                              Pi.obj (symbol from plugin) (CpuDeadLoop)
/home/vsts/work/1/edk2/Build/Lumia950XL-AARCH64/DEBUG_GCC5/AARCH64/ArmPkg/Library/ArmLib/ArmBaseLib/OUTPUT/ArmBaseLib.lib(AArch64Lib.obj)
                              /home/vsts/work/1/edk2/Build/Lumia950XL-AARCH64/DEBUG_GCC5/AARCH64/Lumia950XLPkg/PrePi/PrePi/OUTPUT/Sec.lib(ModuleEntryPoint.obj) (ArmInvalidateDataCache)
/home/vsts/work/1/edk2/Build/Lumia950XL-AARCH64/DEBUG_GCC5/AARCH64/ArmPkg/Library/ArmLib/ArmBaseLib/OUTPUT/ArmBaseLib.lib(ArmLibSupport.obj)
                              AArch64Lib.obj (symbol from plugin) (ArmGetInterruptState)
/home/vsts/work/1/edk2/Build/Lumia950XL-AARCH64/DEBUG_GCC5/AARCH64/ArmPkg/Library/ArmLib/ArmBaseLib/OUTPUT/ArmBaseLib.lib(ArmLibSupportV8.obj)
                              AArch64Lib.obj (symbol from plugin) (ArmEnableInterrupts)
/home/vsts/work/1/edk2/Build/Lumia950XL-AARCH64/DEBUG_GCC5/AARCH64/ArmPkg/Library/ArmLib/ArmBaseLib/OUTPUT/ArmBaseLib.lib(AArch64Support.obj)
                              AArch64Lib.obj (symbol from plugin) (ArmInvalidateDataCacheEntryBySetWay)
/home/vsts/work/1/edk2/Build/Lumia950XL-AARCH64/DEBUG_GCC5/AARCH64/ArmPlatformPkg/Library/PrePiHobListPointerLib/PrePiHobListPointerLib/OUTPUT/PrePiHobListPointerLib.lib(PrePiHobListPointer.obj)
                              Pi.obj (symbol from plugin) (PrePeiSetHobList)
/home/vsts/work/1/edk2/Build/Lumia950XL-AARCH64/DEBUG_GCC5/AARCH64/EmbeddedPkg/Library/PrePiHobLib/PrePiHobLib/OUTPUT/PrePiHobLib.lib(Hob.obj)
                              Pi.obj (symbol from plugin) (HobConstructor)
/home/vsts/work/1/edk2/Build/Lumia950XL-AARCH64/DEBUG_GCC5/AARCH64/ArmPkg/Library/ArmCacheMaintenanceLib/ArmCacheMaintenanceLib/OUTPUT/ArmCacheMaintenanceLib.lib(ArmCacheMaintenanceLib.obj)
                              Pi.obj (symbol from plugin) (InvalidateDataCacheRange)
/home/vsts/work/1/edk2/Build/Lumia950XL-AARCH64/DEBUG_GCC5/AARCH64/MdePkg/Library/BaseIoLibIntrinsic/BaseIoLibIntrinsic/OUTPUT/BaseIoLibIntrinsic.lib(IoLibArm.obj)
                              EarlyQGic.obj (symbol from plugin) (MmioRead32)
/home/vsts/work/1/edk2/Build/Lumia950XL-AARCH64/DEBUG_GCC5/AARCH64/Lumia950XLPkg/Library/FrameBufferSerialPortLib/FrameBufferSerialPortLib/OUTPUT/FrameBufferSerialPortLib.lib(FrameBufferSerialPortLib.obj)
                              Pi.obj (symbol from plugin) (ResetFb)
/home/vsts/work/1/edk2/Build/Lumia950XL-AARCH64/DEBUG_GCC5/AARCH64/MdePkg/Library/BaseDebugLibSerialPort/BaseDebugLibSerialPort/OUTPUT/BaseDebugLibSerialPort.lib(DebugLib.obj)
                              AutoGen.obj (symbol from plugin) (BaseDebugLibSerialPortConstructor)
/home/vsts/work/1/edk2/Build/Lumia950XL-AARCH64/DEBUG_GCC5/AARCH64/ArmPkg/Library/ArmArchTimerLib/ArmArchTimerLib/OUTPUT/ArmArchTimerLib.lib(ArmArchTimerLib.obj)
                              AutoGen.obj (symbol from plugin) (TimerConstructor)
/home/vsts/work/1/edk2/Build/Lumia950XL-AARCH64/DEBUG_GCC5/AARCH64/MdePkg/Library/BasePeCoffLib/BasePeCoffLib/OUTPUT/BasePeCoffLib.lib(BasePeCoff.obj)
                              Hob.obj (symbol from plugin) (PeCoffLoaderGetImageInfo)
/home/vsts/work/1/edk2/Build/Lumia950XL-AARCH64/DEBUG_GCC5/AARCH64/MdePkg/Library/BasePeCoffLib/BasePeCoffLib/OUTPUT/BasePeCoffLib.lib(PeCoffLoaderEx.obj)
                              BasePeCoff.obj (symbol from plugin) (PeCoffLoaderRelocateImageEx)
/home/vsts/work/1/edk2/Build/Lumia950XL-AARCH64/DEBUG_GCC5/AARCH64/EmbeddedPkg/Library/PrePiExtractGuidedSectionLib/PrePiExtractGuidedSectionLib/OUTPUT/PrePiExtractGuidedSectionLib.lib(PrePiExtractGuidedSectionLib.obj)
                              AutoGen.obj (symbol from plugin) (ExtractGuidedSectionLibConstructor)
/home/vsts/work/1/edk2/Build/Lumia950XL-AARCH64/DEBUG_GCC5/AARCH64/EmbeddedPkg/Library/PrePiLib/PrePiLib/OUTPUT/PrePiLib.lib(PrePiLib.obj)
                              Pi.obj (symbol from plugin) (LoadDxeCoreFromFv)
/home/vsts/work/1/edk2/Build/Lumia950XL-AARCH64/DEBUG_GCC5/AARCH64/EmbeddedPkg/Library/PrePiLib/PrePiLib/OUTPUT/PrePiLib.lib(FwVol.obj)
                              PrePiLib.obj (symbol from plugin) (FfsFindSectionData)
/home/vsts/work/1/edk2/Build/Lumia950XL-AARCH64/DEBUG_GCC5/AARCH64/EmbeddedPkg/Library/PrePiMemoryAllocationLib/PrePiMemoryAllocationLib/OUTPUT/PrePiMemoryAllocationLib.lib(MemoryAllocationLib.obj)
                              PrePiLib.obj (symbol from plugin) (AllocatePages)
/home/vsts/work/1/edk2/Build/Lumia950XL-AARCH64/DEBUG_GCC5/AARCH64/ArmPkg/Library/ArmMmuLib/ArmMmuBaseLib/OUTPUT/ArmMmuBaseLib.lib(ArmMmuLibCore.obj)
                              AutoGen.obj (symbol from plugin) (ArmMmuBaseLibConstructor)
/home/vsts/work/1/edk2/Build/Lumia950XL-AARCH64/DEBUG_GCC5/AARCH64/ArmPkg/Library/ArmMmuLib/ArmMmuBaseLib/OUTPUT/ArmMmuBaseLib.lib(ArmMmuLibReplaceEntry.obj)
                              ArmMmuLibCore.obj (symbol from plugin) (ArmReplaceLiveTranslationEntry)
/home/vsts/work/1/edk2/Build/Lumia950XL-AARCH64/DEBUG_GCC5/AARCH64/IntelFrameworkModulePkg/Library/LzmaCustomDecompressLib/LzmaCustomDecompressLib/OUTPUT/LzmaDecompressLib.lib(GuidedSectionExtraction.obj)
                              AutoGen.obj (symbol from plugin) (LzmaDecompressLibConstructor)
/home/vsts/work/1/edk2/Build/Lumia950XL-AARCH64/DEBUG_GCC5/AARCH64/IntelFrameworkModulePkg/Library/LzmaCustomDecompressLib/LzmaCustomDecompressLib/OUTPUT/LzmaDecompressLib.lib(LzmaDecompress.obj)
                              GuidedSectionExtraction.obj (symbol from plugin) (LzmaUefiDecompressGetInfo)
/home/vsts/work/1/edk2/Build/Lumia950XL-AARCH64/DEBUG_GCC5/AARCH64/IntelFrameworkModulePkg/Library/LzmaCustomDecompressLib/LzmaCustomDecompressLib/OUTPUT/LzmaDecompressLib.lib(LzmaDec.obj)
                              LzmaDecompress.obj (symbol from plugin) (LzmaDecode)
/home/vsts/work/1/edk2/Build/Lumia950XL-AARCH64/DEBUG_GCC5/AARCH64/Lumia950XLPkg/Library/MemoryInitPeiLib/PeiMemoryAllocationLib/OUTPUT/MemoryInitPeiLib.lib(MemoryInitPeiLib.obj)
                              Pi.obj (symbol from plugin) (MemoryPeim)
/home/vsts/work/1/edk2/Build/Lumia950XL-AARCH64/DEBUG_GCC5/AARCH64/Lumia950XLPkg/Library/PlatformPeiLib/PlatformPeiLib/OUTPUT/PlatformPeiLib.lib(PlatformPeiLib.obj)
                              Pi.obj (symbol from plugin) (PlatformPeim)
/home/vsts/work/1/edk2/Build/Lumia950XL-AARCH64/DEBUG_GCC5/AARCH64/MdePkg/Library/BaseMemoryLib/BaseMemoryLib/OUTPUT/BaseMemoryLib.lib(ZeroMemWrapper.obj)
                              Hob.obj (symbol from plugin) (ZeroMem)
/home/vsts/work/1/edk2/Build/Lumia950XL-AARCH64/DEBUG_GCC5/AARCH64/MdePkg/Library/BaseMemoryLib/BaseMemoryLib/OUTPUT/BaseMemoryLib.lib(SetMemWrapper.obj)
                              DebugLib.obj (symbol from plugin) (SetMem)
/home/vsts/work/1/edk2/Build/Lumia950XL-AARCH64/DEBUG_GCC5/AARCH64/MdePkg/Library/BaseMemoryLib/BaseMemoryLib/OUTPUT/BaseMemoryLib.lib(CopyMemWrapper.obj)
                              Hob.obj (symbol from plugin) (CopyMem)
/home/vsts/work/1/edk2/Build/Lumia950XL-AARCH64/DEBUG_GCC5/AARCH64/MdePkg/Library/BaseMemoryLib/BaseMemoryLib/OUTPUT/BaseMemoryLib.lib(MemLibGeneric.obj)
                              ZeroMemWrapper.obj (symbol from plugin) (InternalMemZeroMem)
/home/vsts/work/1/edk2/Build/Lumia950XL-AARCH64/DEBUG_GCC5/AARCH64/MdePkg/Library/BaseMemoryLib/BaseMemoryLib/OUTPUT/BaseMemoryLib.lib(MemLibGuid.obj)
                              Hob.obj (symbol from plugin) (CopyGuid)
/home/vsts/work/1/edk2/Build/Lumia950XL-AARCH64/DEBUG_GCC5/AARCH64/MdePkg/Library/BaseMemoryLib/BaseMemoryLib/OUTPUT/BaseMemoryLib.lib(CopyMem.obj)
                              CopyMemWrapper.obj (symbol from plugin) (InternalMemCopyMem)
/home/vsts/work/1/edk2/Build/Lumia950XL-AARCH64/DEBUG_GCC5/AARCH64/MdePkg/Library/BaseMemoryLib/BaseMemoryLib/OUTPUT/BaseMemoryLib.lib(SetMem.obj)
                              SetMemWrapper.obj (symbol from plugin) (InternalMemSetMem)
/home/vsts/work/1/edk2/Build/Lumia950XL-AARCH64/DEBUG_GCC5/AARCH64/MdePkg/Library/BaseMemoryLib/BaseMemoryLib/OUTPUT/BaseMemoryLib.lib(SetMem64Wrapper.obj)
                              SetMemWrapper.obj (symbol from plugin) (SetMem64)
/home/vsts/work/1/edk2/Build/Lumia950XL-AARCH64/DEBUG_GCC5/AARCH64/MdePkg/Library/BaseLib/BaseLib/OUTPUT/BaseLib.lib(SwitchStack.obj)
                              PrePiLib.obj (symbol from plugin) (SwitchStack)
/home/vsts/work/1/edk2/Build/Lumia950XL-AARCH64/DEBUG_GCC5/AARCH64/MdePkg/Library/BaseLib/BaseLib/OUTPUT/BaseLib.lib(MultU64x64.obj)
                              ArmArchTimerLib.obj (symbol from plugin) (MultU64x64)
/home/vsts/work/1/edk2/Build/Lumia950XL-AARCH64/DEBUG_GCC5/AARCH64/MdePkg/Library/BaseLib/BaseLib/OUTPUT/BaseLib.lib(LShiftU64.obj)
                              LzmaDecompress.obj (symbol from plugin) (LShiftU64)
/home/vsts/work/1/edk2/Build/Lumia950XL-AARCH64/DEBUG_GCC5/AARCH64/MdePkg/Library/BaseLib/BaseLib/OUTPUT/BaseLib.lib(LowBitSet64.obj)
                              ArmMmuLibCore.obj (symbol from plugin) (LowBitSet64)
/home/vsts/work/1/edk2/Build/Lumia950XL-AARCH64/DEBUG_GCC5/AARCH64/MdePkg/Library/BaseLib/BaseLib/OUTPUT/BaseLib.lib(DivU64x32Remainder.obj)
                              ArmArchTimerLib.obj (symbol from plugin) (DivU64x32Remainder)
/home/vsts/work/1/edk2/Build/Lumia950XL-AARCH64/DEBUG_GCC5/AARCH64/MdePkg/Library/BaseLib/BaseLib/OUTPUT/BaseLib.lib(DivU64x32.obj)
                              ArmArchTimerLib.obj (symbol from plugin) (DivU64x32)
/home/vsts/work/1/edk2/Build/Lumia950XL-AARCH64/DEBUG_GCC5/AARCH64/MdePkg/Library/BaseLib/BaseLib/OUTPUT/BaseLib.lib(String.obj)
                              DebugLib.obj (symbol from plugin) (AsciiStrLen)
/home/vsts/work/1/edk2/Build/Lumia950XL-AARCH64/DEBUG_GCC5/AARCH64/MdePkg/Library/BaseLib/BaseLib/OUTPUT/BaseLib.lib(InternalSwitchStack.obj)
                              SwitchStack.obj (symbol from plugin) (InternalSwitchStack)
/home/vsts/work/1/edk2/Build/Lumia950XL-AARCH64/DEBUG_GCC5/AARCH64/MdePkg/Library/BaseLib/BaseLib/OUTPUT/BaseLib.lib(Unaligned.obj)
                              MemLibGuid.obj (symbol from plugin) (ReadUnaligned64)
/home/vsts/work/1/edk2/Build/Lumia950XL-AARCH64/DEBUG_GCC5/AARCH64/MdePkg/Library/BaseLib/BaseLib/OUTPUT/BaseLib.lib(Math64.obj)
                              LShiftU64.obj (symbol from plugin) (InternalMathLShiftU64)
/home/vsts/work/1/edk2/Build/Lumia950XL-AARCH64/DEBUG_GCC5/AARCH64/MdePkg/Library/BaseLib/BaseLib/OUTPUT/BaseLib.lib(SwitchStack.obj)
                              InternalSwitchStack.obj (symbol from plugin) (InternalSwitchStackAsm)
/home/vsts/work/1/edk2/Build/Lumia950XL-AARCH64/DEBUG_GCC5/AARCH64/MdePkg/Library/BaseLib/BaseLib/OUTPUT/BaseLib.lib(CpuBreakpoint.obj)
                              DebugLib.obj (symbol from plugin) (CpuBreakpoint)
/home/vsts/work/1/edk2/Build/Lumia950XL-AARCH64/DEBUG_GCC5/AARCH64/MdePkg/Library/BaseLib/BaseLib/OUTPUT/BaseLib.lib(SwapBytes32.obj)
                              Math64.obj (symbol from plugin) (SwapBytes32)
/home/vsts/work/1/edk2/Build/Lumia950XL-AARCH64/DEBUG_GCC5/AARCH64/MdePkg/Library/BaseLib/BaseLib/OUTPUT/BaseLib.lib(SwapBytes16.obj)
                              SwapBytes32.obj (symbol from plugin) (SwapBytes16)
/home/vsts/work/1/edk2/Build/Lumia950XL-AARCH64/DEBUG_GCC5/AARCH64/MdePkg/Library/BaseLib/BaseLib/OUTPUT/BaseLib.lib(RShiftU64.obj)
                              LowBitSet64.obj (symbol from plugin) (RShiftU64)
/home/vsts/work/1/edk2/Build/Lumia950XL-AARCH64/DEBUG_GCC5/AARCH64/MdePkg/Library/BaseLib/BaseLib/OUTPUT/BaseLib.lib(SafeString.obj)
                              String.obj (symbol from plugin) (StrDecimalToUintnS)
/home/vsts/work/1/edk2/Build/Lumia950XL-AARCH64/DEBUG_GCC5/AARCH64/MdePkg/Library/BaseLib/BaseLib/OUTPUT/BaseLib.lib(MultU64x32.obj)
                              SafeString.obj (symbol from plugin) (MultU64x32)
/home/vsts/work/1/edk2/Build/Lumia950XL-AARCH64/DEBUG_GCC5/AARCH64/ArmPkg/Library/ArmLib/ArmBaseLib/OUTPUT/ArmBaseLib.lib(ArmLib.obj)
                              ArmCacheMaintenanceLib.obj (symbol from plugin) (ArmDataCacheLineLength)
/home/vsts/work/1/edk2/Build/Lumia950XL-AARCH64/DEBUG_GCC5/AARCH64/MdePkg/Library/BaseDebugPrintErrorLevelLib/BaseDebugPrintErrorLevelLib/OUTPUT/BaseDebugPrintErrorLevelLib.lib(BaseDebugPrintErrorLevelLib.obj)
                              DebugLib.obj (symbol from plugin) (GetDebugPrintErrorLevel)
/home/vsts/work/1/edk2/Build/Lumia950XL-AARCH64/DEBUG_GCC5/AARCH64/MdePkg/Library/BasePrintLib/BasePrintLib/OUTPUT/BasePrintLib.lib(PrintLib.obj)
                              DebugLib.obj (symbol from plugin) (AsciiVSPrint)
/home/vsts/work/1/edk2/Build/Lumia950XL-AARCH64/DEBUG_GCC5/AARCH64/MdePkg/Library/BasePrintLib/BasePrintLib/OUTPUT/BasePrintLib.lib(PrintLibInternal.obj)
                              PrintLib.obj (symbol from plugin) (BasePrintLibConvertValueToString)
/home/vsts/work/1/edk2/Build/Lumia950XL-AARCH64/DEBUG_GCC5/AARCH64/ArmPkg/Library/ArmGenericTimerPhyCounterLib/ArmGenericTimerPhyCounterLib/OUTPUT/ArmGenericTimerPhyCounterLib.lib(ArmGenericTimerPhyCounterLib.obj)
                              ArmArchTimerLib.obj (symbol from plugin) (ArmGenericTimerGetTimerFreq)
/home/vsts/work/1/edk2/Build/Lumia950XL-AARCH64/DEBUG_GCC5/AARCH64/MdePkg/Library/BasePeCoffExtraActionLibNull/BasePeCoffExtraActionLibNull/OUTPUT/PeCoffExtraActionLibNull.lib(PeCoffExtraActionLib.obj)
                              BasePeCoff.obj (symbol from plugin) (PeCoffLoaderRelocateImageExtraAction)
/home/vsts/work/1/edk2/Build/Lumia950XL-AARCH64/DEBUG_GCC5/AARCH64/MdePkg/Library/BaseUefiDecompressLib/BaseUefiDecompressLib/OUTPUT/BaseUefiDecompressLib.lib(BaseUefiDecompressLib.obj)
                              FwVol.obj (symbol from plugin) (UefiDecompressGetInfo)
/home/vsts/work/1/edk2/Build/Lumia950XL-AARCH64/DEBUG_GCC5/AARCH64/MdePkg/Library/BaseMemoryLib/BaseMemoryLib/OUTPUT/BaseMemoryLib.lib(SetMem16Wrapper.obj)
                              BaseUefiDecompressLib.obj (symbol from plugin) (SetMem16)
/home/vsts/work/1/edk2/Build/Lumia950XL-AARCH64/DEBUG_GCC5/AARCH64/ArmPkg/Library/ArmLib/ArmBaseLib/OUTPUT/ArmBaseLib.lib(AArch64ArchTimerSupport.obj)
                              ArmGenericTimerPhyCounterLib.obj (symbol from plugin) (ArmReadCntFrq)

Discarded input sections

 .text          0x0000000000000000       0x10 /home/vsts/work/1/edk2/ArmPkg/Library/GccLto/liblto-aarch64.a
 .data          0x0000000000000000        0x0 /home/vsts/work/1/edk2/ArmPkg/Library/GccLto/liblto-aarch64.a
 .bss           0x0000000000000000        0x0 /home/vsts/work/1/edk2/ArmPkg/Library/GccLto/liblto-aarch64.a
 .text          0x0000000000000000        0x0 /tmp/cc1BrBVa.ltrans0.ltrans.o
 .data          0x0000000000000000        0x0 /tmp/cc1BrBVa.ltrans0.ltrans.o
 .bss           0x0000000000000000        0x0 /tmp/cc1BrBVa.ltrans0.ltrans.o
 .text.StrnLenS
                0x0000000000000000       0x7c /tmp/cc1BrBVa.ltrans0.ltrans.o
 .text.__memset
                0x0000000000000000       0x1c /tmp/cc1BrBVa.ltrans0.ltrans.o
 .rodata.StrnLenS.str1.1
                0x0000000000000000       0x5e /tmp/cc1BrBVa.ltrans0.ltrans.o
 .comment       0x0000000000000000       0x2e /tmp/cc1BrBVa.ltrans0.ltrans.o
 .text          0x0000000000000000        0x0 memcpy.obj (symbol from plugin)
 .text          0x0000000000000000        0x0 memset.obj (symbol from plugin)
 .data          0x0000000000000000        0x0 /home/vsts/work/1/edk2/Build/Lumia950XL-AARCH64/DEBUG_GCC5/AARCH64/Lumia950XLPkg/PrePi/PrePi/OUTPUT/Sec.lib(ModuleEntryPoint.obj)
 .bss           0x0000000000000000        0x0 /home/vsts/work/1/edk2/Build/Lumia950XL-AARCH64/DEBUG_GCC5/AARCH64/Lumia950XLPkg/PrePi/PrePi/OUTPUT/Sec.lib(ModuleEntryPoint.obj)
 .text          0x0000000000000000        0x0 Pi.obj (symbol from plugin)
 .text          0x0000000000000000        0x0 EarlyQGic.obj (symbol from plugin)
 .text          0x0000000000000000        0x0 AutoGen.obj (symbol from plugin)
 .text          0x0000000000000000        0x0 CheckSum.obj (symbol from plugin)
 .text          0x0000000000000000        0x0 CpuDeadLoop.obj (symbol from plugin)
 .text          0x0000000000000000        0x0 AArch64Lib.obj (symbol from plugin)
 .text          0x0000000000000000        0x0 /home/vsts/work/1/edk2/Build/Lumia950XL-AARCH64/DEBUG_GCC5/AARCH64/ArmPkg/Library/ArmLib/ArmBaseLib/OUTPUT/ArmBaseLib.lib(ArmLibSupport.obj)
 .data          0x0000000000000000        0x0 /home/vsts/work/1/edk2/Build/Lumia950XL-AARCH64/DEBUG_GCC5/AARCH64/ArmPkg/Library/ArmLib/ArmBaseLib/OUTPUT/ArmBaseLib.lib(ArmLibSupport.obj)
 .bss           0x0000000000000000        0x0 /home/vsts/work/1/edk2/Build/Lumia950XL-AARCH64/DEBUG_GCC5/AARCH64/ArmPkg/Library/ArmLib/ArmBaseLib/OUTPUT/ArmBaseLib.lib(ArmLibSupport.obj)
 .text.ArmReadMidr
                0x0000000000000000        0x8 /home/vsts/work/1/edk2/Build/Lumia950XL-AARCH64/DEBUG_GCC5/AARCH64/ArmPkg/Library/ArmLib/ArmBaseLib/OUTPUT/ArmBaseLib.lib(ArmLibSupport.obj)
 .text.ArmGetFiqState
                0x0000000000000000       0x10 /home/vsts/work/1/edk2/Build/Lumia950XL-AARCH64/DEBUG_GCC5/AARCH64/ArmPkg/Library/ArmLib/ArmBaseLib/OUTPUT/ArmBaseLib.lib(ArmLibSupport.obj)
 .text.ArmWriteCpacr
                0x0000000000000000        0x8 /home/vsts/work/1/edk2/Build/Lumia950XL-AARCH64/DEBUG_GCC5/AARCH64/ArmPkg/Library/ArmLib/ArmBaseLib/OUTPUT/ArmBaseLib.lib(ArmLibSupport.obj)
 .text.ArmWriteAuxCr
                0x0000000000000000       0x28 /home/vsts/work/1/edk2/Build/Lumia950XL-AARCH64/DEBUG_GCC5/AARCH64/ArmPkg/Library/ArmLib/ArmBaseLib/OUTPUT/ArmBaseLib.lib(ArmLibSupport.obj)
 .text.ArmReadAuxCr
                0x0000000000000000       0x28 /home/vsts/work/1/edk2/Build/Lumia950XL-AARCH64/DEBUG_GCC5/AARCH64/ArmPkg/Library/ArmLib/ArmBaseLib/OUTPUT/ArmBaseLib.lib(ArmLibSupport.obj)
 .text.ArmGetTTBR0BaseAddress
                0x0000000000000000       0x30 /home/vsts/work/1/edk2/Build/Lumia950XL-AARCH64/DEBUG_GCC5/AARCH64/ArmPkg/Library/ArmLib/ArmBaseLib/OUTPUT/ArmBaseLib.lib(ArmLibSupport.obj)
 .text.ArmGetMAIR
                0x0000000000000000       0x34 /home/vsts/work/1/edk2/Build/Lumia950XL-AARCH64/DEBUG_GCC5/AARCH64/ArmPkg/Library/ArmLib/ArmBaseLib/OUTPUT/ArmBaseLib.lib(ArmLibSupport.obj)
 .text.ArmUpdateTranslationTableEntry
                0x0000000000000000       0x40 /home/vsts/work/1/edk2/Build/Lumia950XL-AARCH64/DEBUG_GCC5/AARCH64/ArmPkg/Library/ArmLib/ArmBaseLib/OUTPUT/ArmBaseLib.lib(ArmLibSupport.obj)
 .text.ArmWriteCptr
                0x0000000000000000        0x8 /home/vsts/work/1/edk2/Build/Lumia950XL-AARCH64/DEBUG_GCC5/AARCH64/ArmPkg/Library/ArmLib/ArmBaseLib/OUTPUT/ArmBaseLib.lib(ArmLibSupport.obj)
 .text.ArmWriteScr
                0x0000000000000000        0xc /home/vsts/work/1/edk2/Build/Lumia950XL-AARCH64/DEBUG_GCC5/AARCH64/ArmPkg/Library/ArmLib/ArmBaseLib/OUTPUT/ArmBaseLib.lib(ArmLibSupport.obj)
 .text.ArmWriteMVBar
                0x0000000000000000        0x8 /home/vsts/work/1/edk2/Build/Lumia950XL-AARCH64/DEBUG_GCC5/AARCH64/ArmPkg/Library/ArmLib/ArmBaseLib/OUTPUT/ArmBaseLib.lib(ArmLibSupport.obj)
 .text.ArmCallWFE
                0x0000000000000000        0x8 /home/vsts/work/1/edk2/Build/Lumia950XL-AARCH64/DEBUG_GCC5/AARCH64/ArmPkg/Library/ArmLib/ArmBaseLib/OUTPUT/ArmBaseLib.lib(ArmLibSupport.obj)
 .text.ArmCallSEV
                0x0000000000000000        0x8 /home/vsts/work/1/edk2/Build/Lumia950XL-AARCH64/DEBUG_GCC5/AARCH64/ArmPkg/Library/ArmLib/ArmBaseLib/OUTPUT/ArmBaseLib.lib(ArmLibSupport.obj)
 .text.ArmReadCpuActlr
                0x0000000000000000        0x8 /home/vsts/work/1/edk2/Build/Lumia950XL-AARCH64/DEBUG_GCC5/AARCH64/ArmPkg/Library/ArmLib/ArmBaseLib/OUTPUT/ArmBaseLib.lib(ArmLibSupport.obj)
 .text.ArmWriteCpuActlr
                0x0000000000000000       0x10 /home/vsts/work/1/edk2/Build/Lumia950XL-AARCH64/DEBUG_GCC5/AARCH64/ArmPkg/Library/ArmLib/ArmBaseLib/OUTPUT/ArmBaseLib.lib(ArmLibSupport.obj)
 .text.ArmReadSctlr
                0x0000000000000000       0x30 /home/vsts/work/1/edk2/Build/Lumia950XL-AARCH64/DEBUG_GCC5/AARCH64/ArmPkg/Library/ArmLib/ArmBaseLib/OUTPUT/ArmBaseLib.lib(ArmLibSupport.obj)
 .text          0x0000000000000000        0x0 /home/vsts/work/1/edk2/Build/Lumia950XL-AARCH64/DEBUG_GCC5/AARCH64/ArmPkg/Library/ArmLib/ArmBaseLib/OUTPUT/ArmBaseLib.lib(ArmLibSupportV8.obj)
 .data          0x0000000000000000        0x0 /home/vsts/work/1/edk2/Build/Lumia950XL-AARCH64/DEBUG_GCC5/AARCH64/ArmPkg/Library/ArmLib/ArmBaseLib/OUTPUT/ArmBaseLib.lib(ArmLibSupportV8.obj)
 .bss           0x0000000000000000        0x0 /home/vsts/work/1/edk2/Build/Lumia950XL-AARCH64/DEBUG_GCC5/AARCH64/ArmPkg/Library/ArmLib/ArmBaseLib/OUTPUT/ArmBaseLib.lib(ArmLibSupportV8.obj)
 .text.ArmIsMpCore
                0x0000000000000000       0x14 /home/vsts/work/1/edk2/Build/Lumia950XL-AARCH64/DEBUG_GCC5/AARCH64/ArmPkg/Library/ArmLib/ArmBaseLib/OUTPUT/ArmBaseLib.lib(ArmLibSupportV8.obj)
 .text.ArmEnableAsynchronousAbort
                0x0000000000000000        0xc /home/vsts/work/1/edk2/Build/Lumia950XL-AARCH64/DEBUG_GCC5/AARCH64/ArmPkg/Library/ArmLib/ArmBaseLib/OUTPUT/ArmBaseLib.lib(ArmLibSupportV8.obj)
 .text.ArmDisableAsynchronousAbort
                0x0000000000000000        0xc /home/vsts/work/1/edk2/Build/Lumia950XL-AARCH64/DEBUG_GCC5/AARCH64/ArmPkg/Library/ArmLib/ArmBaseLib/OUTPUT/ArmBaseLib.lib(ArmLibSupportV8.obj)
 .text.ArmEnableIrq
                0x0000000000000000        0xc /home/vsts/work/1/edk2/Build/Lumia950XL-AARCH64/DEBUG_GCC5/AARCH64/ArmPkg/Library/ArmLib/ArmBaseLib/OUTPUT/ArmBaseLib.lib(ArmLibSupportV8.obj)
 .text.ArmDisableIrq
                0x0000000000000000        0xc /home/vsts/work/1/edk2/Build/Lumia950XL-AARCH64/DEBUG_GCC5/AARCH64/ArmPkg/Library/ArmLib/ArmBaseLib/OUTPUT/ArmBaseLib.lib(ArmLibSupportV8.obj)
 .text.ArmEnableFiq
                0x0000000000000000        0xc /home/vsts/work/1/edk2/Build/Lumia950XL-AARCH64/DEBUG_GCC5/AARCH64/ArmPkg/Library/ArmLib/ArmBaseLib/OUTPUT/ArmBaseLib.lib(ArmLibSupportV8.obj)
 .text.ArmDisableFiq
                0x0000000000000000        0xc /home/vsts/work/1/edk2/Build/Lumia950XL-AARCH64/DEBUG_GCC5/AARCH64/ArmPkg/Library/ArmLib/ArmBaseLib/OUTPUT/ArmBaseLib.lib(ArmLibSupportV8.obj)
 .text.ArmDisableAllExceptions
                0x0000000000000000        0xc /home/vsts/work/1/edk2/Build/Lumia950XL-AARCH64/DEBUG_GCC5/AARCH64/ArmPkg/Library/ArmLib/ArmBaseLib/OUTPUT/ArmBaseLib.lib(ArmLibSupportV8.obj)
 .text.ReadCCSIDR
                0x0000000000000000       0x10 /home/vsts/work/1/edk2/Build/Lumia950XL-AARCH64/DEBUG_GCC5/AARCH64/ArmPkg/Library/ArmLib/ArmBaseLib/OUTPUT/ArmBaseLib.lib(ArmLibSupportV8.obj)
 .text.ReadCLIDR
                0x0000000000000000        0x8 /home/vsts/work/1/edk2/Build/Lumia950XL-AARCH64/DEBUG_GCC5/AARCH64/ArmPkg/Library/ArmLib/ArmBaseLib/OUTPUT/ArmBaseLib.lib(ArmLibSupportV8.obj)
 .text          0x0000000000000000        0x0 /home/vsts/work/1/edk2/Build/Lumia950XL-AARCH64/DEBUG_GCC5/AARCH64/ArmPkg/Library/ArmLib/ArmBaseLib/OUTPUT/ArmBaseLib.lib(AArch64Support.obj)
 .data          0x0000000000000000        0x0 /home/vsts/work/1/edk2/Build/Lumia950XL-AARCH64/DEBUG_GCC5/AARCH64/ArmPkg/Library/ArmLib/ArmBaseLib/OUTPUT/ArmBaseLib.lib(AArch64Support.obj)
 .bss           0x0000000000000000        0x0 /home/vsts/work/1/edk2/Build/Lumia950XL-AARCH64/DEBUG_GCC5/AARCH64/ArmPkg/Library/ArmLib/ArmBaseLib/OUTPUT/ArmBaseLib.lib(AArch64Support.obj)
 .text.ArmCleanDataCacheEntryBySetWay
                0x0000000000000000        0x8 /home/vsts/work/1/edk2/Build/Lumia950XL-AARCH64/DEBUG_GCC5/AARCH64/ArmPkg/Library/ArmLib/ArmBaseLib/OUTPUT/ArmBaseLib.lib(AArch64Support.obj)
 .text.ArmEnableAlignmentCheck
                0x0000000000000000       0x58 /home/vsts/work/1/edk2/Build/Lumia950XL-AARCH64/DEBUG_GCC5/AARCH64/ArmPkg/Library/ArmLib/ArmBaseLib/OUTPUT/ArmBaseLib.lib(AArch64Support.obj)
 .text.ArmDisableStackAlignmentCheck
                0x0000000000000000       0x68 /home/vsts/work/1/edk2/Build/Lumia950XL-AARCH64/DEBUG_GCC5/AARCH64/ArmPkg/Library/ArmLib/ArmBaseLib/OUTPUT/ArmBaseLib.lib(AArch64Support.obj)
 .text.ArmDisableBranchPrediction
                0x0000000000000000        0x4 /home/vsts/work/1/edk2/Build/Lumia950XL-AARCH64/DEBUG_GCC5/AARCH64/ArmPkg/Library/ArmLib/ArmBaseLib/OUTPUT/ArmBaseLib.lib(AArch64Support.obj)
 .text.ArmDataMemoryBarrier
                0x0000000000000000        0x8 /home/vsts/work/1/edk2/Build/Lumia950XL-AARCH64/DEBUG_GCC5/AARCH64/ArmPkg/Library/ArmLib/ArmBaseLib/OUTPUT/ArmBaseLib.lib(AArch64Support.obj)
 .text.ArmWriteVBar
                0x0000000000000000       0x34 /home/vsts/work/1/edk2/Build/Lumia950XL-AARCH64/DEBUG_GCC5/AARCH64/ArmPkg/Library/ArmLib/ArmBaseLib/OUTPUT/ArmBaseLib.lib(AArch64Support.obj)
 .text.ArmReadVBar
                0x0000000000000000       0x30 /home/vsts/work/1/edk2/Build/Lumia950XL-AARCH64/DEBUG_GCC5/AARCH64/ArmPkg/Library/ArmLib/ArmBaseLib/OUTPUT/ArmBaseLib.lib(AArch64Support.obj)
 .text.ArmCallWFI
                0x0000000000000000        0x8 /home/vsts/work/1/edk2/Build/Lumia950XL-AARCH64/DEBUG_GCC5/AARCH64/ArmPkg/Library/ArmLib/ArmBaseLib/OUTPUT/ArmBaseLib.lib(AArch64Support.obj)
 .text.ArmReadMpidr
                0x0000000000000000        0x8 /home/vsts/work/1/edk2/Build/Lumia950XL-AARCH64/DEBUG_GCC5/AARCH64/ArmPkg/Library/ArmLib/ArmBaseLib/OUTPUT/ArmBaseLib.lib(AArch64Support.obj)
 .text.ArmReadIdPfr1
                0x0000000000000000        0x8 /home/vsts/work/1/edk2/Build/Lumia950XL-AARCH64/DEBUG_GCC5/AARCH64/ArmPkg/Library/ArmLib/ArmBaseLib/OUTPUT/ArmBaseLib.lib(AArch64Support.obj)
 .text.ArmWriteHcr
                0x0000000000000000        0x8 /home/vsts/work/1/edk2/Build/Lumia950XL-AARCH64/DEBUG_GCC5/AARCH64/ArmPkg/Library/ArmLib/ArmBaseLib/OUTPUT/ArmBaseLib.lib(AArch64Support.obj)
 .text.ArmReadHcr
                0x0000000000000000        0x8 /home/vsts/work/1/edk2/Build/Lumia950XL-AARCH64/DEBUG_GCC5/AARCH64/ArmPkg/Library/ArmLib/ArmBaseLib/OUTPUT/ArmBaseLib.lib(AArch64Support.obj)
 .text.ArmReadCntHctl
                0x0000000000000000        0x8 /home/vsts/work/1/edk2/Build/Lumia950XL-AARCH64/DEBUG_GCC5/AARCH64/ArmPkg/Library/ArmLib/ArmBaseLib/OUTPUT/ArmBaseLib.lib(AArch64Support.obj)
 .text.ArmWriteCntHctl
                0x0000000000000000        0x8 /home/vsts/work/1/edk2/Build/Lumia950XL-AARCH64/DEBUG_GCC5/AARCH64/ArmPkg/Library/ArmLib/ArmBaseLib/OUTPUT/ArmBaseLib.lib(AArch64Support.obj)
 .text          0x0000000000000000        0x0 PrePiHobListPointer.obj (symbol from plugin)
 .text          0x0000000000000000        0x0 Hob.obj (symbol from plugin)
 .text          0x0000000000000000        0x0 ArmCacheMaintenanceLib.obj (symbol from plugin)
 .text          0x0000000000000000        0x0 IoLibArm.obj (symbol from plugin)
 .text          0x0000000000000000        0x0 FrameBufferSerialPortLib.obj (symbol from plugin)
 .text          0x0000000000000000        0x0 DebugLib.obj (symbol from plugin)
 .text          0x0000000000000000        0x0 ArmArchTimerLib.obj (symbol from plugin)
 .text          0x0000000000000000        0x0 BasePeCoff.obj (symbol from plugin)
 .text          0x0000000000000000        0x0 PeCoffLoaderEx.obj (symbol from plugin)
 .text          0x0000000000000000        0x0 PrePiExtractGuidedSectionLib.obj (symbol from plugin)
 .text          0x0000000000000000        0x0 PrePiLib.obj (symbol from plugin)
 .text          0x0000000000000000        0x0 FwVol.obj (symbol from plugin)
 .text          0x0000000000000000        0x0 MemoryAllocationLib.obj (symbol from plugin)
 .text          0x0000000000000000        0x0 ArmMmuLibCore.obj (symbol from plugin)
 .text          0x0000000000000000        0x0 /home/vsts/work/1/edk2/Build/Lumia950XL-AARCH64/DEBUG_GCC5/AARCH64/ArmPkg/Library/ArmMmuLib/ArmMmuBaseLib/OUTPUT/ArmMmuBaseLib.lib(ArmMmuLibReplaceEntry.obj)
 .data          0x0000000000000000        0x0 /home/vsts/work/1/edk2/Build/Lumia950XL-AARCH64/DEBUG_GCC5/AARCH64/ArmPkg/Library/ArmMmuLib/ArmMmuBaseLib/OUTPUT/ArmMmuBaseLib.lib(ArmMmuLibReplaceEntry.obj)
 .bss           0x0000000000000000        0x0 /home/vsts/work/1/edk2/Build/Lumia950XL-AARCH64/DEBUG_GCC5/AARCH64/ArmPkg/Library/ArmMmuLib/ArmMmuBaseLib/OUTPUT/ArmMmuBaseLib.lib(ArmMmuLibReplaceEntry.obj)
 .text          0x0000000000000000        0x0 GuidedSectionExtraction.obj (symbol from plugin)
 .text          0x0000000000000000        0x0 LzmaDecompress.obj (symbol from plugin)
 .text          0x0000000000000000        0x0 LzmaDec.obj (symbol from plugin)
 .text          0x0000000000000000        0x0 MemoryInitPeiLib.obj (symbol from plugin)
 .text          0x0000000000000000        0x0 PlatformPeiLib.obj (symbol from plugin)
 .text          0x0000000000000000        0x0 ZeroMemWrapper.obj (symbol from plugin)
 .text          0x0000000000000000        0x0 SetMemWrapper.obj (symbol from plugin)
 .text          0x0000000000000000        0x0 CopyMemWrapper.obj (symbol from plugin)
 .text          0x0000000000000000        0x0 MemLibGeneric.obj (symbol from plugin)
 .text          0x0000000000000000        0x0 MemLibGuid.obj (symbol from plugin)
 .text          0x0000000000000000        0x0 CopyMem.obj (symbol from plugin)
 .text          0x0000000000000000        0x0 SetMem.obj (symbol from plugin)
 .text          0x0000000000000000        0x0 SetMem64Wrapper.obj (symbol from plugin)
 .text          0x0000000000000000        0x0 SwitchStack.obj (symbol from plugin)
 .text          0x0000000000000000        0x0 MultU64x64.obj (symbol from plugin)
 .text          0x0000000000000000        0x0 LShiftU64.obj (symbol from plugin)
 .text          0x0000000000000000        0x0 LowBitSet64.obj (symbol from plugin)
 .text          0x0000000000000000        0x0 DivU64x32Remainder.obj (symbol from plugin)
 .text          0x0000000000000000        0x0 DivU64x32.obj (symbol from plugin)
 .text          0x0000000000000000        0x0 String.obj (symbol from plugin)
 .text          0x0000000000000000        0x0 InternalSwitchStack.obj (symbol from plugin)
 .text          0x0000000000000000        0x0 Unaligned.obj (symbol from plugin)
 .text          0x0000000000000000        0x0 Math64.obj (symbol from plugin)
 .text          0x0000000000000000       0x30 /home/vsts/work/1/edk2/Build/Lumia950XL-AARCH64/DEBUG_GCC5/AARCH64/MdePkg/Library/BaseLib/BaseLib/OUTPUT/BaseLib.lib(SwitchStack.obj)
 .data          0x0000000000000000        0x0 /home/vsts/work/1/edk2/Build/Lumia950XL-AARCH64/DEBUG_GCC5/AARCH64/MdePkg/Library/BaseLib/BaseLib/OUTPUT/BaseLib.lib(SwitchStack.obj)
 .bss           0x0000000000000000        0x0 /home/vsts/work/1/edk2/Build/Lumia950XL-AARCH64/DEBUG_GCC5/AARCH64/MdePkg/Library/BaseLib/BaseLib/OUTPUT/BaseLib.lib(SwitchStack.obj)
 .text          0x0000000000000000        0x8 /home/vsts/work/1/edk2/Build/Lumia950XL-AARCH64/DEBUG_GCC5/AARCH64/MdePkg/Library/BaseLib/BaseLib/OUTPUT/BaseLib.lib(CpuBreakpoint.obj)
 .data          0x0000000000000000        0x0 /home/vsts/work/1/edk2/Build/Lumia950XL-AARCH64/DEBUG_GCC5/AARCH64/MdePkg/Library/BaseLib/BaseLib/OUTPUT/BaseLib.lib(CpuBreakpoint.obj)
 .bss           0x0000000000000000        0x0 /home/vsts/work/1/edk2/Build/Lumia950XL-AARCH64/DEBUG_GCC5/AARCH64/MdePkg/Library/BaseLib/BaseLib/OUTPUT/BaseLib.lib(CpuBreakpoint.obj)
 .text          0x0000000000000000        0x0 SwapBytes32.obj (symbol from plugin)
 .text          0x0000000000000000        0x0 SwapBytes16.obj (symbol from plugin)
 .text          0x0000000000000000        0x0 RShiftU64.obj (symbol from plugin)
 .text          0x0000000000000000        0x0 SafeString.obj (symbol from plugin)
 .text          0x0000000000000000        0x0 MultU64x32.obj (symbol from plugin)
 .text          0x0000000000000000        0x0 ArmLib.obj (symbol from plugin)
 .text          0x0000000000000000        0x0 BaseDebugPrintErrorLevelLib.obj (symbol from plugin)
 .text          0x0000000000000000        0x0 PrintLib.obj (symbol from plugin)
 .text          0x0000000000000000        0x0 PrintLibInternal.obj (symbol from plugin)
 .text          0x0000000000000000        0x0 ArmGenericTimerPhyCounterLib.obj (symbol from plugin)
 .text          0x0000000000000000        0x0 PeCoffExtraActionLib.obj (symbol from plugin)
 .text          0x0000000000000000        0x0 BaseUefiDecompressLib.obj (symbol from plugin)
 .text          0x0000000000000000        0x0 SetMem16Wrapper.obj (symbol from plugin)
 .text          0x0000000000000000        0x0 /home/vsts/work/1/edk2/Build/Lumia950XL-AARCH64/DEBUG_GCC5/AARCH64/ArmPkg/Library/ArmLib/ArmBaseLib/OUTPUT/ArmBaseLib.lib(AArch64ArchTimerSupport.obj)
 .data          0x0000000000000000        0x0 /home/vsts/work/1/edk2/Build/Lumia950XL-AARCH64/DEBUG_GCC5/AARCH64/ArmPkg/Library/ArmLib/ArmBaseLib/OUTPUT/ArmBaseLib.lib(AArch64ArchTimerSupport.obj)
 .bss           0x0000000000000000        0x0 /home/vsts/work/1/edk2/Build/Lumia950XL-AARCH64/DEBUG_GCC5/AARCH64/ArmPkg/Library/ArmLib/ArmBaseLib/OUTPUT/ArmBaseLib.lib(AArch64ArchTimerSupport.obj)
 .text.ArmWriteCntFrq
                0x0000000000000000        0x8 /home/vsts/work/1/edk2/Build/Lumia950XL-AARCH64/DEBUG_GCC5/AARCH64/ArmPkg/Library/ArmLib/ArmBaseLib/OUTPUT/ArmBaseLib.lib(AArch64ArchTimerSupport.obj)
 .text.ArmReadCntPct
                0x0000000000000000        0x8 /home/vsts/work/1/edk2/Build/Lumia950XL-AARCH64/DEBUG_GCC5/AARCH64/ArmPkg/Library/ArmLib/ArmBaseLib/OUTPUT/ArmBaseLib.lib(AArch64ArchTimerSupport.obj)
 .text.ArmReadCntkCtl
                0x0000000000000000        0x8 /home/vsts/work/1/edk2/Build/Lumia950XL-AARCH64/DEBUG_GCC5/AARCH64/ArmPkg/Library/ArmLib/ArmBaseLib/OUTPUT/ArmBaseLib.lib(AArch64ArchTimerSupport.obj)
 .text.ArmWriteCntkCtl
                0x0000000000000000        0x8 /home/vsts/work/1/edk2/Build/Lumia950XL-AARCH64/DEBUG_GCC5/AARCH64/ArmPkg/Library/ArmLib/ArmBaseLib/OUTPUT/ArmBaseLib.lib(AArch64ArchTimerSupport.obj)
 .text.ArmReadCntpTval
                0x0000000000000000        0x8 /home/vsts/work/1/edk2/Build/Lumia950XL-AARCH64/DEBUG_GCC5/AARCH64/ArmPkg/Library/ArmLib/ArmBaseLib/OUTPUT/ArmBaseLib.lib(AArch64ArchTimerSupport.obj)
 .text.ArmWriteCntpTval
                0x0000000000000000        0x8 /home/vsts/work/1/edk2/Build/Lumia950XL-AARCH64/DEBUG_GCC5/AARCH64/ArmPkg/Library/ArmLib/ArmBaseLib/OUTPUT/ArmBaseLib.lib(AArch64ArchTimerSupport.obj)
 .text.ArmReadCntpCtl
                0x0000000000000000        0x8 /home/vsts/work/1/edk2/Build/Lumia950XL-AARCH64/DEBUG_GCC5/AARCH64/ArmPkg/Library/ArmLib/ArmBaseLib/OUTPUT/ArmBaseLib.lib(AArch64ArchTimerSupport.obj)
 .text.ArmWriteCntpCtl
                0x0000000000000000        0x8 /home/vsts/work/1/edk2/Build/Lumia950XL-AARCH64/DEBUG_GCC5/AARCH64/ArmPkg/Library/ArmLib/ArmBaseLib/OUTPUT/ArmBaseLib.lib(AArch64ArchTimerSupport.obj)
 .text.ArmReadCntvTval
                0x0000000000000000        0x8 /home/vsts/work/1/edk2/Build/Lumia950XL-AARCH64/DEBUG_GCC5/AARCH64/ArmPkg/Library/ArmLib/ArmBaseLib/OUTPUT/ArmBaseLib.lib(AArch64ArchTimerSupport.obj)
 .text.ArmWriteCntvTval
                0x0000000000000000        0x8 /home/vsts/work/1/edk2/Build/Lumia950XL-AARCH64/DEBUG_GCC5/AARCH64/ArmPkg/Library/ArmLib/ArmBaseLib/OUTPUT/ArmBaseLib.lib(AArch64ArchTimerSupport.obj)
 .text.ArmReadCntvCtl
                0x0000000000000000        0x8 /home/vsts/work/1/edk2/Build/Lumia950XL-AARCH64/DEBUG_GCC5/AARCH64/ArmPkg/Library/ArmLib/ArmBaseLib/OUTPUT/ArmBaseLib.lib(AArch64ArchTimerSupport.obj)
 .text.ArmWriteCntvCtl
                0x0000000000000000        0x8 /home/vsts/work/1/edk2/Build/Lumia950XL-AARCH64/DEBUG_GCC5/AARCH64/ArmPkg/Library/ArmLib/ArmBaseLib/OUTPUT/ArmBaseLib.lib(AArch64ArchTimerSupport.obj)
 .text.ArmReadCntvCt
                0x0000000000000000        0x8 /home/vsts/work/1/edk2/Build/Lumia950XL-AARCH64/DEBUG_GCC5/AARCH64/ArmPkg/Library/ArmLib/ArmBaseLib/OUTPUT/ArmBaseLib.lib(AArch64ArchTimerSupport.obj)
 .text.ArmReadCntpCval
                0x0000000000000000        0x8 /home/vsts/work/1/edk2/Build/Lumia950XL-AARCH64/DEBUG_GCC5/AARCH64/ArmPkg/Library/ArmLib/ArmBaseLib/OUTPUT/ArmBaseLib.lib(AArch64ArchTimerSupport.obj)
 .text.ArmWriteCntpCval
                0x0000000000000000        0x8 /home/vsts/work/1/edk2/Build/Lumia950XL-AARCH64/DEBUG_GCC5/AARCH64/ArmPkg/Library/ArmLib/ArmBaseLib/OUTPUT/ArmBaseLib.lib(AArch64ArchTimerSupport.obj)
 .text.ArmReadCntvCval
                0x0000000000000000        0x8 /home/vsts/work/1/edk2/Build/Lumia950XL-AARCH64/DEBUG_GCC5/AARCH64/ArmPkg/Library/ArmLib/ArmBaseLib/OUTPUT/ArmBaseLib.lib(AArch64ArchTimerSupport.obj)
 .text.ArmWriteCntvCval
                0x0000000000000000        0x8 /home/vsts/work/1/edk2/Build/Lumia950XL-AARCH64/DEBUG_GCC5/AARCH64/ArmPkg/Library/ArmLib/ArmBaseLib/OUTPUT/ArmBaseLib.lib(AArch64ArchTimerSupport.obj)
 .text.ArmReadCntvOff
                0x0000000000000000        0x8 /home/vsts/work/1/edk2/Build/Lumia950XL-AARCH64/DEBUG_GCC5/AARCH64/ArmPkg/Library/ArmLib/ArmBaseLib/OUTPUT/ArmBaseLib.lib(AArch64ArchTimerSupport.obj)
 .text.ArmWriteCntvOff
                0x0000000000000000        0x8 /home/vsts/work/1/edk2/Build/Lumia950XL-AARCH64/DEBUG_GCC5/AARCH64/ArmPkg/Library/ArmLib/ArmBaseLib/OUTPUT/ArmBaseLib.lib(AArch64ArchTimerSupport.obj)

Memory Configuration

Name             Origin             Length             Attributes
*default*        0x0000000000000000 0xffffffffffffffff

Linker script and memory map

LOAD /home/vsts/work/1/edk2/ArmPkg/Library/GccLto/liblto-aarch64.a
LOAD /tmp/cc1BrBVa.ltrans0.ltrans.o
START GROUP
LOAD /home/vsts/work/1/edk2/Build/Lumia950XL-AARCH64/DEBUG_GCC5/AARCH64/MdePkg/Library/BasePcdLibNull/BasePcdLibNull/OUTPUT/BasePcdLibNull.lib
LOAD /home/vsts/work/1/edk2/Build/Lumia950XL-AARCH64/DEBUG_GCC5/AARCH64/MdePkg/Library/BaseMemoryLib/BaseMemoryLib/OUTPUT/BaseMemoryLib.lib
LOAD /home/vsts/work/1/edk2/Build/Lumia950XL-AARCH64/DEBUG_GCC5/AARCH64/MdePkg/Library/BaseLib/BaseLib/OUTPUT/BaseLib.lib
LOAD /home/vsts/work/1/edk2/Build/Lumia950XL-AARCH64/DEBUG_GCC5/AARCH64/ArmPkg/Library/ArmLib/ArmBaseLib/OUTPUT/ArmBaseLib.lib
LOAD /home/vsts/work/1/edk2/Build/Lumia950XL-AARCH64/DEBUG_GCC5/AARCH64/ArmPlatformPkg/Library/PrePiHobListPointerLib/PrePiHobListPointerLib/OUTPUT/PrePiHobListPointerLib.lib
LOAD /home/vsts/work/1/edk2/Build/Lumia950XL-AARCH64/DEBUG_GCC5/AARCH64/ArmPkg/Library/CompilerIntrinsicsLib/CompilerIntrinsicsLib/OUTPUT/CompilerIntrinsicsLib.lib
LOAD /home/vsts/work/1/edk2/Build/Lumia950XL-AARCH64/DEBUG_GCC5/AARCH64/EmbeddedPkg/Library/PrePiHobLib/PrePiHobLib/OUTPUT/PrePiHobLib.lib
LOAD /home/vsts/work/1/edk2/Build/Lumia950XL-AARCH64/DEBUG_GCC5/AARCH64/ArmPkg/Library/ArmCacheMaintenanceLib/ArmCacheMaintenanceLib/OUTPUT/ArmCacheMaintenanceLib.lib
LOAD /home/vsts/work/1/edk2/Build/Lumia950XL-AARCH64/DEBUG_GCC5/AARCH64/MdePkg/Library/BaseIoLibIntrinsic/BaseIoLibIntrinsic/OUTPUT/BaseIoLibIntrinsic.lib
LOAD /home/vsts/work/1/edk2/Build/Lumia950XL-AARCH64/DEBUG_GCC5/AARCH64/MdePkg/Library/BaseDebugPrintErrorLevelLib/BaseDebugPrintErrorLevelLib/OUTPUT/BaseDebugPrintErrorLevelLib.lib
LOAD /home/vsts/work/1/edk2/Build/Lumia950XL-AARCH64/DEBUG_GCC5/AARCH64/MdePkg/Library/BasePrintLib/BasePrintLib/OUTPUT/BasePrintLib.lib
LOAD /home/vsts/work/1/edk2/Build/Lumia950XL-AARCH64/DEBUG_GCC5/AARCH64/Lumia950XLPkg/Library/FrameBufferSerialPortLib/FrameBufferSerialPortLib/OUTPUT/FrameBufferSerialPortLib.lib
LOAD /home/vsts/work/1/edk2/Build/Lumia950XL-AARCH64/DEBUG_GCC5/AARCH64/MdePkg/Library/BaseDebugLibSerialPort/BaseDebugLibSerialPort/OUTPUT/BaseDebugLibSerialPort.lib
LOAD /home/vsts/work/1/edk2/Build/Lumia950XL-AARCH64/DEBUG_GCC5/AARCH64/ArmPkg/Library/ArmGenericTimerPhyCounterLib/ArmGenericTimerPhyCounterLib/OUTPUT/ArmGenericTimerPhyCounterLib.lib
LOAD /home/vsts/work/1/edk2/Build/Lumia950XL-AARCH64/DEBUG_GCC5/AARCH64/MdePkg/Library/BasePeCoffExtraActionLibNull/BasePeCoffExtraActionLibNull/OUTPUT/PeCoffExtraActionLibNull.lib
LOAD /home/vsts/work/1/edk2/Build/Lumia950XL-AARCH64/DEBUG_GCC5/AARCH64/ArmPkg/Library/ArmArchTimerLib/ArmArchTimerLib/OUTPUT/ArmArchTimerLib.lib
LOAD /home/vsts/work/1/edk2/Build/Lumia950XL-AARCH64/DEBUG_GCC5/AARCH64/MdePkg/Library/BasePeCoffLib/BasePeCoffLib/OUTPUT/BasePeCoffLib.lib
LOAD /home/vsts/work/1/edk2/Build/Lumia950XL-AARCH64/DEBUG_GCC5/AARCH64/MdePkg/Library/BaseUefiDecompressLib/BaseUefiDecompressLib/OUTPUT/BaseUefiDecompressLib.lib
LOAD /home/vsts/work/1/edk2/Build/Lumia950XL-AARCH64/DEBUG_GCC5/AARCH64/MdePkg/Library/BasePerformanceLibNull/BasePerformanceLibNull/OUTPUT/BasePerformanceLibNull.lib
LOAD /home/vsts/work/1/edk2/Build/Lumia950XL-AARCH64/DEBUG_GCC5/AARCH64/EmbeddedPkg/Library/PrePiExtractGuidedSectionLib/PrePiExtractGuidedSectionLib/OUTPUT/PrePiExtractGuidedSectionLib.lib
LOAD /home/vsts/work/1/edk2/Build/Lumia950XL-AARCH64/DEBUG_GCC5/AARCH64/EmbeddedPkg/Library/PrePiLib/PrePiLib/OUTPUT/PrePiLib.lib
LOAD /home/vsts/work/1/edk2/Build/Lumia950XL-AARCH64/DEBUG_GCC5/AARCH64/EmbeddedPkg/Library/PrePiMemoryAllocationLib/PrePiMemoryAllocationLib/OUTPUT/PrePiMemoryAllocationLib.lib
LOAD /home/vsts/work/1/edk2/Build/Lumia950XL-AARCH64/DEBUG_GCC5/AARCH64/ArmPkg/Library/ArmMmuLib/ArmMmuBaseLib/OUTPUT/ArmMmuBaseLib.lib
LOAD /home/vsts/work/1/edk2/Build/Lumia950XL-AARCH64/DEBUG_GCC5/AARCH64/IntelFrameworkModulePkg/Library/LzmaCustomDecompressLib/LzmaCustomDecompressLib/OUTPUT/LzmaDecompressLib.lib
LOAD /home/vsts/work/1/edk2/Build/Lumia950XL-AARCH64/DEBUG_GCC5/AARCH64/MdePkg/Library/BasePeCoffGetEntryPointLib/BasePeCoffGetEntryPointLib/OUTPUT/BasePeCoffGetEntryPointLib.lib
LOAD /home/vsts/work/1/edk2/Build/Lumia950XL-AARCH64/DEBUG_GCC5/AARCH64/MdeModulePkg/Library/DebugAgentLibNull/DebugAgentLibNull/OUTPUT/DebugAgentLibNull.lib
LOAD /home/vsts/work/1/edk2/Build/Lumia950XL-AARCH64/DEBUG_GCC5/AARCH64/Lumia950XLPkg/Library/MemoryInitPeiLib/PeiMemoryAllocationLib/OUTPUT/MemoryInitPeiLib.lib
LOAD /home/vsts/work/1/edk2/Build/Lumia950XL-AARCH64/DEBUG_GCC5/AARCH64/Lumia950XLPkg/Library/PlatformPeiLib/PlatformPeiLib/OUTPUT/PlatformPeiLib.lib
LOAD /home/vsts/work/1/edk2/Build/Lumia950XL-AARCH64/DEBUG_GCC5/AARCH64/Lumia950XLPkg/PrePi/PrePi/OUTPUT/Sec.lib
END GROUP
                0x0000000000000228                . = PECOFF_HEADER_SIZE

.text           0x0000000000000240     0x8d94
 *(.text .text.* .stub .gnu.linkonce.t.*)
 .text.BasePrintLibFillBuffer
                0x0000000000000240       0x34 /tmp/cc1BrBVa.ltrans0.ltrans.o
 .text.AsciiStrnLenS
                0x0000000000000274       0x3c /tmp/cc1BrBVa.ltrans0.ltrans.o
 .text.LzmaDec_TryDummy
                0x00000000000002b0      0x614 /tmp/cc1BrBVa.ltrans0.ltrans.o
 .text.LzmaDec_WriteRem
                0x00000000000008c4       0x84 /tmp/cc1BrBVa.ltrans0.ltrans.o
 .text.LzmaDec_DecodeReal2
                0x0000000000000948      0xabc /tmp/cc1BrBVa.ltrans0.ltrans.o
 .text.SzFree   0x0000000000001404        0x4 /tmp/cc1BrBVa.ltrans0.ltrans.o
 .text.PeCoffLoaderImageAddress
                0x0000000000001408       0x30 /tmp/cc1BrBVa.ltrans0.ltrans.o
 .text.PeCoffLoaderGetPeHeaderMagicValue
                0x0000000000001438       0x24 /tmp/cc1BrBVa.ltrans0.ltrans.o
 .text.PeCoffLoaderGetImageInfo
                0x000000000000145c      0x7fc /tmp/cc1BrBVa.ltrans0.ltrans.o
 .text.DebugPrintEnabled
                0x0000000000001c58        0x8 /tmp/cc1BrBVa.ltrans0.ltrans.o
 .text.DebugAssertEnabled
                0x0000000000001c60        0x8 /tmp/cc1BrBVa.ltrans0.ltrans.o
 .text.ResetFb  0x0000000000001c68       0x48 /tmp/cc1BrBVa.ltrans0.ltrans.o
 .text.CpuDeadLoop
                0x0000000000001cb0       0x18 /tmp/cc1BrBVa.ltrans0.ltrans.o
 .text.LowBitSet64
                0x0000000000001cc8       0x28 /tmp/cc1BrBVa.ltrans0.ltrans.o
 .text.ArmDataCacheLineLength
                0x0000000000001cf0       0x24 /tmp/cc1BrBVa.ltrans0.ltrans.o
 .text.CreateHob
                0x0000000000001d14       0x7c /tmp/cc1BrBVa.ltrans0.ltrans.o
 .text.AllocatePool
                0x0000000000001d90       0x40 /tmp/cc1BrBVa.ltrans0.ltrans.o
 .text.CacheRangeOperation
                0x0000000000001dd0       0x4c /tmp/cc1BrBVa.ltrans0.ltrans.o
 .text.FbConFlush
                0x0000000000001e1c       0x2c /tmp/cc1BrBVa.ltrans0.ltrans.o
 .text.SerialPortInitialize.part.0
                0x0000000000001e48       0x80 /tmp/cc1BrBVa.ltrans0.ltrans.o
 .text.SerialPortWrite
                0x0000000000001ec8      0x2d8 /tmp/cc1BrBVa.ltrans0.ltrans.o
 .text.DebugAssert
                0x00000000000021a0       0x50 /tmp/cc1BrBVa.ltrans0.ltrans.o
 .text.SetMem16.part.0
                0x00000000000021f0       0xb4 /tmp/cc1BrBVa.ltrans0.ltrans.o
 .text.MakeTable
                0x00000000000022a4      0x298 /tmp/cc1BrBVa.ltrans0.ltrans.o
 .text.WriteUnaligned16
                0x000000000000253c       0x5c /tmp/cc1BrBVa.ltrans0.ltrans.o
 .text.WriteUnaligned32
                0x0000000000002598       0x64 /tmp/cc1BrBVa.ltrans0.ltrans.o
 .text.WriteUnaligned64
                0x00000000000025fc       0x64 /tmp/cc1BrBVa.ltrans0.ltrans.o
 .text.ReadUnaligned16
                0x0000000000002660       0x68 /tmp/cc1BrBVa.ltrans0.ltrans.o
 .text.ReadUnaligned32
                0x00000000000026c8       0x5c /tmp/cc1BrBVa.ltrans0.ltrans.o
 .text.BasePrintLibSPrintMarker.constprop.28
                0x0000000000002724      0xc70 /tmp/cc1BrBVa.ltrans0.ltrans.o
 .text.unlikely.BasePrintLibSPrint.constprop.29
                0x0000000000003394       0x54 /tmp/cc1BrBVa.ltrans0.ltrans.o
 .text.AsciiSPrint.constprop.26
                0x00000000000033e8       0x64 /tmp/cc1BrBVa.ltrans0.ltrans.o
 .text.AsciiStrLen
                0x000000000000344c       0x80 /tmp/cc1BrBVa.ltrans0.ltrans.o
 .text.LShiftU64
                0x00000000000034cc       0x50 /tmp/cc1BrBVa.ltrans0.ltrans.o
 .text.InternalMemSetMem.constprop.23
                0x000000000000351c       0xd0 /tmp/cc1BrBVa.ltrans0.ltrans.o
 .text.SetMem.part.0.constprop.17
                0x00000000000035ec       0x5c /tmp/cc1BrBVa.ltrans0.ltrans.o
 .text.FillBuf  0x0000000000003648       0xc0 /tmp/cc1BrBVa.ltrans0.ltrans.o
 .text.GetBits  0x0000000000003708       0x34 /tmp/cc1BrBVa.ltrans0.ltrans.o
 .text.ReadPTLen
                0x000000000000373c      0x1a8 /tmp/cc1BrBVa.ltrans0.ltrans.o
 .text.ReadUnaligned64
                0x00000000000038e4       0x68 /tmp/cc1BrBVa.ltrans0.ltrans.o
 .text.CompareGuid
                0x000000000000394c       0x5c /tmp/cc1BrBVa.ltrans0.ltrans.o
 .text.CopyGuid
                0x00000000000039a8       0x4c /tmp/cc1BrBVa.ltrans0.ltrans.o
 .text.GetDecodedSizeOfBuf
                0x00000000000039f4       0x40 /tmp/cc1BrBVa.ltrans0.ltrans.o
 .text.CopyMem  0x0000000000003a34      0x2a8 /tmp/cc1BrBVa.ltrans0.ltrans.o
 .text.PeCoffLoaderImageReadFromMemory
                0x0000000000003cdc       0xa4 /tmp/cc1BrBVa.ltrans0.ltrans.o
 .text.LzmaUefiDecompress
                0x0000000000003d80      0x424 /tmp/cc1BrBVa.ltrans0.ltrans.o
 .text.FfsGetVolumeInfo
                0x00000000000041a4       0x94 /tmp/cc1BrBVa.ltrans0.ltrans.o
 .text.ZeroMem  0x0000000000004238       0x7c /tmp/cc1BrBVa.ltrans0.ltrans.o
 .text.SzAlloc  0x00000000000042b4       0x60 /tmp/cc1BrBVa.ltrans0.ltrans.o
 .text.LzmaGuidedSectionExtraction
                0x0000000000004314      0x120 /tmp/cc1BrBVa.ltrans0.ltrans.o
 .text.LzmaGuidedSectionGetInfo
                0x0000000000004434      0x1a8 /tmp/cc1BrBVa.ltrans0.ltrans.o
 .text.MmioWrite32
                0x00000000000045dc       0x54 /tmp/cc1BrBVa.ltrans0.ltrans.o
 .text.BuildMemoryAllocationHob
                0x0000000000004630       0x8c /tmp/cc1BrBVa.ltrans0.ltrans.o
 .text.AllocatePages
                0x00000000000046bc       0x68 /tmp/cc1BrBVa.ltrans0.ltrans.o
 .text.BuildGuidDataHob
                0x0000000000004724       0x54 /tmp/cc1BrBVa.ltrans0.ltrans.o
 .text.GetNextHob
                0x0000000000004778       0x74 /tmp/cc1BrBVa.ltrans0.ltrans.o
 .text.FfsAnyFvFindFirstFile
                0x00000000000047ec      0x228 /tmp/cc1BrBVa.ltrans0.ltrans.o
 .text.GetSavedData
                0x0000000000004a14       0x68 /tmp/cc1BrBVa.ltrans0.ltrans.o
 .text.DebugPrint
                0x0000000000004a7c       0x88 /tmp/cc1BrBVa.ltrans0.ltrans.o
 .text.FfsProcessSection
                0x0000000000004b04      0x840 /tmp/cc1BrBVa.ltrans0.ltrans.o
 .text.LoadDxeCoreFromFfsFile.constprop.15
                0x0000000000005344      0xc04 /tmp/cc1BrBVa.ltrans0.ltrans.o
 .text.AArch64DataCacheOperation
                0x0000000000005f48       0x44 /tmp/cc1BrBVa.ltrans0.ltrans.o
 .text.MemoryPeim.constprop.6
                0x0000000000005f8c      0x764 /tmp/cc1BrBVa.ltrans0.ltrans.o
 .text.ArmInvalidateDataCache
                0x00000000000066f0       0x1c /tmp/cc1BrBVa.ltrans0.ltrans.o
                0x00000000000066f0                ArmInvalidateDataCache
 .text.CEntryPoint
                0x000000000000670c      0x984 /tmp/cc1BrBVa.ltrans0.ltrans.o
                0x000000000000670c                CEntryPoint
 .text.__memcpy
                0x0000000000007090       0x20 /tmp/cc1BrBVa.ltrans0.ltrans.o
                0x0000000000007090                memcpy
 .text          0x00000000000070b0       0xa8 /home/vsts/work/1/edk2/Build/Lumia950XL-AARCH64/DEBUG_GCC5/AARCH64/Lumia950XLPkg/PrePi/PrePi/OUTPUT/Sec.lib(ModuleEntryPoint.obj)
                0x00000000000070b0                _StackBase
                0x00000000000070b8                _StackSize
                0x00000000000070c0                CNTFRQ
                0x00000000000070c8                _ModuleEntryPoint
 .text.ArmCacheInfo
                0x0000000000007158        0x8 /home/vsts/work/1/edk2/Build/Lumia950XL-AARCH64/DEBUG_GCC5/AARCH64/ArmPkg/Library/ArmLib/ArmBaseLib/OUTPUT/ArmBaseLib.lib(ArmLibSupport.obj)
                0x0000000000007158                ArmCacheInfo
 .text.ArmGetInterruptState
                0x0000000000007160       0x10 /home/vsts/work/1/edk2/Build/Lumia950XL-AARCH64/DEBUG_GCC5/AARCH64/ArmPkg/Library/ArmLib/ArmBaseLib/OUTPUT/ArmBaseLib.lib(ArmLibSupport.obj)
                0x0000000000007160                ArmGetInterruptState
 .text.ArmSetTTBR0
                0x0000000000007170       0x34 /home/vsts/work/1/edk2/Build/Lumia950XL-AARCH64/DEBUG_GCC5/AARCH64/ArmPkg/Library/ArmLib/ArmBaseLib/OUTPUT/ArmBaseLib.lib(ArmLibSupport.obj)
                0x0000000000007170                ArmSetTTBR0
 .text.ArmGetTCR
                0x00000000000071a4       0x34 /home/vsts/work/1/edk2/Build/Lumia950XL-AARCH64/DEBUG_GCC5/AARCH64/ArmPkg/Library/ArmLib/ArmBaseLib/OUTPUT/ArmBaseLib.lib(ArmLibSupport.obj)
                0x00000000000071a4                ArmGetTCR
 .text.ArmSetTCR
                0x00000000000071d8       0x34 /home/vsts/work/1/edk2/Build/Lumia950XL-AARCH64/DEBUG_GCC5/AARCH64/ArmPkg/Library/ArmLib/ArmBaseLib/OUTPUT/ArmBaseLib.lib(ArmLibSupport.obj)
                0x00000000000071d8                ArmSetTCR
 .text.ArmSetMAIR
                0x000000000000720c       0x34 /home/vsts/work/1/edk2/Build/Lumia950XL-AARCH64/DEBUG_GCC5/AARCH64/ArmPkg/Library/ArmLib/ArmBaseLib/OUTPUT/ArmBaseLib.lib(ArmLibSupport.obj)
                0x000000000000720c                ArmSetMAIR
 .text.ArmInvalidateTlb
                0x0000000000007240       0x38 /home/vsts/work/1/edk2/Build/Lumia950XL-AARCH64/DEBUG_GCC5/AARCH64/ArmPkg/Library/ArmLib/ArmBaseLib/OUTPUT/ArmBaseLib.lib(ArmLibSupport.obj)
                0x0000000000007240                ArmInvalidateTlb
 .text.ArmEnableInterrupts
                0x0000000000007278        0xc /home/vsts/work/1/edk2/Build/Lumia950XL-AARCH64/DEBUG_GCC5/AARCH64/ArmPkg/Library/ArmLib/ArmBaseLib/OUTPUT/ArmBaseLib.lib(ArmLibSupportV8.obj)
                0x0000000000007278                ArmEnableInterrupts
 .text.ArmDisableInterrupts
                0x0000000000007284        0xc /home/vsts/work/1/edk2/Build/Lumia950XL-AARCH64/DEBUG_GCC5/AARCH64/ArmPkg/Library/ArmLib/ArmBaseLib/OUTPUT/ArmBaseLib.lib(ArmLibSupportV8.obj)
                0x0000000000007284                ArmDisableInterrupts
 .text.ArmInvalidateDataCacheEntryByMVA
                0x0000000000007290        0x8 /home/vsts/work/1/edk2/Build/Lumia950XL-AARCH64/DEBUG_GCC5/AARCH64/ArmPkg/Library/ArmLib/ArmBaseLib/OUTPUT/ArmBaseLib.lib(AArch64Support.obj)
                0x0000000000007290                ArmInvalidateDataCacheEntryByMVA
 .text.ArmCleanDataCacheEntryByMVA
                0x0000000000007298        0x8 /home/vsts/work/1/edk2/Build/Lumia950XL-AARCH64/DEBUG_GCC5/AARCH64/ArmPkg/Library/ArmLib/ArmBaseLib/OUTPUT/ArmBaseLib.lib(AArch64Support.obj)
                0x0000000000007298                ArmCleanDataCacheEntryByMVA
 .text.ArmCleanDataCacheEntryToPoUByMVA
                0x00000000000072a0        0x8 /home/vsts/work/1/edk2/Build/Lumia950XL-AARCH64/DEBUG_GCC5/AARCH64/ArmPkg/Library/ArmLib/ArmBaseLib/OUTPUT/ArmBaseLib.lib(AArch64Support.obj)
                0x00000000000072a0                ArmCleanDataCacheEntryToPoUByMVA
 .text.ArmInvalidateInstructionCacheEntryToPoUByMVA
                0x00000000000072a8        0x8 /home/vsts/work/1/edk2/Build/Lumia950XL-AARCH64/DEBUG_GCC5/AARCH64/ArmPkg/Library/ArmLib/ArmBaseLib/OUTPUT/ArmBaseLib.lib(AArch64Support.obj)
                0x00000000000072a8                ArmInvalidateInstructionCacheEntryToPoUByMVA
 .text.ArmCleanInvalidateDataCacheEntryByMVA
                0x00000000000072b0        0x8 /home/vsts/work/1/edk2/Build/Lumia950XL-AARCH64/DEBUG_GCC5/AARCH64/ArmPkg/Library/ArmLib/ArmBaseLib/OUTPUT/ArmBaseLib.lib(AArch64Support.obj)
                0x00000000000072b0                ArmCleanInvalidateDataCacheEntryByMVA
 .text.ArmInvalidateDataCacheEntryBySetWay
                0x00000000000072b8        0x8 /home/vsts/work/1/edk2/Build/Lumia950XL-AARCH64/DEBUG_GCC5/AARCH64/ArmPkg/Library/ArmLib/ArmBaseLib/OUTPUT/ArmBaseLib.lib(AArch64Support.obj)
                0x00000000000072b8                ArmInvalidateDataCacheEntryBySetWay
 .text.ArmCleanInvalidateDataCacheEntryBySetWay
                0x00000000000072c0        0x8 /home/vsts/work/1/edk2/Build/Lumia950XL-AARCH64/DEBUG_GCC5/AARCH64/ArmPkg/Library/ArmLib/ArmBaseLib/OUTPUT/ArmBaseLib.lib(AArch64Support.obj)
                0x00000000000072c0                ArmCleanInvalidateDataCacheEntryBySetWay
 .text.ArmInvalidateInstructionCache
                0x00000000000072c8       0x10 /home/vsts/work/1/edk2/Build/Lumia950XL-AARCH64/DEBUG_GCC5/AARCH64/ArmPkg/Library/ArmLib/ArmBaseLib/OUTPUT/ArmBaseLib.lib(AArch64Support.obj)
                0x00000000000072c8                ArmInvalidateInstructionCache
 .text.ArmEnableMmu
                0x00000000000072d8       0x88 /home/vsts/work/1/edk2/Build/Lumia950XL-AARCH64/DEBUG_GCC5/AARCH64/ArmPkg/Library/ArmLib/ArmBaseLib/OUTPUT/ArmBaseLib.lib(AArch64Support.obj)
                0x00000000000072d8                ArmEnableMmu
 .text.ArmDisableMmu
                0x0000000000007360       0x74 /home/vsts/work/1/edk2/Build/Lumia950XL-AARCH64/DEBUG_GCC5/AARCH64/ArmPkg/Library/ArmLib/ArmBaseLib/OUTPUT/ArmBaseLib.lib(AArch64Support.obj)
                0x0000000000007360                ArmDisableMmu
 .text.ArmDisableCachesAndMmu
                0x00000000000073d4       0x6c /home/vsts/work/1/edk2/Build/Lumia950XL-AARCH64/DEBUG_GCC5/AARCH64/ArmPkg/Library/ArmLib/ArmBaseLib/OUTPUT/ArmBaseLib.lib(AArch64Support.obj)
                0x00000000000073d4                ArmDisableCachesAndMmu
 .text.ArmMmuEnabled
                0x0000000000007440       0x34 /home/vsts/work/1/edk2/Build/Lumia950XL-AARCH64/DEBUG_GCC5/AARCH64/ArmPkg/Library/ArmLib/ArmBaseLib/OUTPUT/ArmBaseLib.lib(AArch64Support.obj)
                0x0000000000007440                ArmMmuEnabled
 .text.ArmEnableDataCache
                0x0000000000007474       0x68 /home/vsts/work/1/edk2/Build/Lumia950XL-AARCH64/DEBUG_GCC5/AARCH64/ArmPkg/Library/ArmLib/ArmBaseLib/OUTPUT/ArmBaseLib.lib(AArch64Support.obj)
                0x0000000000007474                ArmEnableDataCache
 .text.ArmDisableDataCache
                0x00000000000074dc       0x68 /home/vsts/work/1/edk2/Build/Lumia950XL-AARCH64/DEBUG_GCC5/AARCH64/ArmPkg/Library/ArmLib/ArmBaseLib/OUTPUT/ArmBaseLib.lib(AArch64Support.obj)
                0x00000000000074dc                ArmDisableDataCache
 .text.ArmEnableInstructionCache
                0x0000000000007544       0x68 /home/vsts/work/1/edk2/Build/Lumia950XL-AARCH64/DEBUG_GCC5/AARCH64/ArmPkg/Library/ArmLib/ArmBaseLib/OUTPUT/ArmBaseLib.lib(AArch64Support.obj)
                0x0000000000007544                ArmEnableInstructionCache
 .text.ArmDisableInstructionCache
                0x00000000000075ac       0x68 /home/vsts/work/1/edk2/Build/Lumia950XL-AARCH64/DEBUG_GCC5/AARCH64/ArmPkg/Library/ArmLib/ArmBaseLib/OUTPUT/ArmBaseLib.lib(AArch64Support.obj)
                0x00000000000075ac                ArmDisableInstructionCache
 .text.ArmDisableAlignmentCheck
                0x0000000000007614       0x68 /home/vsts/work/1/edk2/Build/Lumia950XL-AARCH64/DEBUG_GCC5/AARCH64/ArmPkg/Library/ArmLib/ArmBaseLib/OUTPUT/ArmBaseLib.lib(AArch64Support.obj)
                0x0000000000007614                ArmDisableAlignmentCheck
 .text.ArmEnableStackAlignmentCheck
                0x000000000000767c       0x58 /home/vsts/work/1/edk2/Build/Lumia950XL-AARCH64/DEBUG_GCC5/AARCH64/ArmPkg/Library/ArmLib/ArmBaseLib/OUTPUT/ArmBaseLib.lib(AArch64Support.obj)
                0x000000000000767c                ArmEnableStackAlignmentCheck
 .text.ArmEnableBranchPrediction
                0x00000000000076d4        0x4 /home/vsts/work/1/edk2/Build/Lumia950XL-AARCH64/DEBUG_GCC5/AARCH64/ArmPkg/Library/ArmLib/ArmBaseLib/OUTPUT/ArmBaseLib.lib(AArch64Support.obj)
                0x00000000000076d4                ArmEnableBranchPrediction
 .text.AArch64AllDataCachesOperation
                0x00000000000076d8       0xa8 /home/vsts/work/1/edk2/Build/Lumia950XL-AARCH64/DEBUG_GCC5/AARCH64/ArmPkg/Library/ArmLib/ArmBaseLib/OUTPUT/ArmBaseLib.lib(AArch64Support.obj)
                0x00000000000076d8                AArch64AllDataCachesOperation
 .text.ArmDataSynchronizationBarrier
                0x0000000000007780        0x8 /home/vsts/work/1/edk2/Build/Lumia950XL-AARCH64/DEBUG_GCC5/AARCH64/ArmPkg/Library/ArmLib/ArmBaseLib/OUTPUT/ArmBaseLib.lib(AArch64Support.obj)
                0x0000000000007780                ArmDataSynchronizationBarrier
 .text.ArmInstructionSynchronizationBarrier
                0x0000000000007788        0x8 /home/vsts/work/1/edk2/Build/Lumia950XL-AARCH64/DEBUG_GCC5/AARCH64/ArmPkg/Library/ArmLib/ArmBaseLib/OUTPUT/ArmBaseLib.lib(AArch64Support.obj)
                0x0000000000007788                ArmInstructionSynchronizationBarrier
 .text.ArmEnableVFP
                0x0000000000007790       0x64 /home/vsts/work/1/edk2/Build/Lumia950XL-AARCH64/DEBUG_GCC5/AARCH64/ArmPkg/Library/ArmLib/ArmBaseLib/OUTPUT/ArmBaseLib.lib(AArch64Support.obj)
                0x0000000000007790                ArmEnableVFP
 .text.ArmReadTpidrurw
                0x00000000000077f4        0x8 /home/vsts/work/1/edk2/Build/Lumia950XL-AARCH64/DEBUG_GCC5/AARCH64/ArmPkg/Library/ArmLib/ArmBaseLib/OUTPUT/ArmBaseLib.lib(AArch64Support.obj)
                0x00000000000077f4                ArmReadTpidrurw
 .text.ArmWriteTpidrurw
                0x00000000000077fc        0x8 /home/vsts/work/1/edk2/Build/Lumia950XL-AARCH64/DEBUG_GCC5/AARCH64/ArmPkg/Library/ArmLib/ArmBaseLib/OUTPUT/ArmBaseLib.lib(AArch64Support.obj)
                0x00000000000077fc                ArmWriteTpidrurw
 .text.ArmIsArchTimerImplemented
                0x0000000000007804        0x8 /home/vsts/work/1/edk2/Build/Lumia950XL-AARCH64/DEBUG_GCC5/AARCH64/ArmPkg/Library/ArmLib/ArmBaseLib/OUTPUT/ArmBaseLib.lib(AArch64Support.obj)
                0x0000000000007804                ArmIsArchTimerImplemented
 .text.ArmReadIdPfr0
                0x000000000000780c        0x8 /home/vsts/work/1/edk2/Build/Lumia950XL-AARCH64/DEBUG_GCC5/AARCH64/ArmPkg/Library/ArmLib/ArmBaseLib/OUTPUT/ArmBaseLib.lib(AArch64Support.obj)
                0x000000000000780c                ArmReadIdPfr0
 .text.ArmReadCurrentEL
                0x0000000000007814        0x8 /home/vsts/work/1/edk2/Build/Lumia950XL-AARCH64/DEBUG_GCC5/AARCH64/ArmPkg/Library/ArmLib/ArmBaseLib/OUTPUT/ArmBaseLib.lib(AArch64Support.obj)
                0x0000000000007814                ArmReadCurrentEL
 .text.ArmReplaceLiveTranslationEntry
                0x000000000000781c       0xc4 /home/vsts/work/1/edk2/Build/Lumia950XL-AARCH64/DEBUG_GCC5/AARCH64/ArmPkg/Library/ArmMmuLib/ArmMmuBaseLib/OUTPUT/ArmMmuBaseLib.lib(ArmMmuLibReplaceEntry.obj)
                0x000000000000781c                ArmReplaceLiveTranslationEntry
                0x00000000000078dc                ArmReplaceLiveTranslationEntrySize
 .text.ArmReadCntFrq
                0x00000000000078e0        0x8 /home/vsts/work/1/edk2/Build/Lumia950XL-AARCH64/DEBUG_GCC5/AARCH64/ArmPkg/Library/ArmLib/ArmBaseLib/OUTPUT/ArmBaseLib.lib(AArch64ArchTimerSupport.obj)
                0x00000000000078e0                ArmReadCntFrq
 *(.rodata .rodata.* .gnu.linkonce.r.*)
 .rodata.LoadDxeCoreFromFfsFile.constprop.15
                0x00000000000078e8        0xb /tmp/cc1BrBVa.ltrans0.ltrans.o
 *fill*         0x00000000000078f3        0x1 
 .rodata.MemoryPeim.constprop.6
                0x00000000000078f4        0xa /tmp/cc1BrBVa.ltrans0.ltrans.o
 *fill*         0x00000000000078fe        0x2 
 .rodata        0x0000000000007900       0x10 /tmp/cc1BrBVa.ltrans0.ltrans.o
 .rodata.AsciiStrLen.str1.1
                0x0000000000007910       0x6f /tmp/cc1BrBVa.ltrans0.ltrans.o
 .rodata.BasePrintLibSPrintMarker.constprop.28.str1.1
                0x000000000000797f      0x176 /tmp/cc1BrBVa.ltrans0.ltrans.o
 .rodata.BuildMemoryAllocationHob.str1.1
                0x0000000000007af5       0x8b /tmp/cc1BrBVa.ltrans0.ltrans.o
 .rodata.CEntryPoint.str1.1
                0x0000000000007b80      0x2f2 /tmp/cc1BrBVa.ltrans0.ltrans.o
 .rodata.CopyMem.str1.1
                0x0000000000007e72       0xc6 /tmp/cc1BrBVa.ltrans0.ltrans.o
 .rodata.DebugAssert.str1.1
                0x0000000000007f38       0x1c /tmp/cc1BrBVa.ltrans0.ltrans.o
 .rodata.FfsAnyFvFindFirstFile.str1.1
                0x0000000000007f54       0x3c /tmp/cc1BrBVa.ltrans0.ltrans.o
 .rodata.FfsProcessSection.str1.1
                0x0000000000007f90      0x120 /tmp/cc1BrBVa.ltrans0.ltrans.o
 .rodata.GetNextHob.str1.1
                0x00000000000080b0       0x19 /tmp/cc1BrBVa.ltrans0.ltrans.o
 .rodata.LShiftU64.str1.1
                0x00000000000080c9       0x45 /tmp/cc1BrBVa.ltrans0.ltrans.o
 .rodata.LoadDxeCoreFromFfsFile.constprop.15.str1.1
                0x000000000000810e      0x16f /tmp/cc1BrBVa.ltrans0.ltrans.o
 .rodata.LzmaGuidedSectionExtraction.str1.1
                0x000000000000827d       0xa3 /tmp/cc1BrBVa.ltrans0.ltrans.o
 .rodata.LzmaGuidedSectionGetInfo.str1.1
                0x0000000000008320       0x7a /tmp/cc1BrBVa.ltrans0.ltrans.o
 .rodata.MemoryPeim.constprop.6.str1.1
                0x000000000000839a      0x1dd /tmp/cc1BrBVa.ltrans0.ltrans.o
                                        0x1df (size before relaxing)
 .rodata.MmioWrite32.str1.1
                0x0000000000008577       0x57 /tmp/cc1BrBVa.ltrans0.ltrans.o
 .rodata.PeCoffLoaderImageReadFromMemory.str1.1
                0x00000000000085ce       0x75 /tmp/cc1BrBVa.ltrans0.ltrans.o
 .rodata.SetMem.part.0.constprop.17.str1.1
                0x0000000000008643       0x44 /tmp/cc1BrBVa.ltrans0.ltrans.o
 .rodata.SetMem16.part.0.str1.1
                0x0000000000008687       0xac /tmp/cc1BrBVa.ltrans0.ltrans.o
                                         0xc3 (size before relaxing)
 .rodata.SzAlloc.str1.1
                0x0000000000008733       0x72 /tmp/cc1BrBVa.ltrans0.ltrans.o
 .rodata.WriteUnaligned16.str1.1
                0x00000000000087a5       0x3e /tmp/cc1BrBVa.ltrans0.ltrans.o
 .rodata.ZeroMem.str1.1
                0x00000000000087e3       0x7b /tmp/cc1BrBVa.ltrans0.ltrans.o
 .rodata._gPcd_FixedAtBuild_PcdFirmwareVersionString
                0x000000000000885e        0xa /tmp/cc1BrBVa.ltrans0.ltrans.o
 .rodata.mCrcTable
                0x0000000000008868      0x400 /tmp/cc1BrBVa.ltrans0.ltrans.o
 .rodata.mHexStr
                0x0000000000008c68       0x10 /tmp/cc1BrBVa.ltrans0.ltrans.o
 .rodata.mStatusString
                0x0000000000008c78      0x138 /tmp/cc1BrBVa.ltrans0.ltrans.o
 .rodata.str1.1
                0x0000000000008db0      0x224 /tmp/cc1BrBVa.ltrans0.ltrans.o
                                        0x235 (size before relaxing)
 *(.got .got.*)
 *:AutoGen.obj(.data.g*Guid)

.iplt           0x0000000000008fd4        0x0
 .iplt          0x0000000000008fd4        0x0 /home/vsts/work/1/edk2/Build/Lumia950XL-AARCH64/DEBUG_GCC5/AARCH64/Lumia950XLPkg/PrePi/PrePi/OUTPUT/Sec.lib(ModuleEntryPoint.obj)

.data           0x0000000000008fe0      0xcd8
 *(.data .data.* .gnu.linkonce.d.*)
 .data.font5x12
                0x0000000000008fe0      0x300 /tmp/cc1BrBVa.ltrans0.ltrans.o
 .data.gDeviceMemoryDescriptorEx
                0x00000000000092e0      0x960 /tmp/cc1BrBVa.ltrans0.ltrans.o
 .data.gEfiHobMemoryAllocModuleGuid
                0x0000000000009c40       0x10 /tmp/cc1BrBVa.ltrans0.ltrans.o
 .data.gEfiHobMemoryAllocStackGuid
                0x0000000000009c50       0x10 /tmp/cc1BrBVa.ltrans0.ltrans.o
 .data.gEfiMemoryTypeInformationGuid
                0x0000000000009c60       0x10 /tmp/cc1BrBVa.ltrans0.ltrans.o
 .data.gLzmaCustomDecompressGuid
                0x0000000000009c70       0x10 /tmp/cc1BrBVa.ltrans0.ltrans.o
 *(.bss .bss.*)
 .bss.m_Color   0x0000000000009c80       0x10 /tmp/cc1BrBVa.ltrans0.ltrans.o
 .bss.m_Initialized
                0x0000000000009c90        0x1 /tmp/cc1BrBVa.ltrans0.ltrans.o
 *fill*         0x0000000000009c91        0x7 
 .bss.m_MaxPosition
                0x0000000000009c98       0x10 /tmp/cc1BrBVa.ltrans0.ltrans.o
 .bss.m_Position
                0x0000000000009ca8       0x10 /tmp/cc1BrBVa.ltrans0.ltrans.o

.igot.plt       0x0000000000009cb8        0x0
 .igot.plt      0x0000000000009cb8        0x0 /home/vsts/work/1/edk2/Build/Lumia950XL-AARCH64/DEBUG_GCC5/AARCH64/Lumia950XLPkg/PrePi/PrePi/OUTPUT/Sec.lib(ModuleEntryPoint.obj)

.eh_frame
 *(.eh_frame)

.rela           0x0000000000009cb8        0x0
 *(.rela .rela.*)
 .rela.iplt     0x0000000000009cb8        0x0 /home/vsts/work/1/edk2/Build/Lumia950XL-AARCH64/DEBUG_GCC5/AARCH64/Lumia950XLPkg/PrePi/PrePi/OUTPUT/Sec.lib(ModuleEntryPoint.obj)

.hii
 *(.hii)

.build-id       0x0000000000009cb8       0x24
 *(.note.gnu.build-id)
 .note.gnu.build-id
                0x0000000000009cb8       0x24 /home/vsts/work/1/edk2/ArmPkg/Library/GccLto/liblto-aarch64.a

/DISCARD/
 *(.note.GNU-stack)
 *(.gnu_debuglink)
 *(.interp)
 *(.dynsym)
 *(.dynstr)
 *(.dynamic)
 *(.hash .gnu.hash)
 *(.comment)
 *(COMMON)
                0x0000000000000228                PECOFF_HEADER_SIZE = 0x228
OUTPUT(/home/vsts/work/1/edk2/Build/Lumia950XL-AARCH64/DEBUG_GCC5/AARCH64/Lumia950XLPkg/PrePi/PrePi/DEBUG/Sec.dll elf64-littleaarch64)

.debug_info     0x0000000000000000     0xb76a
 .debug_info    0x0000000000000000     0xb76a /tmp/cc1BrBVa.ltrans0.ltrans.o

.debug_abbrev   0x0000000000000000      0x700
 .debug_abbrev  0x0000000000000000      0x700 /tmp/cc1BrBVa.ltrans0.ltrans.o

.debug_loc      0x0000000000000000    0x129f7
 .debug_loc     0x0000000000000000    0x129f7 /tmp/cc1BrBVa.ltrans0.ltrans.o

.debug_aranges  0x0000000000000000      0x460
 .debug_aranges
                0x0000000000000000      0x460 /tmp/cc1BrBVa.ltrans0.ltrans.o

.debug_ranges   0x0000000000000000     0x3620
 .debug_ranges  0x0000000000000000     0x3620 /tmp/cc1BrBVa.ltrans0.ltrans.o

.debug_line     0x0000000000000000     0x2892
 .debug_line    0x0000000000000000     0x2892 /tmp/cc1BrBVa.ltrans0.ltrans.o

.debug_str      0x0000000000000000     0x3606
 .debug_str     0x0000000000000000     0x3606 /tmp/cc1BrBVa.ltrans0.ltrans.o
                                       0x3aa2 (size before relaxing)

.debug_frame    0x0000000000000000      0xdb0
 .debug_frame   0x0000000000000000      0xdb0 /tmp/cc1BrBVa.ltrans0.ltrans.o
