Archive member included to satisfy reference by file (symbol)

/home/vsts/work/1/edk2/Build/Lumia950XL-AARCH64/DEBUG_GCC5/AARCH64/ArmPkg/Library/CompilerIntrinsicsLib/CompilerIntrinsicsLib/OUTPUT/CompilerIntrinsicsLib.lib(memcpy.obj)
                              /home/vsts/work/1/edk2/ArmPkg/Library/GccLto/liblto-aarch64.a (memcpy)
/home/vsts/work/1/edk2/Build/Lumia950XL-AARCH64/DEBUG_GCC5/AARCH64/ArmPkg/Library/CompilerIntrinsicsLib/CompilerIntrinsicsLib/OUTPUT/CompilerIntrinsicsLib.lib(memset.obj)
                              /home/vsts/work/1/edk2/ArmPkg/Library/GccLto/liblto-aarch64.a (memset)
/home/vsts/work/1/edk2/Build/Lumia950XL-AARCH64/DEBUG_GCC5/AARCH64/MdePkg/Library/UefiDriverEntryPoint/UefiDriverEntryPoint/OUTPUT/UefiDriverEntryPoint.lib(DriverEntryPoint.obj)
                              (_ModuleEntryPoint)
/home/vsts/work/1/edk2/Build/Lumia950XL-AARCH64/DEBUG_GCC5/AARCH64/MdeModulePkg/Universal/Variable/EmuRuntimeDxe/EmuVariableRuntimeDxe/OUTPUT/EmuVariableRuntimeDxe.lib(AutoGen.obj)
                              DriverEntryPoint.obj (symbol from plugin) (ProcessLibraryConstructorList)
/home/vsts/work/1/edk2/Build/Lumia950XL-AARCH64/DEBUG_GCC5/AARCH64/MdeModulePkg/Universal/Variable/EmuRuntimeDxe/EmuVariableRuntimeDxe/OUTPUT/EmuVariableRuntimeDxe.lib(InitVariable.obj)
                              AutoGen.obj (symbol from plugin) (VariableServiceInitialize)
/home/vsts/work/1/edk2/Build/Lumia950XL-AARCH64/DEBUG_GCC5/AARCH64/MdeModulePkg/Universal/Variable/EmuRuntimeDxe/EmuVariableRuntimeDxe/OUTPUT/EmuVariableRuntimeDxe.lib(EmuVariable.obj)
                              InitVariable.obj (symbol from plugin) (mVariableModuleGlobal)
/home/vsts/work/1/edk2/Build/Lumia950XL-AARCH64/DEBUG_GCC5/AARCH64/MdePkg/Library/BaseMemoryLib/BaseMemoryLib/OUTPUT/BaseMemoryLib.lib(CompareMemWrapper.obj)
                              EmuVariable.obj (symbol from plugin) (CompareMem)
/home/vsts/work/1/edk2/Build/Lumia950XL-AARCH64/DEBUG_GCC5/AARCH64/MdePkg/Library/BaseMemoryLib/BaseMemoryLib/OUTPUT/BaseMemoryLib.lib(SetMemWrapper.obj)
                              EmuVariable.obj (symbol from plugin) (SetMem)
/home/vsts/work/1/edk2/Build/Lumia950XL-AARCH64/DEBUG_GCC5/AARCH64/MdePkg/Library/BaseMemoryLib/BaseMemoryLib/OUTPUT/BaseMemoryLib.lib(CopyMemWrapper.obj)
                              EmuVariable.obj (symbol from plugin) (CopyMem)
/home/vsts/work/1/edk2/Build/Lumia950XL-AARCH64/DEBUG_GCC5/AARCH64/MdePkg/Library/BaseMemoryLib/BaseMemoryLib/OUTPUT/BaseMemoryLib.lib(MemLibGeneric.obj)
                              CompareMemWrapper.obj (symbol from plugin) (InternalMemCompareMem)
/home/vsts/work/1/edk2/Build/Lumia950XL-AARCH64/DEBUG_GCC5/AARCH64/MdePkg/Library/BaseMemoryLib/BaseMemoryLib/OUTPUT/BaseMemoryLib.lib(MemLibGuid.obj)
                              EmuVariable.obj (symbol from plugin) (CopyGuid)
/home/vsts/work/1/edk2/Build/Lumia950XL-AARCH64/DEBUG_GCC5/AARCH64/MdePkg/Library/BaseMemoryLib/BaseMemoryLib/OUTPUT/BaseMemoryLib.lib(CopyMem.obj)
                              CopyMemWrapper.obj (symbol from plugin) (InternalMemCopyMem)
/home/vsts/work/1/edk2/Build/Lumia950XL-AARCH64/DEBUG_GCC5/AARCH64/MdePkg/Library/BaseMemoryLib/BaseMemoryLib/OUTPUT/BaseMemoryLib.lib(SetMem.obj)
                              SetMemWrapper.obj (symbol from plugin) (InternalMemSetMem)
/home/vsts/work/1/edk2/Build/Lumia950XL-AARCH64/DEBUG_GCC5/AARCH64/MdePkg/Library/BaseMemoryLib/BaseMemoryLib/OUTPUT/BaseMemoryLib.lib(SetMem64Wrapper.obj)
                              SetMemWrapper.obj (symbol from plugin) (SetMem64)
/home/vsts/work/1/edk2/Build/Lumia950XL-AARCH64/DEBUG_GCC5/AARCH64/MdePkg/Library/BaseLib/BaseLib/OUTPUT/BaseLib.lib(LShiftU64.obj)
                              SetMem.obj (symbol from plugin) (LShiftU64)
/home/vsts/work/1/edk2/Build/Lumia950XL-AARCH64/DEBUG_GCC5/AARCH64/MdePkg/Library/BaseLib/BaseLib/OUTPUT/BaseLib.lib(SafeString.obj)
                              EmuVariable.obj (symbol from plugin) (StrnLenS)
/home/vsts/work/1/edk2/Build/Lumia950XL-AARCH64/DEBUG_GCC5/AARCH64/MdePkg/Library/BaseLib/BaseLib/OUTPUT/BaseLib.lib(String.obj)
                              EmuVariable.obj (symbol from plugin) (StrLen)
/home/vsts/work/1/edk2/Build/Lumia950XL-AARCH64/DEBUG_GCC5/AARCH64/MdePkg/Library/BaseLib/BaseLib/OUTPUT/BaseLib.lib(Unaligned.obj)
                              MemLibGuid.obj (symbol from plugin) (ReadUnaligned64)
/home/vsts/work/1/edk2/Build/Lumia950XL-AARCH64/DEBUG_GCC5/AARCH64/MdePkg/Library/BaseLib/BaseLib/OUTPUT/BaseLib.lib(Math64.obj)
                              LShiftU64.obj (symbol from plugin) (InternalMathLShiftU64)
/home/vsts/work/1/edk2/Build/Lumia950XL-AARCH64/DEBUG_GCC5/AARCH64/MdePkg/Library/BaseLib/BaseLib/OUTPUT/BaseLib.lib(SwapBytes32.obj)
                              SafeString.obj (symbol from plugin) (SwapBytes32)
/home/vsts/work/1/edk2/Build/Lumia950XL-AARCH64/DEBUG_GCC5/AARCH64/MdePkg/Library/BaseLib/BaseLib/OUTPUT/BaseLib.lib(SwapBytes16.obj)
                              SafeString.obj (symbol from plugin) (SwapBytes16)
/home/vsts/work/1/edk2/Build/Lumia950XL-AARCH64/DEBUG_GCC5/AARCH64/MdePkg/Library/BaseLib/BaseLib/OUTPUT/BaseLib.lib(RShiftU64.obj)
                              SafeString.obj (symbol from plugin) (RShiftU64)
/home/vsts/work/1/edk2/Build/Lumia950XL-AARCH64/DEBUG_GCC5/AARCH64/MdePkg/Library/BaseLib/BaseLib/OUTPUT/BaseLib.lib(MultU64x32.obj)
                              SafeString.obj (symbol from plugin) (MultU64x32)
/home/vsts/work/1/edk2/Build/Lumia950XL-AARCH64/DEBUG_GCC5/AARCH64/MdePkg/Library/BaseLib/BaseLib/OUTPUT/BaseLib.lib(DivU64x32.obj)
                              SafeString.obj (symbol from plugin) (DivU64x32)
/home/vsts/work/1/edk2/Build/Lumia950XL-AARCH64/DEBUG_GCC5/AARCH64/MdePkg/Library/BaseDebugLibSerialPort/BaseDebugLibSerialPort/OUTPUT/BaseDebugLibSerialPort.lib(DebugLib.obj)
                              AutoGen.obj (symbol from plugin) (BaseDebugLibSerialPortConstructor)
/home/vsts/work/1/edk2/Build/Lumia950XL-AARCH64/DEBUG_GCC5/AARCH64/MdePkg/Library/UefiBootServicesTableLib/UefiBootServicesTableLib/OUTPUT/UefiBootServicesTableLib.lib(UefiBootServicesTableLib.obj)
                              AutoGen.obj (symbol from plugin) (UefiBootServicesTableLibConstructor)
/home/vsts/work/1/edk2/Build/Lumia950XL-AARCH64/DEBUG_GCC5/AARCH64/MdePkg/Library/UefiMemoryAllocationLib/UefiMemoryAllocationLib/OUTPUT/UefiMemoryAllocationLib.lib(MemoryAllocationLib.obj)
                              EmuVariable.obj (symbol from plugin) (AllocateRuntimePool)
/home/vsts/work/1/edk2/Build/Lumia950XL-AARCH64/DEBUG_GCC5/AARCH64/MdePkg/Library/UefiRuntimeServicesTableLib/UefiRuntimeServicesTableLib/OUTPUT/UefiRuntimeServicesTableLib.lib(UefiRuntimeServicesTableLib.obj)
                              AutoGen.obj (symbol from plugin) (UefiRuntimeServicesTableLibConstructor)
/home/vsts/work/1/edk2/Build/Lumia950XL-AARCH64/DEBUG_GCC5/AARCH64/MdePkg/Library/UefiLib/UefiLib/OUTPUT/UefiLib.lib(UefiLib.obj)
                              AutoGen.obj (symbol from plugin) (UefiLibConstructor)
/home/vsts/work/1/edk2/Build/Lumia950XL-AARCH64/DEBUG_GCC5/AARCH64/MdePkg/Library/DxeHobLib/DxeHobLib/OUTPUT/DxeHobLib.lib(HobLib.obj)
                              AutoGen.obj (symbol from plugin) (HobLibConstructor)
/home/vsts/work/1/edk2/Build/Lumia950XL-AARCH64/DEBUG_GCC5/AARCH64/MdePkg/Library/UefiRuntimeLib/UefiRuntimeLib/OUTPUT/UefiRuntimeLib.lib(RuntimeLib.obj)
                              AutoGen.obj (symbol from plugin) (RuntimeDriverLibConstruct)
/home/vsts/work/1/edk2/Build/Lumia950XL-AARCH64/DEBUG_GCC5/AARCH64/MdePkg/Library/BaseMemoryLib/BaseMemoryLib/OUTPUT/BaseMemoryLib.lib(ZeroMemWrapper.obj)
                              SafeString.obj (symbol from plugin) (ZeroMem)
/home/vsts/work/1/edk2/Build/Lumia950XL-AARCH64/DEBUG_GCC5/AARCH64/MdePkg/Library/BaseLib/BaseLib/OUTPUT/BaseLib.lib(CpuDeadLoop.obj)
                              DebugLib.obj (symbol from plugin) (CpuDeadLoop)
/home/vsts/work/1/edk2/Build/Lumia950XL-AARCH64/DEBUG_GCC5/AARCH64/MdePkg/Library/BaseLib/BaseLib/OUTPUT/BaseLib.lib(CpuBreakpoint.obj)
                              DebugLib.obj (symbol from plugin) (CpuBreakpoint)
/home/vsts/work/1/edk2/Build/Lumia950XL-AARCH64/DEBUG_GCC5/AARCH64/MdePkg/Library/BaseDebugPrintErrorLevelLib/BaseDebugPrintErrorLevelLib/OUTPUT/BaseDebugPrintErrorLevelLib.lib(BaseDebugPrintErrorLevelLib.obj)
                              DebugLib.obj (symbol from plugin) (GetDebugPrintErrorLevel)
/home/vsts/work/1/edk2/Build/Lumia950XL-AARCH64/DEBUG_GCC5/AARCH64/MdePkg/Library/BasePrintLib/BasePrintLib/OUTPUT/BasePrintLib.lib(PrintLib.obj)
                              DebugLib.obj (symbol from plugin) (AsciiVSPrint)
/home/vsts/work/1/edk2/Build/Lumia950XL-AARCH64/DEBUG_GCC5/AARCH64/MdePkg/Library/BasePrintLib/BasePrintLib/OUTPUT/BasePrintLib.lib(PrintLibInternal.obj)
                              PrintLib.obj (symbol from plugin) (BasePrintLibConvertValueToString)
/home/vsts/work/1/edk2/Build/Lumia950XL-AARCH64/DEBUG_GCC5/AARCH64/Lumia950XLPkg/Library/FrameBufferSerialPortLib/FrameBufferSerialPortLib/OUTPUT/FrameBufferSerialPortLib.lib(FrameBufferSerialPortLib.obj)
                              DebugLib.obj (symbol from plugin) (SerialPortInitialize)
/home/vsts/work/1/edk2/Build/Lumia950XL-AARCH64/DEBUG_GCC5/AARCH64/MdePkg/Library/BaseLib/BaseLib/OUTPUT/BaseLib.lib(DivU64x32Remainder.obj)
                              PrintLibInternal.obj (symbol from plugin) (DivU64x32Remainder)
/home/vsts/work/1/edk2/Build/Lumia950XL-AARCH64/DEBUG_GCC5/AARCH64/ArmPkg/Library/ArmLib/ArmBaseLib/OUTPUT/ArmBaseLib.lib(ArmLibSupport.obj)
                              FrameBufferSerialPortLib.obj (symbol from plugin) (ArmGetInterruptState)
/home/vsts/work/1/edk2/Build/Lumia950XL-AARCH64/DEBUG_GCC5/AARCH64/ArmPkg/Library/ArmLib/ArmBaseLib/OUTPUT/ArmBaseLib.lib(ArmLibSupportV8.obj)
                              FrameBufferSerialPortLib.obj (symbol from plugin) (ArmEnableInterrupts)
/home/vsts/work/1/edk2/Build/Lumia950XL-AARCH64/DEBUG_GCC5/AARCH64/ArmPkg/Library/ArmCacheMaintenanceLib/ArmCacheMaintenanceLib/OUTPUT/ArmCacheMaintenanceLib.lib(ArmCacheMaintenanceLib.obj)
                              FrameBufferSerialPortLib.obj (symbol from plugin) (WriteBackInvalidateDataCacheRange)
/home/vsts/work/1/edk2/Build/Lumia950XL-AARCH64/DEBUG_GCC5/AARCH64/ArmPkg/Library/ArmLib/ArmBaseLib/OUTPUT/ArmBaseLib.lib(ArmLib.obj)
                              ArmCacheMaintenanceLib.obj (symbol from plugin) (ArmDataCacheLineLength)
/home/vsts/work/1/edk2/Build/Lumia950XL-AARCH64/DEBUG_GCC5/AARCH64/ArmPkg/Library/ArmLib/ArmBaseLib/OUTPUT/ArmBaseLib.lib(AArch64Support.obj)
                              ArmCacheMaintenanceLib.obj (symbol from plugin) (ArmInvalidateDataCacheEntryByMVA)

Discarded input sections

 .text          0x0000000000000000       0x10 /home/vsts/work/1/edk2/ArmPkg/Library/GccLto/liblto-aarch64.a
 .data          0x0000000000000000        0x0 /home/vsts/work/1/edk2/ArmPkg/Library/GccLto/liblto-aarch64.a
 .bss           0x0000000000000000        0x0 /home/vsts/work/1/edk2/ArmPkg/Library/GccLto/liblto-aarch64.a
 .text          0x0000000000000000        0x0 /tmp/cctQ8rgp.ltrans0.ltrans.o
 .data          0x0000000000000000        0x0 /tmp/cctQ8rgp.ltrans0.ltrans.o
 .bss           0x0000000000000000        0x0 /tmp/cctQ8rgp.ltrans0.ltrans.o
 .text.AllocateZeroPool
                0x0000000000000000       0x3c /tmp/cctQ8rgp.ltrans0.ltrans.o
 .text.StrCpyS  0x0000000000000000      0x1f0 /tmp/cctQ8rgp.ltrans0.ltrans.o
 .text.UpdateVariableInfo.constprop.18
                0x0000000000000000        0x4 /tmp/cctQ8rgp.ltrans0.ltrans.o
 .text.ProcessLibraryDestructorList
                0x0000000000000000      0x16c /tmp/cctQ8rgp.ltrans0.ltrans.o
 .text._DriverUnloadHandler
                0x0000000000000000       0x20 /tmp/cctQ8rgp.ltrans0.ltrans.o
 .text.__memset
                0x0000000000000000       0x1c /tmp/cctQ8rgp.ltrans0.ltrans.o
 .text.__memcpy
                0x0000000000000000       0x20 /tmp/cctQ8rgp.ltrans0.ltrans.o
 .rodata.StrCpyS.str1.1
                0x0000000000000000      0x13e /tmp/cctQ8rgp.ltrans0.ltrans.o
 .comment       0x0000000000000000       0x2e /tmp/cctQ8rgp.ltrans0.ltrans.o
 .text          0x0000000000000000        0x0 memcpy.obj (symbol from plugin)
 .text          0x0000000000000000        0x0 memset.obj (symbol from plugin)
 .text          0x0000000000000000        0x0 DriverEntryPoint.obj (symbol from plugin)
 .text          0x0000000000000000        0x0 AutoGen.obj (symbol from plugin)
 .text          0x0000000000000000        0x0 InitVariable.obj (symbol from plugin)
 .text          0x0000000000000000        0x0 EmuVariable.obj (symbol from plugin)
 .text          0x0000000000000000        0x0 CompareMemWrapper.obj (symbol from plugin)
 .text          0x0000000000000000        0x0 SetMemWrapper.obj (symbol from plugin)
 .text          0x0000000000000000        0x0 CopyMemWrapper.obj (symbol from plugin)
 .text          0x0000000000000000        0x0 MemLibGeneric.obj (symbol from plugin)
 .text          0x0000000000000000        0x0 MemLibGuid.obj (symbol from plugin)
 .text          0x0000000000000000        0x0 CopyMem.obj (symbol from plugin)
 .text          0x0000000000000000        0x0 SetMem.obj (symbol from plugin)
 .text          0x0000000000000000        0x0 SetMem64Wrapper.obj (symbol from plugin)
 .text          0x0000000000000000        0x0 LShiftU64.obj (symbol from plugin)
 .text          0x0000000000000000        0x0 SafeString.obj (symbol from plugin)
 .text          0x0000000000000000        0x0 String.obj (symbol from plugin)
 .text          0x0000000000000000        0x0 Unaligned.obj (symbol from plugin)
 .text          0x0000000000000000        0x0 Math64.obj (symbol from plugin)
 .text          0x0000000000000000        0x0 SwapBytes32.obj (symbol from plugin)
 .text          0x0000000000000000        0x0 SwapBytes16.obj (symbol from plugin)
 .text          0x0000000000000000        0x0 RShiftU64.obj (symbol from plugin)
 .text          0x0000000000000000        0x0 MultU64x32.obj (symbol from plugin)
 .text          0x0000000000000000        0x0 DivU64x32.obj (symbol from plugin)
 .text          0x0000000000000000        0x0 DebugLib.obj (symbol from plugin)
 .text          0x0000000000000000        0x0 UefiBootServicesTableLib.obj (symbol from plugin)
 .text          0x0000000000000000        0x0 MemoryAllocationLib.obj (symbol from plugin)
 .text          0x0000000000000000        0x0 UefiRuntimeServicesTableLib.obj (symbol from plugin)
 .text          0x0000000000000000        0x0 UefiLib.obj (symbol from plugin)
 .text          0x0000000000000000        0x0 HobLib.obj (symbol from plugin)
 .text          0x0000000000000000        0x0 RuntimeLib.obj (symbol from plugin)
 .text          0x0000000000000000        0x0 ZeroMemWrapper.obj (symbol from plugin)
 .text          0x0000000000000000        0x0 CpuDeadLoop.obj (symbol from plugin)
 .text          0x0000000000000000        0x8 /home/vsts/work/1/edk2/Build/Lumia950XL-AARCH64/DEBUG_GCC5/AARCH64/MdePkg/Library/BaseLib/BaseLib/OUTPUT/BaseLib.lib(CpuBreakpoint.obj)
 .data          0x0000000000000000        0x0 /home/vsts/work/1/edk2/Build/Lumia950XL-AARCH64/DEBUG_GCC5/AARCH64/MdePkg/Library/BaseLib/BaseLib/OUTPUT/BaseLib.lib(CpuBreakpoint.obj)
 .bss           0x0000000000000000        0x0 /home/vsts/work/1/edk2/Build/Lumia950XL-AARCH64/DEBUG_GCC5/AARCH64/MdePkg/Library/BaseLib/BaseLib/OUTPUT/BaseLib.lib(CpuBreakpoint.obj)
 .text          0x0000000000000000        0x0 BaseDebugPrintErrorLevelLib.obj (symbol from plugin)
 .text          0x0000000000000000        0x0 PrintLib.obj (symbol from plugin)
 .text          0x0000000000000000        0x0 PrintLibInternal.obj (symbol from plugin)
 .text          0x0000000000000000        0x0 FrameBufferSerialPortLib.obj (symbol from plugin)
 .text          0x0000000000000000        0x0 DivU64x32Remainder.obj (symbol from plugin)
 .text          0x0000000000000000        0x0 /home/vsts/work/1/edk2/Build/Lumia950XL-AARCH64/DEBUG_GCC5/AARCH64/ArmPkg/Library/ArmLib/ArmBaseLib/OUTPUT/ArmBaseLib.lib(ArmLibSupport.obj)
 .data          0x0000000000000000        0x0 /home/vsts/work/1/edk2/Build/Lumia950XL-AARCH64/DEBUG_GCC5/AARCH64/ArmPkg/Library/ArmLib/ArmBaseLib/OUTPUT/ArmBaseLib.lib(ArmLibSupport.obj)
 .bss           0x0000000000000000        0x0 /home/vsts/work/1/edk2/Build/Lumia950XL-AARCH64/DEBUG_GCC5/AARCH64/ArmPkg/Library/ArmLib/ArmBaseLib/OUTPUT/ArmBaseLib.lib(ArmLibSupport.obj)
 .text.ArmReadMidr
                0x0000000000000000        0x8 /home/vsts/work/1/edk2/Build/Lumia950XL-AARCH64/DEBUG_GCC5/AARCH64/ArmPkg/Library/ArmLib/ArmBaseLib/OUTPUT/ArmBaseLib.lib(ArmLibSupport.obj)
 .text.ArmGetFiqState
                0x0000000000000000       0x10 /home/vsts/work/1/edk2/Build/Lumia950XL-AARCH64/DEBUG_GCC5/AARCH64/ArmPkg/Library/ArmLib/ArmBaseLib/OUTPUT/ArmBaseLib.lib(ArmLibSupport.obj)
 .text.ArmWriteCpacr
                0x0000000000000000        0x8 /home/vsts/work/1/edk2/Build/Lumia950XL-AARCH64/DEBUG_GCC5/AARCH64/ArmPkg/Library/ArmLib/ArmBaseLib/OUTPUT/ArmBaseLib.lib(ArmLibSupport.obj)
 .text.ArmWriteAuxCr
                0x0000000000000000       0x28 /home/vsts/work/1/edk2/Build/Lumia950XL-AARCH64/DEBUG_GCC5/AARCH64/ArmPkg/Library/ArmLib/ArmBaseLib/OUTPUT/ArmBaseLib.lib(ArmLibSupport.obj)
 .text.ArmReadAuxCr
                0x0000000000000000       0x28 /home/vsts/work/1/edk2/Build/Lumia950XL-AARCH64/DEBUG_GCC5/AARCH64/ArmPkg/Library/ArmLib/ArmBaseLib/OUTPUT/ArmBaseLib.lib(ArmLibSupport.obj)
 .text.ArmSetTTBR0
                0x0000000000000000       0x34 /home/vsts/work/1/edk2/Build/Lumia950XL-AARCH64/DEBUG_GCC5/AARCH64/ArmPkg/Library/ArmLib/ArmBaseLib/OUTPUT/ArmBaseLib.lib(ArmLibSupport.obj)
 .text.ArmGetTTBR0BaseAddress
                0x0000000000000000       0x30 /home/vsts/work/1/edk2/Build/Lumia950XL-AARCH64/DEBUG_GCC5/AARCH64/ArmPkg/Library/ArmLib/ArmBaseLib/OUTPUT/ArmBaseLib.lib(ArmLibSupport.obj)
 .text.ArmGetTCR
                0x0000000000000000       0x34 /home/vsts/work/1/edk2/Build/Lumia950XL-AARCH64/DEBUG_GCC5/AARCH64/ArmPkg/Library/ArmLib/ArmBaseLib/OUTPUT/ArmBaseLib.lib(ArmLibSupport.obj)
 .text.ArmSetTCR
                0x0000000000000000       0x34 /home/vsts/work/1/edk2/Build/Lumia950XL-AARCH64/DEBUG_GCC5/AARCH64/ArmPkg/Library/ArmLib/ArmBaseLib/OUTPUT/ArmBaseLib.lib(ArmLibSupport.obj)
 .text.ArmGetMAIR
                0x0000000000000000       0x34 /home/vsts/work/1/edk2/Build/Lumia950XL-AARCH64/DEBUG_GCC5/AARCH64/ArmPkg/Library/ArmLib/ArmBaseLib/OUTPUT/ArmBaseLib.lib(ArmLibSupport.obj)
 .text.ArmSetMAIR
                0x0000000000000000       0x34 /home/vsts/work/1/edk2/Build/Lumia950XL-AARCH64/DEBUG_GCC5/AARCH64/ArmPkg/Library/ArmLib/ArmBaseLib/OUTPUT/ArmBaseLib.lib(ArmLibSupport.obj)
 .text.ArmUpdateTranslationTableEntry
                0x0000000000000000       0x40 /home/vsts/work/1/edk2/Build/Lumia950XL-AARCH64/DEBUG_GCC5/AARCH64/ArmPkg/Library/ArmLib/ArmBaseLib/OUTPUT/ArmBaseLib.lib(ArmLibSupport.obj)
 .text.ArmInvalidateTlb
                0x0000000000000000       0x38 /home/vsts/work/1/edk2/Build/Lumia950XL-AARCH64/DEBUG_GCC5/AARCH64/ArmPkg/Library/ArmLib/ArmBaseLib/OUTPUT/ArmBaseLib.lib(ArmLibSupport.obj)
 .text.ArmWriteCptr
                0x0000000000000000        0x8 /home/vsts/work/1/edk2/Build/Lumia950XL-AARCH64/DEBUG_GCC5/AARCH64/ArmPkg/Library/ArmLib/ArmBaseLib/OUTPUT/ArmBaseLib.lib(ArmLibSupport.obj)
 .text.ArmWriteScr
                0x0000000000000000        0xc /home/vsts/work/1/edk2/Build/Lumia950XL-AARCH64/DEBUG_GCC5/AARCH64/ArmPkg/Library/ArmLib/ArmBaseLib/OUTPUT/ArmBaseLib.lib(ArmLibSupport.obj)
 .text.ArmWriteMVBar
                0x0000000000000000        0x8 /home/vsts/work/1/edk2/Build/Lumia950XL-AARCH64/DEBUG_GCC5/AARCH64/ArmPkg/Library/ArmLib/ArmBaseLib/OUTPUT/ArmBaseLib.lib(ArmLibSupport.obj)
 .text.ArmCallWFE
                0x0000000000000000        0x8 /home/vsts/work/1/edk2/Build/Lumia950XL-AARCH64/DEBUG_GCC5/AARCH64/ArmPkg/Library/ArmLib/ArmBaseLib/OUTPUT/ArmBaseLib.lib(ArmLibSupport.obj)
 .text.ArmCallSEV
                0x0000000000000000        0x8 /home/vsts/work/1/edk2/Build/Lumia950XL-AARCH64/DEBUG_GCC5/AARCH64/ArmPkg/Library/ArmLib/ArmBaseLib/OUTPUT/ArmBaseLib.lib(ArmLibSupport.obj)
 .text.ArmReadCpuActlr
                0x0000000000000000        0x8 /home/vsts/work/1/edk2/Build/Lumia950XL-AARCH64/DEBUG_GCC5/AARCH64/ArmPkg/Library/ArmLib/ArmBaseLib/OUTPUT/ArmBaseLib.lib(ArmLibSupport.obj)
 .text.ArmWriteCpuActlr
                0x0000000000000000       0x10 /home/vsts/work/1/edk2/Build/Lumia950XL-AARCH64/DEBUG_GCC5/AARCH64/ArmPkg/Library/ArmLib/ArmBaseLib/OUTPUT/ArmBaseLib.lib(ArmLibSupport.obj)
 .text.ArmReadSctlr
                0x0000000000000000       0x30 /home/vsts/work/1/edk2/Build/Lumia950XL-AARCH64/DEBUG_GCC5/AARCH64/ArmPkg/Library/ArmLib/ArmBaseLib/OUTPUT/ArmBaseLib.lib(ArmLibSupport.obj)
 .text          0x0000000000000000        0x0 /home/vsts/work/1/edk2/Build/Lumia950XL-AARCH64/DEBUG_GCC5/AARCH64/ArmPkg/Library/ArmLib/ArmBaseLib/OUTPUT/ArmBaseLib.lib(ArmLibSupportV8.obj)
 .data          0x0000000000000000        0x0 /home/vsts/work/1/edk2/Build/Lumia950XL-AARCH64/DEBUG_GCC5/AARCH64/ArmPkg/Library/ArmLib/ArmBaseLib/OUTPUT/ArmBaseLib.lib(ArmLibSupportV8.obj)
 .bss           0x0000000000000000        0x0 /home/vsts/work/1/edk2/Build/Lumia950XL-AARCH64/DEBUG_GCC5/AARCH64/ArmPkg/Library/ArmLib/ArmBaseLib/OUTPUT/ArmBaseLib.lib(ArmLibSupportV8.obj)
 .text.ArmIsMpCore
                0x0000000000000000       0x14 /home/vsts/work/1/edk2/Build/Lumia950XL-AARCH64/DEBUG_GCC5/AARCH64/ArmPkg/Library/ArmLib/ArmBaseLib/OUTPUT/ArmBaseLib.lib(ArmLibSupportV8.obj)
 .text.ArmEnableAsynchronousAbort
                0x0000000000000000        0xc /home/vsts/work/1/edk2/Build/Lumia950XL-AARCH64/DEBUG_GCC5/AARCH64/ArmPkg/Library/ArmLib/ArmBaseLib/OUTPUT/ArmBaseLib.lib(ArmLibSupportV8.obj)
 .text.ArmDisableAsynchronousAbort
                0x0000000000000000        0xc /home/vsts/work/1/edk2/Build/Lumia950XL-AARCH64/DEBUG_GCC5/AARCH64/ArmPkg/Library/ArmLib/ArmBaseLib/OUTPUT/ArmBaseLib.lib(ArmLibSupportV8.obj)
 .text.ArmEnableIrq
                0x0000000000000000        0xc /home/vsts/work/1/edk2/Build/Lumia950XL-AARCH64/DEBUG_GCC5/AARCH64/ArmPkg/Library/ArmLib/ArmBaseLib/OUTPUT/ArmBaseLib.lib(ArmLibSupportV8.obj)
 .text.ArmDisableIrq
                0x0000000000000000        0xc /home/vsts/work/1/edk2/Build/Lumia950XL-AARCH64/DEBUG_GCC5/AARCH64/ArmPkg/Library/ArmLib/ArmBaseLib/OUTPUT/ArmBaseLib.lib(ArmLibSupportV8.obj)
 .text.ArmEnableFiq
                0x0000000000000000        0xc /home/vsts/work/1/edk2/Build/Lumia950XL-AARCH64/DEBUG_GCC5/AARCH64/ArmPkg/Library/ArmLib/ArmBaseLib/OUTPUT/ArmBaseLib.lib(ArmLibSupportV8.obj)
 .text.ArmDisableFiq
                0x0000000000000000        0xc /home/vsts/work/1/edk2/Build/Lumia950XL-AARCH64/DEBUG_GCC5/AARCH64/ArmPkg/Library/ArmLib/ArmBaseLib/OUTPUT/ArmBaseLib.lib(ArmLibSupportV8.obj)
 .text.ArmDisableAllExceptions
                0x0000000000000000        0xc /home/vsts/work/1/edk2/Build/Lumia950XL-AARCH64/DEBUG_GCC5/AARCH64/ArmPkg/Library/ArmLib/ArmBaseLib/OUTPUT/ArmBaseLib.lib(ArmLibSupportV8.obj)
 .text.ReadCCSIDR
                0x0000000000000000       0x10 /home/vsts/work/1/edk2/Build/Lumia950XL-AARCH64/DEBUG_GCC5/AARCH64/ArmPkg/Library/ArmLib/ArmBaseLib/OUTPUT/ArmBaseLib.lib(ArmLibSupportV8.obj)
 .text.ReadCLIDR
                0x0000000000000000        0x8 /home/vsts/work/1/edk2/Build/Lumia950XL-AARCH64/DEBUG_GCC5/AARCH64/ArmPkg/Library/ArmLib/ArmBaseLib/OUTPUT/ArmBaseLib.lib(ArmLibSupportV8.obj)
 .text          0x0000000000000000        0x0 ArmCacheMaintenanceLib.obj (symbol from plugin)
 .text          0x0000000000000000        0x0 ArmLib.obj (symbol from plugin)
 .text          0x0000000000000000        0x0 /home/vsts/work/1/edk2/Build/Lumia950XL-AARCH64/DEBUG_GCC5/AARCH64/ArmPkg/Library/ArmLib/ArmBaseLib/OUTPUT/ArmBaseLib.lib(AArch64Support.obj)
 .data          0x0000000000000000        0x0 /home/vsts/work/1/edk2/Build/Lumia950XL-AARCH64/DEBUG_GCC5/AARCH64/ArmPkg/Library/ArmLib/ArmBaseLib/OUTPUT/ArmBaseLib.lib(AArch64Support.obj)
 .bss           0x0000000000000000        0x0 /home/vsts/work/1/edk2/Build/Lumia950XL-AARCH64/DEBUG_GCC5/AARCH64/ArmPkg/Library/ArmLib/ArmBaseLib/OUTPUT/ArmBaseLib.lib(AArch64Support.obj)
 .text.ArmInvalidateDataCacheEntryByMVA
                0x0000000000000000        0x8 /home/vsts/work/1/edk2/Build/Lumia950XL-AARCH64/DEBUG_GCC5/AARCH64/ArmPkg/Library/ArmLib/ArmBaseLib/OUTPUT/ArmBaseLib.lib(AArch64Support.obj)
 .text.ArmCleanDataCacheEntryByMVA
                0x0000000000000000        0x8 /home/vsts/work/1/edk2/Build/Lumia950XL-AARCH64/DEBUG_GCC5/AARCH64/ArmPkg/Library/ArmLib/ArmBaseLib/OUTPUT/ArmBaseLib.lib(AArch64Support.obj)
 .text.ArmCleanDataCacheEntryToPoUByMVA
                0x0000000000000000        0x8 /home/vsts/work/1/edk2/Build/Lumia950XL-AARCH64/DEBUG_GCC5/AARCH64/ArmPkg/Library/ArmLib/ArmBaseLib/OUTPUT/ArmBaseLib.lib(AArch64Support.obj)
 .text.ArmInvalidateInstructionCacheEntryToPoUByMVA
                0x0000000000000000        0x8 /home/vsts/work/1/edk2/Build/Lumia950XL-AARCH64/DEBUG_GCC5/AARCH64/ArmPkg/Library/ArmLib/ArmBaseLib/OUTPUT/ArmBaseLib.lib(AArch64Support.obj)
 .text.ArmInvalidateDataCacheEntryBySetWay
                0x0000000000000000        0x8 /home/vsts/work/1/edk2/Build/Lumia950XL-AARCH64/DEBUG_GCC5/AARCH64/ArmPkg/Library/ArmLib/ArmBaseLib/OUTPUT/ArmBaseLib.lib(AArch64Support.obj)
 .text.ArmCleanInvalidateDataCacheEntryBySetWay
                0x0000000000000000        0x8 /home/vsts/work/1/edk2/Build/Lumia950XL-AARCH64/DEBUG_GCC5/AARCH64/ArmPkg/Library/ArmLib/ArmBaseLib/OUTPUT/ArmBaseLib.lib(AArch64Support.obj)
 .text.ArmCleanDataCacheEntryBySetWay
                0x0000000000000000        0x8 /home/vsts/work/1/edk2/Build/Lumia950XL-AARCH64/DEBUG_GCC5/AARCH64/ArmPkg/Library/ArmLib/ArmBaseLib/OUTPUT/ArmBaseLib.lib(AArch64Support.obj)
 .text.ArmInvalidateInstructionCache
                0x0000000000000000       0x10 /home/vsts/work/1/edk2/Build/Lumia950XL-AARCH64/DEBUG_GCC5/AARCH64/ArmPkg/Library/ArmLib/ArmBaseLib/OUTPUT/ArmBaseLib.lib(AArch64Support.obj)
 .text.ArmEnableMmu
                0x0000000000000000       0x88 /home/vsts/work/1/edk2/Build/Lumia950XL-AARCH64/DEBUG_GCC5/AARCH64/ArmPkg/Library/ArmLib/ArmBaseLib/OUTPUT/ArmBaseLib.lib(AArch64Support.obj)
 .text.ArmDisableMmu
                0x0000000000000000       0x74 /home/vsts/work/1/edk2/Build/Lumia950XL-AARCH64/DEBUG_GCC5/AARCH64/ArmPkg/Library/ArmLib/ArmBaseLib/OUTPUT/ArmBaseLib.lib(AArch64Support.obj)
 .text.ArmDisableCachesAndMmu
                0x0000000000000000       0x6c /home/vsts/work/1/edk2/Build/Lumia950XL-AARCH64/DEBUG_GCC5/AARCH64/ArmPkg/Library/ArmLib/ArmBaseLib/OUTPUT/ArmBaseLib.lib(AArch64Support.obj)
 .text.ArmMmuEnabled
                0x0000000000000000       0x34 /home/vsts/work/1/edk2/Build/Lumia950XL-AARCH64/DEBUG_GCC5/AARCH64/ArmPkg/Library/ArmLib/ArmBaseLib/OUTPUT/ArmBaseLib.lib(AArch64Support.obj)
 .text.ArmEnableDataCache
                0x0000000000000000       0x68 /home/vsts/work/1/edk2/Build/Lumia950XL-AARCH64/DEBUG_GCC5/AARCH64/ArmPkg/Library/ArmLib/ArmBaseLib/OUTPUT/ArmBaseLib.lib(AArch64Support.obj)
 .text.ArmDisableDataCache
                0x0000000000000000       0x68 /home/vsts/work/1/edk2/Build/Lumia950XL-AARCH64/DEBUG_GCC5/AARCH64/ArmPkg/Library/ArmLib/ArmBaseLib/OUTPUT/ArmBaseLib.lib(AArch64Support.obj)
 .text.ArmEnableInstructionCache
                0x0000000000000000       0x68 /home/vsts/work/1/edk2/Build/Lumia950XL-AARCH64/DEBUG_GCC5/AARCH64/ArmPkg/Library/ArmLib/ArmBaseLib/OUTPUT/ArmBaseLib.lib(AArch64Support.obj)
 .text.ArmDisableInstructionCache
                0x0000000000000000       0x68 /home/vsts/work/1/edk2/Build/Lumia950XL-AARCH64/DEBUG_GCC5/AARCH64/ArmPkg/Library/ArmLib/ArmBaseLib/OUTPUT/ArmBaseLib.lib(AArch64Support.obj)
 .text.ArmEnableAlignmentCheck
                0x0000000000000000       0x58 /home/vsts/work/1/edk2/Build/Lumia950XL-AARCH64/DEBUG_GCC5/AARCH64/ArmPkg/Library/ArmLib/ArmBaseLib/OUTPUT/ArmBaseLib.lib(AArch64Support.obj)
 .text.ArmDisableAlignmentCheck
                0x0000000000000000       0x68 /home/vsts/work/1/edk2/Build/Lumia950XL-AARCH64/DEBUG_GCC5/AARCH64/ArmPkg/Library/ArmLib/ArmBaseLib/OUTPUT/ArmBaseLib.lib(AArch64Support.obj)
 .text.ArmEnableStackAlignmentCheck
                0x0000000000000000       0x58 /home/vsts/work/1/edk2/Build/Lumia950XL-AARCH64/DEBUG_GCC5/AARCH64/ArmPkg/Library/ArmLib/ArmBaseLib/OUTPUT/ArmBaseLib.lib(AArch64Support.obj)
 .text.ArmDisableStackAlignmentCheck
                0x0000000000000000       0x68 /home/vsts/work/1/edk2/Build/Lumia950XL-AARCH64/DEBUG_GCC5/AARCH64/ArmPkg/Library/ArmLib/ArmBaseLib/OUTPUT/ArmBaseLib.lib(AArch64Support.obj)
 .text.ArmEnableBranchPrediction
                0x0000000000000000        0x4 /home/vsts/work/1/edk2/Build/Lumia950XL-AARCH64/DEBUG_GCC5/AARCH64/ArmPkg/Library/ArmLib/ArmBaseLib/OUTPUT/ArmBaseLib.lib(AArch64Support.obj)
 .text.ArmDisableBranchPrediction
                0x0000000000000000        0x4 /home/vsts/work/1/edk2/Build/Lumia950XL-AARCH64/DEBUG_GCC5/AARCH64/ArmPkg/Library/ArmLib/ArmBaseLib/OUTPUT/ArmBaseLib.lib(AArch64Support.obj)
 .text.AArch64AllDataCachesOperation
                0x0000000000000000       0xa8 /home/vsts/work/1/edk2/Build/Lumia950XL-AARCH64/DEBUG_GCC5/AARCH64/ArmPkg/Library/ArmLib/ArmBaseLib/OUTPUT/ArmBaseLib.lib(AArch64Support.obj)
 .text.ArmDataMemoryBarrier
                0x0000000000000000        0x8 /home/vsts/work/1/edk2/Build/Lumia950XL-AARCH64/DEBUG_GCC5/AARCH64/ArmPkg/Library/ArmLib/ArmBaseLib/OUTPUT/ArmBaseLib.lib(AArch64Support.obj)
 .text.ArmInstructionSynchronizationBarrier
                0x0000000000000000        0x8 /home/vsts/work/1/edk2/Build/Lumia950XL-AARCH64/DEBUG_GCC5/AARCH64/ArmPkg/Library/ArmLib/ArmBaseLib/OUTPUT/ArmBaseLib.lib(AArch64Support.obj)
 .text.ArmWriteVBar
                0x0000000000000000       0x34 /home/vsts/work/1/edk2/Build/Lumia950XL-AARCH64/DEBUG_GCC5/AARCH64/ArmPkg/Library/ArmLib/ArmBaseLib/OUTPUT/ArmBaseLib.lib(AArch64Support.obj)
 .text.ArmReadVBar
                0x0000000000000000       0x30 /home/vsts/work/1/edk2/Build/Lumia950XL-AARCH64/DEBUG_GCC5/AARCH64/ArmPkg/Library/ArmLib/ArmBaseLib/OUTPUT/ArmBaseLib.lib(AArch64Support.obj)
 .text.ArmEnableVFP
                0x0000000000000000       0x64 /home/vsts/work/1/edk2/Build/Lumia950XL-AARCH64/DEBUG_GCC5/AARCH64/ArmPkg/Library/ArmLib/ArmBaseLib/OUTPUT/ArmBaseLib.lib(AArch64Support.obj)
 .text.ArmCallWFI
                0x0000000000000000        0x8 /home/vsts/work/1/edk2/Build/Lumia950XL-AARCH64/DEBUG_GCC5/AARCH64/ArmPkg/Library/ArmLib/ArmBaseLib/OUTPUT/ArmBaseLib.lib(AArch64Support.obj)
 .text.ArmReadMpidr
                0x0000000000000000        0x8 /home/vsts/work/1/edk2/Build/Lumia950XL-AARCH64/DEBUG_GCC5/AARCH64/ArmPkg/Library/ArmLib/ArmBaseLib/OUTPUT/ArmBaseLib.lib(AArch64Support.obj)
 .text.ArmReadTpidrurw
                0x0000000000000000        0x8 /home/vsts/work/1/edk2/Build/Lumia950XL-AARCH64/DEBUG_GCC5/AARCH64/ArmPkg/Library/ArmLib/ArmBaseLib/OUTPUT/ArmBaseLib.lib(AArch64Support.obj)
 .text.ArmWriteTpidrurw
                0x0000000000000000        0x8 /home/vsts/work/1/edk2/Build/Lumia950XL-AARCH64/DEBUG_GCC5/AARCH64/ArmPkg/Library/ArmLib/ArmBaseLib/OUTPUT/ArmBaseLib.lib(AArch64Support.obj)
 .text.ArmIsArchTimerImplemented
                0x0000000000000000        0x8 /home/vsts/work/1/edk2/Build/Lumia950XL-AARCH64/DEBUG_GCC5/AARCH64/ArmPkg/Library/ArmLib/ArmBaseLib/OUTPUT/ArmBaseLib.lib(AArch64Support.obj)
 .text.ArmReadIdPfr0
                0x0000000000000000        0x8 /home/vsts/work/1/edk2/Build/Lumia950XL-AARCH64/DEBUG_GCC5/AARCH64/ArmPkg/Library/ArmLib/ArmBaseLib/OUTPUT/ArmBaseLib.lib(AArch64Support.obj)
 .text.ArmReadIdPfr1
                0x0000000000000000        0x8 /home/vsts/work/1/edk2/Build/Lumia950XL-AARCH64/DEBUG_GCC5/AARCH64/ArmPkg/Library/ArmLib/ArmBaseLib/OUTPUT/ArmBaseLib.lib(AArch64Support.obj)
 .text.ArmWriteHcr
                0x0000000000000000        0x8 /home/vsts/work/1/edk2/Build/Lumia950XL-AARCH64/DEBUG_GCC5/AARCH64/ArmPkg/Library/ArmLib/ArmBaseLib/OUTPUT/ArmBaseLib.lib(AArch64Support.obj)
 .text.ArmReadHcr
                0x0000000000000000        0x8 /home/vsts/work/1/edk2/Build/Lumia950XL-AARCH64/DEBUG_GCC5/AARCH64/ArmPkg/Library/ArmLib/ArmBaseLib/OUTPUT/ArmBaseLib.lib(AArch64Support.obj)
 .text.ArmReadCurrentEL
                0x0000000000000000        0x8 /home/vsts/work/1/edk2/Build/Lumia950XL-AARCH64/DEBUG_GCC5/AARCH64/ArmPkg/Library/ArmLib/ArmBaseLib/OUTPUT/ArmBaseLib.lib(AArch64Support.obj)
 .text.ArmReadCntHctl
                0x0000000000000000        0x8 /home/vsts/work/1/edk2/Build/Lumia950XL-AARCH64/DEBUG_GCC5/AARCH64/ArmPkg/Library/ArmLib/ArmBaseLib/OUTPUT/ArmBaseLib.lib(AArch64Support.obj)
 .text.ArmWriteCntHctl
                0x0000000000000000        0x8 /home/vsts/work/1/edk2/Build/Lumia950XL-AARCH64/DEBUG_GCC5/AARCH64/ArmPkg/Library/ArmLib/ArmBaseLib/OUTPUT/ArmBaseLib.lib(AArch64Support.obj)

Memory Configuration

Name             Origin             Length             Attributes
*default*        0x0000000000000000 0xffffffffffffffff

Linker script and memory map

LOAD /home/vsts/work/1/edk2/ArmPkg/Library/GccLto/liblto-aarch64.a
LOAD /tmp/cctQ8rgp.ltrans0.ltrans.o
START GROUP
LOAD /home/vsts/work/1/edk2/Build/Lumia950XL-AARCH64/DEBUG_GCC5/AARCH64/MdePkg/Library/DxePcdLib/DxePcdLib/OUTPUT/DxePcdLib.lib
LOAD /home/vsts/work/1/edk2/Build/Lumia950XL-AARCH64/DEBUG_GCC5/AARCH64/MdePkg/Library/BaseMemoryLib/BaseMemoryLib/OUTPUT/BaseMemoryLib.lib
LOAD /home/vsts/work/1/edk2/Build/Lumia950XL-AARCH64/DEBUG_GCC5/AARCH64/MdePkg/Library/BaseLib/BaseLib/OUTPUT/BaseLib.lib
LOAD /home/vsts/work/1/edk2/Build/Lumia950XL-AARCH64/DEBUG_GCC5/AARCH64/ArmPkg/Library/ArmLib/ArmBaseLib/OUTPUT/ArmBaseLib.lib
LOAD /home/vsts/work/1/edk2/Build/Lumia950XL-AARCH64/DEBUG_GCC5/AARCH64/ArmPkg/Library/ArmCacheMaintenanceLib/ArmCacheMaintenanceLib/OUTPUT/ArmCacheMaintenanceLib.lib
LOAD /home/vsts/work/1/edk2/Build/Lumia950XL-AARCH64/DEBUG_GCC5/AARCH64/ArmPkg/Library/CompilerIntrinsicsLib/CompilerIntrinsicsLib/OUTPUT/CompilerIntrinsicsLib.lib
LOAD /home/vsts/work/1/edk2/Build/Lumia950XL-AARCH64/DEBUG_GCC5/AARCH64/MdePkg/Library/BaseIoLibIntrinsic/BaseIoLibIntrinsic/OUTPUT/BaseIoLibIntrinsic.lib
LOAD /home/vsts/work/1/edk2/Build/Lumia950XL-AARCH64/DEBUG_GCC5/AARCH64/MdePkg/Library/BaseDebugPrintErrorLevelLib/BaseDebugPrintErrorLevelLib/OUTPUT/BaseDebugPrintErrorLevelLib.lib
LOAD /home/vsts/work/1/edk2/Build/Lumia950XL-AARCH64/DEBUG_GCC5/AARCH64/MdePkg/Library/BasePrintLib/BasePrintLib/OUTPUT/BasePrintLib.lib
LOAD /home/vsts/work/1/edk2/Build/Lumia950XL-AARCH64/DEBUG_GCC5/AARCH64/Lumia950XLPkg/Library/FrameBufferSerialPortLib/FrameBufferSerialPortLib/OUTPUT/FrameBufferSerialPortLib.lib
LOAD /home/vsts/work/1/edk2/Build/Lumia950XL-AARCH64/DEBUG_GCC5/AARCH64/MdePkg/Library/BaseDebugLibSerialPort/BaseDebugLibSerialPort/OUTPUT/BaseDebugLibSerialPort.lib
LOAD /home/vsts/work/1/edk2/Build/Lumia950XL-AARCH64/DEBUG_GCC5/AARCH64/MdePkg/Library/UefiBootServicesTableLib/UefiBootServicesTableLib/OUTPUT/UefiBootServicesTableLib.lib
LOAD /home/vsts/work/1/edk2/Build/Lumia950XL-AARCH64/DEBUG_GCC5/AARCH64/MdePkg/Library/UefiMemoryAllocationLib/UefiMemoryAllocationLib/OUTPUT/UefiMemoryAllocationLib.lib
LOAD /home/vsts/work/1/edk2/Build/Lumia950XL-AARCH64/DEBUG_GCC5/AARCH64/MdePkg/Library/UefiDevicePathLib/UefiDevicePathLib/OUTPUT/UefiDevicePathLib.lib
LOAD /home/vsts/work/1/edk2/Build/Lumia950XL-AARCH64/DEBUG_GCC5/AARCH64/MdePkg/Library/UefiRuntimeServicesTableLib/UefiRuntimeServicesTableLib/OUTPUT/UefiRuntimeServicesTableLib.lib
LOAD /home/vsts/work/1/edk2/Build/Lumia950XL-AARCH64/DEBUG_GCC5/AARCH64/MdePkg/Library/UefiLib/UefiLib/OUTPUT/UefiLib.lib
LOAD /home/vsts/work/1/edk2/Build/Lumia950XL-AARCH64/DEBUG_GCC5/AARCH64/MdePkg/Library/DxeHobLib/DxeHobLib/OUTPUT/DxeHobLib.lib
LOAD /home/vsts/work/1/edk2/Build/Lumia950XL-AARCH64/DEBUG_GCC5/AARCH64/MdePkg/Library/UefiDriverEntryPoint/UefiDriverEntryPoint/OUTPUT/UefiDriverEntryPoint.lib
LOAD /home/vsts/work/1/edk2/Build/Lumia950XL-AARCH64/DEBUG_GCC5/AARCH64/MdePkg/Library/UefiRuntimeLib/UefiRuntimeLib/OUTPUT/UefiRuntimeLib.lib
LOAD /home/vsts/work/1/edk2/Build/Lumia950XL-AARCH64/DEBUG_GCC5/AARCH64/MdeModulePkg/Universal/Variable/EmuRuntimeDxe/EmuVariableRuntimeDxe/OUTPUT/EmuVariableRuntimeDxe.lib
END GROUP
                0x0000000000000228                . = PECOFF_HEADER_SIZE

.text           0x0000000000010000     0x4dec
 *(.text .text.* .stub .gnu.linkonce.t.*)
 .text.EfiConvertPointer.constprop.0
                0x0000000000010000       0x18 /tmp/cctQ8rgp.ltrans0.ltrans.o
 .text.BasePrintLibFillBuffer
                0x0000000000010018       0x34 /tmp/cctQ8rgp.ltrans0.ltrans.o
 .text.RuntimeLibVirtualNotifyEvent
                0x000000000001004c        0xc /tmp/cctQ8rgp.ltrans0.ltrans.o
 .text.RuntimeLibExitBootServicesEvent
                0x0000000000010058       0x10 /tmp/cctQ8rgp.ltrans0.ltrans.o
 .text.InternalAllocatePool
                0x0000000000010068       0x30 /tmp/cctQ8rgp.ltrans0.ltrans.o
 .text.DebugPrintLevelEnabled
                0x0000000000010098        0x8 /tmp/cctQ8rgp.ltrans0.ltrans.o
 .text.DebugPrintEnabled
                0x00000000000100a0        0x8 /tmp/cctQ8rgp.ltrans0.ltrans.o
 .text.DebugAssertEnabled
                0x00000000000100a8        0x8 /tmp/cctQ8rgp.ltrans0.ltrans.o
 .text.AsciiStrnLenS
                0x00000000000100b0       0x3c /tmp/cctQ8rgp.ltrans0.ltrans.o
 .text.GetVariableDataPtr
                0x00000000000100ec       0x28 /tmp/cctQ8rgp.ltrans0.ltrans.o
 .text.GetNextVariablePtr
                0x0000000000010114       0x50 /tmp/cctQ8rgp.ltrans0.ltrans.o
 .text.VariableClassAddressChangeEvent
                0x0000000000010164       0x5c /tmp/cctQ8rgp.ltrans0.ltrans.o
 .text.InternalMemSetMem
                0x00000000000101c0       0xc4 /tmp/cctQ8rgp.ltrans0.ltrans.o
 .text.BaseDebugLibSerialPortConstructor
                0x0000000000010284       0x84 /tmp/cctQ8rgp.ltrans0.ltrans.o
 .text.FbConFlush
                0x0000000000010308       0x54 /tmp/cctQ8rgp.ltrans0.ltrans.o
 .text.SerialPortWrite
                0x000000000001035c      0x314 /tmp/cctQ8rgp.ltrans0.ltrans.o
 .text.DebugAssert
                0x0000000000010670       0x58 /tmp/cctQ8rgp.ltrans0.ltrans.o
 .text.SetMem.constprop.8
                0x00000000000106c8       0x68 /tmp/cctQ8rgp.ltrans0.ltrans.o
 .text.ZeroMem  0x0000000000010730       0x80 /tmp/cctQ8rgp.ltrans0.ltrans.o
 .text.WriteUnaligned16
                0x00000000000107b0       0x5c /tmp/cctQ8rgp.ltrans0.ltrans.o
 .text.WriteUnaligned32
                0x000000000001080c       0x64 /tmp/cctQ8rgp.ltrans0.ltrans.o
 .text.WriteUnaligned64
                0x0000000000010870       0x64 /tmp/cctQ8rgp.ltrans0.ltrans.o
 .text.ReadUnaligned16
                0x00000000000108d4       0x68 /tmp/cctQ8rgp.ltrans0.ltrans.o
 .text.ReadUnaligned32
                0x000000000001093c       0x5c /tmp/cctQ8rgp.ltrans0.ltrans.o
 .text.ReadUnaligned64
                0x0000000000010998       0x5c /tmp/cctQ8rgp.ltrans0.ltrans.o
 .text.CompareGuid
                0x00000000000109f4       0x5c /tmp/cctQ8rgp.ltrans0.ltrans.o
 .text.CopyGuid
                0x0000000000010a50       0x4c /tmp/cctQ8rgp.ltrans0.ltrans.o
 .text.AsciiStrLen
                0x0000000000010a9c       0xa0 /tmp/cctQ8rgp.ltrans0.ltrans.o
 .text.AsciiStrSize
                0x0000000000010b3c       0x18 /tmp/cctQ8rgp.ltrans0.ltrans.o
 .text.AsciiStrnCmp
                0x0000000000010b54       0xe4 /tmp/cctQ8rgp.ltrans0.ltrans.o
 .text.StrLen   0x0000000000010c38       0xbc /tmp/cctQ8rgp.ltrans0.ltrans.o
 .text.StrSize  0x0000000000010cf4       0x1c /tmp/cctQ8rgp.ltrans0.ltrans.o
 .text.StrnCmp.constprop.24
                0x0000000000010d10       0xec /tmp/cctQ8rgp.ltrans0.ltrans.o
 .text.StrCmp   0x0000000000010dfc       0x98 /tmp/cctQ8rgp.ltrans0.ltrans.o
 .text.StrnLenS
                0x0000000000010e94       0x7c /tmp/cctQ8rgp.ltrans0.ltrans.o
 .text.BasePrintLibSPrintMarker.constprop.30
                0x0000000000010f10      0xc70 /tmp/cctQ8rgp.ltrans0.ltrans.o
 .text.unlikely.BasePrintLibSPrint.constprop.31
                0x0000000000011b80       0x54 /tmp/cctQ8rgp.ltrans0.ltrans.o
 .text.DebugPrint
                0x0000000000011bd4       0x88 /tmp/cctQ8rgp.ltrans0.ltrans.o
 .text.GetHobList
                0x0000000000011c5c      0x118 /tmp/cctQ8rgp.ltrans0.ltrans.o
 .text.FreePool
                0x0000000000011d74       0x7c /tmp/cctQ8rgp.ltrans0.ltrans.o
 .text.AsciiSPrint.constprop.28
                0x0000000000011df0       0x64 /tmp/cctQ8rgp.ltrans0.ltrans.o
 .text.CopyMem  0x0000000000011e54      0x2a8 /tmp/cctQ8rgp.ltrans0.ltrans.o
 .text.AllocateRuntimeCopyPool
                0x00000000000120fc       0x90 /tmp/cctQ8rgp.ltrans0.ltrans.o
 .text.CompareMem
                0x000000000001218c       0xfc /tmp/cctQ8rgp.ltrans0.ltrans.o
 .text.FindVariable
                0x0000000000012288      0x16c /tmp/cctQ8rgp.ltrans0.ltrans.o
 .text.UpdateVariable
                0x00000000000123f4      0x230 /tmp/cctQ8rgp.ltrans0.ltrans.o
 .text.VariableGetBestLanguage
                0x0000000000012624      0x1b8 /tmp/cctQ8rgp.ltrans0.ltrans.o
 .text.ReleaseLockOnlyAtBootTime
                0x00000000000127dc       0x90 /tmp/cctQ8rgp.ltrans0.ltrans.o
 .text.AcquireLockOnlyAtBootTime
                0x000000000001286c       0x98 /tmp/cctQ8rgp.ltrans0.ltrans.o
 .text.EmuSetVariable.constprop.14
                0x0000000000012904      0x6f0 /tmp/cctQ8rgp.ltrans0.ltrans.o
 .text.InitializeVariableStore
                0x0000000000012ff4      0x300 /tmp/cctQ8rgp.ltrans0.ltrans.o
 .text.RuntimeServiceSetVariable
                0x00000000000132f4        0xc /tmp/cctQ8rgp.ltrans0.ltrans.o
 .text.RuntimeServiceGetNextVariableName
                0x0000000000013300      0x1c0 /tmp/cctQ8rgp.ltrans0.ltrans.o
 .text.RuntimeServiceQueryVariableInfo
                0x00000000000134c0      0x1e0 /tmp/cctQ8rgp.ltrans0.ltrans.o
 .text.RuntimeServiceGetVariable
                0x00000000000136a0      0x138 /tmp/cctQ8rgp.ltrans0.ltrans.o
 .text._ModuleEntryPoint
                0x00000000000137d8      0x57c /tmp/cctQ8rgp.ltrans0.ltrans.o
                0x00000000000137d8                _ModuleEntryPoint
 .text.ArmCacheInfo
                0x0000000000013d54        0x8 /home/vsts/work/1/edk2/Build/Lumia950XL-AARCH64/DEBUG_GCC5/AARCH64/ArmPkg/Library/ArmLib/ArmBaseLib/OUTPUT/ArmBaseLib.lib(ArmLibSupport.obj)
                0x0000000000013d54                ArmCacheInfo
 .text.ArmGetInterruptState
                0x0000000000013d5c       0x10 /home/vsts/work/1/edk2/Build/Lumia950XL-AARCH64/DEBUG_GCC5/AARCH64/ArmPkg/Library/ArmLib/ArmBaseLib/OUTPUT/ArmBaseLib.lib(ArmLibSupport.obj)
                0x0000000000013d5c                ArmGetInterruptState
 .text.ArmEnableInterrupts
                0x0000000000013d6c        0xc /home/vsts/work/1/edk2/Build/Lumia950XL-AARCH64/DEBUG_GCC5/AARCH64/ArmPkg/Library/ArmLib/ArmBaseLib/OUTPUT/ArmBaseLib.lib(ArmLibSupportV8.obj)
                0x0000000000013d6c                ArmEnableInterrupts
 .text.ArmDisableInterrupts
                0x0000000000013d78        0xc /home/vsts/work/1/edk2/Build/Lumia950XL-AARCH64/DEBUG_GCC5/AARCH64/ArmPkg/Library/ArmLib/ArmBaseLib/OUTPUT/ArmBaseLib.lib(ArmLibSupportV8.obj)
                0x0000000000013d78                ArmDisableInterrupts
 .text.ArmCleanInvalidateDataCacheEntryByMVA
                0x0000000000013d84        0x8 /home/vsts/work/1/edk2/Build/Lumia950XL-AARCH64/DEBUG_GCC5/AARCH64/ArmPkg/Library/ArmLib/ArmBaseLib/OUTPUT/ArmBaseLib.lib(AArch64Support.obj)
                0x0000000000013d84                ArmCleanInvalidateDataCacheEntryByMVA
 .text.ArmDataSynchronizationBarrier
                0x0000000000013d8c        0x8 /home/vsts/work/1/edk2/Build/Lumia950XL-AARCH64/DEBUG_GCC5/AARCH64/ArmPkg/Library/ArmLib/ArmBaseLib/OUTPUT/ArmBaseLib.lib(AArch64Support.obj)
                0x0000000000013d8c                ArmDataSynchronizationBarrier
 *(.rodata .rodata.* .gnu.linkonce.r.*)
 .rodata.AcquireLockOnlyAtBootTime.str1.1
                0x0000000000013d94       0x1e /tmp/cctQ8rgp.ltrans0.ltrans.o
 .rodata.AllocateRuntimeCopyPool.str1.1
                0x0000000000013db2       0x3f /tmp/cctQ8rgp.ltrans0.ltrans.o
 .rodata.AsciiStrLen.str1.1
                0x0000000000013df1       0x86 /tmp/cctQ8rgp.ltrans0.ltrans.o
 .rodata.AsciiStrnCmp.str1.1
                0x0000000000013e77       0x70 /tmp/cctQ8rgp.ltrans0.ltrans.o
 .rodata.BasePrintLibSPrintMarker.constprop.30.str1.1
                0x0000000000013ee7      0x176 /tmp/cctQ8rgp.ltrans0.ltrans.o
 .rodata.CompareMem.str1.1
                0x000000000001405d       0x87 /tmp/cctQ8rgp.ltrans0.ltrans.o
 .rodata.CopyMem.str1.1
                0x00000000000140e4       0xc6 /tmp/cctQ8rgp.ltrans0.ltrans.o
 .rodata.DebugAssert.str1.1
                0x00000000000141aa       0x2e /tmp/cctQ8rgp.ltrans0.ltrans.o
 .rodata.EmuSetVariable.constprop.14.str1.1
                0x00000000000141d8      0x130 /tmp/cctQ8rgp.ltrans0.ltrans.o
 .rodata.EmuSetVariable.constprop.14.str2.2
                0x0000000000014308       0x3e /tmp/cctQ8rgp.ltrans0.ltrans.o
                                         0x5c (size before relaxing)
 .rodata.FreePool.str1.1
                0x0000000000014346       0x54 /tmp/cctQ8rgp.ltrans0.ltrans.o
 .rodata.GetHobList.str1.1
                0x000000000001439a       0x87 /tmp/cctQ8rgp.ltrans0.ltrans.o
 .rodata.InitializeVariableStore.str1.1
                0x0000000000014421       0x83 /tmp/cctQ8rgp.ltrans0.ltrans.o
 .rodata.ProcessLibraryDestructorList.str1.1
                0x00000000000144a4       0xed /tmp/cctQ8rgp.ltrans0.ltrans.o
 .rodata.ReleaseLockOnlyAtBootTime.str1.1
                0x0000000000014591       0x6b /tmp/cctQ8rgp.ltrans0.ltrans.o
 .rodata.RuntimeServiceGetVariable.str1.1
                0x00000000000145fc       0x20 /tmp/cctQ8rgp.ltrans0.ltrans.o
 .rodata.RuntimeServiceQueryVariableInfo.str1.1
                0x000000000001461c       0x43 /tmp/cctQ8rgp.ltrans0.ltrans.o
 .rodata.SetMem.constprop.8.str1.1
                0x000000000001465f       0x7c /tmp/cctQ8rgp.ltrans0.ltrans.o
 .rodata.StrLen.str1.1
                0x00000000000146db       0x5d /tmp/cctQ8rgp.ltrans0.ltrans.o
 .rodata.StrnCmp.constprop.24.str1.1
                0x0000000000014738       0x72 /tmp/cctQ8rgp.ltrans0.ltrans.o
 .rodata.StrnCmp.constprop.24.str2.2
                0x00000000000147aa       0x12 /tmp/cctQ8rgp.ltrans0.ltrans.o
 .rodata.StrnLenS.str1.1
                0x00000000000147bc       0x3b /tmp/cctQ8rgp.ltrans0.ltrans.o
 .rodata.VariableGetBestLanguage.str1.1
                0x00000000000147f7       0x76 /tmp/cctQ8rgp.ltrans0.ltrans.o
 .rodata.WriteUnaligned16.str1.1
                0x000000000001486d       0x3e /tmp/cctQ8rgp.ltrans0.ltrans.o
 .rodata.ZeroMem.str1.1
                0x00000000000148ab       0x7b /tmp/cctQ8rgp.ltrans0.ltrans.o
                                         0x92 (size before relaxing)
 .rodata._ModuleEntryPoint.str1.1
                0x0000000000014926      0x153 /tmp/cctQ8rgp.ltrans0.ltrans.o
 .rodata.mHexStr
                0x0000000000014a79       0x10 /tmp/cctQ8rgp.ltrans0.ltrans.o
 *fill*         0x0000000000014a89        0x7 
 .rodata.mStatusString
                0x0000000000014a90      0x138 /tmp/cctQ8rgp.ltrans0.ltrans.o
 .rodata.str1.1
                0x0000000000014bc8      0x224 /tmp/cctQ8rgp.ltrans0.ltrans.o
                                        0x235 (size before relaxing)
 *(.got .got.*)
 *:AutoGen.obj(.data.g*Guid)

.iplt           0x0000000000014dec        0x0
 .iplt          0x0000000000014dec        0x0 /home/vsts/work/1/edk2/Build/Lumia950XL-AARCH64/DEBUG_GCC5/AARCH64/ArmPkg/Library/ArmLib/ArmBaseLib/OUTPUT/ArmBaseLib.lib(AArch64Support.obj)

.data           0x0000000000020000      0x400
 *(.data .data.* .gnu.linkonce.d.*)
 .data.font5x12
                0x0000000000020000      0x300 /tmp/cctQ8rgp.ltrans0.ltrans.o
 .data.gEfiEventExitBootServicesGuid
                0x0000000000020300       0x10 /tmp/cctQ8rgp.ltrans0.ltrans.o
 .data.gEfiEventVirtualAddressChangeGuid
                0x0000000000020310       0x10 /tmp/cctQ8rgp.ltrans0.ltrans.o
 .data.gEfiGlobalVariableGuid
                0x0000000000020320       0x10 /tmp/cctQ8rgp.ltrans0.ltrans.o
 .data.gEfiHobListGuid
                0x0000000000020330       0x10 /tmp/cctQ8rgp.ltrans0.ltrans.o
 .data.gEfiVariableArchProtocolGuid
                0x0000000000020340       0x10 /tmp/cctQ8rgp.ltrans0.ltrans.o
 .data.gEfiVariableGuid
                0x0000000000020350       0x10 /tmp/cctQ8rgp.ltrans0.ltrans.o
 .data.gEfiVariableWriteArchProtocolGuid
                0x0000000000020360       0x10 /tmp/cctQ8rgp.ltrans0.ltrans.o
 *(.bss .bss.*)
 .bss.gBS       0x0000000000020370        0x8 /tmp/cctQ8rgp.ltrans0.ltrans.o
 .bss.gImageHandle
                0x0000000000020378        0x8 /tmp/cctQ8rgp.ltrans0.ltrans.o
 .bss.gRT       0x0000000000020380        0x8 /tmp/cctQ8rgp.ltrans0.ltrans.o
 .bss.gST       0x0000000000020388        0x8 /tmp/cctQ8rgp.ltrans0.ltrans.o
 .bss.mEfiAtRuntime
                0x0000000000020390        0x1 /tmp/cctQ8rgp.ltrans0.ltrans.o
 *fill*         0x0000000000020391        0x7 
 .bss.mEfiExitBootServicesEvent
                0x0000000000020398        0x8 /tmp/cctQ8rgp.ltrans0.ltrans.o
 .bss.mEfiVirtualNotifyEvent
                0x00000000000203a0        0x8 /tmp/cctQ8rgp.ltrans0.ltrans.o
 .bss.mHobList  0x00000000000203a8        0x8 /tmp/cctQ8rgp.ltrans0.ltrans.o
 .bss.mInternalRT
                0x00000000000203b0        0x8 /tmp/cctQ8rgp.ltrans0.ltrans.o
 .bss.mVariableModuleGlobal
                0x00000000000203b8        0x8 /tmp/cctQ8rgp.ltrans0.ltrans.o
 .bss.mVirtualAddressChangeEvent
                0x00000000000203c0        0x8 /tmp/cctQ8rgp.ltrans0.ltrans.o
 .bss.m_Color   0x00000000000203c8       0x10 /tmp/cctQ8rgp.ltrans0.ltrans.o
 .bss.m_Initialized
                0x00000000000203d8        0x1 /tmp/cctQ8rgp.ltrans0.ltrans.o
 *fill*         0x00000000000203d9        0x7 
 .bss.m_MaxPosition
                0x00000000000203e0       0x10 /tmp/cctQ8rgp.ltrans0.ltrans.o
 .bss.m_Position
                0x00000000000203f0       0x10 /tmp/cctQ8rgp.ltrans0.ltrans.o

.igot.plt       0x0000000000020400        0x0
 .igot.plt      0x0000000000020400        0x0 /home/vsts/work/1/edk2/Build/Lumia950XL-AARCH64/DEBUG_GCC5/AARCH64/ArmPkg/Library/ArmLib/ArmBaseLib/OUTPUT/ArmBaseLib.lib(AArch64Support.obj)

.eh_frame
 *(.eh_frame)

.rela           0x0000000000020400        0x0
 *(.rela .rela.*)
 .rela.iplt     0x0000000000020400        0x0 /home/vsts/work/1/edk2/Build/Lumia950XL-AARCH64/DEBUG_GCC5/AARCH64/ArmPkg/Library/ArmLib/ArmBaseLib/OUTPUT/ArmBaseLib.lib(AArch64Support.obj)

.hii
 *(.hii)

.build-id       0x0000000000020400       0x24
 *(.note.gnu.build-id)
 .note.gnu.build-id
                0x0000000000020400       0x24 /home/vsts/work/1/edk2/ArmPkg/Library/GccLto/liblto-aarch64.a

/DISCARD/
 *(.note.GNU-stack)
 *(.gnu_debuglink)
 *(.interp)
 *(.dynsym)
 *(.dynstr)
 *(.dynamic)
 *(.hash .gnu.hash)
 *(.comment)
 *(COMMON)
                0x0000000000000228                PECOFF_HEADER_SIZE = 0x228
OUTPUT(/home/vsts/work/1/edk2/Build/Lumia950XL-AARCH64/DEBUG_GCC5/AARCH64/MdeModulePkg/Universal/Variable/EmuRuntimeDxe/EmuVariableRuntimeDxe/DEBUG/EmuVariableRuntimeDxe.dll elf64-littleaarch64)

.debug_info     0x0000000000000000     0x8b8b
 .debug_info    0x0000000000000000     0x8b8b /tmp/cctQ8rgp.ltrans0.ltrans.o

.debug_abbrev   0x0000000000000000      0x616
 .debug_abbrev  0x0000000000000000      0x616 /tmp/cctQ8rgp.ltrans0.ltrans.o

.debug_loc      0x0000000000000000     0x9e45
 .debug_loc     0x0000000000000000     0x9e45 /tmp/cctQ8rgp.ltrans0.ltrans.o

.debug_aranges  0x0000000000000000      0x410
 .debug_aranges
                0x0000000000000000      0x410 /tmp/cctQ8rgp.ltrans0.ltrans.o

.debug_ranges   0x0000000000000000     0x12c0
 .debug_ranges  0x0000000000000000     0x12c0 /tmp/cctQ8rgp.ltrans0.ltrans.o

.debug_line     0x0000000000000000     0x1ac7
 .debug_line    0x0000000000000000     0x1ac7 /tmp/cctQ8rgp.ltrans0.ltrans.o

.debug_str      0x0000000000000000     0x2c15
 .debug_str     0x0000000000000000     0x2c15 /tmp/cctQ8rgp.ltrans0.ltrans.o
                                       0x3026 (size before relaxing)

.debug_frame    0x0000000000000000      0xc70
 .debug_frame   0x0000000000000000      0xc70 /tmp/cctQ8rgp.ltrans0.ltrans.o
