Archive member included to satisfy reference by file (symbol)

/home/vsts/work/1/edk2/Build/Lumia950XL-AARCH64/DEBUG_GCC5/AARCH64/ArmPkg/Library/CompilerIntrinsicsLib/CompilerIntrinsicsLib/OUTPUT/CompilerIntrinsicsLib.lib(memcpy.obj)
                              /home/vsts/work/1/edk2/ArmPkg/Library/GccLto/liblto-aarch64.a (memcpy)
/home/vsts/work/1/edk2/Build/Lumia950XL-AARCH64/DEBUG_GCC5/AARCH64/ArmPkg/Library/CompilerIntrinsicsLib/CompilerIntrinsicsLib/OUTPUT/CompilerIntrinsicsLib.lib(memset.obj)
                              /home/vsts/work/1/edk2/ArmPkg/Library/GccLto/liblto-aarch64.a (memset)
/home/vsts/work/1/edk2/Build/Lumia950XL-AARCH64/DEBUG_GCC5/AARCH64/MdePkg/Library/UefiDriverEntryPoint/UefiDriverEntryPoint/OUTPUT/UefiDriverEntryPoint.lib(DriverEntryPoint.obj)
                              (_ModuleEntryPoint)
/home/vsts/work/1/edk2/Build/Lumia950XL-AARCH64/DEBUG_GCC5/AARCH64/MdeModulePkg/Universal/SecurityStubDxe/SecurityStubDxe/OUTPUT/SecurityStubDxe.lib(AutoGen.obj)
                              DriverEntryPoint.obj (symbol from plugin) (ProcessLibraryConstructorList)
/home/vsts/work/1/edk2/Build/Lumia950XL-AARCH64/DEBUG_GCC5/AARCH64/MdeModulePkg/Universal/SecurityStubDxe/SecurityStubDxe/OUTPUT/SecurityStubDxe.lib(SecurityStub.obj)
                              AutoGen.obj (symbol from plugin) (SecurityStubInitialize)
/home/vsts/work/1/edk2/Build/Lumia950XL-AARCH64/DEBUG_GCC5/AARCH64/MdeModulePkg/Universal/SecurityStubDxe/SecurityStubDxe/OUTPUT/SecurityStubDxe.lib(Defer3rdPartyImageLoad.obj)
                              SecurityStub.obj (symbol from plugin) (Defer3rdPartyImageLoad)
/home/vsts/work/1/edk2/Build/Lumia950XL-AARCH64/DEBUG_GCC5/AARCH64/MdePkg/Library/BaseLib/BaseLib/OUTPUT/BaseLib.lib(CpuDeadLoop.obj)
                              Defer3rdPartyImageLoad.obj (symbol from plugin) (CpuDeadLoop)
/home/vsts/work/1/edk2/Build/Lumia950XL-AARCH64/DEBUG_GCC5/AARCH64/MdePkg/Library/BaseMemoryLib/BaseMemoryLib/OUTPUT/BaseMemoryLib.lib(CompareMemWrapper.obj)
                              Defer3rdPartyImageLoad.obj (symbol from plugin) (CompareMem)
/home/vsts/work/1/edk2/Build/Lumia950XL-AARCH64/DEBUG_GCC5/AARCH64/MdePkg/Library/BaseMemoryLib/BaseMemoryLib/OUTPUT/BaseMemoryLib.lib(CopyMemWrapper.obj)
                              Defer3rdPartyImageLoad.obj (symbol from plugin) (CopyMem)
/home/vsts/work/1/edk2/Build/Lumia950XL-AARCH64/DEBUG_GCC5/AARCH64/MdePkg/Library/BaseMemoryLib/BaseMemoryLib/OUTPUT/BaseMemoryLib.lib(MemLibGeneric.obj)
                              CompareMemWrapper.obj (symbol from plugin) (InternalMemCompareMem)
/home/vsts/work/1/edk2/Build/Lumia950XL-AARCH64/DEBUG_GCC5/AARCH64/MdePkg/Library/BaseMemoryLib/BaseMemoryLib/OUTPUT/BaseMemoryLib.lib(CopyMem.obj)
                              CopyMemWrapper.obj (symbol from plugin) (InternalMemCopyMem)
/home/vsts/work/1/edk2/Build/Lumia950XL-AARCH64/DEBUG_GCC5/AARCH64/MdePkg/Library/BaseMemoryLib/BaseMemoryLib/OUTPUT/BaseMemoryLib.lib(SetMem.obj)
                              MemLibGeneric.obj (symbol from plugin) (InternalMemSetMem)
/home/vsts/work/1/edk2/Build/Lumia950XL-AARCH64/DEBUG_GCC5/AARCH64/MdePkg/Library/BaseDebugLibSerialPort/BaseDebugLibSerialPort/OUTPUT/BaseDebugLibSerialPort.lib(DebugLib.obj)
                              AutoGen.obj (symbol from plugin) (BaseDebugLibSerialPortConstructor)
/home/vsts/work/1/edk2/Build/Lumia950XL-AARCH64/DEBUG_GCC5/AARCH64/MdePkg/Library/UefiBootServicesTableLib/UefiBootServicesTableLib/OUTPUT/UefiBootServicesTableLib.lib(UefiBootServicesTableLib.obj)
                              AutoGen.obj (symbol from plugin) (UefiBootServicesTableLibConstructor)
/home/vsts/work/1/edk2/Build/Lumia950XL-AARCH64/DEBUG_GCC5/AARCH64/MdePkg/Library/UefiMemoryAllocationLib/UefiMemoryAllocationLib/OUTPUT/UefiMemoryAllocationLib.lib(MemoryAllocationLib.obj)
                              Defer3rdPartyImageLoad.obj (symbol from plugin) (FreePool)
/home/vsts/work/1/edk2/Build/Lumia950XL-AARCH64/DEBUG_GCC5/AARCH64/MdePkg/Library/UefiRuntimeServicesTableLib/UefiRuntimeServicesTableLib/OUTPUT/UefiRuntimeServicesTableLib.lib(UefiRuntimeServicesTableLib.obj)
                              AutoGen.obj (symbol from plugin) (UefiRuntimeServicesTableLibConstructor)
/home/vsts/work/1/edk2/Build/Lumia950XL-AARCH64/DEBUG_GCC5/AARCH64/MdePkg/Library/UefiDevicePathLib/UefiDevicePathLib/OUTPUT/UefiDevicePathLib.lib(UefiDevicePathLib.obj)
                              Defer3rdPartyImageLoad.obj (symbol from plugin) (GetDevicePathSize)
/home/vsts/work/1/edk2/Build/Lumia950XL-AARCH64/DEBUG_GCC5/AARCH64/MdePkg/Library/UefiDevicePathLib/UefiDevicePathLib/OUTPUT/UefiDevicePathLib.lib(DevicePathUtilities.obj)
                              UefiDevicePathLib.obj (symbol from plugin) (UefiDevicePathLibGetDevicePathSize)
/home/vsts/work/1/edk2/Build/Lumia950XL-AARCH64/DEBUG_GCC5/AARCH64/MdePkg/Library/UefiDevicePathLib/UefiDevicePathLib/OUTPUT/UefiDevicePathLib.lib(DevicePathToText.obj)
                              UefiDevicePathLib.obj (symbol from plugin) (UefiDevicePathLibConvertDeviceNodeToText)
/home/vsts/work/1/edk2/Build/Lumia950XL-AARCH64/DEBUG_GCC5/AARCH64/MdePkg/Library/UefiDevicePathLib/UefiDevicePathLib/OUTPUT/UefiDevicePathLib.lib(DevicePathFromText.obj)
                              UefiDevicePathLib.obj (symbol from plugin) (UefiDevicePathLibConvertTextToDeviceNode)
/home/vsts/work/1/edk2/Build/Lumia950XL-AARCH64/DEBUG_GCC5/AARCH64/MdePkg/Library/UefiLib/UefiLib/OUTPUT/UefiLib.lib(UefiLib.obj)
                              AutoGen.obj (symbol from plugin) (UefiLibConstructor)
/home/vsts/work/1/edk2/Build/Lumia950XL-AARCH64/DEBUG_GCC5/AARCH64/MdePkg/Library/DxeHobLib/DxeHobLib/OUTPUT/DxeHobLib.lib(HobLib.obj)
                              AutoGen.obj (symbol from plugin) (HobLibConstructor)
/home/vsts/work/1/edk2/Build/Lumia950XL-AARCH64/DEBUG_GCC5/AARCH64/MdeModulePkg/Library/DxeSecurityManagementLib/DxeSecurityManagementLib/OUTPUT/DxeSecurityManagementLib.lib(DxeSecurityManagementLib.obj)
                              SecurityStub.obj (symbol from plugin) (ExecuteSecurityHandlers)
/home/vsts/work/1/edk2/Build/Lumia950XL-AARCH64/DEBUG_GCC5/AARCH64/IntelFrameworkModulePkg/Library/DxeReportStatusCodeLibFramework/DxeReportStatusCodeLib/OUTPUT/DxeReportStatusCodeLib.lib(ReportStatusCodeLib.obj)
                              Defer3rdPartyImageLoad.obj (symbol from plugin) (ReportProgressCodeEnabled)
/home/vsts/work/1/edk2/Build/Lumia950XL-AARCH64/DEBUG_GCC5/AARCH64/MdePkg/Library/BaseLib/BaseLib/OUTPUT/BaseLib.lib(SwapBytes64.obj)
                              DevicePathFromText.obj (symbol from plugin) (SwapBytes64)
/home/vsts/work/1/edk2/Build/Lumia950XL-AARCH64/DEBUG_GCC5/AARCH64/MdePkg/Library/BaseLib/BaseLib/OUTPUT/BaseLib.lib(LShiftU64.obj)
                              SetMem.obj (symbol from plugin) (LShiftU64)
/home/vsts/work/1/edk2/Build/Lumia950XL-AARCH64/DEBUG_GCC5/AARCH64/MdePkg/Library/BaseLib/BaseLib/OUTPUT/BaseLib.lib(SafeString.obj)
                              DevicePathFromText.obj (symbol from plugin) (StrnLenS)
/home/vsts/work/1/edk2/Build/Lumia950XL-AARCH64/DEBUG_GCC5/AARCH64/MdePkg/Library/BaseLib/BaseLib/OUTPUT/BaseLib.lib(String.obj)
                              DevicePathFromText.obj (symbol from plugin) (StrLen)
/home/vsts/work/1/edk2/Build/Lumia950XL-AARCH64/DEBUG_GCC5/AARCH64/MdePkg/Library/BaseLib/BaseLib/OUTPUT/BaseLib.lib(Unaligned.obj)
                              DevicePathUtilities.obj (symbol from plugin) (ReadUnaligned16)
/home/vsts/work/1/edk2/Build/Lumia950XL-AARCH64/DEBUG_GCC5/AARCH64/MdePkg/Library/BaseLib/BaseLib/OUTPUT/BaseLib.lib(Math64.obj)
                              LShiftU64.obj (symbol from plugin) (InternalMathLShiftU64)
/home/vsts/work/1/edk2/Build/Lumia950XL-AARCH64/DEBUG_GCC5/AARCH64/MdePkg/Library/BaseLib/BaseLib/OUTPUT/BaseLib.lib(CpuBreakpoint.obj)
                              DebugLib.obj (symbol from plugin) (CpuBreakpoint)
/home/vsts/work/1/edk2/Build/Lumia950XL-AARCH64/DEBUG_GCC5/AARCH64/MdePkg/Library/BaseLib/BaseLib/OUTPUT/BaseLib.lib(SwapBytes32.obj)
                              SafeString.obj (symbol from plugin) (SwapBytes32)
/home/vsts/work/1/edk2/Build/Lumia950XL-AARCH64/DEBUG_GCC5/AARCH64/MdePkg/Library/BaseLib/BaseLib/OUTPUT/BaseLib.lib(SwapBytes16.obj)
                              SafeString.obj (symbol from plugin) (SwapBytes16)
/home/vsts/work/1/edk2/Build/Lumia950XL-AARCH64/DEBUG_GCC5/AARCH64/MdePkg/Library/BaseLib/BaseLib/OUTPUT/BaseLib.lib(RShiftU64.obj)
                              SafeString.obj (symbol from plugin) (RShiftU64)
/home/vsts/work/1/edk2/Build/Lumia950XL-AARCH64/DEBUG_GCC5/AARCH64/MdePkg/Library/BaseLib/BaseLib/OUTPUT/BaseLib.lib(MultU64x32.obj)
                              SafeString.obj (symbol from plugin) (MultU64x32)
/home/vsts/work/1/edk2/Build/Lumia950XL-AARCH64/DEBUG_GCC5/AARCH64/MdePkg/Library/BaseLib/BaseLib/OUTPUT/BaseLib.lib(DivU64x32.obj)
                              SafeString.obj (symbol from plugin) (DivU64x32)
/home/vsts/work/1/edk2/Build/Lumia950XL-AARCH64/DEBUG_GCC5/AARCH64/MdePkg/Library/BaseMemoryLib/BaseMemoryLib/OUTPUT/BaseMemoryLib.lib(ZeroMemWrapper.obj)
                              MemoryAllocationLib.obj (symbol from plugin) (ZeroMem)
/home/vsts/work/1/edk2/Build/Lumia950XL-AARCH64/DEBUG_GCC5/AARCH64/MdePkg/Library/BaseMemoryLib/BaseMemoryLib/OUTPUT/BaseMemoryLib.lib(SetMemWrapper.obj)
                              DebugLib.obj (symbol from plugin) (SetMem)
/home/vsts/work/1/edk2/Build/Lumia950XL-AARCH64/DEBUG_GCC5/AARCH64/MdePkg/Library/BaseMemoryLib/BaseMemoryLib/OUTPUT/BaseMemoryLib.lib(MemLibGuid.obj)
                              DevicePathFromText.obj (symbol from plugin) (CopyGuid)
/home/vsts/work/1/edk2/Build/Lumia950XL-AARCH64/DEBUG_GCC5/AARCH64/MdePkg/Library/BaseMemoryLib/BaseMemoryLib/OUTPUT/BaseMemoryLib.lib(SetMem64Wrapper.obj)
                              SetMemWrapper.obj (symbol from plugin) (SetMem64)
/home/vsts/work/1/edk2/Build/Lumia950XL-AARCH64/DEBUG_GCC5/AARCH64/MdePkg/Library/BaseDebugPrintErrorLevelLib/BaseDebugPrintErrorLevelLib/OUTPUT/BaseDebugPrintErrorLevelLib.lib(BaseDebugPrintErrorLevelLib.obj)
                              DebugLib.obj (symbol from plugin) (GetDebugPrintErrorLevel)
/home/vsts/work/1/edk2/Build/Lumia950XL-AARCH64/DEBUG_GCC5/AARCH64/Lumia950XLPkg/Library/FrameBufferSerialPortLib/FrameBufferSerialPortLib/OUTPUT/FrameBufferSerialPortLib.lib(FrameBufferSerialPortLib.obj)
                              DebugLib.obj (symbol from plugin) (SerialPortInitialize)
/home/vsts/work/1/edk2/Build/Lumia950XL-AARCH64/DEBUG_GCC5/AARCH64/MdePkg/Library/BasePrintLib/BasePrintLib/OUTPUT/BasePrintLib.lib(PrintLib.obj)
                              DevicePathToText.obj (symbol from plugin) (UnicodeVSPrint)
/home/vsts/work/1/edk2/Build/Lumia950XL-AARCH64/DEBUG_GCC5/AARCH64/MdePkg/Library/BasePrintLib/BasePrintLib/OUTPUT/BasePrintLib.lib(PrintLibInternal.obj)
                              PrintLib.obj (symbol from plugin) (BasePrintLibConvertValueToString)
/home/vsts/work/1/edk2/Build/Lumia950XL-AARCH64/DEBUG_GCC5/AARCH64/MdePkg/Library/DxeServicesLib/DxeServicesLib/OUTPUT/DxeServicesLib.lib(DxeServicesLib.obj)
                              DxeSecurityManagementLib.obj (symbol from plugin) (GetFileBufferByFilePath)
/home/vsts/work/1/edk2/Build/Lumia950XL-AARCH64/DEBUG_GCC5/AARCH64/MdePkg/Library/BaseLib/BaseLib/OUTPUT/BaseLib.lib(DivU64x32Remainder.obj)
                              PrintLibInternal.obj (symbol from plugin) (DivU64x32Remainder)
/home/vsts/work/1/edk2/Build/Lumia950XL-AARCH64/DEBUG_GCC5/AARCH64/ArmPkg/Library/ArmLib/ArmBaseLib/OUTPUT/ArmBaseLib.lib(ArmLibSupport.obj)
                              FrameBufferSerialPortLib.obj (symbol from plugin) (ArmGetInterruptState)
/home/vsts/work/1/edk2/Build/Lumia950XL-AARCH64/DEBUG_GCC5/AARCH64/ArmPkg/Library/ArmLib/ArmBaseLib/OUTPUT/ArmBaseLib.lib(ArmLibSupportV8.obj)
                              FrameBufferSerialPortLib.obj (symbol from plugin) (ArmEnableInterrupts)
/home/vsts/work/1/edk2/Build/Lumia950XL-AARCH64/DEBUG_GCC5/AARCH64/ArmPkg/Library/ArmCacheMaintenanceLib/ArmCacheMaintenanceLib/OUTPUT/ArmCacheMaintenanceLib.lib(ArmCacheMaintenanceLib.obj)
                              FrameBufferSerialPortLib.obj (symbol from plugin) (WriteBackInvalidateDataCacheRange)
/home/vsts/work/1/edk2/Build/Lumia950XL-AARCH64/DEBUG_GCC5/AARCH64/MdePkg/Library/UefiLib/UefiLib/OUTPUT/UefiLib.lib(UefiNotTiano.obj)
                              DxeServicesLib.obj (symbol from plugin) (EfiGetNameGuidFromFwVolDevicePathNode)
/home/vsts/work/1/edk2/Build/Lumia950XL-AARCH64/DEBUG_GCC5/AARCH64/ArmPkg/Library/ArmLib/ArmBaseLib/OUTPUT/ArmBaseLib.lib(ArmLib.obj)
                              ArmCacheMaintenanceLib.obj (symbol from plugin) (ArmDataCacheLineLength)
/home/vsts/work/1/edk2/Build/Lumia950XL-AARCH64/DEBUG_GCC5/AARCH64/ArmPkg/Library/ArmLib/ArmBaseLib/OUTPUT/ArmBaseLib.lib(AArch64Support.obj)
                              ArmCacheMaintenanceLib.obj (symbol from plugin) (ArmInvalidateDataCacheEntryByMVA)

Discarded input sections

 .text          0x0000000000000000       0x10 /home/vsts/work/1/edk2/ArmPkg/Library/GccLto/liblto-aarch64.a
 .data          0x0000000000000000        0x0 /home/vsts/work/1/edk2/ArmPkg/Library/GccLto/liblto-aarch64.a
 .bss           0x0000000000000000        0x0 /home/vsts/work/1/edk2/ArmPkg/Library/GccLto/liblto-aarch64.a
 .text          0x0000000000000000        0x0 /tmp/ccX50yAE.ltrans0.ltrans.o
 .data          0x0000000000000000        0x0 /tmp/ccX50yAE.ltrans0.ltrans.o
 .bss           0x0000000000000000        0x0 /tmp/ccX50yAE.ltrans0.ltrans.o
 .text.ExecuteSecurity2Handlers.part.2
                0x0000000000000000        0x8 /tmp/ccX50yAE.ltrans0.ltrans.o
 .text._DriverUnloadHandler
                0x0000000000000000        0x8 /tmp/ccX50yAE.ltrans0.ltrans.o
 .text.GetFileBufferByFilePath
                0x0000000000000000      0x51c /tmp/ccX50yAE.ltrans0.ltrans.o
 .text.__memset
                0x0000000000000000       0x1c /tmp/ccX50yAE.ltrans0.ltrans.o
 .data.gEfiFileInfoGuid
                0x0000000000000000       0x10 /tmp/ccX50yAE.ltrans0.ltrans.o
 .data.gEfiLoadFile2ProtocolGuid
                0x0000000000000000       0x10 /tmp/ccX50yAE.ltrans0.ltrans.o
 .data.gEfiLoadFileProtocolGuid
                0x0000000000000000       0x10 /tmp/ccX50yAE.ltrans0.ltrans.o
 .data.gEfiSimpleFileSystemProtocolGuid
                0x0000000000000000       0x10 /tmp/ccX50yAE.ltrans0.ltrans.o
 .rodata.GetFileBufferByFilePath.str1.1
                0x0000000000000000       0x5e /tmp/ccX50yAE.ltrans0.ltrans.o
 .comment       0x0000000000000000       0x2e /tmp/ccX50yAE.ltrans0.ltrans.o
 .text          0x0000000000000000        0x0 memcpy.obj (symbol from plugin)
 .text          0x0000000000000000        0x0 memset.obj (symbol from plugin)
 .text          0x0000000000000000        0x0 DriverEntryPoint.obj (symbol from plugin)
 .text          0x0000000000000000        0x0 AutoGen.obj (symbol from plugin)
 .text          0x0000000000000000        0x0 SecurityStub.obj (symbol from plugin)
 .text          0x0000000000000000        0x0 Defer3rdPartyImageLoad.obj (symbol from plugin)
 .text          0x0000000000000000        0x0 CpuDeadLoop.obj (symbol from plugin)
 .text          0x0000000000000000        0x0 CompareMemWrapper.obj (symbol from plugin)
 .text          0x0000000000000000        0x0 CopyMemWrapper.obj (symbol from plugin)
 .text          0x0000000000000000        0x0 MemLibGeneric.obj (symbol from plugin)
 .text          0x0000000000000000        0x0 CopyMem.obj (symbol from plugin)
 .text          0x0000000000000000        0x0 SetMem.obj (symbol from plugin)
 .text          0x0000000000000000        0x0 DebugLib.obj (symbol from plugin)
 .text          0x0000000000000000        0x0 UefiBootServicesTableLib.obj (symbol from plugin)
 .text          0x0000000000000000        0x0 MemoryAllocationLib.obj (symbol from plugin)
 .text          0x0000000000000000        0x0 UefiRuntimeServicesTableLib.obj (symbol from plugin)
 .text          0x0000000000000000        0x0 UefiDevicePathLib.obj (symbol from plugin)
 .text          0x0000000000000000        0x0 DevicePathUtilities.obj (symbol from plugin)
 .text          0x0000000000000000        0x0 DevicePathToText.obj (symbol from plugin)
 .text          0x0000000000000000        0x0 DevicePathFromText.obj (symbol from plugin)
 .text          0x0000000000000000        0x0 UefiLib.obj (symbol from plugin)
 .text          0x0000000000000000        0x0 HobLib.obj (symbol from plugin)
 .text          0x0000000000000000        0x0 DxeSecurityManagementLib.obj (symbol from plugin)
 .text          0x0000000000000000        0x0 ReportStatusCodeLib.obj (symbol from plugin)
 .text          0x0000000000000000        0x0 SwapBytes64.obj (symbol from plugin)
 .text          0x0000000000000000        0x0 LShiftU64.obj (symbol from plugin)
 .text          0x0000000000000000        0x0 SafeString.obj (symbol from plugin)
 .text          0x0000000000000000        0x0 String.obj (symbol from plugin)
 .text          0x0000000000000000        0x0 Unaligned.obj (symbol from plugin)
 .text          0x0000000000000000        0x0 Math64.obj (symbol from plugin)
 .text          0x0000000000000000        0x8 /home/vsts/work/1/edk2/Build/Lumia950XL-AARCH64/DEBUG_GCC5/AARCH64/MdePkg/Library/BaseLib/BaseLib/OUTPUT/BaseLib.lib(CpuBreakpoint.obj)
 .data          0x0000000000000000        0x0 /home/vsts/work/1/edk2/Build/Lumia950XL-AARCH64/DEBUG_GCC5/AARCH64/MdePkg/Library/BaseLib/BaseLib/OUTPUT/BaseLib.lib(CpuBreakpoint.obj)
 .bss           0x0000000000000000        0x0 /home/vsts/work/1/edk2/Build/Lumia950XL-AARCH64/DEBUG_GCC5/AARCH64/MdePkg/Library/BaseLib/BaseLib/OUTPUT/BaseLib.lib(CpuBreakpoint.obj)
 .text          0x0000000000000000        0x0 SwapBytes32.obj (symbol from plugin)
 .text          0x0000000000000000        0x0 SwapBytes16.obj (symbol from plugin)
 .text          0x0000000000000000        0x0 RShiftU64.obj (symbol from plugin)
 .text          0x0000000000000000        0x0 MultU64x32.obj (symbol from plugin)
 .text          0x0000000000000000        0x0 DivU64x32.obj (symbol from plugin)
 .text          0x0000000000000000        0x0 ZeroMemWrapper.obj (symbol from plugin)
 .text          0x0000000000000000        0x0 SetMemWrapper.obj (symbol from plugin)
 .text          0x0000000000000000        0x0 MemLibGuid.obj (symbol from plugin)
 .text          0x0000000000000000        0x0 SetMem64Wrapper.obj (symbol from plugin)
 .text          0x0000000000000000        0x0 BaseDebugPrintErrorLevelLib.obj (symbol from plugin)
 .text          0x0000000000000000        0x0 FrameBufferSerialPortLib.obj (symbol from plugin)
 .text          0x0000000000000000        0x0 PrintLib.obj (symbol from plugin)
 .text          0x0000000000000000        0x0 PrintLibInternal.obj (symbol from plugin)
 .text          0x0000000000000000        0x0 DxeServicesLib.obj (symbol from plugin)
 .text          0x0000000000000000        0x0 DivU64x32Remainder.obj (symbol from plugin)
 .text          0x0000000000000000        0x0 /home/vsts/work/1/edk2/Build/Lumia950XL-AARCH64/DEBUG_GCC5/AARCH64/ArmPkg/Library/ArmLib/ArmBaseLib/OUTPUT/ArmBaseLib.lib(ArmLibSupport.obj)
 .data          0x0000000000000000        0x0 /home/vsts/work/1/edk2/Build/Lumia950XL-AARCH64/DEBUG_GCC5/AARCH64/ArmPkg/Library/ArmLib/ArmBaseLib/OUTPUT/ArmBaseLib.lib(ArmLibSupport.obj)
 .bss           0x0000000000000000        0x0 /home/vsts/work/1/edk2/Build/Lumia950XL-AARCH64/DEBUG_GCC5/AARCH64/ArmPkg/Library/ArmLib/ArmBaseLib/OUTPUT/ArmBaseLib.lib(ArmLibSupport.obj)
 .text.ArmReadMidr
                0x0000000000000000        0x8 /home/vsts/work/1/edk2/Build/Lumia950XL-AARCH64/DEBUG_GCC5/AARCH64/ArmPkg/Library/ArmLib/ArmBaseLib/OUTPUT/ArmBaseLib.lib(ArmLibSupport.obj)
 .text.ArmGetFiqState
                0x0000000000000000       0x10 /home/vsts/work/1/edk2/Build/Lumia950XL-AARCH64/DEBUG_GCC5/AARCH64/ArmPkg/Library/ArmLib/ArmBaseLib/OUTPUT/ArmBaseLib.lib(ArmLibSupport.obj)
 .text.ArmWriteCpacr
                0x0000000000000000        0x8 /home/vsts/work/1/edk2/Build/Lumia950XL-AARCH64/DEBUG_GCC5/AARCH64/ArmPkg/Library/ArmLib/ArmBaseLib/OUTPUT/ArmBaseLib.lib(ArmLibSupport.obj)
 .text.ArmWriteAuxCr
                0x0000000000000000       0x28 /home/vsts/work/1/edk2/Build/Lumia950XL-AARCH64/DEBUG_GCC5/AARCH64/ArmPkg/Library/ArmLib/ArmBaseLib/OUTPUT/ArmBaseLib.lib(ArmLibSupport.obj)
 .text.ArmReadAuxCr
                0x0000000000000000       0x28 /home/vsts/work/1/edk2/Build/Lumia950XL-AARCH64/DEBUG_GCC5/AARCH64/ArmPkg/Library/ArmLib/ArmBaseLib/OUTPUT/ArmBaseLib.lib(ArmLibSupport.obj)
 .text.ArmSetTTBR0
                0x0000000000000000       0x34 /home/vsts/work/1/edk2/Build/Lumia950XL-AARCH64/DEBUG_GCC5/AARCH64/ArmPkg/Library/ArmLib/ArmBaseLib/OUTPUT/ArmBaseLib.lib(ArmLibSupport.obj)
 .text.ArmGetTTBR0BaseAddress
                0x0000000000000000       0x30 /home/vsts/work/1/edk2/Build/Lumia950XL-AARCH64/DEBUG_GCC5/AARCH64/ArmPkg/Library/ArmLib/ArmBaseLib/OUTPUT/ArmBaseLib.lib(ArmLibSupport.obj)
 .text.ArmGetTCR
                0x0000000000000000       0x34 /home/vsts/work/1/edk2/Build/Lumia950XL-AARCH64/DEBUG_GCC5/AARCH64/ArmPkg/Library/ArmLib/ArmBaseLib/OUTPUT/ArmBaseLib.lib(ArmLibSupport.obj)
 .text.ArmSetTCR
                0x0000000000000000       0x34 /home/vsts/work/1/edk2/Build/Lumia950XL-AARCH64/DEBUG_GCC5/AARCH64/ArmPkg/Library/ArmLib/ArmBaseLib/OUTPUT/ArmBaseLib.lib(ArmLibSupport.obj)
 .text.ArmGetMAIR
                0x0000000000000000       0x34 /home/vsts/work/1/edk2/Build/Lumia950XL-AARCH64/DEBUG_GCC5/AARCH64/ArmPkg/Library/ArmLib/ArmBaseLib/OUTPUT/ArmBaseLib.lib(ArmLibSupport.obj)
 .text.ArmSetMAIR
                0x0000000000000000       0x34 /home/vsts/work/1/edk2/Build/Lumia950XL-AARCH64/DEBUG_GCC5/AARCH64/ArmPkg/Library/ArmLib/ArmBaseLib/OUTPUT/ArmBaseLib.lib(ArmLibSupport.obj)
 .text.ArmUpdateTranslationTableEntry
                0x0000000000000000       0x40 /home/vsts/work/1/edk2/Build/Lumia950XL-AARCH64/DEBUG_GCC5/AARCH64/ArmPkg/Library/ArmLib/ArmBaseLib/OUTPUT/ArmBaseLib.lib(ArmLibSupport.obj)
 .text.ArmInvalidateTlb
                0x0000000000000000       0x38 /home/vsts/work/1/edk2/Build/Lumia950XL-AARCH64/DEBUG_GCC5/AARCH64/ArmPkg/Library/ArmLib/ArmBaseLib/OUTPUT/ArmBaseLib.lib(ArmLibSupport.obj)
 .text.ArmWriteCptr
                0x0000000000000000        0x8 /home/vsts/work/1/edk2/Build/Lumia950XL-AARCH64/DEBUG_GCC5/AARCH64/ArmPkg/Library/ArmLib/ArmBaseLib/OUTPUT/ArmBaseLib.lib(ArmLibSupport.obj)
 .text.ArmWriteScr
                0x0000000000000000        0xc /home/vsts/work/1/edk2/Build/Lumia950XL-AARCH64/DEBUG_GCC5/AARCH64/ArmPkg/Library/ArmLib/ArmBaseLib/OUTPUT/ArmBaseLib.lib(ArmLibSupport.obj)
 .text.ArmWriteMVBar
                0x0000000000000000        0x8 /home/vsts/work/1/edk2/Build/Lumia950XL-AARCH64/DEBUG_GCC5/AARCH64/ArmPkg/Library/ArmLib/ArmBaseLib/OUTPUT/ArmBaseLib.lib(ArmLibSupport.obj)
 .text.ArmCallWFE
                0x0000000000000000        0x8 /home/vsts/work/1/edk2/Build/Lumia950XL-AARCH64/DEBUG_GCC5/AARCH64/ArmPkg/Library/ArmLib/ArmBaseLib/OUTPUT/ArmBaseLib.lib(ArmLibSupport.obj)
 .text.ArmCallSEV
                0x0000000000000000        0x8 /home/vsts/work/1/edk2/Build/Lumia950XL-AARCH64/DEBUG_GCC5/AARCH64/ArmPkg/Library/ArmLib/ArmBaseLib/OUTPUT/ArmBaseLib.lib(ArmLibSupport.obj)
 .text.ArmReadCpuActlr
                0x0000000000000000        0x8 /home/vsts/work/1/edk2/Build/Lumia950XL-AARCH64/DEBUG_GCC5/AARCH64/ArmPkg/Library/ArmLib/ArmBaseLib/OUTPUT/ArmBaseLib.lib(ArmLibSupport.obj)
 .text.ArmWriteCpuActlr
                0x0000000000000000       0x10 /home/vsts/work/1/edk2/Build/Lumia950XL-AARCH64/DEBUG_GCC5/AARCH64/ArmPkg/Library/ArmLib/ArmBaseLib/OUTPUT/ArmBaseLib.lib(ArmLibSupport.obj)
 .text.ArmReadSctlr
                0x0000000000000000       0x30 /home/vsts/work/1/edk2/Build/Lumia950XL-AARCH64/DEBUG_GCC5/AARCH64/ArmPkg/Library/ArmLib/ArmBaseLib/OUTPUT/ArmBaseLib.lib(ArmLibSupport.obj)
 .text          0x0000000000000000        0x0 /home/vsts/work/1/edk2/Build/Lumia950XL-AARCH64/DEBUG_GCC5/AARCH64/ArmPkg/Library/ArmLib/ArmBaseLib/OUTPUT/ArmBaseLib.lib(ArmLibSupportV8.obj)
 .data          0x0000000000000000        0x0 /home/vsts/work/1/edk2/Build/Lumia950XL-AARCH64/DEBUG_GCC5/AARCH64/ArmPkg/Library/ArmLib/ArmBaseLib/OUTPUT/ArmBaseLib.lib(ArmLibSupportV8.obj)
 .bss           0x0000000000000000        0x0 /home/vsts/work/1/edk2/Build/Lumia950XL-AARCH64/DEBUG_GCC5/AARCH64/ArmPkg/Library/ArmLib/ArmBaseLib/OUTPUT/ArmBaseLib.lib(ArmLibSupportV8.obj)
 .text.ArmIsMpCore
                0x0000000000000000       0x14 /home/vsts/work/1/edk2/Build/Lumia950XL-AARCH64/DEBUG_GCC5/AARCH64/ArmPkg/Library/ArmLib/ArmBaseLib/OUTPUT/ArmBaseLib.lib(ArmLibSupportV8.obj)
 .text.ArmEnableAsynchronousAbort
                0x0000000000000000        0xc /home/vsts/work/1/edk2/Build/Lumia950XL-AARCH64/DEBUG_GCC5/AARCH64/ArmPkg/Library/ArmLib/ArmBaseLib/OUTPUT/ArmBaseLib.lib(ArmLibSupportV8.obj)
 .text.ArmDisableAsynchronousAbort
                0x0000000000000000        0xc /home/vsts/work/1/edk2/Build/Lumia950XL-AARCH64/DEBUG_GCC5/AARCH64/ArmPkg/Library/ArmLib/ArmBaseLib/OUTPUT/ArmBaseLib.lib(ArmLibSupportV8.obj)
 .text.ArmEnableIrq
                0x0000000000000000        0xc /home/vsts/work/1/edk2/Build/Lumia950XL-AARCH64/DEBUG_GCC5/AARCH64/ArmPkg/Library/ArmLib/ArmBaseLib/OUTPUT/ArmBaseLib.lib(ArmLibSupportV8.obj)
 .text.ArmDisableIrq
                0x0000000000000000        0xc /home/vsts/work/1/edk2/Build/Lumia950XL-AARCH64/DEBUG_GCC5/AARCH64/ArmPkg/Library/ArmLib/ArmBaseLib/OUTPUT/ArmBaseLib.lib(ArmLibSupportV8.obj)
 .text.ArmEnableFiq
                0x0000000000000000        0xc /home/vsts/work/1/edk2/Build/Lumia950XL-AARCH64/DEBUG_GCC5/AARCH64/ArmPkg/Library/ArmLib/ArmBaseLib/OUTPUT/ArmBaseLib.lib(ArmLibSupportV8.obj)
 .text.ArmDisableFiq
                0x0000000000000000        0xc /home/vsts/work/1/edk2/Build/Lumia950XL-AARCH64/DEBUG_GCC5/AARCH64/ArmPkg/Library/ArmLib/ArmBaseLib/OUTPUT/ArmBaseLib.lib(ArmLibSupportV8.obj)
 .text.ArmDisableAllExceptions
                0x0000000000000000        0xc /home/vsts/work/1/edk2/Build/Lumia950XL-AARCH64/DEBUG_GCC5/AARCH64/ArmPkg/Library/ArmLib/ArmBaseLib/OUTPUT/ArmBaseLib.lib(ArmLibSupportV8.obj)
 .text.ReadCCSIDR
                0x0000000000000000       0x10 /home/vsts/work/1/edk2/Build/Lumia950XL-AARCH64/DEBUG_GCC5/AARCH64/ArmPkg/Library/ArmLib/ArmBaseLib/OUTPUT/ArmBaseLib.lib(ArmLibSupportV8.obj)
 .text.ReadCLIDR
                0x0000000000000000        0x8 /home/vsts/work/1/edk2/Build/Lumia950XL-AARCH64/DEBUG_GCC5/AARCH64/ArmPkg/Library/ArmLib/ArmBaseLib/OUTPUT/ArmBaseLib.lib(ArmLibSupportV8.obj)
 .text          0x0000000000000000        0x0 ArmCacheMaintenanceLib.obj (symbol from plugin)
 .text          0x0000000000000000        0x0 UefiNotTiano.obj (symbol from plugin)
 .text          0x0000000000000000        0x0 ArmLib.obj (symbol from plugin)
 .text          0x0000000000000000        0x0 /home/vsts/work/1/edk2/Build/Lumia950XL-AARCH64/DEBUG_GCC5/AARCH64/ArmPkg/Library/ArmLib/ArmBaseLib/OUTPUT/ArmBaseLib.lib(AArch64Support.obj)
 .data          0x0000000000000000        0x0 /home/vsts/work/1/edk2/Build/Lumia950XL-AARCH64/DEBUG_GCC5/AARCH64/ArmPkg/Library/ArmLib/ArmBaseLib/OUTPUT/ArmBaseLib.lib(AArch64Support.obj)
 .bss           0x0000000000000000        0x0 /home/vsts/work/1/edk2/Build/Lumia950XL-AARCH64/DEBUG_GCC5/AARCH64/ArmPkg/Library/ArmLib/ArmBaseLib/OUTPUT/ArmBaseLib.lib(AArch64Support.obj)
 .text.ArmInvalidateDataCacheEntryByMVA
                0x0000000000000000        0x8 /home/vsts/work/1/edk2/Build/Lumia950XL-AARCH64/DEBUG_GCC5/AARCH64/ArmPkg/Library/ArmLib/ArmBaseLib/OUTPUT/ArmBaseLib.lib(AArch64Support.obj)
 .text.ArmCleanDataCacheEntryByMVA
                0x0000000000000000        0x8 /home/vsts/work/1/edk2/Build/Lumia950XL-AARCH64/DEBUG_GCC5/AARCH64/ArmPkg/Library/ArmLib/ArmBaseLib/OUTPUT/ArmBaseLib.lib(AArch64Support.obj)
 .text.ArmCleanDataCacheEntryToPoUByMVA
                0x0000000000000000        0x8 /home/vsts/work/1/edk2/Build/Lumia950XL-AARCH64/DEBUG_GCC5/AARCH64/ArmPkg/Library/ArmLib/ArmBaseLib/OUTPUT/ArmBaseLib.lib(AArch64Support.obj)
 .text.ArmInvalidateInstructionCacheEntryToPoUByMVA
                0x0000000000000000        0x8 /home/vsts/work/1/edk2/Build/Lumia950XL-AARCH64/DEBUG_GCC5/AARCH64/ArmPkg/Library/ArmLib/ArmBaseLib/OUTPUT/ArmBaseLib.lib(AArch64Support.obj)
 .text.ArmInvalidateDataCacheEntryBySetWay
                0x0000000000000000        0x8 /home/vsts/work/1/edk2/Build/Lumia950XL-AARCH64/DEBUG_GCC5/AARCH64/ArmPkg/Library/ArmLib/ArmBaseLib/OUTPUT/ArmBaseLib.lib(AArch64Support.obj)
 .text.ArmCleanInvalidateDataCacheEntryBySetWay
                0x0000000000000000        0x8 /home/vsts/work/1/edk2/Build/Lumia950XL-AARCH64/DEBUG_GCC5/AARCH64/ArmPkg/Library/ArmLib/ArmBaseLib/OUTPUT/ArmBaseLib.lib(AArch64Support.obj)
 .text.ArmCleanDataCacheEntryBySetWay
                0x0000000000000000        0x8 /home/vsts/work/1/edk2/Build/Lumia950XL-AARCH64/DEBUG_GCC5/AARCH64/ArmPkg/Library/ArmLib/ArmBaseLib/OUTPUT/ArmBaseLib.lib(AArch64Support.obj)
 .text.ArmInvalidateInstructionCache
                0x0000000000000000       0x10 /home/vsts/work/1/edk2/Build/Lumia950XL-AARCH64/DEBUG_GCC5/AARCH64/ArmPkg/Library/ArmLib/ArmBaseLib/OUTPUT/ArmBaseLib.lib(AArch64Support.obj)
 .text.ArmEnableMmu
                0x0000000000000000       0x88 /home/vsts/work/1/edk2/Build/Lumia950XL-AARCH64/DEBUG_GCC5/AARCH64/ArmPkg/Library/ArmLib/ArmBaseLib/OUTPUT/ArmBaseLib.lib(AArch64Support.obj)
 .text.ArmDisableMmu
                0x0000000000000000       0x74 /home/vsts/work/1/edk2/Build/Lumia950XL-AARCH64/DEBUG_GCC5/AARCH64/ArmPkg/Library/ArmLib/ArmBaseLib/OUTPUT/ArmBaseLib.lib(AArch64Support.obj)
 .text.ArmDisableCachesAndMmu
                0x0000000000000000       0x6c /home/vsts/work/1/edk2/Build/Lumia950XL-AARCH64/DEBUG_GCC5/AARCH64/ArmPkg/Library/ArmLib/ArmBaseLib/OUTPUT/ArmBaseLib.lib(AArch64Support.obj)
 .text.ArmMmuEnabled
                0x0000000000000000       0x34 /home/vsts/work/1/edk2/Build/Lumia950XL-AARCH64/DEBUG_GCC5/AARCH64/ArmPkg/Library/ArmLib/ArmBaseLib/OUTPUT/ArmBaseLib.lib(AArch64Support.obj)
 .text.ArmEnableDataCache
                0x0000000000000000       0x68 /home/vsts/work/1/edk2/Build/Lumia950XL-AARCH64/DEBUG_GCC5/AARCH64/ArmPkg/Library/ArmLib/ArmBaseLib/OUTPUT/ArmBaseLib.lib(AArch64Support.obj)
 .text.ArmDisableDataCache
                0x0000000000000000       0x68 /home/vsts/work/1/edk2/Build/Lumia950XL-AARCH64/DEBUG_GCC5/AARCH64/ArmPkg/Library/ArmLib/ArmBaseLib/OUTPUT/ArmBaseLib.lib(AArch64Support.obj)
 .text.ArmEnableInstructionCache
                0x0000000000000000       0x68 /home/vsts/work/1/edk2/Build/Lumia950XL-AARCH64/DEBUG_GCC5/AARCH64/ArmPkg/Library/ArmLib/ArmBaseLib/OUTPUT/ArmBaseLib.lib(AArch64Support.obj)
 .text.ArmDisableInstructionCache
                0x0000000000000000       0x68 /home/vsts/work/1/edk2/Build/Lumia950XL-AARCH64/DEBUG_GCC5/AARCH64/ArmPkg/Library/ArmLib/ArmBaseLib/OUTPUT/ArmBaseLib.lib(AArch64Support.obj)
 .text.ArmEnableAlignmentCheck
                0x0000000000000000       0x58 /home/vsts/work/1/edk2/Build/Lumia950XL-AARCH64/DEBUG_GCC5/AARCH64/ArmPkg/Library/ArmLib/ArmBaseLib/OUTPUT/ArmBaseLib.lib(AArch64Support.obj)
 .text.ArmDisableAlignmentCheck
                0x0000000000000000       0x68 /home/vsts/work/1/edk2/Build/Lumia950XL-AARCH64/DEBUG_GCC5/AARCH64/ArmPkg/Library/ArmLib/ArmBaseLib/OUTPUT/ArmBaseLib.lib(AArch64Support.obj)
 .text.ArmEnableStackAlignmentCheck
                0x0000000000000000       0x58 /home/vsts/work/1/edk2/Build/Lumia950XL-AARCH64/DEBUG_GCC5/AARCH64/ArmPkg/Library/ArmLib/ArmBaseLib/OUTPUT/ArmBaseLib.lib(AArch64Support.obj)
 .text.ArmDisableStackAlignmentCheck
                0x0000000000000000       0x68 /home/vsts/work/1/edk2/Build/Lumia950XL-AARCH64/DEBUG_GCC5/AARCH64/ArmPkg/Library/ArmLib/ArmBaseLib/OUTPUT/ArmBaseLib.lib(AArch64Support.obj)
 .text.ArmEnableBranchPrediction
                0x0000000000000000        0x4 /home/vsts/work/1/edk2/Build/Lumia950XL-AARCH64/DEBUG_GCC5/AARCH64/ArmPkg/Library/ArmLib/ArmBaseLib/OUTPUT/ArmBaseLib.lib(AArch64Support.obj)
 .text.ArmDisableBranchPrediction
                0x0000000000000000        0x4 /home/vsts/work/1/edk2/Build/Lumia950XL-AARCH64/DEBUG_GCC5/AARCH64/ArmPkg/Library/ArmLib/ArmBaseLib/OUTPUT/ArmBaseLib.lib(AArch64Support.obj)
 .text.AArch64AllDataCachesOperation
                0x0000000000000000       0xa8 /home/vsts/work/1/edk2/Build/Lumia950XL-AARCH64/DEBUG_GCC5/AARCH64/ArmPkg/Library/ArmLib/ArmBaseLib/OUTPUT/ArmBaseLib.lib(AArch64Support.obj)
 .text.ArmDataMemoryBarrier
                0x0000000000000000        0x8 /home/vsts/work/1/edk2/Build/Lumia950XL-AARCH64/DEBUG_GCC5/AARCH64/ArmPkg/Library/ArmLib/ArmBaseLib/OUTPUT/ArmBaseLib.lib(AArch64Support.obj)
 .text.ArmInstructionSynchronizationBarrier
                0x0000000000000000        0x8 /home/vsts/work/1/edk2/Build/Lumia950XL-AARCH64/DEBUG_GCC5/AARCH64/ArmPkg/Library/ArmLib/ArmBaseLib/OUTPUT/ArmBaseLib.lib(AArch64Support.obj)
 .text.ArmWriteVBar
                0x0000000000000000       0x34 /home/vsts/work/1/edk2/Build/Lumia950XL-AARCH64/DEBUG_GCC5/AARCH64/ArmPkg/Library/ArmLib/ArmBaseLib/OUTPUT/ArmBaseLib.lib(AArch64Support.obj)
 .text.ArmReadVBar
                0x0000000000000000       0x30 /home/vsts/work/1/edk2/Build/Lumia950XL-AARCH64/DEBUG_GCC5/AARCH64/ArmPkg/Library/ArmLib/ArmBaseLib/OUTPUT/ArmBaseLib.lib(AArch64Support.obj)
 .text.ArmEnableVFP
                0x0000000000000000       0x64 /home/vsts/work/1/edk2/Build/Lumia950XL-AARCH64/DEBUG_GCC5/AARCH64/ArmPkg/Library/ArmLib/ArmBaseLib/OUTPUT/ArmBaseLib.lib(AArch64Support.obj)
 .text.ArmCallWFI
                0x0000000000000000        0x8 /home/vsts/work/1/edk2/Build/Lumia950XL-AARCH64/DEBUG_GCC5/AARCH64/ArmPkg/Library/ArmLib/ArmBaseLib/OUTPUT/ArmBaseLib.lib(AArch64Support.obj)
 .text.ArmReadMpidr
                0x0000000000000000        0x8 /home/vsts/work/1/edk2/Build/Lumia950XL-AARCH64/DEBUG_GCC5/AARCH64/ArmPkg/Library/ArmLib/ArmBaseLib/OUTPUT/ArmBaseLib.lib(AArch64Support.obj)
 .text.ArmReadTpidrurw
                0x0000000000000000        0x8 /home/vsts/work/1/edk2/Build/Lumia950XL-AARCH64/DEBUG_GCC5/AARCH64/ArmPkg/Library/ArmLib/ArmBaseLib/OUTPUT/ArmBaseLib.lib(AArch64Support.obj)
 .text.ArmWriteTpidrurw
                0x0000000000000000        0x8 /home/vsts/work/1/edk2/Build/Lumia950XL-AARCH64/DEBUG_GCC5/AARCH64/ArmPkg/Library/ArmLib/ArmBaseLib/OUTPUT/ArmBaseLib.lib(AArch64Support.obj)
 .text.ArmIsArchTimerImplemented
                0x0000000000000000        0x8 /home/vsts/work/1/edk2/Build/Lumia950XL-AARCH64/DEBUG_GCC5/AARCH64/ArmPkg/Library/ArmLib/ArmBaseLib/OUTPUT/ArmBaseLib.lib(AArch64Support.obj)
 .text.ArmReadIdPfr0
                0x0000000000000000        0x8 /home/vsts/work/1/edk2/Build/Lumia950XL-AARCH64/DEBUG_GCC5/AARCH64/ArmPkg/Library/ArmLib/ArmBaseLib/OUTPUT/ArmBaseLib.lib(AArch64Support.obj)
 .text.ArmReadIdPfr1
                0x0000000000000000        0x8 /home/vsts/work/1/edk2/Build/Lumia950XL-AARCH64/DEBUG_GCC5/AARCH64/ArmPkg/Library/ArmLib/ArmBaseLib/OUTPUT/ArmBaseLib.lib(AArch64Support.obj)
 .text.ArmWriteHcr
                0x0000000000000000        0x8 /home/vsts/work/1/edk2/Build/Lumia950XL-AARCH64/DEBUG_GCC5/AARCH64/ArmPkg/Library/ArmLib/ArmBaseLib/OUTPUT/ArmBaseLib.lib(AArch64Support.obj)
 .text.ArmReadHcr
                0x0000000000000000        0x8 /home/vsts/work/1/edk2/Build/Lumia950XL-AARCH64/DEBUG_GCC5/AARCH64/ArmPkg/Library/ArmLib/ArmBaseLib/OUTPUT/ArmBaseLib.lib(AArch64Support.obj)
 .text.ArmReadCurrentEL
                0x0000000000000000        0x8 /home/vsts/work/1/edk2/Build/Lumia950XL-AARCH64/DEBUG_GCC5/AARCH64/ArmPkg/Library/ArmLib/ArmBaseLib/OUTPUT/ArmBaseLib.lib(AArch64Support.obj)
 .text.ArmReadCntHctl
                0x0000000000000000        0x8 /home/vsts/work/1/edk2/Build/Lumia950XL-AARCH64/DEBUG_GCC5/AARCH64/ArmPkg/Library/ArmLib/ArmBaseLib/OUTPUT/ArmBaseLib.lib(AArch64Support.obj)
 .text.ArmWriteCntHctl
                0x0000000000000000        0x8 /home/vsts/work/1/edk2/Build/Lumia950XL-AARCH64/DEBUG_GCC5/AARCH64/ArmPkg/Library/ArmLib/ArmBaseLib/OUTPUT/ArmBaseLib.lib(AArch64Support.obj)

Memory Configuration

Name             Origin             Length             Attributes
*default*        0x0000000000000000 0xffffffffffffffff

Linker script and memory map

LOAD /home/vsts/work/1/edk2/ArmPkg/Library/GccLto/liblto-aarch64.a
LOAD /tmp/ccX50yAE.ltrans0.ltrans.o
START GROUP
LOAD /home/vsts/work/1/edk2/Build/Lumia950XL-AARCH64/DEBUG_GCC5/AARCH64/MdePkg/Library/BaseLib/BaseLib/OUTPUT/BaseLib.lib
LOAD /home/vsts/work/1/edk2/Build/Lumia950XL-AARCH64/DEBUG_GCC5/AARCH64/MdePkg/Library/BaseMemoryLib/BaseMemoryLib/OUTPUT/BaseMemoryLib.lib
LOAD /home/vsts/work/1/edk2/Build/Lumia950XL-AARCH64/DEBUG_GCC5/AARCH64/MdePkg/Library/DxePcdLib/DxePcdLib/OUTPUT/DxePcdLib.lib
LOAD /home/vsts/work/1/edk2/Build/Lumia950XL-AARCH64/DEBUG_GCC5/AARCH64/ArmPkg/Library/ArmLib/ArmBaseLib/OUTPUT/ArmBaseLib.lib
LOAD /home/vsts/work/1/edk2/Build/Lumia950XL-AARCH64/DEBUG_GCC5/AARCH64/ArmPkg/Library/ArmCacheMaintenanceLib/ArmCacheMaintenanceLib/OUTPUT/ArmCacheMaintenanceLib.lib
LOAD /home/vsts/work/1/edk2/Build/Lumia950XL-AARCH64/DEBUG_GCC5/AARCH64/ArmPkg/Library/CompilerIntrinsicsLib/CompilerIntrinsicsLib/OUTPUT/CompilerIntrinsicsLib.lib
LOAD /home/vsts/work/1/edk2/Build/Lumia950XL-AARCH64/DEBUG_GCC5/AARCH64/MdePkg/Library/BaseIoLibIntrinsic/BaseIoLibIntrinsic/OUTPUT/BaseIoLibIntrinsic.lib
LOAD /home/vsts/work/1/edk2/Build/Lumia950XL-AARCH64/DEBUG_GCC5/AARCH64/MdePkg/Library/BaseDebugPrintErrorLevelLib/BaseDebugPrintErrorLevelLib/OUTPUT/BaseDebugPrintErrorLevelLib.lib
LOAD /home/vsts/work/1/edk2/Build/Lumia950XL-AARCH64/DEBUG_GCC5/AARCH64/Lumia950XLPkg/Library/FrameBufferSerialPortLib/FrameBufferSerialPortLib/OUTPUT/FrameBufferSerialPortLib.lib
LOAD /home/vsts/work/1/edk2/Build/Lumia950XL-AARCH64/DEBUG_GCC5/AARCH64/MdePkg/Library/BasePrintLib/BasePrintLib/OUTPUT/BasePrintLib.lib
LOAD /home/vsts/work/1/edk2/Build/Lumia950XL-AARCH64/DEBUG_GCC5/AARCH64/MdePkg/Library/BaseDebugLibSerialPort/BaseDebugLibSerialPort/OUTPUT/BaseDebugLibSerialPort.lib
LOAD /home/vsts/work/1/edk2/Build/Lumia950XL-AARCH64/DEBUG_GCC5/AARCH64/MdePkg/Library/UefiBootServicesTableLib/UefiBootServicesTableLib/OUTPUT/UefiBootServicesTableLib.lib
LOAD /home/vsts/work/1/edk2/Build/Lumia950XL-AARCH64/DEBUG_GCC5/AARCH64/MdePkg/Library/UefiMemoryAllocationLib/UefiMemoryAllocationLib/OUTPUT/UefiMemoryAllocationLib.lib
LOAD /home/vsts/work/1/edk2/Build/Lumia950XL-AARCH64/DEBUG_GCC5/AARCH64/MdePkg/Library/UefiRuntimeServicesTableLib/UefiRuntimeServicesTableLib/OUTPUT/UefiRuntimeServicesTableLib.lib
LOAD /home/vsts/work/1/edk2/Build/Lumia950XL-AARCH64/DEBUG_GCC5/AARCH64/MdePkg/Library/UefiDevicePathLib/UefiDevicePathLib/OUTPUT/UefiDevicePathLib.lib
LOAD /home/vsts/work/1/edk2/Build/Lumia950XL-AARCH64/DEBUG_GCC5/AARCH64/MdePkg/Library/UefiLib/UefiLib/OUTPUT/UefiLib.lib
LOAD /home/vsts/work/1/edk2/Build/Lumia950XL-AARCH64/DEBUG_GCC5/AARCH64/MdePkg/Library/DxeHobLib/DxeHobLib/OUTPUT/DxeHobLib.lib
LOAD /home/vsts/work/1/edk2/Build/Lumia950XL-AARCH64/DEBUG_GCC5/AARCH64/MdePkg/Library/DxeServicesLib/DxeServicesLib/OUTPUT/DxeServicesLib.lib
LOAD /home/vsts/work/1/edk2/Build/Lumia950XL-AARCH64/DEBUG_GCC5/AARCH64/MdePkg/Library/UefiDriverEntryPoint/UefiDriverEntryPoint/OUTPUT/UefiDriverEntryPoint.lib
LOAD /home/vsts/work/1/edk2/Build/Lumia950XL-AARCH64/DEBUG_GCC5/AARCH64/MdeModulePkg/Library/DxeSecurityManagementLib/DxeSecurityManagementLib/OUTPUT/DxeSecurityManagementLib.lib
LOAD /home/vsts/work/1/edk2/Build/Lumia950XL-AARCH64/DEBUG_GCC5/AARCH64/IntelFrameworkModulePkg/Library/DxeReportStatusCodeLibFramework/DxeReportStatusCodeLib/OUTPUT/DxeReportStatusCodeLib.lib
LOAD /home/vsts/work/1/edk2/Build/Lumia950XL-AARCH64/DEBUG_GCC5/AARCH64/MdeModulePkg/Universal/SecurityStubDxe/SecurityStubDxe/OUTPUT/SecurityStubDxe.lib
END GROUP
                0x0000000000000228                . = PECOFF_HEADER_SIZE

.text           0x0000000000001000     0x6bfc
 *(.text .text.* .stub .gnu.linkonce.t.*)
 .text.InternalAllocatePool.constprop.11
                0x0000000000001000       0x38 /tmp/ccX50yAE.ltrans0.ltrans.o
 .text.BasePrintLibFillBuffer
                0x0000000000001038       0x34 /tmp/ccX50yAE.ltrans0.ltrans.o
 .text.AsciiStrnLenS
                0x000000000000106c       0x3c /tmp/ccX50yAE.ltrans0.ltrans.o
 .text.DebugPrintLevelEnabled
                0x00000000000010a8        0x8 /tmp/ccX50yAE.ltrans0.ltrans.o
 .text.DebugCodeEnabled
                0x00000000000010b0        0x8 /tmp/ccX50yAE.ltrans0.ltrans.o
 .text.DebugPrintEnabled
                0x00000000000010b8        0x8 /tmp/ccX50yAE.ltrans0.ltrans.o
 .text.DebugAssertEnabled
                0x00000000000010c0        0x8 /tmp/ccX50yAE.ltrans0.ltrans.o
 .text.CpuDeadLoop
                0x00000000000010c8       0x18 /tmp/ccX50yAE.ltrans0.ltrans.o
 .text.EndOfDxe
                0x00000000000010e0       0x10 /tmp/ccX50yAE.ltrans0.ltrans.o
 .text.LShiftU64.constprop.17
                0x00000000000010f0        0x8 /tmp/ccX50yAE.ltrans0.ltrans.o
 .text.BaseDebugLibSerialPortConstructor
                0x00000000000010f8       0x84 /tmp/ccX50yAE.ltrans0.ltrans.o
 .text.FbConFlush
                0x000000000000117c       0x54 /tmp/ccX50yAE.ltrans0.ltrans.o
 .text.SerialPortWrite
                0x00000000000011d0      0x314 /tmp/ccX50yAE.ltrans0.ltrans.o
 .text.DebugAssert
                0x00000000000014e4       0x50 /tmp/ccX50yAE.ltrans0.ltrans.o
 .text.ZeroMem  0x0000000000001534      0x114 /tmp/ccX50yAE.ltrans0.ltrans.o
 .text.ReadUnaligned16
                0x0000000000001648       0x68 /tmp/ccX50yAE.ltrans0.ltrans.o
 .text.ReadUnaligned32
                0x00000000000016b0       0x5c /tmp/ccX50yAE.ltrans0.ltrans.o
 .text.ReadUnaligned64
                0x000000000000170c       0x64 /tmp/ccX50yAE.ltrans0.ltrans.o
 .text.CompareGuid
                0x0000000000001770       0x5c /tmp/ccX50yAE.ltrans0.ltrans.o
 .text.AsciiStrLen
                0x00000000000017cc       0xa0 /tmp/ccX50yAE.ltrans0.ltrans.o
 .text.StrnLenS
                0x000000000000186c       0x7c /tmp/ccX50yAE.ltrans0.ltrans.o
 .text.BasePrintLibSPrintMarker.constprop.23
                0x00000000000018e8     0x1030 /tmp/ccX50yAE.ltrans0.ltrans.o
 .text.unlikely.BasePrintLibSPrint.constprop.24
                0x0000000000002918       0x54 /tmp/ccX50yAE.ltrans0.ltrans.o
 .text.AsciiSPrint.constprop.21
                0x000000000000296c       0x68 /tmp/ccX50yAE.ltrans0.ltrans.o
 .text.SPrintLength
                0x00000000000029d4       0x70 /tmp/ccX50yAE.ltrans0.ltrans.o
 .text.UnicodeVSPrint
                0x0000000000002a44       0x9c /tmp/ccX50yAE.ltrans0.ltrans.o
 .text.UnicodeSPrint.constprop.0
                0x0000000000002ae0       0x5c /tmp/ccX50yAE.ltrans0.ltrans.o
 .text.DevicePathNodeLength
                0x0000000000002b3c       0x50 /tmp/ccX50yAE.ltrans0.ltrans.o
 .text.NextDevicePathNode
                0x0000000000002b8c       0x50 /tmp/ccX50yAE.ltrans0.ltrans.o
 .text.DevicePathSubType
                0x0000000000002bdc       0x48 /tmp/ccX50yAE.ltrans0.ltrans.o
 .text.DevicePathType
                0x0000000000002c24       0x48 /tmp/ccX50yAE.ltrans0.ltrans.o
 .text.IsDevicePathEnd
                0x0000000000002c6c       0x94 /tmp/ccX50yAE.ltrans0.ltrans.o
 .text.IsDevicePathValid.constprop.12
                0x0000000000002d00       0xa8 /tmp/ccX50yAE.ltrans0.ltrans.o
 .text.UefiDevicePathLibGetDevicePathSize
                0x0000000000002da8       0x6c /tmp/ccX50yAE.ltrans0.ltrans.o
 .text.DebugPrint
                0x0000000000002e14       0x8c /tmp/ccX50yAE.ltrans0.ltrans.o
 .text.FreePool
                0x0000000000002ea0       0x7c /tmp/ccX50yAE.ltrans0.ltrans.o
 .text.CopyMem  0x0000000000002f1c      0x2a8 /tmp/ccX50yAE.ltrans0.ltrans.o
 .text.InternalAllocateCopyPool.constprop.10
                0x00000000000031c4       0x8c /tmp/ccX50yAE.ltrans0.ltrans.o
 .text.UefiDevicePathLibDuplicateDevicePath
                0x0000000000003250       0x34 /tmp/ccX50yAE.ltrans0.ltrans.o
 .text.InternalReallocatePool.constprop.6
                0x0000000000003284       0x6c /tmp/ccX50yAE.ltrans0.ltrans.o
 .text.UefiDevicePathLibCatPrint
                0x00000000000032f0      0x154 /tmp/ccX50yAE.ltrans0.ltrans.o
 .text.DevPathToTextNodeGeneric
                0x0000000000003444      0x104 /tmp/ccX50yAE.ltrans0.ltrans.o
 .text.DevPathToTextEndInstance
                0x0000000000003548        0xc /tmp/ccX50yAE.ltrans0.ltrans.o
 .text.DevPathToTextBBS
                0x0000000000003554       0xec /tmp/ccX50yAE.ltrans0.ltrans.o
 .text.DevPathToTextRamDisk
                0x0000000000003640      0x17c /tmp/ccX50yAE.ltrans0.ltrans.o
 .text.DevPathRelativeOffsetRange
                0x00000000000037bc       0x10 /tmp/ccX50yAE.ltrans0.ltrans.o
 .text.DevPathToTextFvFile
                0x00000000000037cc       0x10 /tmp/ccX50yAE.ltrans0.ltrans.o
 .text.DevPathToTextFv
                0x00000000000037dc       0x10 /tmp/ccX50yAE.ltrans0.ltrans.o
 .text.DevPathToTextMediaProtocol
                0x00000000000037ec       0x10 /tmp/ccX50yAE.ltrans0.ltrans.o
 .text.DevPathToTextFilePath
                0x00000000000037fc       0x10 /tmp/ccX50yAE.ltrans0.ltrans.o
 .text.DevPathToTextCDROM
                0x000000000000380c       0x30 /tmp/ccX50yAE.ltrans0.ltrans.o
 .text.DevPathToTextHardDrive
                0x000000000000383c       0x8c /tmp/ccX50yAE.ltrans0.ltrans.o
 .text.DevPathToTextBluetoothLE
                0x00000000000038c8       0x44 /tmp/ccX50yAE.ltrans0.ltrans.o
 .text.DevPathToTextBluetooth
                0x000000000000390c       0x24 /tmp/ccX50yAE.ltrans0.ltrans.o
 .text.DevPathToTextVlan
                0x0000000000003930       0x10 /tmp/ccX50yAE.ltrans0.ltrans.o
 .text.DevPathToTextiSCSI
                0x0000000000003940       0xe4 /tmp/ccX50yAE.ltrans0.ltrans.o
 .text.DevPathToTextUart
                0x0000000000003a24      0x118 /tmp/ccX50yAE.ltrans0.ltrans.o
 .text.DevPathToTextInfiniBand
                0x0000000000003b3c       0x1c /tmp/ccX50yAE.ltrans0.ltrans.o
 .text.CatIPv6Address
                0x0000000000003b58       0x8c /tmp/ccX50yAE.ltrans0.ltrans.o
 .text.CatIPv4Address
                0x0000000000003be4       0x1c /tmp/ccX50yAE.ltrans0.ltrans.o
 .text.DevPathToTextDns
                0x0000000000003c00       0xc0 /tmp/ccX50yAE.ltrans0.ltrans.o
 .text.CatNetworkProtocol
                0x0000000000003cc0       0x38 /tmp/ccX50yAE.ltrans0.ltrans.o
 .text.DevPathToTextIPv6
                0x0000000000003cf8       0xe8 /tmp/ccX50yAE.ltrans0.ltrans.o
 .text.DevPathToTextIPv4
                0x0000000000003de0       0xf0 /tmp/ccX50yAE.ltrans0.ltrans.o
 .text.DevPathToTextMacAddr
                0x0000000000003ed0       0x8c /tmp/ccX50yAE.ltrans0.ltrans.o
 .text.DevPathToTextI2O
                0x0000000000003f5c       0x10 /tmp/ccX50yAE.ltrans0.ltrans.o
 .text.DevPathToTextSata
                0x0000000000003f6c       0x18 /tmp/ccX50yAE.ltrans0.ltrans.o
 .text.DevPathToTextUsbClass
                0x0000000000003f84      0x1bc /tmp/ccX50yAE.ltrans0.ltrans.o
 .text.DevPathToTextLogicalUnit
                0x0000000000004140       0x10 /tmp/ccX50yAE.ltrans0.ltrans.o
 .text.DevPathToTextUsbWWID
                0x0000000000004150       0xa4 /tmp/ccX50yAE.ltrans0.ltrans.o
 .text.DevPathToTextUsb
                0x00000000000041f4       0x14 /tmp/ccX50yAE.ltrans0.ltrans.o
 .text.DevPathToText1394
                0x0000000000004208       0x10 /tmp/ccX50yAE.ltrans0.ltrans.o
 .text.DevPathToTextEmmc
                0x0000000000004218       0x10 /tmp/ccX50yAE.ltrans0.ltrans.o
 .text.DevPathToTextSd
                0x0000000000004228       0x10 /tmp/ccX50yAE.ltrans0.ltrans.o
 .text.DevPathToTextUfs
                0x0000000000004238       0x14 /tmp/ccX50yAE.ltrans0.ltrans.o
 .text.DevPathToTextNVMe
                0x000000000000424c       0x54 /tmp/ccX50yAE.ltrans0.ltrans.o
 .text.DevPathToTextSasEx
                0x00000000000042a0      0x184 /tmp/ccX50yAE.ltrans0.ltrans.o
 .text.DevPathToTextFibreEx
                0x0000000000004424       0xa0 /tmp/ccX50yAE.ltrans0.ltrans.o
 .text.DevPathToTextFibre
                0x00000000000044c4       0x10 /tmp/ccX50yAE.ltrans0.ltrans.o
 .text.DevPathToTextScsi
                0x00000000000044d4       0x14 /tmp/ccX50yAE.ltrans0.ltrans.o
 .text.DevPathToTextAtapi
                0x00000000000044e8       0x60 /tmp/ccX50yAE.ltrans0.ltrans.o
 .text.DevPathToTextAcpiAdr
                0x0000000000004548       0x90 /tmp/ccX50yAE.ltrans0.ltrans.o
 .text.DevPathToTextAcpiEx
                0x00000000000045d8      0x1b8 /tmp/ccX50yAE.ltrans0.ltrans.o
 .text.DevPathToTextAcpi
                0x0000000000004790       0xc0 /tmp/ccX50yAE.ltrans0.ltrans.o
 .text.DevPathToTextBmc
                0x0000000000004850       0x3c /tmp/ccX50yAE.ltrans0.ltrans.o
 .text.DevPathToTextController
                0x000000000000488c       0x10 /tmp/ccX50yAE.ltrans0.ltrans.o
 .text.DevPathToTextVendor
                0x000000000000489c      0x350 /tmp/ccX50yAE.ltrans0.ltrans.o
 .text.DevPathToTextMemMap
                0x0000000000004bec       0x14 /tmp/ccX50yAE.ltrans0.ltrans.o
 .text.DevPathToTextPccard
                0x0000000000004c00       0x10 /tmp/ccX50yAE.ltrans0.ltrans.o
 .text.DevPathToTextPci
                0x0000000000004c10       0x14 /tmp/ccX50yAE.ltrans0.ltrans.o
 .text.DevPathToTextUri
                0x0000000000004c24       0x94 /tmp/ccX50yAE.ltrans0.ltrans.o
 .text.DevPathToTextWiFi
                0x0000000000004cb8       0x44 /tmp/ccX50yAE.ltrans0.ltrans.o
 .text.GetDefferedImageInfo
                0x0000000000004cfc      0x108 /tmp/ccX50yAE.ltrans0.ltrans.o
 .text.SecurityStubAuthenticateState
                0x0000000000004e04       0x14 /tmp/ccX50yAE.ltrans0.ltrans.o
 .text.CompareMem
                0x0000000000004e18       0xfc /tmp/ccX50yAE.ltrans0.ltrans.o
 .text.DxeSmmReadyToLock
                0x0000000000004f14      0x150 /tmp/ccX50yAE.ltrans0.ltrans.o
 .text.Security2StubAuthenticate
                0x0000000000005064      0x34c /tmp/ccX50yAE.ltrans0.ltrans.o
 .text._ModuleEntryPoint
                0x00000000000053b0      0x52c /tmp/ccX50yAE.ltrans0.ltrans.o
                0x00000000000053b0                _ModuleEntryPoint
 .text.__memcpy
                0x00000000000058dc       0x20 /tmp/ccX50yAE.ltrans0.ltrans.o
                0x00000000000058dc                memcpy
 .text.ArmCacheInfo
                0x00000000000058fc        0x8 /home/vsts/work/1/edk2/Build/Lumia950XL-AARCH64/DEBUG_GCC5/AARCH64/ArmPkg/Library/ArmLib/ArmBaseLib/OUTPUT/ArmBaseLib.lib(ArmLibSupport.obj)
                0x00000000000058fc                ArmCacheInfo
 .text.ArmGetInterruptState
                0x0000000000005904       0x10 /home/vsts/work/1/edk2/Build/Lumia950XL-AARCH64/DEBUG_GCC5/AARCH64/ArmPkg/Library/ArmLib/ArmBaseLib/OUTPUT/ArmBaseLib.lib(ArmLibSupport.obj)
                0x0000000000005904                ArmGetInterruptState
 .text.ArmEnableInterrupts
                0x0000000000005914        0xc /home/vsts/work/1/edk2/Build/Lumia950XL-AARCH64/DEBUG_GCC5/AARCH64/ArmPkg/Library/ArmLib/ArmBaseLib/OUTPUT/ArmBaseLib.lib(ArmLibSupportV8.obj)
                0x0000000000005914                ArmEnableInterrupts
 .text.ArmDisableInterrupts
                0x0000000000005920        0xc /home/vsts/work/1/edk2/Build/Lumia950XL-AARCH64/DEBUG_GCC5/AARCH64/ArmPkg/Library/ArmLib/ArmBaseLib/OUTPUT/ArmBaseLib.lib(ArmLibSupportV8.obj)
                0x0000000000005920                ArmDisableInterrupts
 .text.ArmCleanInvalidateDataCacheEntryByMVA
                0x000000000000592c        0x8 /home/vsts/work/1/edk2/Build/Lumia950XL-AARCH64/DEBUG_GCC5/AARCH64/ArmPkg/Library/ArmLib/ArmBaseLib/OUTPUT/ArmBaseLib.lib(AArch64Support.obj)
                0x000000000000592c                ArmCleanInvalidateDataCacheEntryByMVA
 .text.ArmDataSynchronizationBarrier
                0x0000000000005934        0x8 /home/vsts/work/1/edk2/Build/Lumia950XL-AARCH64/DEBUG_GCC5/AARCH64/ArmPkg/Library/ArmLib/ArmBaseLib/OUTPUT/ArmBaseLib.lib(AArch64Support.obj)
                0x0000000000005934                ArmDataSynchronizationBarrier
 *(.rodata .rodata.* .gnu.linkonce.r.*)
 .rodata.DevPathToTextBBS
                0x000000000000593c        0x6 /tmp/ccX50yAE.ltrans0.ltrans.o
 *fill*         0x0000000000005942        0x2 
 .rodata.DevPathToTextUart
                0x0000000000005944        0x4 /tmp/ccX50yAE.ltrans0.ltrans.o
 .rodata.AsciiStrLen.str1.1
                0x0000000000005948       0x86 /tmp/ccX50yAE.ltrans0.ltrans.o
 .rodata.BasePrintLibSPrintMarker.constprop.23.str1.1
                0x00000000000059ce      0x286 /tmp/ccX50yAE.ltrans0.ltrans.o
 .rodata.CSWTCH.42
                0x0000000000005c54        0x6 /tmp/ccX50yAE.ltrans0.ltrans.o
 .rodata.CatIPv4Address.str2.2
                0x0000000000005c5a       0x18 /tmp/ccX50yAE.ltrans0.ltrans.o
 .rodata.CatIPv6Address.str2.2
                0x0000000000005c72       0x90 /tmp/ccX50yAE.ltrans0.ltrans.o
 .rodata.CatNetworkProtocol.str2.2
                0x0000000000005d02        0x8 /tmp/ccX50yAE.ltrans0.ltrans.o
                                         0x12 (size before relaxing)
 .rodata.CompareMem.str1.1
                0x0000000000005d0a       0x87 /tmp/ccX50yAE.ltrans0.ltrans.o
 .rodata.CopyMem.str1.1
                0x0000000000005d91       0xc6 /tmp/ccX50yAE.ltrans0.ltrans.o
 .rodata.DebugAssert.str1.1
                0x0000000000005e57       0x28 /tmp/ccX50yAE.ltrans0.ltrans.o
 *fill*         0x0000000000005e7f        0x1 
 .rodata.DevPathRelativeOffsetRange.str2.2
                0x0000000000005e80       0x28 /tmp/ccX50yAE.ltrans0.ltrans.o
 .rodata.DevPathToText1394.str2.2
                0x0000000000005ea8       0x1c /tmp/ccX50yAE.ltrans0.ltrans.o
 .rodata.DevPathToTextAcpi.str2.2
                0x0000000000005ec4       0xfc /tmp/ccX50yAE.ltrans0.ltrans.o
 .rodata.DevPathToTextAcpiAdr.str2.2
                0x0000000000005fc0       0x26 /tmp/ccX50yAE.ltrans0.ltrans.o
 .rodata.DevPathToTextAcpiEx.str2.2
                0x0000000000005fe6       0x88 /tmp/ccX50yAE.ltrans0.ltrans.o
                                         0xa4 (size before relaxing)
 .rodata.DevPathToTextAtapi.str2.2
                0x000000000000606e       0x72 /tmp/ccX50yAE.ltrans0.ltrans.o
 .rodata.DevPathToTextBBS.str2.2
                0x00000000000060e0       0x72 /tmp/ccX50yAE.ltrans0.ltrans.o
                                         0x80 (size before relaxing)
 .rodata.DevPathToTextBluetooth.str2.2
                0x0000000000006152       0x48 /tmp/ccX50yAE.ltrans0.ltrans.o
 .rodata.DevPathToTextBluetoothLE.str2.2
                0x000000000000619a       0x5a /tmp/ccX50yAE.ltrans0.ltrans.o
 .rodata.DevPathToTextBmc.str2.2
                0x00000000000061f4       0x20 /tmp/ccX50yAE.ltrans0.ltrans.o
 .rodata.DevPathToTextCDROM.str2.2
                0x0000000000006214       0x48 /tmp/ccX50yAE.ltrans0.ltrans.o
 .rodata.DevPathToTextController.str2.2
                0x000000000000625c       0x16 /tmp/ccX50yAE.ltrans0.ltrans.o
 .rodata.DevPathToTextDns.str2.2
                0x0000000000006272        0xa /tmp/ccX50yAE.ltrans0.ltrans.o
 .rodata.DevPathToTextEmmc.str2.2
                0x000000000000627c       0x16 /tmp/ccX50yAE.ltrans0.ltrans.o
 .rodata.DevPathToTextFibre.str2.2
                0x0000000000006292       0x26 /tmp/ccX50yAE.ltrans0.ltrans.o
 .rodata.DevPathToTextFibreEx.str2.2
                0x00000000000062b8       0x16 /tmp/ccX50yAE.ltrans0.ltrans.o
 .rodata.DevPathToTextFilePath.str2.2
                0x00000000000062ce        0x6 /tmp/ccX50yAE.ltrans0.ltrans.o
 .rodata.DevPathToTextFv.str2.2
                0x00000000000062d4        0xe /tmp/ccX50yAE.ltrans0.ltrans.o
 .rodata.DevPathToTextFvFile.str2.2
                0x00000000000062e2       0x16 /tmp/ccX50yAE.ltrans0.ltrans.o
 .rodata.DevPathToTextHardDrive.str2.2
                0x00000000000062f8       0x64 /tmp/ccX50yAE.ltrans0.ltrans.o
                                         0x7e (size before relaxing)
 .rodata.DevPathToTextI2O.str2.2
                0x000000000000635c       0x14 /tmp/ccX50yAE.ltrans0.ltrans.o
 .rodata.DevPathToTextIPv4.str2.2
                0x0000000000006370       0x24 /tmp/ccX50yAE.ltrans0.ltrans.o
                                         0x2e (size before relaxing)
 .rodata.DevPathToTextIPv6.str2.2
                0x0000000000006394       0x80 /tmp/ccX50yAE.ltrans0.ltrans.o
                                         0x8e (size before relaxing)
 .rodata.DevPathToTextInfiniBand.str2.2
                0x0000000000006414       0x4c /tmp/ccX50yAE.ltrans0.ltrans.o
 .rodata.DevPathToTextLogicalUnit.str2.2
                0x0000000000006460       0x16 /tmp/ccX50yAE.ltrans0.ltrans.o
 .rodata.DevPathToTextMacAddr.str2.2
                0x0000000000006476        0xa /tmp/ccX50yAE.ltrans0.ltrans.o
 .rodata.DevPathToTextMediaProtocol.str2.2
                0x0000000000006480       0x14 /tmp/ccX50yAE.ltrans0.ltrans.o
 .rodata.DevPathToTextMemMap.str2.2
                0x0000000000006494       0x3e /tmp/ccX50yAE.ltrans0.ltrans.o
 .rodata.DevPathToTextNVMe.str2.2
                0x00000000000064d2       0x66 /tmp/ccX50yAE.ltrans0.ltrans.o
 .rodata.DevPathToTextNodeGeneric.str2.2
                0x0000000000006538       0x22 /tmp/ccX50yAE.ltrans0.ltrans.o
                                         0x34 (size before relaxing)
 .rodata.DevPathToTextPccard.str2.2
                0x000000000000655a       0x1a /tmp/ccX50yAE.ltrans0.ltrans.o
 .rodata.DevPathToTextPci.str2.2
                0x0000000000006574       0x1e /tmp/ccX50yAE.ltrans0.ltrans.o
 .rodata.DevPathToTextRamDisk.str2.2
                0x0000000000006592       0xca /tmp/ccX50yAE.ltrans0.ltrans.o
                                        0x136 (size before relaxing)
 .rodata.DevPathToTextSasEx.str2.2
                0x000000000000665c       0xbc /tmp/ccX50yAE.ltrans0.ltrans.o
                                         0xc0 (size before relaxing)
 .rodata.DevPathToTextSata.str2.2
                0x0000000000006718       0x2a /tmp/ccX50yAE.ltrans0.ltrans.o
 .rodata.DevPathToTextScsi.str2.2
                0x0000000000006742       0x20 /tmp/ccX50yAE.ltrans0.ltrans.o
 .rodata.DevPathToTextSd.str2.2
                0x0000000000006762       0x12 /tmp/ccX50yAE.ltrans0.ltrans.o
 .rodata.DevPathToTextUart.str2.2
                0x0000000000006774       0x5c /tmp/ccX50yAE.ltrans0.ltrans.o
                                         0x74 (size before relaxing)
 .rodata.DevPathToTextUfs.str2.2
                0x00000000000067d0       0x1e /tmp/ccX50yAE.ltrans0.ltrans.o
 .rodata.DevPathToTextUri.str1.1
                0x00000000000067ee       0x17 /tmp/ccX50yAE.ltrans0.ltrans.o
 *fill*         0x0000000000006805        0x1 
 .rodata.DevPathToTextUri.str2.2
                0x0000000000006806       0x10 /tmp/ccX50yAE.ltrans0.ltrans.o
 .rodata.DevPathToTextUsb.str2.2
                0x0000000000006816       0x1e /tmp/ccX50yAE.ltrans0.ltrans.o
 .rodata.DevPathToTextUsbClass.str2.2
                0x0000000000006834      0x250 /tmp/ccX50yAE.ltrans0.ltrans.o
 .rodata.DevPathToTextUsbWWID.str1.1
                0x0000000000006a84       0x17 /tmp/ccX50yAE.ltrans0.ltrans.o
 *fill*         0x0000000000006a9b        0x1 
 .rodata.DevPathToTextUsbWWID.str2.2
                0x0000000000006a9c       0x3a /tmp/ccX50yAE.ltrans0.ltrans.o
 .rodata.DevPathToTextVendor.str2.2
                0x0000000000006ad6      0x154 /tmp/ccX50yAE.ltrans0.ltrans.o
                                        0x166 (size before relaxing)
 .rodata.DevPathToTextVlan.str2.2
                0x0000000000006c2a       0x12 /tmp/ccX50yAE.ltrans0.ltrans.o
 .rodata.DevPathToTextWiFi.str2.2
                0x0000000000006c3c       0x14 /tmp/ccX50yAE.ltrans0.ltrans.o
 .rodata.DevPathToTextiSCSI.str2.2
                0x0000000000006c50       0x7e /tmp/ccX50yAE.ltrans0.ltrans.o
                                         0x8e (size before relaxing)
 .rodata.DevicePathNodeLength.str1.1
                0x0000000000006cce       0x63 /tmp/ccX50yAE.ltrans0.ltrans.o
 .rodata.DxeSmmReadyToLock.str1.1
                0x0000000000006d31       0xc8 /tmp/ccX50yAE.ltrans0.ltrans.o
 .rodata.FreePool.str1.1
                0x0000000000006df9       0x89 /tmp/ccX50yAE.ltrans0.ltrans.o
 .rodata.InternalAllocateCopyPool.constprop.10.str1.1
                0x0000000000006e82       0x3f /tmp/ccX50yAE.ltrans0.ltrans.o
 .rodata.IsDevicePathValid.constprop.12.str1.1
                0x0000000000006ec1       0x1b /tmp/ccX50yAE.ltrans0.ltrans.o
 .rodata.ReadUnaligned16.str1.1
                0x0000000000006edc       0x3e /tmp/ccX50yAE.ltrans0.ltrans.o
 .rodata.SPrintLength.str1.1
                0x0000000000006f1a       0x65 /tmp/ccX50yAE.ltrans0.ltrans.o
 .rodata.Security2StubAuthenticate.str1.1
                0x0000000000006f7f       0x72 /tmp/ccX50yAE.ltrans0.ltrans.o
 *fill*         0x0000000000006ff1        0x1 
 .rodata.Security2StubAuthenticate.str2.2
                0x0000000000006ff2       0x62 /tmp/ccX50yAE.ltrans0.ltrans.o
 .rodata.StrnLenS.str1.1
                0x0000000000007054       0x5e /tmp/ccX50yAE.ltrans0.ltrans.o
 .rodata.UefiDevicePathLibCatPrint.str1.1
                0x00000000000070b2       0x64 /tmp/ccX50yAE.ltrans0.ltrans.o
 .rodata.UnicodeSPrint.constprop.0.str2.2
                0x0000000000007116       0x16 /tmp/ccX50yAE.ltrans0.ltrans.o
 .rodata.UnicodeVSPrint.str1.1
                0x000000000000712c       0x28 /tmp/ccX50yAE.ltrans0.ltrans.o
 .rodata.ZeroMem.str1.1
                0x0000000000007154       0x7b /tmp/ccX50yAE.ltrans0.ltrans.o
                                         0x92 (size before relaxing)
 .rodata._ModuleEntryPoint.str1.1
                0x00000000000071cf      0x2ed /tmp/ccX50yAE.ltrans0.ltrans.o
 .rodata.mHexStr
                0x00000000000074bc       0x10 /tmp/ccX50yAE.ltrans0.ltrans.o
 *fill*         0x00000000000074cc        0x4 
 .rodata.mStatusString
                0x00000000000074d0      0x138 /tmp/ccX50yAE.ltrans0.ltrans.o
 .rodata.mUefiDevicePathLibToTextTable
                0x0000000000007608      0x320 /tmp/ccX50yAE.ltrans0.ltrans.o
 .rodata.mUefiDevicePathLibToTextTableGeneric
                0x0000000000007928       0x60 /tmp/ccX50yAE.ltrans0.ltrans.o
 .rodata.str1.1
                0x0000000000007988      0x224 /tmp/ccX50yAE.ltrans0.ltrans.o
                                        0x235 (size before relaxing)
 .rodata.str2.2
                0x0000000000007bac       0x50 /tmp/ccX50yAE.ltrans0.ltrans.o
 *(.got .got.*)
 *:AutoGen.obj(.data.g*Guid)

.iplt           0x0000000000007bfc        0x0
 .iplt          0x0000000000007bfc        0x0 /home/vsts/work/1/edk2/Build/Lumia950XL-AARCH64/DEBUG_GCC5/AARCH64/ArmPkg/Library/ArmLib/ArmBaseLib/OUTPUT/ArmBaseLib.lib(AArch64Support.obj)

.data           0x0000000000008000      0x4e8
 *(.data .data.* .gnu.linkonce.d.*)
 .data.font5x12
                0x0000000000008000      0x300 /tmp/ccX50yAE.ltrans0.ltrans.o
 .data.gEfiCallerIdGuid
                0x0000000000008300       0x10 /tmp/ccX50yAE.ltrans0.ltrans.o
 .data.gEfiDebugPortProtocolGuid
                0x0000000000008310       0x10 /tmp/ccX50yAE.ltrans0.ltrans.o
 .data.gEfiDeferredImageLoadProtocolGuid
                0x0000000000008320       0x10 /tmp/ccX50yAE.ltrans0.ltrans.o
 .data.gEfiDxeSmmReadyToLockProtocolGuid
                0x0000000000008330       0x10 /tmp/ccX50yAE.ltrans0.ltrans.o
 .data.gEfiEndOfDxeEventGroupGuid
                0x0000000000008340       0x10 /tmp/ccX50yAE.ltrans0.ltrans.o
 .data.gEfiFirmwareVolume2ProtocolGuid
                0x0000000000008350       0x10 /tmp/ccX50yAE.ltrans0.ltrans.o
 .data.gEfiHobListGuid
                0x0000000000008360       0x10 /tmp/ccX50yAE.ltrans0.ltrans.o
 .data.gEfiPcAnsiGuid
                0x0000000000008370       0x10 /tmp/ccX50yAE.ltrans0.ltrans.o
 .data.gEfiPersistentVirtualCdGuid
                0x0000000000008380       0x10 /tmp/ccX50yAE.ltrans0.ltrans.o
 .data.gEfiPersistentVirtualDiskGuid
                0x0000000000008390       0x10 /tmp/ccX50yAE.ltrans0.ltrans.o
 .data.gEfiSasDevicePathGuid
                0x00000000000083a0       0x10 /tmp/ccX50yAE.ltrans0.ltrans.o
 .data.gEfiSecurity2ArchProtocolGuid
                0x00000000000083b0       0x10 /tmp/ccX50yAE.ltrans0.ltrans.o
 .data.gEfiSecurityArchProtocolGuid
                0x00000000000083c0       0x10 /tmp/ccX50yAE.ltrans0.ltrans.o
 .data.gEfiStatusCodeRuntimeProtocolGuid
                0x00000000000083d0       0x10 /tmp/ccX50yAE.ltrans0.ltrans.o
 .data.gEfiUartDevicePathGuid
                0x00000000000083e0       0x10 /tmp/ccX50yAE.ltrans0.ltrans.o
 .data.gEfiVT100Guid
                0x00000000000083f0       0x10 /tmp/ccX50yAE.ltrans0.ltrans.o
 .data.gEfiVT100PlusGuid
                0x0000000000008400       0x10 /tmp/ccX50yAE.ltrans0.ltrans.o
 .data.gEfiVTUTF8Guid
                0x0000000000008410       0x10 /tmp/ccX50yAE.ltrans0.ltrans.o
 .data.gEfiVirtualCdGuid
                0x0000000000008420       0x10 /tmp/ccX50yAE.ltrans0.ltrans.o
 .data.gEfiVirtualDiskGuid
                0x0000000000008430       0x10 /tmp/ccX50yAE.ltrans0.ltrans.o
 .data.mDeferredImageLoad
                0x0000000000008440        0x8 /tmp/ccX50yAE.ltrans0.ltrans.o
 .data.mSecurity2Stub
                0x0000000000008448        0x8 /tmp/ccX50yAE.ltrans0.ltrans.o
 .data.mSecurityStub
                0x0000000000008450        0x8 /tmp/ccX50yAE.ltrans0.ltrans.o
 *(.bss .bss.*)
 .bss.gBS       0x0000000000008458        0x8 /tmp/ccX50yAE.ltrans0.ltrans.o
 .bss.gImageHandle
                0x0000000000008460        0x8 /tmp/ccX50yAE.ltrans0.ltrans.o
 .bss.gRT       0x0000000000008468        0x8 /tmp/ccX50yAE.ltrans0.ltrans.o
 .bss.gST       0x0000000000008470        0x8 /tmp/ccX50yAE.ltrans0.ltrans.o
 .bss.mDeferred3rdPartyImage
                0x0000000000008478       0x10 /tmp/ccX50yAE.ltrans0.ltrans.o
 .bss.mEndOfDxe
                0x0000000000008488        0x1 /tmp/ccX50yAE.ltrans0.ltrans.o
 *fill*         0x0000000000008489        0x7 
 .bss.mHobList  0x0000000000008490        0x8 /tmp/ccX50yAE.ltrans0.ltrans.o
 .bss.mImageLoadedAfterEndOfDxe
                0x0000000000008498        0x1 /tmp/ccX50yAE.ltrans0.ltrans.o
 *fill*         0x0000000000008499        0x7 
 .bss.mReportStatusCode
                0x00000000000084a0        0x8 /tmp/ccX50yAE.ltrans0.ltrans.o
 .bss.mSecurityArchProtocolHandle
                0x00000000000084a8        0x8 /tmp/ccX50yAE.ltrans0.ltrans.o
 .bss.m_Color   0x00000000000084b0       0x10 /tmp/ccX50yAE.ltrans0.ltrans.o
 .bss.m_Initialized
                0x00000000000084c0        0x1 /tmp/ccX50yAE.ltrans0.ltrans.o
 *fill*         0x00000000000084c1        0x7 
 .bss.m_MaxPosition
                0x00000000000084c8       0x10 /tmp/ccX50yAE.ltrans0.ltrans.o
 .bss.m_Position
                0x00000000000084d8       0x10 /tmp/ccX50yAE.ltrans0.ltrans.o

.igot.plt       0x00000000000084e8        0x0
 .igot.plt      0x00000000000084e8        0x0 /home/vsts/work/1/edk2/Build/Lumia950XL-AARCH64/DEBUG_GCC5/AARCH64/ArmPkg/Library/ArmLib/ArmBaseLib/OUTPUT/ArmBaseLib.lib(AArch64Support.obj)

.eh_frame
 *(.eh_frame)

.rela           0x00000000000084e8        0x0
 *(.rela .rela.*)
 .rela.iplt     0x00000000000084e8        0x0 /home/vsts/work/1/edk2/Build/Lumia950XL-AARCH64/DEBUG_GCC5/AARCH64/ArmPkg/Library/ArmLib/ArmBaseLib/OUTPUT/ArmBaseLib.lib(AArch64Support.obj)

.hii
 *(.hii)

.build-id       0x00000000000084e8       0x24
 *(.note.gnu.build-id)
 .note.gnu.build-id
                0x00000000000084e8       0x24 /home/vsts/work/1/edk2/ArmPkg/Library/GccLto/liblto-aarch64.a

/DISCARD/
 *(.note.GNU-stack)
 *(.gnu_debuglink)
 *(.interp)
 *(.dynsym)
 *(.dynstr)
 *(.dynamic)
 *(.hash .gnu.hash)
 *(.comment)
 *(COMMON)
                0x0000000000000228                PECOFF_HEADER_SIZE = 0x228
OUTPUT(/home/vsts/work/1/edk2/Build/Lumia950XL-AARCH64/DEBUG_GCC5/AARCH64/MdeModulePkg/Universal/SecurityStubDxe/SecurityStubDxe/DEBUG/SecurityStubDxe.dll elf64-littleaarch64)

.debug_info     0x0000000000000000     0xbfb2
 .debug_info    0x0000000000000000     0xbfb2 /tmp/ccX50yAE.ltrans0.ltrans.o

.debug_abbrev   0x0000000000000000      0x65c
 .debug_abbrev  0x0000000000000000      0x65c /tmp/ccX50yAE.ltrans0.ltrans.o

.debug_loc      0x0000000000000000     0xd0ea
 .debug_loc     0x0000000000000000     0xd0ea /tmp/ccX50yAE.ltrans0.ltrans.o

.debug_aranges  0x0000000000000000      0x690
 .debug_aranges
                0x0000000000000000      0x690 /tmp/ccX50yAE.ltrans0.ltrans.o

.debug_ranges   0x0000000000000000     0x1210
 .debug_ranges  0x0000000000000000     0x1210 /tmp/ccX50yAE.ltrans0.ltrans.o

.debug_line     0x0000000000000000     0x219e
 .debug_line    0x0000000000000000     0x219e /tmp/ccX50yAE.ltrans0.ltrans.o

.debug_str      0x0000000000000000     0x3b58
 .debug_str     0x0000000000000000     0x3b58 /tmp/ccX50yAE.ltrans0.ltrans.o
                                       0x4159 (size before relaxing)

.debug_frame    0x0000000000000000     0x1240
 .debug_frame   0x0000000000000000     0x1240 /tmp/ccX50yAE.ltrans0.ltrans.o
