Archive member included to satisfy reference by file (symbol)

/home/vsts/work/1/edk2/Build/Lumia950XL-AARCH64/DEBUG_GCC5/AARCH64/ArmPkg/Library/CompilerIntrinsicsLib/CompilerIntrinsicsLib/OUTPUT/CompilerIntrinsicsLib.lib(memcpy.obj)
                              /home/vsts/work/1/edk2/ArmPkg/Library/GccLto/liblto-aarch64.a (memcpy)
/home/vsts/work/1/edk2/Build/Lumia950XL-AARCH64/DEBUG_GCC5/AARCH64/ArmPkg/Library/CompilerIntrinsicsLib/CompilerIntrinsicsLib/OUTPUT/CompilerIntrinsicsLib.lib(memset.obj)
                              /home/vsts/work/1/edk2/ArmPkg/Library/GccLto/liblto-aarch64.a (memset)
/home/vsts/work/1/edk2/Build/Lumia950XL-AARCH64/DEBUG_GCC5/AARCH64/MdePkg/Library/UefiApplicationEntryPoint/UefiApplicationEntryPoint/OUTPUT/UefiApplicationEntryPoint.lib(ApplicationEntryPoint.obj)
                              (_ModuleEntryPoint)
/home/vsts/work/1/edk2/Build/Lumia950XL-AARCH64/DEBUG_GCC5/AARCH64/ShellPkg/Application/Shell/Shell/OUTPUT/Shell.lib(AutoGen.obj)
                              ApplicationEntryPoint.obj (symbol from plugin) (ProcessLibraryConstructorList)
/home/vsts/work/1/edk2/Build/Lumia950XL-AARCH64/DEBUG_GCC5/AARCH64/ShellPkg/Application/Shell/Shell/OUTPUT/Shell.lib(Shell.obj)
                              AutoGen.obj (symbol from plugin) (UefiMain)
/home/vsts/work/1/edk2/Build/Lumia950XL-AARCH64/DEBUG_GCC5/AARCH64/ShellPkg/Application/Shell/Shell/OUTPUT/Shell.lib(ShellParametersProtocol.obj)
                              Shell.obj (symbol from plugin) (GetNextParameter)
/home/vsts/work/1/edk2/Build/Lumia950XL-AARCH64/DEBUG_GCC5/AARCH64/ShellPkg/Application/Shell/Shell/OUTPUT/Shell.lib(ShellProtocol.obj)
                              Shell.obj (symbol from plugin) (EfiShellGetEnv)
/home/vsts/work/1/edk2/Build/Lumia950XL-AARCH64/DEBUG_GCC5/AARCH64/ShellPkg/Application/Shell/Shell/OUTPUT/Shell.lib(FileHandleWrappers.obj)
                              ShellParametersProtocol.obj (symbol from plugin) (CreateFileInterfaceEnv)
/home/vsts/work/1/edk2/Build/Lumia950XL-AARCH64/DEBUG_GCC5/AARCH64/ShellPkg/Application/Shell/Shell/OUTPUT/Shell.lib(ShellEnvVar.obj)
                              ShellProtocol.obj (symbol from plugin) (gShellEnvVarList)
/home/vsts/work/1/edk2/Build/Lumia950XL-AARCH64/DEBUG_GCC5/AARCH64/ShellPkg/Application/Shell/Shell/OUTPUT/Shell.lib(ShellManParser.obj)
                              ShellProtocol.obj (symbol from plugin) (ProcessManFile)
/home/vsts/work/1/edk2/Build/Lumia950XL-AARCH64/DEBUG_GCC5/AARCH64/ShellPkg/Application/Shell/Shell/OUTPUT/Shell.lib(ConsoleLogger.obj)
                              Shell.obj (symbol from plugin) (ConsoleLoggerUninstall)
/home/vsts/work/1/edk2/Build/Lumia950XL-AARCH64/DEBUG_GCC5/AARCH64/ShellPkg/Application/Shell/Shell/OUTPUT/Shell.lib(ConsoleWrappers.obj)
                              Shell.obj (symbol from plugin) (CreateSimpleTextInOnFile)
/home/vsts/work/1/edk2/Build/Lumia950XL-AARCH64/DEBUG_GCC5/AARCH64/MdePkg/Library/BaseMemoryLib/BaseMemoryLib/OUTPUT/BaseMemoryLib.lib(ScanMem16Wrapper.obj)
                              Shell.obj (symbol from plugin) (ScanMem16)
/home/vsts/work/1/edk2/Build/Lumia950XL-AARCH64/DEBUG_GCC5/AARCH64/MdePkg/Library/BaseMemoryLib/BaseMemoryLib/OUTPUT/BaseMemoryLib.lib(ZeroMemWrapper.obj)
                              ShellProtocol.obj (symbol from plugin) (ZeroMem)
/home/vsts/work/1/edk2/Build/Lumia950XL-AARCH64/DEBUG_GCC5/AARCH64/MdePkg/Library/BaseMemoryLib/BaseMemoryLib/OUTPUT/BaseMemoryLib.lib(SetMem16Wrapper.obj)
                              ShellParametersProtocol.obj (symbol from plugin) (SetMem16)
/home/vsts/work/1/edk2/Build/Lumia950XL-AARCH64/DEBUG_GCC5/AARCH64/MdePkg/Library/BaseMemoryLib/BaseMemoryLib/OUTPUT/BaseMemoryLib.lib(SetMemWrapper.obj)
                              FileHandleWrappers.obj (symbol from plugin) (SetMem)
/home/vsts/work/1/edk2/Build/Lumia950XL-AARCH64/DEBUG_GCC5/AARCH64/MdePkg/Library/BaseMemoryLib/BaseMemoryLib/OUTPUT/BaseMemoryLib.lib(CopyMemWrapper.obj)
                              Shell.obj (symbol from plugin) (CopyMem)
/home/vsts/work/1/edk2/Build/Lumia950XL-AARCH64/DEBUG_GCC5/AARCH64/MdePkg/Library/BaseMemoryLib/BaseMemoryLib/OUTPUT/BaseMemoryLib.lib(MemLibGeneric.obj)
                              SetMem16Wrapper.obj (symbol from plugin) (InternalMemSetMem16)
/home/vsts/work/1/edk2/Build/Lumia950XL-AARCH64/DEBUG_GCC5/AARCH64/MdePkg/Library/BaseMemoryLib/BaseMemoryLib/OUTPUT/BaseMemoryLib.lib(MemLibGuid.obj)
                              ShellProtocol.obj (symbol from plugin) (CopyGuid)
/home/vsts/work/1/edk2/Build/Lumia950XL-AARCH64/DEBUG_GCC5/AARCH64/MdePkg/Library/BaseMemoryLib/BaseMemoryLib/OUTPUT/BaseMemoryLib.lib(CopyMem.obj)
                              CopyMemWrapper.obj (symbol from plugin) (InternalMemCopyMem)
/home/vsts/work/1/edk2/Build/Lumia950XL-AARCH64/DEBUG_GCC5/AARCH64/MdePkg/Library/BaseMemoryLib/BaseMemoryLib/OUTPUT/BaseMemoryLib.lib(SetMem.obj)
                              SetMemWrapper.obj (symbol from plugin) (InternalMemSetMem)
[...]
Memory Configuration

Name             Origin             Length             Attributes
*default*        0x0000000000000000 0xffffffffffffffff

Linker script and memory map

LOAD /home/vsts/work/1/edk2/ArmPkg/Library/GccLto/liblto-aarch64.a
LOAD /tmp/ccfdZ3Du.ltrans0.ltrans.o
LOAD /tmp/ccfdZ3Du.ltrans1.ltrans.o
LOAD /tmp/ccfdZ3Du.ltrans2.ltrans.o
LOAD /tmp/ccfdZ3Du.ltrans3.ltrans.o
LOAD /tmp/ccfdZ3Du.ltrans4.ltrans.o
LOAD /tmp/ccfdZ3Du.ltrans5.ltrans.o
LOAD /tmp/ccfdZ3Du.ltrans6.ltrans.o
LOAD /tmp/ccfdZ3Du.ltrans7.ltrans.o
LOAD /tmp/ccfdZ3Du.ltrans8.ltrans.o
LOAD /tmp/ccfdZ3Du.ltrans9.ltrans.o
LOAD /tmp/ccfdZ3Du.ltrans10.ltrans.o
START GROUP
LOAD /home/vsts/work/1/edk2/Build/Lumia950XL-AARCH64/DEBUG_GCC5/AARCH64/MdePkg/Library/DxePcdLib/DxePcdLib/OUTPUT/DxePcdLib.lib
LOAD /home/vsts/work/1/edk2/Build/Lumia950XL-AARCH64/DEBUG_GCC5/AARCH64/MdePkg/Library/BaseMemoryLib/BaseMemoryLib/OUTPUT/BaseMemoryLib.lib
LOAD /home/vsts/work/1/edk2/Build/Lumia950XL-AARCH64/DEBUG_GCC5/AARCH64/MdePkg/Library/BaseLib/BaseLib/OUTPUT/BaseLib.lib
LOAD /home/vsts/work/1/edk2/Build/Lumia950XL-AARCH64/DEBUG_GCC5/AARCH64/ArmPkg/Library/ArmLib/ArmBaseLib/OUTPUT/ArmBaseLib.lib
LOAD /home/vsts/work/1/edk2/Build/Lumia950XL-AARCH64/DEBUG_GCC5/AARCH64/ArmPkg/Library/ArmCacheMaintenanceLib/ArmCacheMaintenanceLib/OUTPUT/ArmCacheMaintenanceLib.lib
LOAD /home/vsts/work/1/edk2/Build/Lumia950XL-AARCH64/DEBUG_GCC5/AARCH64/ArmPkg/Library/CompilerIntrinsicsLib/CompilerIntrinsicsLib/OUTPUT/CompilerIntrinsicsLib.lib
LOAD /home/vsts/work/1/edk2/Build/Lumia950XL-AARCH64/DEBUG_GCC5/AARCH64/MdePkg/Library/BaseIoLibIntrinsic/BaseIoLibIntrinsic/OUTPUT/BaseIoLibIntrinsic.lib
LOAD /home/vsts/work/1/edk2/Build/Lumia950XL-AARCH64/DEBUG_GCC5/AARCH64/MdePkg/Library/BaseDebugPrintErrorLevelLib/BaseDebugPrintErrorLevelLib/OUTPUT/BaseDebugPrintErrorLevelLib.lib
LOAD /home/vsts/work/1/edk2/Build/Lumia950XL-AARCH64/DEBUG_GCC5/AARCH64/Lumia950XLPkg/Library/FrameBufferSerialPortLib/FrameBufferSerialPortLib/OUTPUT/FrameBufferSerialPortLib.lib
LOAD /home/vsts/work/1/edk2/Build/Lumia950XL-AARCH64/DEBUG_GCC5/AARCH64/MdePkg/Library/BasePrintLib/BasePrintLib/OUTPUT/BasePrintLib.lib
LOAD /home/vsts/work/1/edk2/Build/Lumia950XL-AARCH64/DEBUG_GCC5/AARCH64/MdePkg/Library/BaseDebugLibSerialPort/BaseDebugLibSerialPort/OUTPUT/BaseDebugLibSerialPort.lib
LOAD /home/vsts/work/1/edk2/Build/Lumia950XL-AARCH64/DEBUG_GCC5/AARCH64/MdePkg/Library/UefiBootServicesTableLib/UefiBootServicesTableLib/OUTPUT/UefiBootServicesTableLib.lib
LOAD /home/vsts/work/1/edk2/Build/Lumia950XL-AARCH64/DEBUG_GCC5/AARCH64/MdePkg/Library/UefiMemoryAllocationLib/UefiMemoryAllocationLib/OUTPUT/UefiMemoryAllocationLib.lib
LOAD /home/vsts/work/1/edk2/Build/Lumia950XL-AARCH64/DEBUG_GCC5/AARCH64/MdePkg/Library/UefiDevicePathLib/UefiDevicePathLib/OUTPUT/UefiDevicePathLib.lib
LOAD /home/vsts/work/1/edk2/Build/Lumia950XL-AARCH64/DEBUG_GCC5/AARCH64/MdePkg/Library/UefiRuntimeServicesTableLib/UefiRuntimeServicesTableLib/OUTPUT/UefiRuntimeServicesTableLib.lib
LOAD /home/vsts/work/1/edk2/Build/Lumia950XL-AARCH64/DEBUG_GCC5/AARCH64/MdePkg/Library/UefiLib/UefiLib/OUTPUT/UefiLib.lib
LOAD /home/vsts/work/1/edk2/Build/Lumia950XL-AARCH64/DEBUG_GCC5/AARCH64/MdePkg/Library/DxeHobLib/DxeHobLib/OUTPUT/DxeHobLib.lib
LOAD /home/vsts/work/1/edk2/Build/Lumia950XL-AARCH64/DEBUG_GCC5/AARCH64/MdeModulePkg/Library/UefiHiiServicesLib/UefiHiiServicesLib/OUTPUT/UefiHiiServicesLib.lib
LOAD /home/vsts/work/1/edk2/Build/Lumia950XL-AARCH64/DEBUG_GCC5/AARCH64/MdeModulePkg/Library/UefiSortLib/UefiSortLib/OUTPUT/UefiSortLib.lib
LOAD /home/vsts/work/1/edk2/Build/Lumia950XL-AARCH64/DEBUG_GCC5/AARCH64/MdeModulePkg/Library/UefiHiiLib/UefiHiiLib/OUTPUT/UefiHiiLib.lib
LOAD /home/vsts/work/1/edk2/Build/Lumia950XL-AARCH64/DEBUG_GCC5/AARCH64/MdePkg/Library/UefiFileHandleLib/UefiFileHandleLib/OUTPUT/UefiFileHandleLib.lib
LOAD /home/vsts/work/1/edk2/Build/Lumia950XL-AARCH64/DEBUG_GCC5/AARCH64/MdePkg/Library/BasePeCoffGetEntryPointLib/BasePeCoffGetEntryPointLib/OUTPUT/BasePeCoffGetEntryPointLib.lib
LOAD /home/vsts/work/1/edk2/Build/Lumia950XL-AARCH64/DEBUG_GCC5/AARCH64/MdeModulePkg/Library/DxeReportStatusCodeLib/DxeReportStatusCodeLib/OUTPUT/DxeReportStatusCodeLib.lib
LOAD /home/vsts/work/1/edk2/Build/Lumia950XL-AARCH64/DEBUG_GCC5/AARCH64/MdePkg/Library/DxeServicesLib/DxeServicesLib/OUTPUT/DxeServicesLib.lib
LOAD /home/vsts/work/1/edk2/Build/Lumia950XL-AARCH64/DEBUG_GCC5/AARCH64/MdePkg/Library/DxeServicesTableLib/DxeServicesTableLib/OUTPUT/DxeServicesTableLib.lib
LOAD /home/vsts/work/1/edk2/Build/Lumia950XL-AARCH64/DEBUG_GCC5/AARCH64/MdeModulePkg/Library/DxePerformanceLib/DxePerformanceLib/OUTPUT/DxePerformanceLib.lib
LOAD /home/vsts/work/1/edk2/Build/Lumia950XL-AARCH64/DEBUG_GCC5/AARCH64/ShellPkg/Library/UefiShellLib/UefiShellLib/OUTPUT/UefiShellLib.lib
LOAD /home/vsts/work/1/edk2/Build/Lumia950XL-AARCH64/DEBUG_GCC5/AARCH64/ShellPkg/Library/UefiHandleParsingLib/UefiHandleParsingLib/OUTPUT/UefiHandleParsingLib.lib
LOAD /home/vsts/work/1/edk2/Build/Lumia950XL-AARCH64/DEBUG_GCC5/AARCH64/MdeModulePkg/Library/UefiBootManagerLib/UefiBootManagerLib/OUTPUT/UefiBootManagerLib.lib
LOAD /home/vsts/work/1/edk2/Build/Lumia950XL-AARCH64/DEBUG_GCC5/AARCH64/ShellPkg/Library/UefiShellCommandLib/UefiShellCommandLib/OUTPUT/UefiShellCommandLib.lib
LOAD /home/vsts/work/1/edk2/Build/Lumia950XL-AARCH64/DEBUG_GCC5/AARCH64/ShellPkg/Library/UefiShellBcfgCommandLib/UefiShellBcfgCommandLib/OUTPUT/UefiShellBcfgCommandLib.lib
LOAD /home/vsts/work/1/edk2/Build/Lumia950XL-AARCH64/DEBUG_GCC5/AARCH64/MdeModulePkg/Library/DxeNetLib/DxeNetLib/OUTPUT/DxeNetLib.lib
LOAD /home/vsts/work/1/edk2/Build/Lumia950XL-AARCH64/DEBUG_GCC5/AARCH64/MdePkg/Library/UefiApplicationEntryPoint/UefiApplicationEntryPoint/OUTPUT/UefiApplicationEntryPoint.lib
LOAD /home/vsts/work/1/edk2/Build/Lumia950XL-AARCH64/DEBUG_GCC5/AARCH64/ShellPkg/Library/UefiShellLevel2CommandsLib/UefiShellLevel2CommandsLib/OUTPUT/UefiShellLevel2CommandsLib.lib
LOAD /home/vsts/work/1/edk2/Build/Lumia950XL-AARCH64/DEBUG_GCC5/AARCH64/ShellPkg/Library/UefiShellLevel1CommandsLib/UefiShellLevel1CommandsLib/OUTPUT/UefiShellLevel1CommandsLib.lib
LOAD /home/vsts/work/1/edk2/Build/Lumia950XL-AARCH64/DEBUG_GCC5/AARCH64/ShellPkg/Library/UefiShellLevel3CommandsLib/UefiShellLevel3CommandsLib/OUTPUT/UefiShellLevel3CommandsLib.lib
LOAD /home/vsts/work/1/edk2/Build/Lumia950XL-AARCH64/DEBUG_GCC5/AARCH64/ShellPkg/Library/UefiShellDriver1CommandsLib/UefiShellDriver1CommandsLib/OUTPUT/UefiShellDriver1CommandsLib.lib
LOAD /home/vsts/work/1/edk2/Build/Lumia950XL-AARCH64/DEBUG_GCC5/AARCH64/ShellPkg/Library/UefiShellDebug1CommandsLib/UefiShellDebug1CommandsLib/OUTPUT/UefiShellDebug1CommandsLib.lib
LOAD /home/vsts/work/1/edk2/Build/Lumia950XL-AARCH64/DEBUG_GCC5/AARCH64/ShellPkg/Library/UefiShellInstall1CommandsLib/UefiShellInstall1CommandsLib/OUTPUT/UefiShellInstall1CommandsLib.lib
LOAD /home/vsts/work/1/edk2/Build/Lumia950XL-AARCH64/DEBUG_GCC5/AARCH64/ShellPkg/Library/UefiShellNetwork1CommandsLib/UefiShellNetwork1CommandsLib/OUTPUT/UefiShellNetwork1CommandsLib.lib
LOAD /home/vsts/work/1/edk2/Build/Lumia950XL-AARCH64/DEBUG_GCC5/AARCH64/ShellPkg/Application/Shell/Shell/OUTPUT/Shell.lib
END GROUP
                0x0000000000000228                . = PECOFF_HEADER_SIZE

.text           0x0000000000001000    0x7b38c
 *(.text .text.* .stub .gnu.linkonce.t.*)
 .text.CountLen
                0x0000000000001000       0x90 /tmp/ccfdZ3Du.ltrans0.ltrans.o
 .text.DownHeap
                0x0000000000001090       0x80 /tmp/ccfdZ3Du.ltrans0.ltrans.o
 .text.MakeChild
                0x0000000000001110       0x6c /tmp/ccfdZ3Du.ltrans0.ltrans.o
 .text.Child    0x000000000000117c       0x44 /tmp/ccfdZ3Du.ltrans0.ltrans.o
 .text.HBufferImageRestorePosition
                0x00000000000011c0       0x3c /tmp/ccfdZ3Du.ltrans0.ltrans.o
 .text.HBufferImageIsInSelectedArea
                0x00000000000011fc       0xd8 /tmp/ccfdZ3Du.ltrans0.ltrans.o
 .text.PciGetProtocolAndResource
                0x00000000000012d4       0x64 /tmp/ccfdZ3Du.ltrans0.ltrans.o
 .text.PciGetClassStrings
                0x0000000000001338       0x9c /tmp/ccfdZ3Du.ltrans0.ltrans.o
 .text.HBufferImageCreateLine
                0x00000000000013d4       0xb8 /tmp/ccfdZ3Du.ltrans0.ltrans.o
 .text.HBufferImagePrintLine
                0x000000000000148c      0x418 /tmp/ccfdZ3Du.ltrans0.ltrans.o
 .text.ExplainPcieRootStatus
                0x00000000000018a4       0x70 /tmp/ccfdZ3Du.ltrans0.ltrans.o
 .text.ExplainPcieRootCap
                0x0000000000001914       0x30 /tmp/ccfdZ3Du.ltrans0.ltrans.o
 .text.ExplainPcieRootControl
                0x0000000000001944       0xac /tmp/ccfdZ3Du.ltrans0.ltrans.o
 .text.ExplainPcieSlotStatus
                0x00000000000019f0      0x17c /tmp/ccfdZ3Du.ltrans0.ltrans.o
 .text.ExplainPcieSlotControl
                0x0000000000001b6c      0x184 /tmp/ccfdZ3Du.ltrans0.ltrans.o
 .text.ExplainPcieSlotCap
                0x0000000000001cf0      0x184 /tmp/ccfdZ3Du.ltrans0.ltrans.o
 .text.ExplainPcieLinkStatus
                0x0000000000001e74      0x110 /tmp/ccfdZ3Du.ltrans0.ltrans.o
 .text.ExplainPcieLinkControl
                0x0000000000001f84      0x168 /tmp/ccfdZ3Du.ltrans0.ltrans.o
 .text.ExplainPcieLinkCap
                0x00000000000020ec      0x18c /tmp/ccfdZ3Du.ltrans0.ltrans.o
 .text.ExplainPcieDeviceStatus
                0x0000000000002278       0xc8 /tmp/ccfdZ3Du.ltrans0.ltrans.o
 .text.ExplainPcieDeviceControl
                0x0000000000002340      0x200 /tmp/ccfdZ3Du.ltrans0.ltrans.o
 .text.ExplainPcieDeviceCap
                0x0000000000002540      0x250 /tmp/ccfdZ3Du.ltrans0.ltrans.o
 .text.ExplainPcieCapReg
                0x0000000000002790       0xc4 /tmp/ccfdZ3Du.ltrans0.ltrans.o
 .text.InputBarPrintInput
                0x0000000000002854      0x118 /tmp/ccfdZ3Du.ltrans0.ltrans.o
 .text.ShellCommandRunDblk
                0x000000000000296c      0x570 /tmp/ccfdZ3Du.ltrans0.ltrans.o
                0x000000000000296c                ShellCommandRunDblk
 .text.GetAttrType
                0x0000000000002edc      0x118 /tmp/ccfdZ3Du.ltrans0.ltrans.o
 .text.CascadeProcessVariables
                0x0000000000002ff4      0x5f4 /tmp/ccfdZ3Du.ltrans0.ltrans.o
 .text.ShellCommandRunDmpStore
                0x00000000000035e8      0xc30 /tmp/ccfdZ3Du.ltrans0.ltrans.o
                0x00000000000035e8                ShellCommandRunDmpStore
 .text.ShellCommandRunPci
                0x0000000000004218     0x16b0 /tmp/ccfdZ3Du.ltrans0.ltrans.o
                0x0000000000004218                ShellCommandRunPci
 .text.DisplaySettings
                0x00000000000058c8      0x210 /tmp/ccfdZ3Du.ltrans0.ltrans.o
 .text.ShellCommandRunSerMode
                0x0000000000005ad8      0x554 /tmp/ccfdZ3Du.ltrans0.ltrans.o
                0x0000000000005ad8                ShellCommandRunSerMode
 .text.IsStringOfHexNibbles
                0x000000000000602c       0x3c /tmp/ccfdZ3Du.ltrans0.ltrans.o
 .text.ParseParameterData
                0x0000000000006068      0x634 /tmp/ccfdZ3Du.ltrans0.ltrans.o
 .text.ShellCommandRunSetVar
                0x000000000000669c      0x768 /tmp/ccfdZ3Du.ltrans0.ltrans.o
                0x000000000000669c                ShellCommandRunSetVar
 .text.ShellMmAccess
                0x0000000000006e04      0x4a0 /tmp/ccfdZ3Du.ltrans0.ltrans.o
 .text.ShellCommandRunMm
                0x00000000000072a4      0x90c /tmp/ccfdZ3Du.ltrans0.ltrans.o
                0x00000000000072a4                ShellCommandRunMm
 .text.PutBits  0x0000000000007bb0       0xc8 /tmp/ccfdZ3Du.ltrans0.ltrans.o
                0x0000000000007bb0                PutBits
 .text.MakeTree
                0x0000000000007c78      0x304 /tmp/ccfdZ3Du.ltrans0.ltrans.o
                0x0000000000007c78                MakeTree
 .text.FreadCrc
                0x0000000000007f7c       0x94 /tmp/ccfdZ3Du.ltrans0.ltrans.o
                0x0000000000007f7c                FreadCrc
 .text.InsertNode
                0x0000000000008010      0x340 /tmp/ccfdZ3Du.ltrans0.ltrans.o
                0x0000000000008010                InsertNode
 .text.GetNextMatch
                0x0000000000008350      0x248 /tmp/ccfdZ3Du.ltrans0.ltrans.o
                0x0000000000008350                GetNextMatch
 .text.FreeMemory
                0x0000000000008598       0xb8 /tmp/ccfdZ3Du.ltrans0.ltrans.o
                0x0000000000008598                FreeMemory
 .text.PutDword
                0x0000000000008650       0x7c /tmp/ccfdZ3Du.ltrans0.ltrans.o
                0x0000000000008650                PutDword
 .text.HFileImageSetFileName
                0x00000000000086cc       0x60 /tmp/ccfdZ3Du.ltrans0.ltrans.o
                0x00000000000086cc                HFileImageSetFileName
 .text.HBufferImageListToBuffer
                0x000000000000872c       0xec /tmp/ccfdZ3Du.ltrans0.ltrans.o
                0x000000000000872c                HBufferImageListToBuffer
 .text.HBufferImageBufferToList
                0x0000000000008818       0xac /tmp/ccfdZ3Du.ltrans0.ltrans.o
                0x0000000000008818                HBufferImageBufferToList
 .text.HBufferImageGetTotalSize
                0x00000000000088c4       0x94 /tmp/ccfdZ3Du.ltrans0.ltrans.o
                0x00000000000088c4                HBufferImageGetTotalSize
 .text.HBufferImageMovePosition
                0x0000000000008958       0xf4 /tmp/ccfdZ3Du.ltrans0.ltrans.o
                0x0000000000008958                HBufferImageMovePosition
 .text.HBufferImageIsAtHighBits
                0x0000000000008a4c       0x50 /tmp/ccfdZ3Du.ltrans0.ltrans.o
                0x0000000000008a4c                HBufferImageIsAtHighBits
 .text.HBufferImageRestoreMousePosition
                0x0000000000008a9c      0x2d8 /tmp/ccfdZ3Du.ltrans0.ltrans.o
 .text.HBufferImageRefresh
                0x0000000000008d74      0x2fc /tmp/ccfdZ3Du.ltrans0.ltrans.o
                0x0000000000008d74                HBufferImageRefresh
 .text.HBufferImageFreeLines
                0x0000000000009070       0xbc /tmp/ccfdZ3Du.ltrans0.ltrans.o
                0x0000000000009070                HBufferImageFreeLines
 .text.HBufferImageDeleteCharacterFromBuffer
                0x000000000000912c      0x1d0 /tmp/ccfdZ3Du.ltrans0.ltrans.o
                0x000000000000912c                HBufferImageDeleteCharacterFromBuffer
 .text.HBufferImageBackup
                0x00000000000092fc      0x114 /tmp/ccfdZ3Du.ltrans0.ltrans.o
                0x00000000000092fc                HBufferImageBackup
 .text.MenuBarDispatchControlHotKey
                0x0000000000009410       0x9c /tmp/ccfdZ3Du.ltrans0.ltrans.o
                0x0000000000009410                MenuBarDispatchControlHotKey
 .text.MenuBarInit
                0x00000000000094ac       0x94 /tmp/ccfdZ3Du.ltrans0.ltrans.o
                0x00000000000094ac                MenuBarInit
 .text.MenuBarCleanup
                0x0000000000009540       0x2c /tmp/ccfdZ3Du.ltrans0.ltrans.o
                0x0000000000009540                MenuBarCleanup
 .text.StatusBarSetStatusString
                0x000000000000956c       0x64 /tmp/ccfdZ3Du.ltrans0.ltrans.o
                0x000000000000956c                StatusBarSetStatusString
 .text.HMemImageRead
                0x00000000000095d0      0x1e0 /tmp/ccfdZ3Du.ltrans0.ltrans.o
                0x00000000000095d0                HMemImageRead
 .text.HFileImageRead
                0x00000000000097b0      0x2e8 /tmp/ccfdZ3Du.ltrans0.ltrans.o
                0x00000000000097b0                HFileImageRead
 .text.HDiskImageRead
                0x0000000000009a98      0x304 /tmp/ccfdZ3Du.ltrans0.ltrans.o
                0x0000000000009a98                HDiskImageRead
 .text.HBufferImageRead
                0x0000000000009d9c       0x94 /tmp/ccfdZ3Du.ltrans0.ltrans.o
                0x0000000000009d9c                HBufferImageRead
 .text.HBufferImageHandleInput
                0x0000000000009e30      0x53c /tmp/ccfdZ3Du.ltrans0.ltrans.o
                0x0000000000009e30                HBufferImageHandleInput
 .text.MenuBarDispatchFunctionKey
                0x000000000000a36c       0x54 /tmp/ccfdZ3Du.ltrans0.ltrans.o
                0x000000000000a36c                MenuBarDispatchFunctionKey
 .text.StatusBarCleanup
                0x000000000000a3c0       0x2c /tmp/ccfdZ3Du.ltrans0.ltrans.o
                0x000000000000a3c0                StatusBarCleanup
 .text.InputBarSetStringSize
                0x000000000000a3ec       0x58 /tmp/ccfdZ3Du.ltrans0.ltrans.o
                0x000000000000a3ec                InputBarSetStringSize
 .text.InputBarSetPrompt
                0x000000000000a444       0x58 /tmp/ccfdZ3Du.ltrans0.ltrans.o
                0x000000000000a444                InputBarSetPrompt
 .text.InputBarRefresh
                0x000000000000a49c      0x268 /tmp/ccfdZ3Du.ltrans0.ltrans.o
                0x000000000000a49c                InputBarRefresh
 .text.InputBarCleanup
                0x000000000000a704       0x48 /tmp/ccfdZ3Du.ltrans0.ltrans.o
                0x000000000000a704                InputBarCleanup
 .text.MainTitleBarRefresh
                0x000000000000a74c      0x248 /tmp/ccfdZ3Du.ltrans0.ltrans.o
                0x000000000000a74c                MainTitleBarRefresh
 .text.MainTitleBarCleanup
                0x000000000000a994       0x30 /tmp/ccfdZ3Du.ltrans0.ltrans.o
                0x000000000000a994                MainTitleBarCleanup
 .text.LibGetSmbiosString
                0x000000000000a9c4       0x60 /tmp/ccfdZ3Du.ltrans0.ltrans.o
                0x000000000000a9c4                LibGetSmbiosString
 .text.LibGetSmbios64BitStructure.part.3
                0x000000000000aa24       0xac /tmp/ccfdZ3Du.ltrans0.ltrans.o
 .text.LibGetSmbiosStructure.part.2
                0x000000000000aad0       0xb0 /tmp/ccfdZ3Du.ltrans0.ltrans.o
 .text.ShellCommandRunSmbiosView
                0x000000000000ab80      0xf78 /tmp/ccfdZ3Du.ltrans0.ltrans.o
                0x000000000000ab80                ShellCommandRunSmbiosView
 .text.InternalIsTimeLikeString
                0x000000000000baf8       0x7c /tmp/ccfdZ3Du.ltrans1.ltrans.o
 .text.ShellCommandGetManFileNameLevel2
                0x000000000000bb74        0xc /tmp/ccfdZ3Du.ltrans1.ltrans.o
                0x000000000000bb74                ShellCommandGetManFileNameLevel2
 .text.DevPathSerialDefault
                0x000000000000bb80        0x8 /tmp/ccfdZ3Du.ltrans1.ltrans.o
 .text.DevPathCompareAcpi
                0x000000000000bb88       0x50 /tmp/ccfdZ3Du.ltrans1.ltrans.o
 .text.FileTimeToLocalTime
                0x000000000000bbd8      0x1b0 /tmp/ccfdZ3Du.ltrans1.ltrans.o
 .text.DevPathComparePci
                0x000000000000bd88       0x9c /tmp/ccfdZ3Du.ltrans1.ltrans.o
 .text.InternalPrintTo
                0x000000000000be24       0xbc /tmp/ccfdZ3Du.ltrans1.ltrans.o
 .text.GetHIDevicePath
                0x000000000000bee0      0x160 /tmp/ccfdZ3Du.ltrans1.ltrans.o
 .text.DriverEfiVersionProtocolDumpInformation
                0x000000000000c040       0xbc /tmp/ccfdZ3Du.ltrans1.ltrans.o
 .text.DevPathCompareDefault
                0x000000000000c0fc       0xb4 /tmp/ccfdZ3Du.ltrans1.ltrans.o
 .text.CatPrint
                0x000000000000c1b0      0x128 /tmp/ccfdZ3Du.ltrans1.ltrans.o
 .text.AppendCSDStr
                0x000000000000c2d8      0x190 /tmp/ccfdZ3Du.ltrans1.ltrans.o
 .text.DevPathSerial1394
                0x000000000000c468       0x88 /tmp/ccfdZ3Du.ltrans1.ltrans.o
 .text.DevPathSerialMacAddr
                0x000000000000c4f0       0xc8 /tmp/ccfdZ3Du.ltrans1.ltrans.o
 .text.AppendCSDNum2
                0x000000000000c5b8       0x5c /tmp/ccfdZ3Du.ltrans1.ltrans.o
 .text.AppendCSDNum
                0x000000000000c614       0x84 /tmp/ccfdZ3Du.ltrans1.ltrans.o
 .text.DevPathSerialAcpi
                0x000000000000c698       0xa0 /tmp/ccfdZ3Du.ltrans1.ltrans.o
 .text.DevPathSerialScsi
                0x000000000000c738       0x88 /tmp/ccfdZ3Du.ltrans1.ltrans.o
 .text.DevPathSerialIPv6
                0x000000000000c7c0      0x108 /tmp/ccfdZ3Du.ltrans1.ltrans.o
 .text.DevPathSerialIPv4
                0x000000000000c8c8       0xf0 /tmp/ccfdZ3Du.ltrans1.ltrans.o
 .text.DevPathSerialInfiniBand
                0x000000000000c9b8       0xdc /tmp/ccfdZ3Du.ltrans1.ltrans.o
 .text.DevPathSerialI2O
                0x000000000000ca94       0x6c /tmp/ccfdZ3Du.ltrans1.ltrans.o
 .text.DevPathSerialIScsi
                0x000000000000cb00       0x68 /tmp/ccfdZ3Du.ltrans1.ltrans.o
 .text.DevPathSerialSata
                0x000000000000cb68       0x98 /tmp/ccfdZ3Du.ltrans1.ltrans.o
 .text.DevPathSerialLun
                0x000000000000cc00       0x6c /tmp/ccfdZ3Du.ltrans1.ltrans.o
 .text.DevPathSerialVendor
                0x000000000000cc6c      0x134 /tmp/ccfdZ3Du.ltrans1.ltrans.o
 .text.DevPathSerialUsb
                0x000000000000cda0      0x174 /tmp/ccfdZ3Du.ltrans1.ltrans.o
 .text.DevPathSerialUart
                0x000000000000cf14       0xa8 /tmp/ccfdZ3Du.ltrans1.ltrans.o
 .text.DevPathSerialFibre
                0x000000000000cfbc       0x88 /tmp/ccfdZ3Du.ltrans1.ltrans.o
 .text.DevPathSerialCdRom
                0x000000000000d044       0x74 /tmp/ccfdZ3Du.ltrans1.ltrans.o
 .text.DevPathSerialAtapi
                0x000000000000d0b8       0x78 /tmp/ccfdZ3Du.ltrans1.ltrans.o
 .text.DevPathSerialHardDrive
                0x000000000000d130       0x7c /tmp/ccfdZ3Du.ltrans1.ltrans.o
 .text.InternalShellInitHandleList.part.5
                0x000000000000d1ac      0x120 /tmp/ccfdZ3Du.ltrans1.ltrans.o
 .text.FirmwareManagementDumpInformation
                0x000000000000d2cc      0x780 /tmp/ccfdZ3Du.ltrans1.ltrans.o
 .text.EdidActiveProtocolDumpInformation
                0x000000000000da4c      0x114 /tmp/ccfdZ3Du.ltrans1.ltrans.o
 .text.EdidDiscoveredProtocolDumpInformation
                0x000000000000db60      0x114 /tmp/ccfdZ3Du.ltrans1.ltrans.o
 .text.InternalShellIsHexOrDecimalNumber
                0x000000000000dc74       0xe4 /tmp/ccfdZ3Du.ltrans1.ltrans.o
 .text.InternalShellPrintWorker
                0x000000000000dd58      0x4d0 /tmp/ccfdZ3Du.ltrans1.ltrans.o
 .text.StrniCmp.part.0
                0x000000000000e228       0xdc /tmp/ccfdZ3Du.ltrans1.ltrans.o
                0x000000000000e228                StrniCmp.part.0
 .text.ShellCommandFindMapItem
                0x000000000000e304       0x84 /tmp/ccfdZ3Du.ltrans1.ltrans.o
                0x000000000000e304                ShellCommandFindMapItem
 .text.ShellCommandConsistMappingGenMappingName
                0x000000000000e388      0x26c /tmp/ccfdZ3Du.ltrans1.ltrans.o
                0x000000000000e388                ShellCommandConsistMappingGenMappingName
 .text.ShellCommandConsistMappingUnInitialize
                0x000000000000e5f4       0x64 /tmp/ccfdZ3Du.ltrans1.ltrans.o
                0x000000000000e5f4                ShellCommandConsistMappingUnInitialize
 .text.ShellCommandConsistMappingInitialize
                0x000000000000e658      0x1d4 /tmp/ccfdZ3Du.ltrans1.ltrans.o
                0x000000000000e658                ShellCommandConsistMappingInitialize
 .text.FreeBufferList.part.3
                0x000000000000e82c       0x58 /tmp/ccfdZ3Du.ltrans1.ltrans.o
                0x000000000000e82c                FreeBufferList.part.3
 .text.ShellFileHandleEof
                0x000000000000e884       0xb4 /tmp/ccfdZ3Du.ltrans1.ltrans.o
                0x000000000000e884                ShellFileHandleEof
 .text.ShellFileHandleRemove
                0x000000000000e938       0xb4 /tmp/ccfdZ3Du.ltrans1.ltrans.o
                0x000000000000e938                ShellFileHandleRemove
 .text.ShellFileHandleGetPath
                0x000000000000e9ec       0x7c /tmp/ccfdZ3Du.ltrans1.ltrans.o
                0x000000000000e9ec                ShellFileHandleGetPath
 .text.ShellCommandCreateNewMappingName
                0x000000000000ea68       0x70 /tmp/ccfdZ3Du.ltrans1.ltrans.o
                0x000000000000ea68                ShellCommandCreateNewMappingName
 .text.ShellCommandGetCurrentScriptFile
                0x000000000000ead8       0x44 /tmp/ccfdZ3Du.ltrans1.ltrans.o
                0x000000000000ead8                ShellCommandGetCurrentScriptFile
 .text.DeleteScriptFileStruct
                0x000000000000eb1c       0xf0 /tmp/ccfdZ3Du.ltrans1.ltrans.o
                0x000000000000eb1c                DeleteScriptFileStruct
 .text.ShellCommandSetNewScript
                0x000000000000ec0c       0x8c /tmp/ccfdZ3Du.ltrans1.ltrans.o
                0x000000000000ec0c                ShellCommandSetNewScript
 .text.ShellCommandRegisterExit
                0x000000000000ec98       0x2c /tmp/ccfdZ3Du.ltrans1.ltrans.o
                0x000000000000ec98                ShellCommandRegisterExit
 .text.ShellCommandIsOnAliasList
                0x000000000000ecc4      0x120 /tmp/ccfdZ3Du.ltrans1.ltrans.o
                0x000000000000ecc4                ShellCommandIsOnAliasList
 .text.ShellCommandRegisterAlias
                0x000000000000ede4      0x114 /tmp/ccfdZ3Du.ltrans1.ltrans.o
                0x000000000000ede4                ShellCommandRegisterAlias
 .text.CommandInit
                0x000000000000eef8      0x120 /tmp/ccfdZ3Du.ltrans1.ltrans.o
                0x000000000000eef8                CommandInit
 .text.GetAllMappingGuids
                0x000000000000f018       0xf8 /tmp/ccfdZ3Du.ltrans1.ltrans.o
                0x000000000000f018                GetAllMappingGuids
 .text.GetHandleListByProtocolList
                0x000000000000f110      0x198 /tmp/ccfdZ3Du.ltrans1.ltrans.o
                0x000000000000f110                GetHandleListByProtocolList
 .text.GetHandleListByProtocol
                0x000000000000f2a8      0x118 /tmp/ccfdZ3Du.ltrans1.ltrans.o
                0x000000000000f2a8                GetHandleListByProtocol
 .text.ShellCommandCreateInitialMappingsAndPaths
                0x000000000000f3c0      0x46c /tmp/ccfdZ3Du.ltrans1.ltrans.o
                0x000000000000f3c0                ShellCommandCreateInitialMappingsAndPaths
 .text.ShellCommandFindDynamicCommand
                0x000000000000f82c       0xb0 /tmp/ccfdZ3Du.ltrans1.ltrans.o
                0x000000000000f82c                ShellCommandFindDynamicCommand
 .text.ShellCommandIsCommandOnList
                0x000000000000f8dc       0xf0 /tmp/ccfdZ3Du.ltrans1.ltrans.o
                0x000000000000f8dc                ShellCommandIsCommandOnList
 .text.ParseHandleDatabaseByRelationshipWithType
                0x000000000000f9cc      0x720 /tmp/ccfdZ3Du.ltrans1.ltrans.o
                0x000000000000f9cc                ParseHandleDatabaseByRelationshipWithType
 .text.ParseHandleDatabaseByRelationship
                0x00000000000100ec      0x1cc /tmp/ccfdZ3Du.ltrans1.ltrans.o
                0x00000000000100ec                ParseHandleDatabaseByRelationship
 .text.ParseHandleDatabaseForChildControllers
                0x00000000000102b8      0x16c /tmp/ccfdZ3Du.ltrans1.ltrans.o
                0x00000000000102b8                ParseHandleDatabaseForChildControllers
 .text.ConvertHandleIndexToHandle
                0x0000000000010424       0xc4 /tmp/ccfdZ3Du.ltrans1.ltrans.o
                0x0000000000010424                ConvertHandleIndexToHandle
 .text.ConvertHandleToHandleIndex
                0x00000000000104e8      0x11c /tmp/ccfdZ3Du.ltrans1.ltrans.o
                0x00000000000104e8                ConvertHandleToHandleIndex
 .text.GetStringNameFromHandle
                0x0000000000010604      0x114 /tmp/ccfdZ3Du.ltrans1.ltrans.o
                0x0000000000010604                GetStringNameFromHandle
 .text.InternalShellGetNodeFromGuid
                0x0000000000010718       0xf4 /tmp/ccfdZ3Du.ltrans1.ltrans.o
                0x0000000000010718                InternalShellGetNodeFromGuid
 .text.GetProtocolInformationDump
                0x000000000001080c       0xb4 /tmp/ccfdZ3Du.ltrans1.ltrans.o
                0x000000000001080c                GetProtocolInformationDump
 .text.HandleParsingHiiInit
                0x00000000000108c0       0x7c /tmp/ccfdZ3Du.ltrans1.ltrans.o
                0x00000000000108c0                HandleParsingHiiInit
 .text.GetGuidFromStringName
                0x000000000001093c      0x1c0 /tmp/ccfdZ3Du.ltrans1.ltrans.o
                0x000000000001093c                GetGuidFromStringName
 .text.GetStringNameFromGuid
                0x0000000000010afc       0x4c /tmp/ccfdZ3Du.ltrans1.ltrans.o
                0x0000000000010afc                GetStringNameFromGuid
 .text.AdapterInformationDumpInformation
                0x0000000000010b48      0x508 /tmp/ccfdZ3Du.ltrans1.ltrans.o
 .text.PartitionInfoProtocolDumpInformation
                0x0000000000011050      0x128 /tmp/ccfdZ3Du.ltrans1.ltrans.o
 .text.UsbIoProtocolDumpInformation
                0x0000000000011178       0xb4 /tmp/ccfdZ3Du.ltrans1.ltrans.o
 .text.PciIoProtocolDumpInformation
                0x000000000001122c      0x178 /tmp/ccfdZ3Du.ltrans1.ltrans.o
 .text.DebugSupportProtocolDumpInformation
                0x00000000000113a4      0x108 /tmp/ccfdZ3Du.ltrans1.ltrans.o
 .text.BlockIoProtocolDumpInformation
                0x00000000000114ac      0x198 /tmp/ccfdZ3Du.ltrans1.ltrans.o
 .text.TxtOutProtocolDumpInformation
                0x0000000000011644      0x210 /tmp/ccfdZ3Du.ltrans1.ltrans.o
 .text.PciRootBridgeIoDumpInformation
                0x0000000000011854      0x2f4 /tmp/ccfdZ3Du.ltrans1.ltrans.o
 .text.InternalShellStripQuotes.part.19
                0x0000000000011b48       0x7c /tmp/ccfdZ3Du.ltrans1.ltrans.o
                0x0000000000011b48                InternalShellStripQuotes.part.19
 .text.ShellFileHandleReadLine
                0x0000000000011bc4      0x298 /tmp/ccfdZ3Du.ltrans1.ltrans.o
                0x0000000000011bc4                ShellFileHandleReadLine
 .text.ShellFileHandleReturnLine
                0x0000000000011e5c       0xc4 /tmp/ccfdZ3Du.ltrans1.ltrans.o
                0x0000000000011e5c                ShellFileHandleReturnLine
 .text.ShellConvertStringToUint64
                0x0000000000011f20      0x2e8 /tmp/ccfdZ3Du.ltrans1.ltrans.o
                0x0000000000011f20                ShellConvertStringToUint64
 .text.StrnCatGrow
                0x0000000000012208      0x164 /tmp/ccfdZ3Du.ltrans1.ltrans.o
                0x0000000000012208                StrnCatGrow
 .text.VerifyIntermediateDirectories
                0x000000000001236c      0x124 /tmp/ccfdZ3Du.ltrans1.ltrans.o
                0x000000000001236c                VerifyIntermediateDirectories
 .text.GetFullyQualifiedPath
                0x0000000000012490       0xdc /tmp/ccfdZ3Du.ltrans1.ltrans.o
 .text.ConvertEfiFileProtocolToShellHandle.part.2
                0x000000000001256c       0x9c /tmp/ccfdZ3Du.ltrans1.ltrans.o
                0x000000000001256c                ConvertEfiFileProtocolToShellHandle.part.2
 .text.ShellCommandRegisterCommandName
                0x0000000000012608      0x220 /tmp/ccfdZ3Du.ltrans1.ltrans.o
                0x0000000000012608                ShellCommandRegisterCommandName
 .text.BusSpecificDriverOverrideProtocolDumpInformation
                0x0000000000012828      0x13c /tmp/ccfdZ3Du.ltrans1.ltrans.o
 .text.DevicePathProtocolDumpInformationEx
                0x0000000000012964      0x174 /tmp/ccfdZ3Du.ltrans1.ltrans.o
 .text.LoadedImageDevicePathProtocolDumpInformation
                0x0000000000012ad8        0xc /tmp/ccfdZ3Du.ltrans1.ltrans.o
 .text.DevicePathProtocolDumpInformation
                0x0000000000012ae4        0xc /tmp/ccfdZ3Du.ltrans1.ltrans.o
 .text.GraphicsOutputProtocolDumpInformation
                0x0000000000012af0      0x2e0 /tmp/ccfdZ3Du.ltrans1.ltrans.o
 .text.ConvertMemoryType
                0x0000000000012dd0      0x158 /tmp/ccfdZ3Du.ltrans1.ltrans.o
 .text.LoadedImageProtocolDumpInformation
                0x0000000000012f28      0x228 /tmp/ccfdZ3Du.ltrans1.ltrans.o
 .text.ShellStrToUintn
                0x0000000000013150       0x50 /tmp/ccfdZ3Du.ltrans1.ltrans.o
                0x0000000000013150                ShellStrToUintn
 .text.ShellIsFile
                0x00000000000131a0       0x90 /tmp/ccfdZ3Du.ltrans1.ltrans.o
                0x00000000000131a0                ShellIsFile
 .text.ShellIsDirectory
                0x0000000000013230      0x160 /tmp/ccfdZ3Du.ltrans1.ltrans.o
                0x0000000000013230                ShellIsDirectory
 .text.ShellPrintHiiEx
                0x0000000000013390       0xc0 /tmp/ccfdZ3Du.ltrans1.ltrans.o
                0x0000000000013390                ShellPrintHiiEx
 .text.LoadDriver
                0x0000000000013450      0x2f0 /tmp/ccfdZ3Du.ltrans1.ltrans.o
 .text.ShellPrintEx
                0x0000000000013740       0x84 /tmp/ccfdZ3Du.ltrans1.ltrans.o
                0x0000000000013740                ShellPrintEx
 .text.DumpHex  0x00000000000137c4      0x108 /tmp/ccfdZ3Du.ltrans1.ltrans.o
                0x00000000000137c4                DumpHex
 .text.ShellPrintHelp
                0x00000000000138cc      0x118 /tmp/ccfdZ3Du.ltrans1.ltrans.o
                0x00000000000138cc                ShellPrintHelp
 .text.ShellPromptForResponse
                0x00000000000139e4      0x600 /tmp/ccfdZ3Du.ltrans1.ltrans.o
                0x00000000000139e4                ShellPromptForResponse
 .text.ShellPromptForResponseHii
                0x0000000000013fe4       0x58 /tmp/ccfdZ3Du.ltrans1.ltrans.o
                0x0000000000013fe4                ShellPromptForResponseHii
 .text.ShellCommandLineGetCount
                0x000000000001403c       0x74 /tmp/ccfdZ3Du.ltrans1.ltrans.o
                0x000000000001403c                ShellCommandLineGetCount
 .text.ShellCommandLineGetRawValue
                0x00000000000140b0       0x78 /tmp/ccfdZ3Du.ltrans1.ltrans.o
                0x00000000000140b0                ShellCommandLineGetRawValue
 .text.ShellCommandLineGetValue
                0x0000000000014128      0x114 /tmp/ccfdZ3Du.ltrans1.ltrans.o
                0x0000000000014128                ShellCommandLineGetValue
 .text.ShellCommandLineGetFlag
                0x000000000001423c      0x104 /tmp/ccfdZ3Du.ltrans1.ltrans.o
                0x000000000001423c                ShellCommandLineGetFlag
 .text.ShellCommandLineFreeVarList
                0x0000000000014340       0x70 /tmp/ccfdZ3Du.ltrans1.ltrans.o
                0x0000000000014340                ShellCommandLineFreeVarList
 .text.ShellCommandRunTimeZone
                0x00000000000143b0      0x6b4 /tmp/ccfdZ3Du.ltrans1.ltrans.o
                0x00000000000143b0                ShellCommandRunTimeZone
 .text.ShellCommandRunTime
                0x0000000000014a64      0x74c /tmp/ccfdZ3Du.ltrans1.ltrans.o
                0x0000000000014a64                ShellCommandRunTime
 .text.ShellCommandRunDate
                0x00000000000151b0      0x424 /tmp/ccfdZ3Du.ltrans1.ltrans.o
                0x00000000000151b0                ShellCommandRunDate
 .text.InternalIsFlag
                0x00000000000155d4       0xac /tmp/ccfdZ3Du.ltrans1.ltrans.o
                0x00000000000155d4                InternalIsFlag
 .text.ShellFindFilePath
                0x0000000000015680      0x330 /tmp/ccfdZ3Du.ltrans1.ltrans.o
                0x0000000000015680                ShellFindFilePath
 .text.ShellCloseFileMetaArg
                0x00000000000159b0       0xb4 /tmp/ccfdZ3Du.ltrans1.ltrans.o
                0x00000000000159b0                ShellCloseFileMetaArg
 .text.PrintLsOutput
                0x0000000000015a64      0xaf8 /tmp/ccfdZ3Du.ltrans1.ltrans.o
                0x0000000000015a64                PrintLsOutput
 .text.ShellCommandRunLoad
                0x000000000001655c      0x2bc /tmp/ccfdZ3Du.ltrans1.ltrans.o
                0x000000000001655c                ShellCommandRunLoad
 .text.ShellFileExists
                0x0000000000016818       0x6c /tmp/ccfdZ3Du.ltrans1.ltrans.o
                0x0000000000016818                ShellFileExists
 .text.ShellDeleteFileByName
                0x0000000000016884       0x44 /tmp/ccfdZ3Du.ltrans1.ltrans.o
                0x0000000000016884                ShellDeleteFileByName
 .text.ShellCommandGetManFileNameDriver1
                0x00000000000168c8        0xc /tmp/ccfdZ3Du.ltrans2.ltrans.o
                0x00000000000168c8                ShellCommandGetManFileNameDriver1
 .text.ShellCommandGetManFileNameLevel3
                0x00000000000168d4        0xc /tmp/ccfdZ3Du.ltrans2.ltrans.o
                0x00000000000168d4                ShellCommandGetManFileNameLevel3
 .text.ShellLevel3CommandsLibSetAlias
                0x00000000000168e0       0xc4 /tmp/ccfdZ3Du.ltrans2.ltrans.o
 .text.unlikely.ReturnUintn
                0x00000000000169a4       0x2c /tmp/ccfdZ3Du.ltrans2.ltrans.o
 .text.ShellCommandRunGetMtc
                0x00000000000169d0      0x1ec /tmp/ccfdZ3Du.ltrans2.ltrans.o
                0x00000000000169d0                ShellCommandRunGetMtc
 .text.ShellCommandRunStall
                0x0000000000016bbc      0x270 /tmp/ccfdZ3Du.ltrans2.ltrans.o
                0x0000000000016bbc                ShellCommandRunStall
 .text.GetDriverImageName
                0x0000000000016e2c       0x78 /tmp/ccfdZ3Du.ltrans2.ltrans.o
 .text.ShellCmdDriverConfigurationProcessActionRequired
                0x0000000000016ea4      0x214 /tmp/ccfdZ3Du.ltrans2.ltrans.o
 .text.PreHiiDrvCfg
                0x00000000000170b8      0x89c /tmp/ccfdZ3Du.ltrans2.ltrans.o
 .text.ShellCommandRunVer
                0x0000000000017954      0x398 /tmp/ccfdZ3Du.ltrans2.ltrans.o
                0x0000000000017954                ShellCommandRunVer
 .text.DoDevTreeForHandle
                0x0000000000017cec      0x21c /tmp/ccfdZ3Du.ltrans2.ltrans.o
 .text.ShellCommandRunDevTree
                0x0000000000017f08      0x3ac /tmp/ccfdZ3Du.ltrans2.ltrans.o
                0x0000000000017f08                ShellCommandRunDevTree
 .text.ShellCommandRunDevices
                0x00000000000182b4      0x5b4 /tmp/ccfdZ3Du.ltrans2.ltrans.o
                0x00000000000182b4                ShellCommandRunDevices
 .text.ShellCommandRunDrivers
                0x0000000000018868      0x8b4 /tmp/ccfdZ3Du.ltrans2.ltrans.o
                0x0000000000018868                ShellCommandRunDrivers
 .text.ShellCommandRunOpenInfo
                0x000000000001911c      0x4f4 /tmp/ccfdZ3Du.ltrans2.ltrans.o
                0x000000000001911c                ShellCommandRunOpenInfo
 .text.ShellCommandRunEcho
                0x0000000000019610      0x268 /tmp/ccfdZ3Du.ltrans2.ltrans.o
                0x0000000000019610                ShellCommandRunEcho
 .text.GetProtocolInfoString
                0x0000000000019878      0x2f4 /tmp/ccfdZ3Du.ltrans2.ltrans.o
 .text.ShellCommandRunUnload
                0x0000000000019b6c      0x370 /tmp/ccfdZ3Du.ltrans2.ltrans.o
                0x0000000000019b6c                ShellCommandRunUnload
 .text.GetDriverName
                0x0000000000019edc       0xf4 /tmp/ccfdZ3Du.ltrans2.ltrans.o
 .text.DoDhByHandle
                0x0000000000019fd0      0xa98 /tmp/ccfdZ3Du.ltrans2.ltrans.o
 .text.DoDhByProtocolGuid
                0x000000000001aa68      0x100 /tmp/ccfdZ3Du.ltrans2.ltrans.o
 .text.ShellCommandRunDrvDiag
                0x000000000001ab68      0xa64 /tmp/ccfdZ3Du.ltrans2.ltrans.o
                0x000000000001ab68                ShellCommandRunDrvDiag
 .text.ConvertStrToGuid
                0x000000000001b5cc      0x1ac /tmp/ccfdZ3Du.ltrans2.ltrans.o
 .text.ShellCommandRunDh
                0x000000000001b778      0x640 /tmp/ccfdZ3Du.ltrans2.ltrans.o
                0x000000000001b778                ShellCommandRunDh
 .text.ShellConnectFromDevPaths
                0x000000000001bdb8      0x3c0 /tmp/ccfdZ3Du.ltrans2.ltrans.o
 .text.ShellCommandRunDisconnect
                0x000000000001c178      0x55c /tmp/ccfdZ3Du.ltrans2.ltrans.o
                0x000000000001c178                ShellCommandRunDisconnect
 .text.ShellCommandRunConnect
                0x000000000001c6d4      0x68c /tmp/ccfdZ3Du.ltrans2.ltrans.o
                0x000000000001c6d4                ShellCommandRunConnect
 .text.ShellCommandRunReconnect
                0x000000000001cd60      0x200 /tmp/ccfdZ3Du.ltrans2.ltrans.o
                0x000000000001cd60                ShellCommandRunReconnect
 .text.InternalIsAliasOnList
                0x000000000001cf60       0xf0 /tmp/ccfdZ3Du.ltrans2.ltrans.o
 .text.DoTouchByHandle
                0x000000000001d050      0x288 /tmp/ccfdZ3Du.ltrans2.ltrans.o
 .text.ShellCommandRunTouch
                0x000000000001d2d8      0x3f0 /tmp/ccfdZ3Du.ltrans2.ltrans.o
                0x000000000001d2d8                ShellCommandRunTouch
 .text.ShellCommandRunType
                0x000000000001d6c8      0x6f0 /tmp/ccfdZ3Du.ltrans2.ltrans.o
                0x000000000001d6c8                ShellCommandRunType
 .text.ShellCommandRunCls
                0x000000000001ddb8      0x4c4 /tmp/ccfdZ3Du.ltrans2.ltrans.o
                0x000000000001ddb8                ShellCommandRunCls
 .text.LexicalInsertIntoList
                0x000000000001e27c      0x128 /tmp/ccfdZ3Du.ltrans2.ltrans.o
 .text.ShellCommandRunHelp
                0x000000000001e3a4      0x87c /tmp/ccfdZ3Du.ltrans2.ltrans.o
                0x000000000001e3a4                ShellCommandRunHelp
 .text.ShellCommandRunPause
                0x000000000001ec20      0x2a8 /tmp/ccfdZ3Du.ltrans2.ltrans.o
                0x000000000001ec20                ShellCommandRunPause
 .text.PrintSingleShellAlias
                0x000000000001eec8       0xbc /tmp/ccfdZ3Du.ltrans2.ltrans.o
 .text.ShellCommandRunAlias
                0x000000000001ef84      0x3f8 /tmp/ccfdZ3Du.ltrans2.ltrans.o
                0x000000000001ef84                ShellCommandRunAlias
 .text.ShellCommandRunShift
                0x000000000001f37c      0x170 /tmp/ccfdZ3Du.ltrans2.ltrans.o
                0x000000000001f37c                ShellCommandRunShift
 .text.InternalRemoveAliasFromList
                0x000000000001f4ec      0x110 /tmp/ccfdZ3Du.ltrans2.ltrans.o
 .text.ShellCommandRunFor
                0x000000000001f5fc      0xd60 /tmp/ccfdZ3Du.ltrans2.ltrans.o
                0x000000000001f5fc                ShellCommandRunFor
 .text.FindHiiHandleViaDevPath
                0x000000000002035c      0x290 /tmp/ccfdZ3Du.ltrans2.ltrans.o
                0x000000000002035c                FindHiiHandleViaDevPath
 .text.ShellCommandRunDrvCfg
                0x00000000000205ec      0xdb0 /tmp/ccfdZ3Du.ltrans2.ltrans.o
                0x00000000000205ec                ShellCommandRunDrvCfg
 .text.EfiShellEnablePageBreak
                0x000000000002139c       0x10 /tmp/ccfdZ3Du.ltrans3.ltrans.o
 .text.EfiShellDisablePageBreak
                0x00000000000213ac        0xc /tmp/ccfdZ3Du.ltrans3.ltrans.o
 .text.CalculateEfiHdrCrc
                0x00000000000213b8       0x44 /tmp/ccfdZ3Du.ltrans3.ltrans.o
 .text.unlikely.IsUnicodeFile
                0x00000000000213fc       0xd4 /tmp/ccfdZ3Du.ltrans3.ltrans.o
 .text.unlikely.WriteFileTag
                0x00000000000214d0       0x7c /tmp/ccfdZ3Du.ltrans3.ltrans.o
 .text.FindFirstCharacter
                0x000000000002154c       0xb0 /tmp/ccfdZ3Du.ltrans3.ltrans.o
 .text.FixFileName
                0x00000000000215fc       0x78 /tmp/ccfdZ3Du.ltrans3.ltrans.o
 .text.FixVarName
                0x0000000000021674       0x48 /tmp/ccfdZ3Du.ltrans3.ltrans.o
 .text.EfiShellGetGuidFromName
                0x00000000000216bc       0x58 /tmp/ccfdZ3Du.ltrans3.ltrans.o
 .text.IsCommand
                0x0000000000021714       0x30 /tmp/ccfdZ3Du.ltrans3.ltrans.o
 .text.IsScriptOnlyCommand
                0x0000000000021744       0xb0 /tmp/ccfdZ3Du.ltrans3.ltrans.o
 .text.TrimSpaces
                0x00000000000217f4       0xdc /tmp/ccfdZ3Du.ltrans3.ltrans.o
 .text.EfiShellClose
                0x00000000000218d0       0x24 /tmp/ccfdZ3Du.ltrans3.ltrans.o
                0x00000000000218d0                EfiShellClose
 .text.EfiShellRegisterGuidName
                0x00000000000218f4      0x218 /tmp/ccfdZ3Du.ltrans3.ltrans.o
 .text.EfiShellGetFilePathFromDevicePath
                0x0000000000021b0c      0x288 /tmp/ccfdZ3Du.ltrans3.ltrans.o
 .text.EfiShellBatchIsActive
                0x0000000000021d94       0x1c /tmp/ccfdZ3Du.ltrans3.ltrans.o
 .text.EfiShellGetDeviceName
                0x0000000000021db0      0x34c /tmp/ccfdZ3Du.ltrans3.ltrans.o
 .text.EfiShellGetDevicePathFromMap
                0x00000000000220fc       0x90 /tmp/ccfdZ3Du.ltrans3.ltrans.o
 .text.EfiShellGetDevicePathFromFilePath
                0x000000000002218c      0x200 /tmp/ccfdZ3Du.ltrans3.ltrans.o
 .text.EfiShellSetMap
                0x000000000002238c      0x184 /tmp/ccfdZ3Du.ltrans3.ltrans.o
 .text.GetNextParameter
                0x0000000000022510      0x1c4 /tmp/ccfdZ3Du.ltrans3.ltrans.o
 .text.ContainsSplit
                0x00000000000226d4       0xec /tmp/ccfdZ3Du.ltrans3.ltrans.o
 .text.ProcessCommandLineToFinal
                0x00000000000227c0      0x7d8 /tmp/ccfdZ3Du.ltrans3.ltrans.o
 .text.GetOperationType
                0x0000000000022f98       0xf0 /tmp/ccfdZ3Du.ltrans3.ltrans.o
 .text.SetLastError
                0x0000000000023088       0x60 /tmp/ccfdZ3Du.ltrans3.ltrans.o
 .text.ProcessLibraryDestructorList
                0x00000000000230e8      0x3e4 /tmp/ccfdZ3Du.ltrans3.ltrans.o
 .text.ProcessLibraryConstructorList
                0x00000000000234cc     0x1524 /tmp/ccfdZ3Du.ltrans3.ltrans.o
 .text.InternalDuplicateShellFileInfo
                0x00000000000249f0       0xdc /tmp/ccfdZ3Du.ltrans3.ltrans.o
                0x00000000000249f0                InternalDuplicateShellFileInfo
 .text.InternalFreeShellFileInfoNode
                0x0000000000024acc       0x5c /tmp/ccfdZ3Du.ltrans3.ltrans.o
                0x0000000000024acc                InternalFreeShellFileInfoNode
 .text.EfiShellRemoveDupInFileList
                0x0000000000024b28       0xf0 /tmp/ccfdZ3Du.ltrans3.ltrans.o
 .text.EfiShellFreeFileList
                0x0000000000024c18       0x80 /tmp/ccfdZ3Du.ltrans3.ltrans.o
                0x0000000000024c18                EfiShellFreeFileList
 .text.EfiShellFindFilesInDir
                0x0000000000024c98      0x424 /tmp/ccfdZ3Du.ltrans3.ltrans.o
                0x0000000000024c98                EfiShellFindFilesInDir
 .text.RestoreArgcArgv
                0x00000000000250bc       0x9c /tmp/ccfdZ3Du.ltrans3.ltrans.o
                0x00000000000250bc                RestoreArgcArgv
 .text.ParseCommandLineToArgs
                0x0000000000025158      0x210 /tmp/ccfdZ3Du.ltrans3.ltrans.o
                0x0000000000025158                ParseCommandLineToArgs
 .text.InternalShellExecuteDevicePath
                0x0000000000025368      0x480 /tmp/ccfdZ3Du.ltrans3.ltrans.o
 .text.RunShellCommand
                0x00000000000257e8     0x1b9c /tmp/ccfdZ3Du.ltrans3.ltrans.o
                0x00000000000257e8                RunShellCommand
 .text.EfiShellExecute
                0x0000000000027384      0x2b0 /tmp/ccfdZ3Du.ltrans3.ltrans.o
 .text.RunSplitCommand
                0x0000000000027634      0x2cc /tmp/ccfdZ3Du.ltrans3.ltrans.o
 .text.RestoreBufferList
                0x0000000000027900       0x38 /tmp/ccfdZ3Du.ltrans3.ltrans.o
                0x0000000000027900                RestoreBufferList
 .text.AddBufferToFreeList
                0x0000000000027938       0x4c /tmp/ccfdZ3Du.ltrans3.ltrans.o
                0x0000000000027938                AddBufferToFreeList
 .text.EfiShellGetEnvEx
                0x0000000000027984      0x2c8 /tmp/ccfdZ3Du.ltrans3.ltrans.o
                0x0000000000027984                EfiShellGetEnvEx
 .text.EfiShellGetGuidName
                0x0000000000027c4c       0x70 /tmp/ccfdZ3Du.ltrans3.ltrans.o
 .text.EfiShellGetMapFromDevicePath
                0x0000000000027cbc      0x144 /tmp/ccfdZ3Du.ltrans3.ltrans.o
 .text.EfiShellOpenRootByHandle
                0x0000000000027e00       0xcc /tmp/ccfdZ3Du.ltrans3.ltrans.o
 .text.EfiShellOpenRoot
                0x0000000000027ecc       0x68 /tmp/ccfdZ3Du.ltrans3.ltrans.o
 .text.EfiShellFindFiles
                0x0000000000027f34      0x1ac /tmp/ccfdZ3Du.ltrans3.ltrans.o
 .text.InternalOpenFileDevicePath
                0x00000000000280e0      0x208 /tmp/ccfdZ3Du.ltrans3.ltrans.o
                0x00000000000280e0                InternalOpenFileDevicePath
 .text.EfiShellOpenFileByName
                0x00000000000282e8      0x1a4 /tmp/ccfdZ3Du.ltrans3.ltrans.o
                0x00000000000282e8                EfiShellOpenFileByName
 .text.EfiShellOpenFileList
                0x000000000002848c      0x224 /tmp/ccfdZ3Du.ltrans3.ltrans.o
 .text.EfiShellCreateFile
                0x00000000000286b0       0xb8 /tmp/ccfdZ3Du.ltrans3.ltrans.o
 .text.EfiShellDeleteFileByName
                0x0000000000028768       0x40 /tmp/ccfdZ3Du.ltrans3.ltrans.o
 .text._ModuleEntryPoint
                0x00000000000287a8     0x2144 /tmp/ccfdZ3Du.ltrans3.ltrans.o
                0x00000000000287a8                _ModuleEntryPoint
 .text.__memcpy
                0x000000000002a8ec       0x20 /tmp/ccfdZ3Du.ltrans3.ltrans.o
                0x000000000002a8ec                memcpy
 .text.ShellCommandGetManFileNameLevel1
                0x000000000002a90c        0xc /tmp/ccfdZ3Du.ltrans4.ltrans.o
                0x000000000002a90c                ShellCommandGetManFileNameLevel1
 .text.unlikely.IsNumberLetterOnly
                0x000000000002a918       0x58 /tmp/ccfdZ3Du.ltrans4.ltrans.o
 .text.PerformResultOperation
                0x000000000002a970      0x1b4 /tmp/ccfdZ3Du.ltrans4.ltrans.o
 .text.TestNodeForMove
                0x000000000002ab24      0x16c /tmp/ccfdZ3Du.ltrans4.ltrans.o
 .text.IsNextFragment
                0x000000000002ac90       0xe4 /tmp/ccfdZ3Du.ltrans4.ltrans.o
 .text.ShellCommandRunExit
                0x000000000002ad74      0x244 /tmp/ccfdZ3Du.ltrans4.ltrans.o
                0x000000000002ad74                ShellCommandRunExit
 .text.ShellCommandRunSet
                0x000000000002afb8      0x440 /tmp/ccfdZ3Du.ltrans4.ltrans.o
                0x000000000002afb8                ShellCommandRunSet
 .text.ShellCommandRunVol
                0x000000000002b3f8      0x828 /tmp/ccfdZ3Du.ltrans4.ltrans.o
                0x000000000002b3f8                ShellCommandRunVol
 .text.ShellCommandRunAttrib
                0x000000000002bc20      0x67c /tmp/ccfdZ3Du.ltrans4.ltrans.o
                0x000000000002bc20                ShellCommandRunAttrib
 .text.CascadeDelete
                0x000000000002c29c      0x444 /tmp/ccfdZ3Du.ltrans4.ltrans.o
 .text.ShellCommandRunRm
                0x000000000002c6e0      0x41c /tmp/ccfdZ3Du.ltrans4.ltrans.o
                0x000000000002c6e0                ShellCommandRunRm
 .text.ShellCommandRunParse
                0x000000000002cafc      0x61c /tmp/ccfdZ3Du.ltrans4.ltrans.o
                0x000000000002cafc                ShellCommandRunParse
 .text.CopySingleFile
                0x000000000002d118      0x420 /tmp/ccfdZ3Du.ltrans4.ltrans.o
 .text.ValidateAndMoveFiles
                0x000000000002d538      0xe1c /tmp/ccfdZ3Du.ltrans4.ltrans.o
 .text.ShellCommandRunMv
                0x000000000002e354      0x454 /tmp/ccfdZ3Du.ltrans4.ltrans.o
                0x000000000002e354                ShellCommandRunMv
 .text.ValidateAndCopyFiles
                0x000000000002e7a8      0x8d0 /tmp/ccfdZ3Du.ltrans4.ltrans.o
 .text.ProcessValidateAndCopyFiles
                0x000000000002f078      0x1f0 /tmp/ccfdZ3Du.ltrans4.ltrans.o
 .text.ShellCommandRunCp
                0x000000000002f268      0x4ec /tmp/ccfdZ3Du.ltrans4.ltrans.o
                0x000000000002f268                ShellCommandRunCp
 .text.ShellCommandRunMkDir
                0x000000000002f754      0x30c /tmp/ccfdZ3Du.ltrans4.ltrans.o
                0x000000000002f754                ShellCommandRunMkDir
 .text.ShellCommandRunCd
                0x000000000002fa60      0x650 /tmp/ccfdZ3Du.ltrans4.ltrans.o
                0x000000000002fa60                ShellCommandRunCd
 .text.ShellCommandRunReset
                0x00000000000300b0      0x3fc /tmp/ccfdZ3Du.ltrans4.ltrans.o
                0x00000000000300b0                ShellCommandRunReset
 .text.PerformSingleMappingDelete
                0x00000000000304ac       0x84 /tmp/ccfdZ3Du.ltrans4.ltrans.o
 .text.PerformSingleMappingDisplay
                0x0000000000030530      0x6a4 /tmp/ccfdZ3Du.ltrans4.ltrans.o
 .text.PerformMappingDisplay
                0x0000000000030bd4      0x3ac /tmp/ccfdZ3Du.ltrans4.ltrans.o
 .text.ShellCommandRunMap
                0x0000000000030f80      0xc7c /tmp/ccfdZ3Du.ltrans4.ltrans.o
                0x0000000000030f80                ShellCommandRunMap
 .text.ShellCommandRunLs
                0x0000000000031bfc      0x6e0 /tmp/ccfdZ3Du.ltrans4.ltrans.o
                0x0000000000031bfc                ShellCommandRunLs
 .text.InternalUpdateAliasOnList
                0x00000000000322dc      0x1bc /tmp/ccfdZ3Du.ltrans4.ltrans.o
                0x00000000000322dc                InternalUpdateAliasOnList
 .text.unlikely.ShellIsValidForNumber
                0x0000000000032498       0xb4 /tmp/ccfdZ3Du.ltrans4.ltrans.o
                0x0000000000032498                ShellIsValidForNumber
 .text.MoveToTag
                0x000000000003254c      0x164 /tmp/ccfdZ3Du.ltrans4.ltrans.o
                0x000000000003254c                MoveToTag
 .text.ShellCommandRunEndFor
                0x00000000000326b0      0x184 /tmp/ccfdZ3Du.ltrans4.ltrans.o
                0x00000000000326b0                ShellCommandRunEndFor
 .text.ShellCommandRunEndIf
                0x0000000000032834      0x18c /tmp/ccfdZ3Du.ltrans4.ltrans.o
                0x0000000000032834                ShellCommandRunEndIf
 .text.ShellCommandRunElse
                0x00000000000329c0      0x234 /tmp/ccfdZ3Du.ltrans4.ltrans.o
                0x00000000000329c0                ShellCommandRunElse
 .text.ShellCommandRunIf
                0x0000000000032bf4     0x1750 /tmp/ccfdZ3Du.ltrans4.ltrans.o
                0x0000000000032bf4                ShellCommandRunIf
 .text.ShellCommandRunGoto
                0x0000000000034344      0x2f4 /tmp/ccfdZ3Du.ltrans4.ltrans.o
                0x0000000000034344                ShellCommandRunGoto
 .text.LineDeleteAt
                0x0000000000034638       0x3c /tmp/ccfdZ3Du.ltrans5.ltrans.o
 .text.FileBufferRestorePosition
                0x0000000000034674       0x28 /tmp/ccfdZ3Du.ltrans5.ltrans.o
 .text.ShellCommandGetManFileNameDebug1
                0x000000000003469c        0xc /tmp/ccfdZ3Du.ltrans5.ltrans.o
                0x000000000003469c                ShellCommandGetManFileNameDebug1
 .text.LoadEfiDriversFromRomImage
                0x00000000000346a8      0x374 /tmp/ccfdZ3Du.ltrans5.ltrans.o
 .text.FileBufferFreeLines
                0x0000000000034a1c       0xe0 /tmp/ccfdZ3Du.ltrans5.ltrans.o
 .text.InternalEditorMiscLineRetreat
                0x0000000000034afc       0xbc /tmp/ccfdZ3Du.ltrans5.ltrans.o
 .text.InternalEditorMiscLineAdvance
                0x0000000000034bb8       0xc8 /tmp/ccfdZ3Du.ltrans5.ltrans.o
 .text.FileBufferMovePosition
                0x0000000000034c80      0x154 /tmp/ccfdZ3Du.ltrans5.ltrans.o
 .text.FileBufferScrollRight
                0x0000000000034dd4       0x64 /tmp/ccfdZ3Du.ltrans5.ltrans.o
 .text.FileBufferScrollLeft
                0x0000000000034e38       0xa8 /tmp/ccfdZ3Du.ltrans5.ltrans.o
 .text.MoveLine
                0x0000000000034ee0       0x24 /tmp/ccfdZ3Du.ltrans5.ltrans.o
 .text.ShellCommandRunLoadPciRom
                0x0000000000034f04      0x3b0 /tmp/ccfdZ3Du.ltrans5.ltrans.o
                0x0000000000034f04                ShellCommandRunLoadPciRom
 .text.ShellCommandRunDmem
                0x00000000000352b4      0x5c8 /tmp/ccfdZ3Du.ltrans5.ltrans.o
                0x00000000000352b4                ShellCommandRunDmem
 .text.ShellCommandRunEfiDecompress
                0x000000000003587c      0x714 /tmp/ccfdZ3Du.ltrans5.ltrans.o
                0x000000000003587c                ShellCommandRunEfiDecompress
 .text.ShellCommandRunEfiCompress
                0x0000000000035f90      0x5fc /tmp/ccfdZ3Du.ltrans5.ltrans.o
                0x0000000000035f90                ShellCommandRunEfiCompress
 .text.ShellCommandRunMemMap
                0x000000000003658c      0xcec /tmp/ccfdZ3Du.ltrans5.ltrans.o
                0x000000000003658c                ShellCommandRunMemMap
 .text.ShellCommandRunMode
                0x0000000000037278      0x41c /tmp/ccfdZ3Du.ltrans5.ltrans.o
                0x0000000000037278                ShellCommandRunMode
 .text.PrintDifferentPoint
                0x0000000000037694      0x124 /tmp/ccfdZ3Du.ltrans5.ltrans.o
 .text.ShellCommandRunComp
                0x00000000000377b8      0xa0c /tmp/ccfdZ3Du.ltrans5.ltrans.o
                0x00000000000377b8                ShellCommandRunComp
 .text.FileBufferRestoreMousePosition
                0x00000000000381c4      0x238 /tmp/ccfdZ3Du.ltrans5.ltrans.o
 .text.ShellCommandRunSetSize
                0x00000000000383fc      0x3c8 /tmp/ccfdZ3Du.ltrans5.ltrans.o
                0x00000000000383fc                ShellCommandRunSetSize
 .text.HMainEditorRefresh
                0x00000000000387c4      0x298 /tmp/ccfdZ3Du.ltrans5.ltrans.o
 .text.HMainCommandSelectEnd
                0x0000000000038a5c       0x94 /tmp/ccfdZ3Du.ltrans5.ltrans.o
 .text.HMainCommandSelectStart
                0x0000000000038af0       0x84 /tmp/ccfdZ3Du.ltrans5.ltrans.o
 .text.MainCommandSwitchFileType
                0x0000000000038b74       0x54 /tmp/ccfdZ3Du.ltrans5.ltrans.o
 .text.IsValidFileName
                0x0000000000038bc8       0xd0 /tmp/ccfdZ3Du.ltrans5.ltrans.o
 .text.MainCommandGotoLine
                0x0000000000038c98       0xb0 /tmp/ccfdZ3Du.ltrans5.ltrans.o
 .text.HMainCommandExit
                0x0000000000038d48       0xf4 /tmp/ccfdZ3Du.ltrans5.ltrans.o
 .text.HMainCommandOpenMemory
                0x0000000000038e3c      0x2b8 /tmp/ccfdZ3Du.ltrans5.ltrans.o
 .text.MainCommandPasteLine
                0x00000000000390f4      0x180 /tmp/ccfdZ3Du.ltrans5.ltrans.o
 .text.LineCat  0x0000000000039274       0x7c /tmp/ccfdZ3Du.ltrans5.ltrans.o
 .text.FileBufferSetFileName
                0x00000000000392f0       0x70 /tmp/ccfdZ3Du.ltrans5.ltrans.o
 .text.FileBufferCreateLine
                0x0000000000039360       0xdc /tmp/ccfdZ3Du.ltrans5.ltrans.o
 .text.MainCommandCutLine
                0x000000000003943c      0x1a8 /tmp/ccfdZ3Du.ltrans5.ltrans.o
 .text.HMainCommandOpenDisk
                0x00000000000395e4      0x2fc /tmp/ccfdZ3Du.ltrans5.ltrans.o
 .text.HMainCommandOpenFile
                0x00000000000398e0      0x2d8 /tmp/ccfdZ3Du.ltrans5.ltrans.o
 .text.HMainCommandPaste
                0x0000000000039bb8      0x23c /tmp/ccfdZ3Du.ltrans5.ltrans.o
 .text.HMainCommandCut
                0x0000000000039df4       0xcc /tmp/ccfdZ3Du.ltrans5.ltrans.o
 .text.HMainCommandSaveBuffer
                0x0000000000039ec0      0x334 /tmp/ccfdZ3Du.ltrans5.ltrans.o
 .text.HMainCommandGoToOffset
                0x000000000003a1f4       0xf8 /tmp/ccfdZ3Du.ltrans5.ltrans.o
 .text.HMainCommandDisplayHelp
                0x000000000003a2ec      0x118 /tmp/ccfdZ3Du.ltrans5.ltrans.o
 .text.EditGetDefaultFileName
                0x000000000003a404       0x90 /tmp/ccfdZ3Du.ltrans5.ltrans.o
 .text.ShellCommandRunHexEdit
                0x000000000003a494     0x1374 /tmp/ccfdZ3Du.ltrans5.ltrans.o
                0x000000000003a494                ShellCommandRunHexEdit
 .text.FileBufferSave
                0x000000000003b808      0x4bc /tmp/ccfdZ3Du.ltrans5.ltrans.o
 .text.MainCommandSaveFile
                0x000000000003bcc4      0x294 /tmp/ccfdZ3Du.ltrans5.ltrans.o
 .text.MainCommandExit
                0x000000000003bf58       0xf4 /tmp/ccfdZ3Du.ltrans5.ltrans.o
 .text.FileBufferRead
                0x000000000003c04c      0x594 /tmp/ccfdZ3Du.ltrans5.ltrans.o
 .text.MainCommandOpenFile
                0x000000000003c5e0      0x1dc /tmp/ccfdZ3Du.ltrans5.ltrans.o
 .text.FileBufferPrintLine
                0x000000000003c7bc      0x114 /tmp/ccfdZ3Du.ltrans5.ltrans.o
 .text.FileBufferBackup
                0x000000000003c8d0       0x9c /tmp/ccfdZ3Du.ltrans5.ltrans.o
 .text.HLineRetreat
                0x000000000003c96c       0xc4 /tmp/ccfdZ3Du.ltrans5.ltrans.o
                0x000000000003c96c                HLineRetreat
 .text.HLineAdvance
                0x000000000003ca30       0xc4 /tmp/ccfdZ3Du.ltrans5.ltrans.o
                0x000000000003ca30                HLineAdvance
 .text.HMoveLine
                0x000000000003caf4       0x14 /tmp/ccfdZ3Du.ltrans5.ltrans.o
                0x000000000003caf4                HMoveLine
 .text.EditorClearLine
                0x000000000003cb08       0xc4 /tmp/ccfdZ3Du.ltrans5.ltrans.o
                0x000000000003cb08                EditorClearLine
 .text.FileBufferRefresh
                0x000000000003cbcc      0x22c /tmp/ccfdZ3Du.ltrans5.ltrans.o
 .text.MainEditorRefresh
                0x000000000003cdf8      0x144 /tmp/ccfdZ3Du.ltrans5.ltrans.o
 .text.ShellCommandRunEdit
                0x000000000003cf3c     0x10dc /tmp/ccfdZ3Du.ltrans5.ltrans.o
                0x000000000003cf3c                ShellCommandRunEdit
 .text.MainCommandDisplayHelp
                0x000000000003e018      0x11c /tmp/ccfdZ3Du.ltrans5.ltrans.o
 .text.FileBufferSearch
                0x000000000003e134      0x154 /tmp/ccfdZ3Du.ltrans5.ltrans.o
 .text.MainCommandSearchReplace
                0x000000000003e288      0x774 /tmp/ccfdZ3Du.ltrans5.ltrans.o
 .text.MainCommandSearch
                0x000000000003e9fc      0x1a4 /tmp/ccfdZ3Du.ltrans5.ltrans.o
 .text.GetSystemConfigurationTable
                0x000000000003eba0       0xa0 /tmp/ccfdZ3Du.ltrans5.ltrans.o
                0x000000000003eba0                GetSystemConfigurationTable
 .text.MemToString
                0x000000000003ec40       0x20 /tmp/ccfdZ3Du.ltrans6.ltrans.o
 .text.DisplayProcessorFamily.part.5
                0x000000000003ec60      0xe94 /tmp/ccfdZ3Du.ltrans6.ltrans.o
 .text.DisplayMmMemorySize
                0x000000000003faf4      0x100 /tmp/ccfdZ3Du.ltrans6.ltrans.o
 .text.WritePTLen
                0x000000000003fbf4      0x10c /tmp/ccfdZ3Du.ltrans6.ltrans.o
 .text.SendBlock
                0x000000000003fd00      0x540 /tmp/ccfdZ3Du.ltrans6.ltrans.o
 .text.CompressOutput
                0x0000000000040240      0x120 /tmp/ccfdZ3Du.ltrans6.ltrans.o
 .text.SmbiosPrintStructure.part.21
                0x0000000000040360     0x6b44 /tmp/ccfdZ3Du.ltrans6.ltrans.o
                0x0000000000040360                SmbiosPrintStructure.part.21
 .text.Smbios64BitPrintEPSInfo
                0x0000000000046ea4      0x180 /tmp/ccfdZ3Du.ltrans6.ltrans.o
                0x0000000000046ea4                Smbios64BitPrintEPSInfo
 .text.SmbiosPrintEPSInfo
                0x0000000000047024      0x22c /tmp/ccfdZ3Du.ltrans6.ltrans.o
                0x0000000000047024                SmbiosPrintEPSInfo
 .text.Compress
                0x0000000000047250      0x45c /tmp/ccfdZ3Du.ltrans6.ltrans.o
                0x0000000000047250                Compress
 .text.ShellCommandGetManFileNameBcfg
                0x00000000000476ac        0xc /tmp/ccfdZ3Du.ltrans7.ltrans.o
 .text.ManFileFindTitleSection.part.3.constprop.82
                0x00000000000476b8      0x27c /tmp/ccfdZ3Du.ltrans7.ltrans.o
 .text.GetDevicePathForDriverHandle
                0x0000000000047934       0xfc /tmp/ccfdZ3Du.ltrans7.ltrans.o
 .text.InternalCommandLineParse.part.14.constprop.58
                0x0000000000047a30      0x450 /tmp/ccfdZ3Du.ltrans7.ltrans.o
 .text.NetLibGetSnpHandle.constprop.7
                0x0000000000047e80       0xcc /tmp/ccfdZ3Du.ltrans7.ltrans.o
 .text.NetLibDetectMedia.constprop.6
                0x0000000000047f4c      0x224 /tmp/ccfdZ3Du.ltrans7.ltrans.o
 .text.BcfgMod  0x0000000000048170      0x988 /tmp/ccfdZ3Du.ltrans7.ltrans.o
 .text.CatVSPrint
                0x0000000000048af8      0x104 /tmp/ccfdZ3Du.ltrans7.ltrans.o
 .text.BasePrintLibSPrintMarker.constprop.135
                0x0000000000048bfc     0x108c /tmp/ccfdZ3Du.ltrans7.ltrans.o
                0x0000000000048bfc                BasePrintLibSPrintMarker.constprop.135
 .text.unlikely.BasePrintLibSPrint.constprop.136
                0x0000000000049c88       0x54 /tmp/ccfdZ3Du.ltrans7.ltrans.o
 .text.ShellLibDestructor.constprop.134
                0x0000000000049cdc      0x118 /tmp/ccfdZ3Du.ltrans7.ltrans.o
                0x0000000000049cdc                ShellLibDestructor.constprop.134
 .text.InternalAllocatePool.constprop.124
                0x0000000000049df4       0x38 /tmp/ccfdZ3Du.ltrans7.ltrans.o
                0x0000000000049df4                InternalAllocatePool.constprop.124
 .text.ShellCopySearchAndReplace.constprop.119
                0x0000000000049e2c      0x1a0 /tmp/ccfdZ3Du.ltrans7.ltrans.o
                0x0000000000049e2c                ShellCopySearchAndReplace.constprop.119
 .text.FindNextInstance.constprop.118
                0x0000000000049fcc       0x54 /tmp/ccfdZ3Du.ltrans7.ltrans.o
                0x0000000000049fcc                FindNextInstance.constprop.118
 .text.ShellFindFilePathEx.constprop.115
                0x000000000004a020      0x148 /tmp/ccfdZ3Du.ltrans7.ltrans.o
                0x000000000004a020                ShellFindFilePathEx.constprop.115
 .text.unlikely.CreateFileInterfaceFile.constprop.114
                0x000000000004a168       0xbc /tmp/ccfdZ3Du.ltrans7.ltrans.o
                0x000000000004a168                CreateFileInterfaceFile.constprop.114
 .text.RunScriptFile.part.8.constprop.113
                0x000000000004a224      0xc1c /tmp/ccfdZ3Du.ltrans7.ltrans.o
                0x000000000004a224                RunScriptFile.part.8.constprop.113
 .text.IsDevicePathValid.constprop.111
                0x000000000004ae40       0xa8 /tmp/ccfdZ3Du.ltrans7.ltrans.o
                0x000000000004ae40                IsDevicePathValid.constprop.111
 .text.ShellCommandAddMapItemAndUpdatePath.constprop.109
                0x000000000004aee8      0x394 /tmp/ccfdZ3Du.ltrans7.ltrans.o
                0x000000000004aee8                ShellCommandAddMapItemAndUpdatePath.constprop.109
 .text.PerformQuickSort.constprop.108
                0x000000000004b27c       0x9c /tmp/ccfdZ3Du.ltrans7.ltrans.o
                0x000000000004b27c                PerformQuickSort.constprop.108
 .text.ShellLibConstructorWorker.constprop.106
                0x000000000004b318      0x3dc /tmp/ccfdZ3Du.ltrans7.ltrans.o
                0x000000000004b318                ShellLibConstructorWorker.constprop.106
 .text.GetBestLanguageForDriver.constprop.85
                0x000000000004b6f4       0x84 /tmp/ccfdZ3Du.ltrans7.ltrans.o
                0x000000000004b6f4                GetBestLanguageForDriver.constprop.85
 .text.ShellSetFilePosition.constprop.84
                0x000000000004b778       0x10 /tmp/ccfdZ3Du.ltrans7.ltrans.o
                0x000000000004b778                ShellSetFilePosition.constprop.84
 .text.ProcessManFile.constprop.79
                0x000000000004b788      0x758 /tmp/ccfdZ3Du.ltrans7.ltrans.o
                0x000000000004b788                ProcessManFile.constprop.79
 .text.CreateAndPopulateShellFileInfo.constprop.78
                0x000000000004bee0      0x19c /tmp/ccfdZ3Du.ltrans7.ltrans.o
                0x000000000004bee0                CreateAndPopulateShellFileInfo.constprop.78
 .text.FileHandleFindFirstFile.constprop.77
                0x000000000004c07c      0x104 /tmp/ccfdZ3Du.ltrans7.ltrans.o
                0x000000000004c07c                FileHandleFindFirstFile.constprop.77
 .text.StrnCatGrowLeft.constprop.76
                0x000000000004c180       0xf8 /tmp/ccfdZ3Du.ltrans7.ltrans.o
                0x000000000004c180                StrnCatGrowLeft.constprop.76
 .text.ConsoleLoggerDisplayHistory.constprop.71
                0x000000000004c278       0xf4 /tmp/ccfdZ3Du.ltrans7.ltrans.o
                0x000000000004c278                ConsoleLoggerDisplayHistory.constprop.71
 .text.StrHexToUint64S.constprop.68
                0x000000000004c36c      0x1a8 /tmp/ccfdZ3Du.ltrans7.ltrans.o
                0x000000000004c36c                StrHexToUint64S.constprop.68
 .text.StrToIpv6Address.constprop.67
                0x000000000004c514      0x27c /tmp/ccfdZ3Du.ltrans7.ltrans.o
                0x000000000004c514                StrToIpv6Address.constprop.67
 .text.StrToIpv4Address.constprop.66
                0x000000000004c790      0x170 /tmp/ccfdZ3Du.ltrans7.ltrans.o
                0x000000000004c790                StrToIpv4Address.constprop.66
 .text.UnicodeStrToAsciiStrS.constprop.65
                0x000000000004c900      0x1a8 /tmp/ccfdZ3Du.ltrans7.ltrans.o
                0x000000000004c900                UnicodeStrToAsciiStrS.constprop.65
 .text.UnicodeValueToStringS.constprop.60
                0x000000000004caa8      0x180 /tmp/ccfdZ3Du.ltrans7.ltrans.o
                0x000000000004caa8                UnicodeValueToStringS.constprop.60
 .text.ShellCommandLineParseEx.constprop.56
                0x000000000004cc28       0xc4 /tmp/ccfdZ3Du.ltrans7.ltrans.o
                0x000000000004cc28                ShellCommandLineParseEx.constprop.56
 .text.ShellIsHexOrDecimalNumber.constprop.55
                0x000000000004ccec       0x30 /tmp/ccfdZ3Du.ltrans7.ltrans.o
                0x000000000004ccec                ShellIsHexOrDecimalNumber.constprop.55
 .text.SearchList.constprop.48
                0x000000000004cd1c      0x1b4 /tmp/ccfdZ3Du.ltrans7.ltrans.o
                0x000000000004cd1c                SearchList.constprop.48
 .text.ConvertHandleToHiiHandle.constprop.42
                0x000000000004ced0       0x94 /tmp/ccfdZ3Du.ltrans7.ltrans.o
                0x000000000004ced0                ConvertHandleToHiiHandle.constprop.42
 .text.StatusBarRefresh.constprop.39
                0x000000000004cf64      0x184 /tmp/ccfdZ3Du.ltrans7.ltrans.o
                0x000000000004cf64                StatusBarRefresh.constprop.39
 .text.ModU64x32.constprop.35
                0x000000000004d0e8        0x8 /tmp/ccfdZ3Du.ltrans7.ltrans.o
                0x000000000004d0e8                ModU64x32.constprop.35
 .text.MultU64x64.constprop.33
                0x000000000004d0f0        0x8 /tmp/ccfdZ3Du.ltrans7.ltrans.o
                0x000000000004d0f0                MultU64x64.constprop.33
 .text.IoWrite64.constprop.32
                0x000000000004d0f8       0x38 /tmp/ccfdZ3Du.ltrans7.ltrans.o
                0x000000000004d0f8                IoWrite64.constprop.32
 .text.IoRead64.constprop.31
                0x000000000004d130       0x38 /tmp/ccfdZ3Du.ltrans7.ltrans.o
                0x000000000004d130                IoRead64.constprop.31
 .text.IoWrite32.constprop.30
                0x000000000004d168       0x44 /tmp/ccfdZ3Du.ltrans7.ltrans.o
                0x000000000004d168                IoWrite32.constprop.30
 .text.IoRead32.constprop.29
                0x000000000004d1ac       0x38 /tmp/ccfdZ3Du.ltrans7.ltrans.o
                0x000000000004d1ac                IoRead32.constprop.29
 .text.IoWrite16.constprop.28
                0x000000000004d1e4       0x44 /tmp/ccfdZ3Du.ltrans7.ltrans.o
                0x000000000004d1e4                IoWrite16.constprop.28
 .text.IoRead16.constprop.27
                0x000000000004d228       0x38 /tmp/ccfdZ3Du.ltrans7.ltrans.o
                0x000000000004d228                IoRead16.constprop.27
 .text.IoWrite8.constprop.26
                0x000000000004d260       0x44 /tmp/ccfdZ3Du.ltrans7.ltrans.o
                0x000000000004d260                IoWrite8.constprop.26
 .text.IoRead8.constprop.25
                0x000000000004d2a4       0x38 /tmp/ccfdZ3Du.ltrans7.ltrans.o
                0x000000000004d2a4                IoRead8.constprop.25
 .text.QueryTable.constprop.16
                0x000000000004d2dc       0xb4 /tmp/ccfdZ3Du.ltrans7.ltrans.o
                0x000000000004d2dc                QueryTable.constprop.16
 .text.NetLibDetectMediaWaitTimeout.constprop.5
                0x000000000004d390       0xf8 /tmp/ccfdZ3Du.ltrans7.ltrans.o
                0x000000000004d390                NetLibDetectMediaWaitTimeout.constprop.5
 .text.DivU64x64Remainder.constprop.4
                0x000000000004d488       0x4c /tmp/ccfdZ3Du.ltrans7.ltrans.o
                0x000000000004d488                DivU64x64Remainder.constprop.4
 .text.NetLibStrToIp6
                0x000000000004d4d4       0x44 /tmp/ccfdZ3Du.ltrans7.ltrans.o
                0x000000000004d4d4                NetLibStrToIp6
 .text.NetLibStrToIp4
                0x000000000004d518       0x44 /tmp/ccfdZ3Du.ltrans7.ltrans.o
                0x000000000004d518                NetLibStrToIp4
 .text.NetIp6IsLinkLocalAddr
                0x000000000004d55c       0x80 /tmp/ccfdZ3Du.ltrans7.ltrans.o
                0x000000000004d55c                NetIp6IsLinkLocalAddr
 .text.NetIp6IsUnspecifiedAddr
                0x000000000004d5dc       0x68 /tmp/ccfdZ3Du.ltrans7.ltrans.o
                0x000000000004d5dc                NetIp6IsUnspecifiedAddr
 .text.BcfgLibraryRegisterBcfgCommand.part.2
                0x000000000004d644       0x84 /tmp/ccfdZ3Du.ltrans7.ltrans.o
                0x000000000004d644                BcfgLibraryRegisterBcfgCommand.part.2
 .text.PeCoffLoaderGetPdbPointer
                0x000000000004d6c8      0x1b8 /tmp/ccfdZ3Du.ltrans7.ltrans.o
                0x000000000004d6c8                PeCoffLoaderGetPdbPointer
 .text.EfiGetNameGuidFromFwVolDevicePathNode
                0x000000000004d880       0x78 /tmp/ccfdZ3Du.ltrans7.ltrans.o
                0x000000000004d880                EfiGetNameGuidFromFwVolDevicePathNode
 .text.CatSPrint
                0x000000000004d8f8       0x74 /tmp/ccfdZ3Du.ltrans7.ltrans.o
                0x000000000004d8f8                CatSPrint
 .text.CatSDumpHex.constprop.54
                0x000000000004d96c      0x124 /tmp/ccfdZ3Du.ltrans7.ltrans.o
                0x000000000004d96c                CatSDumpHex.constprop.54
 .text.HBufferImageSave.constprop.34
                0x000000000004da90      0x490 /tmp/ccfdZ3Du.ltrans7.ltrans.o
                0x000000000004da90                HBufferImageSave.constprop.34
 .text.Print    0x000000000004df20      0x180 /tmp/ccfdZ3Du.ltrans7.ltrans.o
                0x000000000004df20                Print
 .text.DisplaySELSysManagementTypes.constprop.14
                0x000000000004e0a0       0xc0 /tmp/ccfdZ3Du.ltrans7.ltrans.o
                0x000000000004e0a0                DisplaySELSysManagementTypes.constprop.14
 .text.ShellCommandRunBcfg
                0x000000000004e160     0x2294 /tmp/ccfdZ3Du.ltrans7.ltrans.o
 .text.SerialPortWrite
                0x00000000000503f4      0x314 /tmp/ccfdZ3Du.ltrans7.ltrans.o
                0x00000000000503f4                SerialPortWrite
 .text.InternalSafeStringNoStrOverlap
                0x0000000000050708       0x3c /tmp/ccfdZ3Du.ltrans8.ltrans.o
 .text.FileBasedSimpleTextOutTestString
                0x0000000000050744        0x8 /tmp/ccfdZ3Du.ltrans8.ltrans.o
                0x0000000000050744                FileBasedSimpleTextOutTestString
 .text.FileBasedSimpleTextOutQueryMode
                0x000000000005074c        0xc /tmp/ccfdZ3Du.ltrans8.ltrans.o
 .text.FileBasedSimpleTextOutSetAttribute
                0x0000000000050758        0x8 /tmp/ccfdZ3Du.ltrans8.ltrans.o
 .text.FileBasedSimpleTextOutSetCursorPosition
                0x0000000000050760        0x8 /tmp/ccfdZ3Du.ltrans8.ltrans.o
 .text.FileBasedSimpleTextInReset
                0x0000000000050768        0x8 /tmp/ccfdZ3Du.ltrans8.ltrans.o
 .text.FileBasedSimpleTextOutEnableCursor
                0x0000000000050770        0x8 /tmp/ccfdZ3Du.ltrans8.ltrans.o
 .text.FileInterfaceNopGeneric
                0x0000000000050778        0x8 /tmp/ccfdZ3Du.ltrans8.ltrans.o
                0x0000000000050778                FileInterfaceNopGeneric
 .text.FileBasedSimpleTextOutClearScreen
                0x0000000000050780        0x8 /tmp/ccfdZ3Du.ltrans8.ltrans.o
 .text.FileInterfaceNopSetPosition
                0x0000000000050788        0x8 /tmp/ccfdZ3Du.ltrans8.ltrans.o
                0x0000000000050788                FileInterfaceNopSetPosition
 .text.FileBasedSimpleTextOutSetMode
                0x0000000000050790        0x8 /tmp/ccfdZ3Du.ltrans8.ltrans.o
 .text.FileBasedSimpleTextOutReset
                0x0000000000050798        0x8 /tmp/ccfdZ3Du.ltrans8.ltrans.o
 .text.ConInWaitForKey
                0x00000000000507a0       0x10 /tmp/ccfdZ3Du.ltrans8.ltrans.o
 .text.FileBasedSimpleTextInReadKeyStroke
                0x00000000000507b0       0x80 /tmp/ccfdZ3Du.ltrans8.ltrans.o
 .text.FileInterfaceFileOpen
                0x0000000000050830        0xc /tmp/ccfdZ3Du.ltrans8.ltrans.o
                0x0000000000050830                FileInterfaceFileOpen
 .text.FileInterfaceFileFlush
                0x000000000005083c        0xc /tmp/ccfdZ3Du.ltrans8.ltrans.o
                0x000000000005083c                FileInterfaceFileFlush
 .text.FileInterfaceFileSetInfo
                0x0000000000050848        0xc /tmp/ccfdZ3Du.ltrans8.ltrans.o
                0x0000000000050848                FileInterfaceFileSetInfo
 .text.FileInterfaceFileGetInfo
                0x0000000000050854        0xc /tmp/ccfdZ3Du.ltrans8.ltrans.o
                0x0000000000050854                FileInterfaceFileGetInfo
 .text.FileInterfaceFileGetPosition
                0x0000000000050860        0xc /tmp/ccfdZ3Du.ltrans8.ltrans.o
                0x0000000000050860                FileInterfaceFileGetPosition
 .text.FileInterfaceFileSetPosition
                0x000000000005086c        0xc /tmp/ccfdZ3Du.ltrans8.ltrans.o
                0x000000000005086c                FileInterfaceFileSetPosition
 .text.FileInterfaceOpenNotFound
                0x0000000000050878        0xc /tmp/ccfdZ3Du.ltrans8.ltrans.o
                0x0000000000050878                FileInterfaceOpenNotFound
 .text.FileInterfaceMemGetPosition
                0x0000000000050884       0x10 /tmp/ccfdZ3Du.ltrans8.ltrans.o
 .text.FileInterfaceMemSetPosition
                0x0000000000050894       0x24 /tmp/ccfdZ3Du.ltrans8.ltrans.o
 .text.FileInterfaceNopSetInfo
                0x00000000000508b8        0x8 /tmp/ccfdZ3Du.ltrans8.ltrans.o
                0x00000000000508b8                FileInterfaceNopSetInfo
 .text.FileInterfaceNopGetPosition
                0x00000000000508c0        0x8 /tmp/ccfdZ3Du.ltrans8.ltrans.o
                0x00000000000508c0                FileInterfaceNopGetPosition
 .text.FileInterfaceNopGetInfo
                0x00000000000508c8        0x8 /tmp/ccfdZ3Du.ltrans8.ltrans.o
                0x00000000000508c8                FileInterfaceNopGetInfo
 .text.FileInterfaceEnvRead
                0x00000000000508d0       0x28 /tmp/ccfdZ3Du.ltrans8.ltrans.o
 .text.FileInterfaceNulWrite
                0x00000000000508f8        0x8 /tmp/ccfdZ3Du.ltrans8.ltrans.o
                0x00000000000508f8                FileInterfaceNulWrite
 .text.FileInterfaceNulRead
                0x0000000000050900        0xc /tmp/ccfdZ3Du.ltrans8.ltrans.o
                0x0000000000050900                FileInterfaceNulRead
 .text.FileInterfaceStdInWrite
                0x000000000005090c        0x8 /tmp/ccfdZ3Du.ltrans8.ltrans.o
                0x000000000005090c                FileInterfaceStdInWrite
 .text.FileInterfaceStdErrRead
                0x0000000000050914        0x8 /tmp/ccfdZ3Du.ltrans8.ltrans.o
                0x0000000000050914                FileInterfaceStdErrRead
 .text.FileInterfaceStdOutRead
                0x000000000005091c        0x8 /tmp/ccfdZ3Du.ltrans8.ltrans.o
                0x000000000005091c                FileInterfaceStdOutRead
 .text.FileInterfaceStdErrWrite
                0x0000000000050924       0x18 /tmp/ccfdZ3Du.ltrans8.ltrans.o
                0x0000000000050924                FileInterfaceStdErrWrite
 .text.FileInterfaceStdOutWrite
                0x000000000005093c       0x40 /tmp/ccfdZ3Du.ltrans8.ltrans.o
                0x000000000005093c                FileInterfaceStdOutWrite
 .text.NotificationFunction
                0x000000000005097c       0x9c /tmp/ccfdZ3Du.ltrans8.ltrans.o
                0x000000000005097c                NotificationFunction
 .text.ToLower  0x0000000000050a18       0x30 /tmp/ccfdZ3Du.ltrans8.ltrans.o
 .text.EfiShellIsRootShell
                0x0000000000050a48        0xc /tmp/ccfdZ3Du.ltrans8.ltrans.o
                0x0000000000050a48                EfiShellIsRootShell
 .text.EfiShellGetPageBreak
                0x0000000000050a54        0xc /tmp/ccfdZ3Du.ltrans8.ltrans.o
                0x0000000000050a54                EfiShellGetPageBreak
 .text.InternalBaseLibIsListValid
                0x0000000000050a60       0xb8 /tmp/ccfdZ3Du.ltrans8.ltrans.o
 .text.GetPreviousNode
                0x0000000000050b18       0x58 /tmp/ccfdZ3Du.ltrans8.ltrans.o
                0x0000000000050b18                GetPreviousNode
 .text.GetNextNode
                0x0000000000050b70       0x58 /tmp/ccfdZ3Du.ltrans8.ltrans.o
                0x0000000000050b70                GetNextNode
 .text.ConsoleLoggerEnableCursor
                0x0000000000050bc8       0x80 /tmp/ccfdZ3Du.ltrans8.ltrans.o
                0x0000000000050bc8                ConsoleLoggerEnableCursor
 .text.ConsoleLoggerSetCursorPosition
                0x0000000000050c48       0xa4 /tmp/ccfdZ3Du.ltrans8.ltrans.o
                0x0000000000050c48                ConsoleLoggerSetCursorPosition
 .text.ConsoleLoggerClearScreen
                0x0000000000050cec      0x100 /tmp/ccfdZ3Du.ltrans8.ltrans.o
                0x0000000000050cec                ConsoleLoggerClearScreen
 .text.ConsoleLoggerSetAttribute
                0x0000000000050dec       0x80 /tmp/ccfdZ3Du.ltrans8.ltrans.o
                0x0000000000050dec                ConsoleLoggerSetAttribute
 .text.ConsoleLoggerQueryMode
                0x0000000000050e6c       0x84 /tmp/ccfdZ3Du.ltrans8.ltrans.o
                0x0000000000050e6c                ConsoleLoggerQueryMode
 .text.ConsoleLoggerTestString
                0x0000000000050ef0       0x6c /tmp/ccfdZ3Du.ltrans8.ltrans.o
                0x0000000000050ef0                ConsoleLoggerTestString
 .text.FileInterfaceFileClose
                0x0000000000050f5c       0x38 /tmp/ccfdZ3Du.ltrans8.ltrans.o
                0x0000000000050f5c                FileInterfaceFileClose
 .text.FileInterfaceFileDelete
                0x0000000000050f94       0x38 /tmp/ccfdZ3Du.ltrans8.ltrans.o
                0x0000000000050f94                FileInterfaceFileDelete
 .text.FileInterfaceMemClose
                0x0000000000050fcc       0x38 /tmp/ccfdZ3Du.ltrans8.ltrans.o
 .text.EfiShellGetEnv
                0x0000000000051004        0x8 /tmp/ccfdZ3Du.ltrans8.ltrans.o
                0x0000000000051004                EfiShellGetEnv
 .text.PathRemoveLastItem
                0x000000000005100c       0x5c /tmp/ccfdZ3Du.ltrans8.ltrans.o
                0x000000000005100c                PathRemoveLastItem
 .text.AsciiStrLen
                0x0000000000051068       0xa0 /tmp/ccfdZ3Du.ltrans8.ltrans.o
                0x0000000000051068                AsciiStrLen
 .text.AsciiStrSize
                0x0000000000051108       0x18 /tmp/ccfdZ3Du.ltrans8.ltrans.o
 .text.AsciiStrnCmp
                0x0000000000051120       0xe4 /tmp/ccfdZ3Du.ltrans8.ltrans.o
                0x0000000000051120                AsciiStrnCmp
 .text.FileInterfaceFileWrite
                0x0000000000051204       0x9c /tmp/ccfdZ3Du.ltrans8.ltrans.o
                0x0000000000051204                FileInterfaceFileWrite
 .text.StrHexToUint64
                0x00000000000512a0       0x1c /tmp/ccfdZ3Du.ltrans8.ltrans.o
                0x00000000000512a0                StrHexToUint64
 .text.InternalIsHexaDecimalDigitCharacter
                0x00000000000512bc       0x34 /tmp/ccfdZ3Du.ltrans8.ltrans.o
                0x00000000000512bc                InternalIsHexaDecimalDigitCharacter
 .text.InternalHexCharToUintn
                0x00000000000512f0       0x40 /tmp/ccfdZ3Du.ltrans8.ltrans.o
                0x00000000000512f0                InternalHexCharToUintn
 .text.StrLen   0x0000000000051330       0xbc /tmp/ccfdZ3Du.ltrans8.ltrans.o
                0x0000000000051330                StrLen
 .text.StrSize  0x00000000000513ec       0x1c /tmp/ccfdZ3Du.ltrans8.ltrans.o
                0x00000000000513ec                StrSize
 .text.StrStr   0x0000000000051408       0xbc /tmp/ccfdZ3Du.ltrans8.ltrans.o
                0x0000000000051408                StrStr
 .text.StrnCmp  0x00000000000514c4       0xe4 /tmp/ccfdZ3Du.ltrans8.ltrans.o
                0x00000000000514c4                StrnCmp
 .text.StrCmp   0x00000000000515a8       0x98 /tmp/ccfdZ3Du.ltrans8.ltrans.o
                0x00000000000515a8                StrCmp
 .text.FileBasedSimpleTextOutOutputString
                0x0000000000051640       0x4c /tmp/ccfdZ3Du.ltrans8.ltrans.o
 .text.AsciiStrnLenS
                0x000000000005168c       0x3c /tmp/ccfdZ3Du.ltrans8.ltrans.o
                0x000000000005168c                AsciiStrnLenS
 .text.StrHexToBytes
                0x00000000000516c8      0x198 /tmp/ccfdZ3Du.ltrans8.ltrans.o
                0x00000000000516c8                StrHexToBytes
 .text.StrnLenS
                0x0000000000051860       0x7c /tmp/ccfdZ3Du.ltrans8.ltrans.o
                0x0000000000051860                StrnLenS
 .text.StrDecimalToUint64
                0x00000000000518dc      0x148 /tmp/ccfdZ3Du.ltrans8.ltrans.o
                0x00000000000518dc                StrDecimalToUint64
 .text.StrHexToUintnS
                0x0000000000051a24      0x1ac /tmp/ccfdZ3Du.ltrans8.ltrans.o
                0x0000000000051a24                StrHexToUintnS
 .text.StrHexToUintn
                0x0000000000051bd0       0x20 /tmp/ccfdZ3Du.ltrans8.ltrans.o
                0x0000000000051bd0                StrHexToUintn
 .text.StrDecimalToUintnS
                0x0000000000051bf0      0x178 /tmp/ccfdZ3Du.ltrans8.ltrans.o
                0x0000000000051bf0                StrDecimalToUintnS
 .text.StrDecimalToUintn
                0x0000000000051d68       0x20 /tmp/ccfdZ3Du.ltrans8.ltrans.o
                0x0000000000051d68                StrDecimalToUintn
 .text.StrnCatS
                0x0000000000051d88      0x26c /tmp/ccfdZ3Du.ltrans8.ltrans.o
                0x0000000000051d88                StrnCatS
 .text.StrCatS  0x0000000000051ff4      0x228 /tmp/ccfdZ3Du.ltrans8.ltrans.o
                0x0000000000051ff4                StrCatS
 .text.StrnCpyS
                0x000000000005221c      0x214 /tmp/ccfdZ3Du.ltrans8.ltrans.o
                0x000000000005221c                StrnCpyS
 .text.StrCpyS  0x0000000000052430      0x1cc /tmp/ccfdZ3Du.ltrans8.ltrans.o
                0x0000000000052430                StrCpyS
 .text.IsNull   0x00000000000525fc       0x5c /tmp/ccfdZ3Du.ltrans8.ltrans.o
                0x00000000000525fc                IsNull
 .text.IsNodeAtEnd
                0x0000000000052658       0x7c /tmp/ccfdZ3Du.ltrans8.ltrans.o
                0x0000000000052658                IsNodeAtEnd
 .text.IsListEmpty
                0x00000000000526d4       0x5c /tmp/ccfdZ3Du.ltrans8.ltrans.o
                0x00000000000526d4                IsListEmpty
 .text.RemoveEntryList
                0x0000000000052730       0x64 /tmp/ccfdZ3Du.ltrans8.ltrans.o
                0x0000000000052730                RemoveEntryList
 .text.EfiShellGetCurDir
                0x0000000000052794       0xd0 /tmp/ccfdZ3Du.ltrans8.ltrans.o
                0x0000000000052794                EfiShellGetCurDir
 .text.GetFirstNode
                0x0000000000052864       0x54 /tmp/ccfdZ3Du.ltrans8.ltrans.o
                0x0000000000052864                GetFirstNode
 .text.ShellRemvoeEnvVarFromList
                0x00000000000528b8       0xc0 /tmp/ccfdZ3Du.ltrans8.ltrans.o
 .text.EfiShellGetHelpText
                0x0000000000052978      0x27c /tmp/ccfdZ3Du.ltrans8.ltrans.o
                0x0000000000052978                EfiShellGetHelpText
 .text.InsertTailList
                0x0000000000052bf4       0x6c /tmp/ccfdZ3Du.ltrans8.ltrans.o
                0x0000000000052bf4                InsertTailList
 .text.ShellAddEnvVarToList
                0x0000000000052c60      0x11c /tmp/ccfdZ3Du.ltrans8.ltrans.o
 .text.InsertHeadList
                0x0000000000052d7c       0x68 /tmp/ccfdZ3Du.ltrans8.ltrans.o
                0x0000000000052d7c                InsertHeadList
 .text.SwapListEntries
                0x0000000000052de4       0xc0 /tmp/ccfdZ3Du.ltrans8.ltrans.o
                0x0000000000052de4                SwapListEntries
 .text.InitializeListHead
                0x0000000000052ea4       0x4c /tmp/ccfdZ3Du.ltrans8.ltrans.o
                0x0000000000052ea4                InitializeListHead
 .text.LShiftU64
                0x0000000000052ef0        0x8 /tmp/ccfdZ3Du.ltrans8.ltrans.o
                0x0000000000052ef0                LShiftU64
 .text.InternalMemSetMem
                0x0000000000052ef8      0x108 /tmp/ccfdZ3Du.ltrans8.ltrans.o
 .text.CompareGuid
                0x0000000000053000       0x5c /tmp/ccfdZ3Du.ltrans8.ltrans.o
                0x0000000000053000                CompareGuid
 .text.EfiShellGetAlias
                0x000000000005305c      0x28c /tmp/ccfdZ3Du.ltrans8.ltrans.o
                0x000000000005305c                EfiShellGetAlias
 .text.CopyGuid
                0x00000000000532e8       0x4c /tmp/ccfdZ3Du.ltrans8.ltrans.o
                0x00000000000532e8                CopyGuid
 .text.StrToGuid
                0x0000000000053334      0x17c /tmp/ccfdZ3Du.ltrans8.ltrans.o
                0x0000000000053334                StrToGuid
 .text.CopyMem  0x00000000000534b0      0x2a8 /tmp/ccfdZ3Du.ltrans8.ltrans.o
                0x00000000000534b0                CopyMem
 .text.FileInterfaceFileRead
                0x0000000000053758      0x104 /tmp/ccfdZ3Du.ltrans8.ltrans.o
                0x0000000000053758                FileInterfaceFileRead
 .text.FileInterfaceMemRead
                0x000000000005385c       0x64 /tmp/ccfdZ3Du.ltrans8.ltrans.o
 .text.FileInterfaceMemWrite
                0x00000000000538c0      0x168 /tmp/ccfdZ3Du.ltrans8.ltrans.o
 .text.FileInterfaceEnvVolWrite
                0x0000000000053a28      0x188 /tmp/ccfdZ3Du.ltrans8.ltrans.o
 .text.FileInterfaceEnvNonVolWrite
                0x0000000000053bb0      0x188 /tmp/ccfdZ3Du.ltrans8.ltrans.o
 .text.SetMem   0x0000000000053d38       0x74 /tmp/ccfdZ3Du.ltrans8.ltrans.o
                0x0000000000053d38                SetMem
 .text.SetMem16
                0x0000000000053dac       0xd4 /tmp/ccfdZ3Du.ltrans8.ltrans.o
                0x0000000000053dac                SetMem16
 .text.AppendStringToHistory
                0x0000000000053e80      0x334 /tmp/ccfdZ3Du.ltrans8.ltrans.o
 .text.ConsoleLoggerOutputStringSplit
                0x00000000000541b4       0x48 /tmp/ccfdZ3Du.ltrans8.ltrans.o
 .text.ConsoleLoggerOutputString
                0x00000000000541fc      0x45c /tmp/ccfdZ3Du.ltrans8.ltrans.o
                0x00000000000541fc                ConsoleLoggerOutputString
 .text.ZeroMem  0x0000000000054658       0x80 /tmp/ccfdZ3Du.ltrans8.ltrans.o
                0x0000000000054658                ZeroMem
 .text.FileInterfaceMemGetInfo
                0x00000000000546d8       0x94 /tmp/ccfdZ3Du.ltrans8.ltrans.o
 .text.CloseSimpleTextOutOnFile
                0x000000000005476c       0x64 /tmp/ccfdZ3Du.ltrans8.ltrans.o
                0x000000000005476c                CloseSimpleTextOutOnFile
 .text.unlikely.CreateSimpleTextOutOnFile
                0x00000000000547d0      0x184 /tmp/ccfdZ3Du.ltrans8.ltrans.o
                0x00000000000547d0                CreateSimpleTextOutOnFile
 .text.CloseSimpleTextInOnFile
                0x0000000000054954       0x80 /tmp/ccfdZ3Du.ltrans8.ltrans.o
                0x0000000000054954                CloseSimpleTextInOnFile
 .text.CreateSimpleTextInOnFile
                0x00000000000549d4       0xfc /tmp/ccfdZ3Du.ltrans8.ltrans.o
                0x00000000000549d4                CreateSimpleTextInOnFile
 .text.ConsoleLoggerResetBuffers
                0x0000000000054ad0       0xdc /tmp/ccfdZ3Du.ltrans8.ltrans.o
                0x0000000000054ad0                ConsoleLoggerResetBuffers
 .text.ConsoleLoggerSetMode
                0x0000000000054bac       0xa8 /tmp/ccfdZ3Du.ltrans8.ltrans.o
                0x0000000000054bac                ConsoleLoggerSetMode
 .text.ConsoleLoggerReset
                0x0000000000054c54       0x94 /tmp/ccfdZ3Du.ltrans8.ltrans.o
                0x0000000000054c54                ConsoleLoggerReset
 .text.UpdateDisplayFromHistory
                0x0000000000054ce8      0x270 /tmp/ccfdZ3Du.ltrans8.ltrans.o
                0x0000000000054ce8                UpdateDisplayFromHistory
 .text.FileInterfaceStdInRead
                0x0000000000054f58      0xd28 /tmp/ccfdZ3Du.ltrans8.ltrans.o
                0x0000000000054f58                FileInterfaceStdInRead
 .text.ManFileFindSections
                0x0000000000055c80      0x208 /tmp/ccfdZ3Du.ltrans8.ltrans.o
                0x0000000000055c80                ManFileFindSections
 .text.FreeEnvironmentVariableList
                0x0000000000055e88       0xe4 /tmp/ccfdZ3Du.ltrans8.ltrans.o
                0x0000000000055e88                FreeEnvironmentVariableList
 .text.GetEnvironmentVariableList
                0x0000000000055f6c      0x270 /tmp/ccfdZ3Du.ltrans8.ltrans.o
                0x0000000000055f6c                GetEnvironmentVariableList
 .text.SetEnvironmentVariableList
                0x00000000000561dc      0x24c /tmp/ccfdZ3Du.ltrans8.ltrans.o
                0x00000000000561dc                SetEnvironmentVariableList
 .text.SetEnvironmentVariables.part.1
                0x0000000000056428      0x1e4 /tmp/ccfdZ3Du.ltrans8.ltrans.o
                0x0000000000056428                SetEnvironmentVariables.part.1
 .text.IsVolatileEnv
                0x000000000005660c       0xf8 /tmp/ccfdZ3Du.ltrans8.ltrans.o
                0x000000000005660c                IsVolatileEnv
 .text.FileInterfaceEnvClose
                0x0000000000056704      0x1a8 /tmp/ccfdZ3Du.ltrans8.ltrans.o
 .text.FileInterfaceEnvDelete
                0x00000000000568ac       0x48 /tmp/ccfdZ3Du.ltrans8.ltrans.o
 .text.CreateFileInterfaceMem
                0x00000000000568f4      0x14c /tmp/ccfdZ3Du.ltrans8.ltrans.o
                0x00000000000568f4                CreateFileInterfaceMem
 .text.CreateFileInterfaceEnv
                0x0000000000056a40      0x100 /tmp/ccfdZ3Du.ltrans8.ltrans.o
                0x0000000000056a40                CreateFileInterfaceEnv