Archive member included to satisfy reference by file (symbol)

/home/vsts/work/1/edk2/Build/Lumia950XL-AARCH64/DEBUG_GCC5/AARCH64/ArmPkg/Library/CompilerIntrinsicsLib/CompilerIntrinsicsLib/OUTPUT/CompilerIntrinsicsLib.lib(memcpy.obj)
                              /home/vsts/work/1/edk2/ArmPkg/Library/GccLto/liblto-aarch64.a (memcpy)
/home/vsts/work/1/edk2/Build/Lumia950XL-AARCH64/DEBUG_GCC5/AARCH64/ArmPkg/Library/CompilerIntrinsicsLib/CompilerIntrinsicsLib/OUTPUT/CompilerIntrinsicsLib.lib(memset.obj)
                              /home/vsts/work/1/edk2/ArmPkg/Library/GccLto/liblto-aarch64.a (memset)
/home/vsts/work/1/edk2/Build/Lumia950XL-AARCH64/DEBUG_GCC5/AARCH64/MdePkg/Library/UefiApplicationEntryPoint/UefiApplicationEntryPoint/OUTPUT/UefiApplicationEntryPoint.lib(ApplicationEntryPoint.obj)
                              (_ModuleEntryPoint)
/home/vsts/work/1/edk2/Build/Lumia950XL-AARCH64/DEBUG_GCC5/AARCH64/Lumia950XLPkg/Application/BdsMenuApp/BdsMenuApp/OUTPUT/UiApp.lib(AutoGen.obj)
                              ApplicationEntryPoint.obj (symbol from plugin) (ProcessLibraryConstructorList)
/home/vsts/work/1/edk2/Build/Lumia950XL-AARCH64/DEBUG_GCC5/AARCH64/Lumia950XLPkg/Application/BdsMenuApp/BdsMenuApp/OUTPUT/UiApp.lib(BootApp.obj)
                              AutoGen.obj (symbol from plugin) (InitializeUserInterface)
/home/vsts/work/1/edk2/Build/Lumia950XL-AARCH64/DEBUG_GCC5/AARCH64/Lumia950XLPkg/Application/BdsMenuApp/BdsMenuApp/OUTPUT/UiApp.lib(Touch.obj)
                              BootApp.obj (symbol from plugin) (EfiTouchScreenInit)
/home/vsts/work/1/edk2/Build/Lumia950XL-AARCH64/DEBUG_GCC5/AARCH64/Lumia950XLPkg/Application/BdsMenuApp/BdsMenuApp/OUTPUT/UiApp.lib(GopBlt.obj)
                              BootApp.obj (symbol from plugin) (GopDisplayInit)
/home/vsts/work/1/edk2/Build/Lumia950XL-AARCH64/DEBUG_GCC5/AARCH64/Lumia950XLPkg/Application/BdsMenuApp/BdsMenuApp/OUTPUT/UiApp.lib(SystemInfo.obj)
                              BootApp.obj (symbol from plugin) (SystemInfoEntry)
/home/vsts/work/1/edk2/Build/Lumia950XL-AARCH64/DEBUG_GCC5/AARCH64/MdePkg/Library/BaseLib/BaseLib/OUTPUT/BaseLib.lib(MultU64x32.obj)
                              BootApp.obj (symbol from plugin) (MultU64x32)
/home/vsts/work/1/edk2/Build/Lumia950XL-AARCH64/DEBUG_GCC5/AARCH64/MdePkg/Library/BaseLib/BaseLib/OUTPUT/BaseLib.lib(SafeString.obj)
                              SystemInfo.obj (symbol from plugin) (UnicodeStrToAsciiStrS)
/home/vsts/work/1/edk2/Build/Lumia950XL-AARCH64/DEBUG_GCC5/AARCH64/MdePkg/Library/BaseLib/BaseLib/OUTPUT/BaseLib.lib(String.obj)
                              SafeString.obj (symbol from plugin) (InternalIsDecimalDigitCharacter)
/home/vsts/work/1/edk2/Build/Lumia950XL-AARCH64/DEBUG_GCC5/AARCH64/MdePkg/Library/BaseLib/BaseLib/OUTPUT/BaseLib.lib(Math64.obj)
                              MultU64x32.obj (symbol from plugin) (InternalMathMultU64x32)
/home/vsts/work/1/edk2/Build/Lumia950XL-AARCH64/DEBUG_GCC5/AARCH64/MdePkg/Library/BaseLib/BaseLib/OUTPUT/BaseLib.lib(SwapBytes32.obj)
                              SafeString.obj (symbol from plugin) (SwapBytes32)
/home/vsts/work/1/edk2/Build/Lumia950XL-AARCH64/DEBUG_GCC5/AARCH64/MdePkg/Library/BaseLib/BaseLib/OUTPUT/BaseLib.lib(SwapBytes16.obj)
                              SafeString.obj (symbol from plugin) (SwapBytes16)
/home/vsts/work/1/edk2/Build/Lumia950XL-AARCH64/DEBUG_GCC5/AARCH64/MdePkg/Library/BaseLib/BaseLib/OUTPUT/BaseLib.lib(RShiftU64.obj)
                              SafeString.obj (symbol from plugin) (RShiftU64)
/home/vsts/work/1/edk2/Build/Lumia950XL-AARCH64/DEBUG_GCC5/AARCH64/MdePkg/Library/BaseLib/BaseLib/OUTPUT/BaseLib.lib(LShiftU64.obj)
                              SafeString.obj (symbol from plugin) (LShiftU64)
/home/vsts/work/1/edk2/Build/Lumia950XL-AARCH64/DEBUG_GCC5/AARCH64/MdePkg/Library/BaseLib/BaseLib/OUTPUT/BaseLib.lib(DivU64x32.obj)
                              SafeString.obj (symbol from plugin) (DivU64x32)
/home/vsts/work/1/edk2/Build/Lumia950XL-AARCH64/DEBUG_GCC5/AARCH64/MdePkg/Library/BasePrintLib/BasePrintLib/OUTPUT/BasePrintLib.lib(PrintLib.obj)
                              SystemInfo.obj (symbol from plugin) (UnicodeSPrint)
/home/vsts/work/1/edk2/Build/Lumia950XL-AARCH64/DEBUG_GCC5/AARCH64/MdePkg/Library/BasePrintLib/BasePrintLib/OUTPUT/BasePrintLib.lib(PrintLibInternal.obj)
                              PrintLib.obj (symbol from plugin) (BasePrintLibConvertValueToString)
/home/vsts/work/1/edk2/Build/Lumia950XL-AARCH64/DEBUG_GCC5/AARCH64/MdePkg/Library/BaseDebugLibSerialPort/BaseDebugLibSerialPort/OUTPUT/BaseDebugLibSerialPort.lib(DebugLib.obj)
                              AutoGen.obj (symbol from plugin) (BaseDebugLibSerialPortConstructor)
/home/vsts/work/1/edk2/Build/Lumia950XL-AARCH64/DEBUG_GCC5/AARCH64/MdePkg/Library/UefiBootServicesTableLib/UefiBootServicesTableLib/OUTPUT/UefiBootServicesTableLib.lib(UefiBootServicesTableLib.obj)
[...]
Memory Configuration

Name             Origin             Length             Attributes
*default*        0x0000000000000000 0xffffffffffffffff

Linker script and memory map

LOAD /home/vsts/work/1/edk2/ArmPkg/Library/GccLto/liblto-aarch64.a
LOAD /tmp/ccgdRr0t.ltrans0.ltrans.o
LOAD /tmp/ccgdRr0t.ltrans1.ltrans.o
LOAD /tmp/ccgdRr0t.ltrans2.ltrans.o
LOAD /tmp/ccgdRr0t.ltrans3.ltrans.o
LOAD /tmp/ccgdRr0t.ltrans4.ltrans.o
START GROUP
LOAD /home/vsts/work/1/edk2/Build/Lumia950XL-AARCH64/DEBUG_GCC5/AARCH64/MdePkg/Library/DxePcdLib/DxePcdLib/OUTPUT/DxePcdLib.lib
LOAD /home/vsts/work/1/edk2/Build/Lumia950XL-AARCH64/DEBUG_GCC5/AARCH64/MdePkg/Library/BaseMemoryLib/BaseMemoryLib/OUTPUT/BaseMemoryLib.lib
LOAD /home/vsts/work/1/edk2/Build/Lumia950XL-AARCH64/DEBUG_GCC5/AARCH64/MdePkg/Library/BaseLib/BaseLib/OUTPUT/BaseLib.lib
LOAD /home/vsts/work/1/edk2/Build/Lumia950XL-AARCH64/DEBUG_GCC5/AARCH64/ArmPkg/Library/ArmLib/ArmBaseLib/OUTPUT/ArmBaseLib.lib
LOAD /home/vsts/work/1/edk2/Build/Lumia950XL-AARCH64/DEBUG_GCC5/AARCH64/ArmPkg/Library/CompilerIntrinsicsLib/CompilerIntrinsicsLib/OUTPUT/CompilerIntrinsicsLib.lib
LOAD /home/vsts/work/1/edk2/Build/Lumia950XL-AARCH64/DEBUG_GCC5/AARCH64/ArmPkg/Library/ArmCacheMaintenanceLib/ArmCacheMaintenanceLib/OUTPUT/ArmCacheMaintenanceLib.lib
LOAD /home/vsts/work/1/edk2/Build/Lumia950XL-AARCH64/DEBUG_GCC5/AARCH64/MdePkg/Library/BaseIoLibIntrinsic/BaseIoLibIntrinsic/OUTPUT/BaseIoLibIntrinsic.lib
LOAD /home/vsts/work/1/edk2/Build/Lumia950XL-AARCH64/DEBUG_GCC5/AARCH64/MdePkg/Library/BaseDebugPrintErrorLevelLib/BaseDebugPrintErrorLevelLib/OUTPUT/BaseDebugPrintErrorLevelLib.lib
LOAD /home/vsts/work/1/edk2/Build/Lumia950XL-AARCH64/DEBUG_GCC5/AARCH64/Lumia950XLPkg/Library/FrameBufferSerialPortLib/FrameBufferSerialPortLib/OUTPUT/FrameBufferSerialPortLib.lib
LOAD /home/vsts/work/1/edk2/Build/Lumia950XL-AARCH64/DEBUG_GCC5/AARCH64/MdePkg/Library/BasePrintLib/BasePrintLib/OUTPUT/BasePrintLib.lib
LOAD /home/vsts/work/1/edk2/Build/Lumia950XL-AARCH64/DEBUG_GCC5/AARCH64/MdePkg/Library/BaseDebugLibSerialPort/BaseDebugLibSerialPort/OUTPUT/BaseDebugLibSerialPort.lib
LOAD /home/vsts/work/1/edk2/Build/Lumia950XL-AARCH64/DEBUG_GCC5/AARCH64/MdePkg/Library/UefiMemoryAllocationLib/UefiMemoryAllocationLib/OUTPUT/UefiMemoryAllocationLib.lib
LOAD /home/vsts/work/1/edk2/Build/Lumia950XL-AARCH64/DEBUG_GCC5/AARCH64/MdePkg/Library/UefiBootServicesTableLib/UefiBootServicesTableLib/OUTPUT/UefiBootServicesTableLib.lib
LOAD /home/vsts/work/1/edk2/Build/Lumia950XL-AARCH64/DEBUG_GCC5/AARCH64/MdePkg/Library/UefiRuntimeServicesTableLib/UefiRuntimeServicesTableLib/OUTPUT/UefiRuntimeServicesTableLib.lib
LOAD /home/vsts/work/1/edk2/Build/Lumia950XL-AARCH64/DEBUG_GCC5/AARCH64/MdePkg/Library/UefiDevicePathLib/UefiDevicePathLib/OUTPUT/UefiDevicePathLib.lib
LOAD /home/vsts/work/1/edk2/Build/Lumia950XL-AARCH64/DEBUG_GCC5/AARCH64/MdePkg/Library/UefiLib/UefiLib/OUTPUT/UefiLib.lib
LOAD /home/vsts/work/1/edk2/Build/Lumia950XL-AARCH64/DEBUG_GCC5/AARCH64/MdePkg/Library/DxeHobLib/DxeHobLib/OUTPUT/DxeHobLib.lib
LOAD /home/vsts/work/1/edk2/Build/Lumia950XL-AARCH64/DEBUG_GCC5/AARCH64/MdeModulePkg/Library/UefiHiiServicesLib/UefiHiiServicesLib/OUTPUT/UefiHiiServicesLib.lib
LOAD /home/vsts/work/1/edk2/Build/Lumia950XL-AARCH64/DEBUG_GCC5/AARCH64/ArmPkg/Library/ArmGenericTimerPhyCounterLib/ArmGenericTimerPhyCounterLib/OUTPUT/ArmGenericTimerPhyCounterLib.lib
LOAD /home/vsts/work/1/edk2/Build/Lumia950XL-AARCH64/DEBUG_GCC5/AARCH64/MdeModulePkg/Library/UefiSortLib/UefiSortLib/OUTPUT/UefiSortLib.lib
LOAD /home/vsts/work/1/edk2/Build/Lumia950XL-AARCH64/DEBUG_GCC5/AARCH64/MdePkg/Library/DxeServicesLib/DxeServicesLib/OUTPUT/DxeServicesLib.lib
LOAD /home/vsts/work/1/edk2/Build/Lumia950XL-AARCH64/DEBUG_GCC5/AARCH64/MdePkg/Library/DxeServicesTableLib/DxeServicesTableLib/OUTPUT/DxeServicesTableLib.lib
LOAD /home/vsts/work/1/edk2/Build/Lumia950XL-AARCH64/DEBUG_GCC5/AARCH64/MdePkg/Library/BasePeCoffGetEntryPointLib/BasePeCoffGetEntryPointLib/OUTPUT/BasePeCoffGetEntryPointLib.lib
LOAD /home/vsts/work/1/edk2/Build/Lumia950XL-AARCH64/DEBUG_GCC5/AARCH64/MdeModulePkg/Library/DxePerformanceLib/DxePerformanceLib/OUTPUT/DxePerformanceLib.lib
LOAD /home/vsts/work/1/edk2/Build/Lumia950XL-AARCH64/DEBUG_GCC5/AARCH64/MdeModulePkg/Library/UefiHiiLib/UefiHiiLib/OUTPUT/UefiHiiLib.lib
LOAD /home/vsts/work/1/edk2/Build/Lumia950XL-AARCH64/DEBUG_GCC5/AARCH64/MdeModulePkg/Library/DxeReportStatusCodeLib/DxeReportStatusCodeLib/OUTPUT/DxeReportStatusCodeLib.lib
LOAD /home/vsts/work/1/edk2/Build/Lumia950XL-AARCH64/DEBUG_GCC5/AARCH64/ArmPkg/Library/ArmArchTimerLib/ArmArchTimerLib/OUTPUT/ArmArchTimerLib.lib
LOAD /home/vsts/work/1/edk2/Build/Lumia950XL-AARCH64/DEBUG_GCC5/AARCH64/MdeModulePkg/Library/UefiBootManagerLib/UefiBootManagerLib/OUTPUT/UefiBootManagerLib.lib
LOAD /home/vsts/work/1/edk2/Build/Lumia950XL-AARCH64/DEBUG_GCC5/AARCH64/MdeModulePkg/Library/FileExplorerLib/FileExplorerLib/OUTPUT/FileExplorerLib.lib
LOAD /home/vsts/work/1/edk2/Build/Lumia950XL-AARCH64/DEBUG_GCC5/AARCH64/MdePkg/Library/UefiApplicationEntryPoint/UefiApplicationEntryPoint/OUTPUT/UefiApplicationEntryPoint.lib
LOAD /home/vsts/work/1/edk2/Build/Lumia950XL-AARCH64/DEBUG_GCC5/AARCH64/Lumia950XLPkg/Library/LittleVglLib/LittleVglLib/OUTPUT/LittleVglLib.lib
LOAD /home/vsts/work/1/edk2/Build/Lumia950XL-AARCH64/DEBUG_GCC5/AARCH64/MdeModulePkg/Library/DeviceManagerUiLib/DeviceManagerUiLib/OUTPUT/DeviceManagerUiLib.lib
LOAD /home/vsts/work/1/edk2/Build/Lumia950XL-AARCH64/DEBUG_GCC5/AARCH64/MdeModulePkg/Library/BootManagerUiLib/BootManagerUiLib/OUTPUT/BootManagerUiLib.lib
LOAD /home/vsts/work/1/edk2/Build/Lumia950XL-AARCH64/DEBUG_GCC5/AARCH64/MdeModulePkg/Library/BootMaintenanceManagerUiLib/BootMaintenanceManagerUiLib/OUTPUT/BootMaintenanceManagerUiLib.lib
LOAD /home/vsts/work/1/edk2/Build/Lumia950XL-AARCH64/DEBUG_GCC5/AARCH64/Lumia950XLPkg/Application/BdsMenuApp/BdsMenuApp/OUTPUT/UiApp.lib
END GROUP
                0x0000000000000228                . = PECOFF_HEADER_SIZE

.text           0x0000000000001000    0xa3110
 *(.text .text.* .stub .gnu.linkonce.t.*)
 .text.lv_flush_ready
                0x0000000000001000       0x10 /tmp/ccgdRr0t.ltrans0.ltrans.o
 .text.lv_scr_act
                0x0000000000001010        0xc /tmp/ccgdRr0t.ltrans0.ltrans.o
                0x0000000000001010                lv_scr_act
 .text.LibRouteConfig
                0x000000000000101c       0x24 /tmp/ccgdRr0t.ltrans0.ltrans.o
                0x000000000000101c                LibRouteConfig
 .text.LibExtractConfig
                0x0000000000001040       0x24 /tmp/ccgdRr0t.ltrans0.ltrans.o
                0x0000000000001040                LibExtractConfig
 .text.BmEliminateExtraSpaces
                0x0000000000001064       0x44 /tmp/ccgdRr0t.ltrans0.ltrans.o
 .text.EfiEventEmptyFunction
                0x00000000000010a8        0x4 /tmp/ccgdRr0t.ltrans0.ltrans.o
 .text.DebugCodeEnabled
                0x00000000000010ac        0x8 /tmp/ccgdRr0t.ltrans0.ltrans.o
 .text.MultU64x32
                0x00000000000010b4        0xc /tmp/ccgdRr0t.ltrans0.ltrans.o
 .text.EfiGopBltFlush.lto_priv.129
                0x00000000000010c0       0x5c /tmp/ccgdRr0t.ltrans0.ltrans.o
                0x00000000000010c0                EfiGopBltFlush.lto_priv.129
 .text.EfiTouchScreenRead
                0x000000000000111c       0xd8 /tmp/ccgdRr0t.ltrans0.ltrans.o
 .text.EfiKeyRead
                0x00000000000011f4       0x30 /tmp/ccgdRr0t.ltrans0.ltrans.o
 .text.reset_action
                0x0000000000001224       0x34 /tmp/ccgdRr0t.ltrans0.ltrans.o
 .text.power_off_action
                0x0000000000001258       0x34 /tmp/ccgdRr0t.ltrans0.ltrans.o
 .text.continue_bds_action
                0x000000000000128c        0x8 /tmp/ccgdRr0t.ltrans0.ltrans.o
 .text.refresh_childen_position
                0x0000000000001294       0x9c /tmp/ccgdRr0t.ltrans0.ltrans.o
 .text.EfiBootManagerFreeDriverHealthInfo
                0x0000000000001330       0x5c /tmp/ccgdRr0t.ltrans0.ltrans.o
 .text.BmConnectUsbShortFormDevicePath
                0x000000000000138c      0x164 /tmp/ccgdRr0t.ltrans0.ltrans.o
 .text.BmMatchPartitionDevicePathNode.part.5
                0x00000000000014f0       0xd4 /tmp/ccgdRr0t.ltrans0.ltrans.o
 .text.BmDelPartMatchInstance
                0x00000000000015c4       0xe4 /tmp/ccgdRr0t.ltrans0.ltrans.o
 .text.BmEndOfBdsPerfCode
                0x00000000000016a8       0x38 /tmp/ccgdRr0t.ltrans0.ltrans.o
 .text.BmIsBootManagerMenuFilePath
                0x00000000000016e0       0x5c /tmp/ccgdRr0t.ltrans0.ltrans.o
 .text.BmAdjustFvFilePath
                0x000000000000173c      0x170 /tmp/ccgdRr0t.ltrans0.ltrans.o
 .text.AsciiSPrint
                0x00000000000018ac       0x60 /tmp/ccgdRr0t.ltrans0.ltrans.o
 .text.BaseDebugLibSerialPortConstructor
                0x000000000000190c       0x84 /tmp/ccgdRr0t.ltrans0.ltrans.o
 .text.TimerCallback
                0x0000000000001990       0x14 /tmp/ccgdRr0t.ltrans0.ltrans.o
 .text.lv_vdb_get
                0x00000000000019a4       0x60 /tmp/ccgdRr0t.ltrans0.ltrans.o
                0x00000000000019a4                lv_vdb_get
 .text.DebugPrintLevelEnabled
                0x0000000000001a04        0x8 /tmp/ccgdRr0t.ltrans0.ltrans.o
                0x0000000000001a04                DebugPrintLevelEnabled
 .text.lv_inv_area
                0x0000000000001a0c       0xcc /tmp/ccgdRr0t.ltrans0.ltrans.o
                0x0000000000001a0c                lv_inv_area
 .text.lv_obj_get_opa_scale
                0x0000000000001ad8       0x24 /tmp/ccgdRr0t.ltrans0.ltrans.o
                0x0000000000001ad8                lv_obj_get_opa_scale
 .text.lv_obj_get_style
                0x0000000000001afc       0xb0 /tmp/ccgdRr0t.ltrans0.ltrans.o
                0x0000000000001afc                lv_obj_get_style
 .text.lv_refr_obj
                0x0000000000001bac      0x188 /tmp/ccgdRr0t.ltrans0.ltrans.o
 .text.lv_refr_obj_and_children
                0x0000000000001d34       0xac /tmp/ccgdRr0t.ltrans0.ltrans.o
 .text.lv_refr_get_top_obj
                0x0000000000001de0       0xc0 /tmp/ccgdRr0t.ltrans0.ltrans.o
 .text.lv_refr_area_part_vdb
                0x0000000000001ea0      0x100 /tmp/ccgdRr0t.ltrans0.ltrans.o
 .text.lv_obj_get_child_back
                0x0000000000001fa0       0x20 /tmp/ccgdRr0t.ltrans0.ltrans.o
                0x0000000000001fa0                lv_obj_get_child_back
 .text.lv_obj_get_child
                0x0000000000001fc0       0x20 /tmp/ccgdRr0t.ltrans0.ltrans.o
                0x0000000000001fc0                lv_obj_get_child
 .text.lv_obj_allocate_ext_attr
                0x0000000000001fe0       0x2c /tmp/ccgdRr0t.ltrans0.ltrans.o
                0x0000000000001fe0                lv_obj_allocate_ext_attr
 .text.lv_obj_invalidate
                0x000000000000200c       0xe4 /tmp/ccgdRr0t.ltrans0.ltrans.o
                0x000000000000200c                lv_obj_invalidate
 .text.lv_obj_refresh_ext_size
                0x00000000000020f0       0x34 /tmp/ccgdRr0t.ltrans0.ltrans.o
                0x00000000000020f0                lv_obj_refresh_ext_size
 .text.lv_obj_signal
                0x0000000000002124       0x94 /tmp/ccgdRr0t.ltrans0.ltrans.o
 .text.lv_obj_refresh_style
                0x00000000000021b8       0x38 /tmp/ccgdRr0t.ltrans0.ltrans.o
                0x00000000000021b8                lv_obj_refresh_style
 .text.refresh_childen_style
                0x00000000000021f0       0x70 /tmp/ccgdRr0t.ltrans0.ltrans.o
 .text.lv_obj_set_style
                0x0000000000002260       0x28 /tmp/ccgdRr0t.ltrans0.ltrans.o
                0x0000000000002260                lv_obj_set_style
 .text.lv_obj_set_size
                0x0000000000002288       0xc0 /tmp/ccgdRr0t.ltrans0.ltrans.o
                0x0000000000002288                lv_obj_set_size
 .text.lv_obj_set_height
                0x0000000000002348       0x1c /tmp/ccgdRr0t.ltrans0.ltrans.o
                0x0000000000002348                lv_obj_set_height
 .text.lv_obj_set_width
                0x0000000000002364       0x14 /tmp/ccgdRr0t.ltrans0.ltrans.o
                0x0000000000002364                lv_obj_set_width
 .text.lv_obj_set_pos
                0x0000000000002378       0xe8 /tmp/ccgdRr0t.ltrans0.ltrans.o
                0x0000000000002378                lv_obj_set_pos
 .text.lv_obj_align
                0x0000000000002460      0x354 /tmp/ccgdRr0t.ltrans0.ltrans.o
                0x0000000000002460                lv_obj_align
 .text.lv_obj_set_y
                0x00000000000027b4       0x1c /tmp/ccgdRr0t.ltrans0.ltrans.o
                0x00000000000027b4                lv_obj_set_y
 .text.lv_obj_set_x
                0x00000000000027d0       0x14 /tmp/ccgdRr0t.ltrans0.ltrans.o
                0x00000000000027d0                lv_obj_set_x
 .text.lv_obj_set_parent
                0x00000000000027e4       0xe0 /tmp/ccgdRr0t.ltrans0.ltrans.o
                0x00000000000027e4                lv_obj_set_parent
 .text.lv_obj_create
                0x00000000000028c4      0x364 /tmp/ccgdRr0t.ltrans0.ltrans.o
                0x00000000000028c4                lv_obj_create
 .text.LibToLowerString
                0x0000000000002c28       0x2c /tmp/ccgdRr0t.ltrans0.ltrans.o
                0x0000000000002c28                LibToLowerString
 .text.LibDestroyMenuEntry
                0x0000000000002c54       0x78 /tmp/ccgdRr0t.ltrans0.ltrans.o
                0x0000000000002c54                LibDestroyMenuEntry
 .text.LibCreateMenuEntry
                0x0000000000002ccc       0x58 /tmp/ccgdRr0t.ltrans0.ltrans.o
                0x0000000000002ccc                LibCreateMenuEntry
 .text.EfiBootManagerFreeLoadOption
                0x0000000000002d24       0x54 /tmp/ccgdRr0t.ltrans0.ltrans.o
                0x0000000000002d24                EfiBootManagerFreeLoadOption
 .text.EfiBootManagerFreeLoadOptions
                0x0000000000002d78       0x64 /tmp/ccgdRr0t.ltrans0.ltrans.o
                0x0000000000002d78                EfiBootManagerFreeLoadOptions
 .text.InternalGetReportStatusCode.part.0
                0x0000000000002ddc       0x50 /tmp/ccgdRr0t.ltrans0.ltrans.o
                0x0000000000002ddc                InternalGetReportStatusCode.part.0
 .text.ReportDebugCodeEnabled
                0x0000000000002e2c        0x8 /tmp/ccgdRr0t.ltrans0.ltrans.o
                0x0000000000002e2c                ReportDebugCodeEnabled
 .text.ReportErrorCodeEnabled
                0x0000000000002e34        0x8 /tmp/ccgdRr0t.ltrans0.ltrans.o
                0x0000000000002e34                ReportErrorCodeEnabled
 .text.ReportProgressCodeEnabled
                0x0000000000002e3c        0x8 /tmp/ccgdRr0t.ltrans0.ltrans.o
                0x0000000000002e3c                ReportProgressCodeEnabled
 .text.ReportStatusCode
                0x0000000000002e44       0xbc /tmp/ccgdRr0t.ltrans0.ltrans.o
 .text.DebugPrintEnabled
                0x0000000000002f00        0x8 /tmp/ccgdRr0t.ltrans0.ltrans.o
                0x0000000000002f00                DebugPrintEnabled
 .text.DebugAssertEnabled
                0x0000000000002f08        0x8 /tmp/ccgdRr0t.ltrans0.ltrans.o
                0x0000000000002f08                DebugAssertEnabled
 .text.BasePrintLibFillBuffer
                0x0000000000002f10       0x34 /tmp/ccgdRr0t.ltrans0.ltrans.o
                0x0000000000002f10                BasePrintLibFillBuffer
 .text.AsciiStrLen
                0x0000000000002f44       0xa0 /tmp/ccgdRr0t.ltrans0.ltrans.o
                0x0000000000002f44                AsciiStrLen
 .text.DebugAssert
                0x0000000000002fe4       0x58 /tmp/ccgdRr0t.ltrans0.ltrans.o
                0x0000000000002fe4                DebugAssert
 .text.LibFreeMenu
                0x000000000000303c       0xa0 /tmp/ccgdRr0t.ltrans0.ltrans.o
                0x000000000000303c                LibFreeMenu
 .text.LibGetMenuEntry
                0x00000000000030dc       0xac /tmp/ccgdRr0t.ltrans0.ltrans.o
 .text.LibGetDevicePath
                0x0000000000003188       0x64 /tmp/ccgdRr0t.ltrans0.ltrans.o
 .text.LibUpdateFileExplorePage
                0x00000000000031ec      0x1cc /tmp/ccgdRr0t.ltrans0.ltrans.o
                0x00000000000031ec                LibUpdateFileExplorePage
 .text.BmGetRamDiskDevicePath
                0x00000000000033b8       0xc8 /tmp/ccgdRr0t.ltrans0.ltrans.o
 .text.EfiBootManagerConnectDevicePath
                0x0000000000003480      0x178 /tmp/ccgdRr0t.ltrans0.ltrans.o
 .text.GetVariable2
                0x00000000000035f8      0x138 /tmp/ccgdRr0t.ltrans0.ltrans.o
 .text.GetEfiGlobalVariable2
                0x0000000000003730       0x14 /tmp/ccgdRr0t.ltrans0.ltrans.o
                0x0000000000003730                GetEfiGlobalVariable2
 .text.BmGetFreeOptionNumber
                0x0000000000003744      0x17c /tmp/ccgdRr0t.ltrans0.ltrans.o
                0x0000000000003744                BmGetFreeOptionNumber
 .text.EfiBootManagerConnectConsoleVariable.part.1
                0x00000000000038c0      0x2bc /tmp/ccgdRr0t.ltrans0.ltrans.o
 .text.EfiGetSystemConfigurationTable
                0x0000000000003b7c       0x94 /tmp/ccgdRr0t.ltrans0.ltrans.o
 .text.BasePrintLibValueToString
                0x0000000000003c10       0x28 /tmp/ccgdRr0t.ltrans0.ltrans.o
                0x0000000000003c10                BasePrintLibValueToString
 .text.SPrintLength
                0x0000000000003c38       0x70 /tmp/ccgdRr0t.ltrans0.ltrans.o
                0x0000000000003c38                SPrintLength
 .text.UnicodeValueToStringS
                0x0000000000003ca8      0x238 /tmp/ccgdRr0t.ltrans0.ltrans.o
                0x0000000000003ca8                UnicodeValueToStringS
 .text.UnicodeVSPrint
                0x0000000000003ee0       0x9c /tmp/ccgdRr0t.ltrans0.ltrans.o
                0x0000000000003ee0                UnicodeVSPrint
 .text.UnicodeSPrint
                0x0000000000003f7c       0x50 /tmp/ccgdRr0t.ltrans0.ltrans.o
                0x0000000000003f7c                UnicodeSPrint
 .text.EfiBootManagerDeleteLoadOptionVariable
                0x0000000000003fcc      0x15c /tmp/ccgdRr0t.ltrans0.ltrans.o
                0x0000000000003fcc                EfiBootManagerDeleteLoadOptionVariable
 .text.BmGetNetworkDescription
                0x0000000000004128      0x324 /tmp/ccgdRr0t.ltrans0.ltrans.o
 .text.DebugPrint
                0x000000000000444c       0x8c /tmp/ccgdRr0t.ltrans0.ltrans.o
                0x000000000000444c                DebugPrint
 .text.BmPrintDp
                0x00000000000044d8       0x64 /tmp/ccgdRr0t.ltrans0.ltrans.o
 .text.BmRepairNotify
                0x000000000000453c       0x6c /tmp/ccgdRr0t.ltrans0.ltrans.o
 .text.BmGetSingleControllerHealthStatus
                0x00000000000045a8      0x29c /tmp/ccgdRr0t.ltrans0.ltrans.o
 .text.EfiBootManagerGetDriverHealthInfo
                0x0000000000004844      0x25c /tmp/ccgdRr0t.ltrans0.ltrans.o
 .text.BmGetNvmeDescription
                0x0000000000004aa0      0x224 /tmp/ccgdRr0t.ltrans0.ltrans.o
 .text.BmDestroyRamDisk
                0x0000000000004cc4      0x274 /tmp/ccgdRr0t.ltrans0.ltrans.o
 .text.BmExpandMediaDevicePath
                0x0000000000004f38      0x2c4 /tmp/ccgdRr0t.ltrans0.ltrans.o
 .text.BmExpandLoadFile
                0x00000000000051fc      0x27c /tmp/ccgdRr0t.ltrans0.ltrans.o
 .text.BmUpdateSystemTableConsole
                0x0000000000005478      0x1d8 /tmp/ccgdRr0t.ltrans0.ltrans.o
 .text.EfiBootManagerConnectAllDefaultConsoles
                0x0000000000005650      0x1d0 /tmp/ccgdRr0t.ltrans0.ltrans.o
 .text.EfiBootManagerConnectAll
                0x0000000000005820       0xa0 /tmp/ccgdRr0t.ltrans0.ltrans.o
 .text.TimerConstructor
                0x00000000000058c0       0x84 /tmp/ccgdRr0t.ltrans0.ltrans.o
 .text.GetHobList
                0x0000000000005944       0xb4 /tmp/ccgdRr0t.ltrans0.ltrans.o
 .text.AsciiStrnCmp
                0x00000000000059f8       0xf0 /tmp/ccgdRr0t.ltrans0.ltrans.o
                0x00000000000059f8                AsciiStrnCmp
 .text.GetBestLanguage
                0x0000000000005ae8      0x1ac /tmp/ccgdRr0t.ltrans0.ltrans.o
                0x0000000000005ae8                GetBestLanguage
 .text.AsciiStrCmp
                0x0000000000005c94       0xa0 /tmp/ccgdRr0t.ltrans0.ltrans.o
                0x0000000000005c94                AsciiStrCmp
 .text.AsciiStrCpy
                0x0000000000005d34       0xc4 /tmp/ccgdRr0t.ltrans0.ltrans.o
                0x0000000000005d34                AsciiStrCpy
 .text.StrLen   0x0000000000005df8       0xbc /tmp/ccgdRr0t.ltrans0.ltrans.o
                0x0000000000005df8                StrLen
 .text.StrSize  0x0000000000005eb4       0x1c /tmp/ccgdRr0t.ltrans0.ltrans.o
                0x0000000000005eb4                StrSize
 .text.LibStrDuplicate
                0x0000000000005ed0       0x78 /tmp/ccgdRr0t.ltrans0.ltrans.o
                0x0000000000005ed0                LibStrDuplicate
 .text.BmSetVariableAndReportStatusCodeOnError
                0x0000000000005f48       0xec /tmp/ccgdRr0t.ltrans0.ltrans.o
 .text.BmGetControllerName
                0x0000000000006034      0x134 /tmp/ccgdRr0t.ltrans0.ltrans.o
 .text.BmDisplayMessages
                0x0000000000006168      0x12c /tmp/ccgdRr0t.ltrans0.ltrans.o
 .text.BmRepairAllControllers
                0x0000000000006294      0x37c /tmp/ccgdRr0t.ltrans0.ltrans.o
 .text.EfiBootManagerInitializeLoadOption
                0x0000000000006610       0xd8 /tmp/ccgdRr0t.ltrans0.ltrans.o
                0x0000000000006610                EfiBootManagerInitializeLoadOption
 .text.EfiBootManagerLoadOptionToVariable
                0x00000000000066e8      0x22c /tmp/ccgdRr0t.ltrans0.ltrans.o
                0x00000000000066e8                EfiBootManagerLoadOptionToVariable
 .text.BmGetMiscDescription
                0x0000000000006914      0x270 /tmp/ccgdRr0t.ltrans0.ltrans.o
 .text.BmGetLoadFileDescription
                0x0000000000006b84       0xb8 /tmp/ccgdRr0t.ltrans0.ltrans.o
 .text.StrStr   0x0000000000006c3c       0xbc /tmp/ccgdRr0t.ltrans0.ltrans.o
                0x0000000000006c3c                StrStr
 .text.StrnCmp  0x0000000000006cf8       0xe4 /tmp/ccgdRr0t.ltrans0.ltrans.o
                0x0000000000006cf8                StrnCmp
 .text.EfiBootManagerIsValidLoadOptionVariableName.part.6
                0x0000000000006ddc      0x10c /tmp/ccgdRr0t.ltrans0.ltrans.o
 .text.EfiBootManagerVariableToLoadOptionEx.part.7
                0x0000000000006ee8      0x240 /tmp/ccgdRr0t.ltrans0.ltrans.o
                0x0000000000006ee8                EfiBootManagerVariableToLoadOptionEx.part.7
 .text.BmHotkeyCallback
                0x0000000000007128      0x27c /tmp/ccgdRr0t.ltrans0.ltrans.o
 .text.StrCmp   0x00000000000073a4       0x98 /tmp/ccgdRr0t.ltrans0.ltrans.o
                0x00000000000073a4                StrCmp
 .text.EfiBootManagerFindLoadOption
                0x000000000000743c       0xc0 /tmp/ccgdRr0t.ltrans0.ltrans.o
 .text.AsciiStrnLenS
                0x00000000000074fc       0x3c /tmp/ccgdRr0t.ltrans0.ltrans.o
                0x00000000000074fc                AsciiStrnLenS
 .text.StrnLenS
                0x0000000000007538       0x7c /tmp/ccgdRr0t.ltrans0.ltrans.o
                0x0000000000007538                StrnLenS
 .text.InternalSafeStringIsOverlap
                0x00000000000075b4       0x3c /tmp/ccgdRr0t.ltrans0.ltrans.o
                0x00000000000075b4                InternalSafeStringIsOverlap
 .text.AsciiStrToUnicodeStrS
                0x00000000000075f0      0x144 /tmp/ccgdRr0t.ltrans0.ltrans.o
 .text.BmGetDescriptionFromDiskInfo
                0x0000000000007734      0x2a8 /tmp/ccgdRr0t.ltrans0.ltrans.o
 .text.InternalSafeStringNoStrOverlap
                0x00000000000079dc       0x24 /tmp/ccgdRr0t.ltrans0.ltrans.o
                0x00000000000079dc                InternalSafeStringNoStrOverlap
 .text.StrCatS  0x0000000000007a00      0x224 /tmp/ccgdRr0t.ltrans0.ltrans.o
                0x0000000000007a00                StrCatS
 .text.BmGetUsbDescription
                0x0000000000007c24      0x1d4 /tmp/ccgdRr0t.ltrans0.ltrans.o
 .text.StrnCpyS
                0x0000000000007df8      0x214 /tmp/ccgdRr0t.ltrans0.ltrans.o
                0x0000000000007df8                StrnCpyS
 .text.StrCpyS  0x000000000000800c      0x1cc /tmp/ccgdRr0t.ltrans0.ltrans.o
                0x000000000000800c                StrCpyS
 .text.LibAppendFileName
                0x00000000000081d8      0x1c8 /tmp/ccgdRr0t.ltrans0.ltrans.o
 .text.LibCreateNewFile
                0x00000000000083a0      0x29c /tmp/ccgdRr0t.ltrans0.ltrans.o
 .text.LibCallback
                0x000000000000863c      0x514 /tmp/ccgdRr0t.ltrans0.ltrans.o
                0x000000000000863c                LibCallback
 .text.BmGetBootDescription
                0x0000000000008b50      0x1b4 /tmp/ccgdRr0t.ltrans0.ltrans.o
 .text.EfiBootManagerRefreshAllBootOption
                0x0000000000008d04      0x700 /tmp/ccgdRr0t.ltrans0.ltrans.o
                0x0000000000008d04                EfiBootManagerRefreshAllBootOption
 .text.__memset.lto_priv.181
                0x0000000000009404       0x1c /tmp/ccgdRr0t.ltrans0.ltrans.o
                0x0000000000009404                __memset.lto_priv.181
                0x0000000000009404                memset
 .text.lv_draw_rect
                0x0000000000009420     0x2b28 /tmp/ccgdRr0t.ltrans0.ltrans.o
                0x0000000000009420                lv_draw_rect
 .text.lv_obj_design
                0x000000000000bf48       0xf4 /tmp/ccgdRr0t.ltrans0.ltrans.o
 .text.lv_refr_task
                0x000000000000c03c      0x2f4 /tmp/ccgdRr0t.ltrans0.ltrans.o
 .text.__memcpy.lto_priv.134
                0x000000000000c330       0x20 /tmp/ccgdRr0t.ltrans0.ltrans.o
                0x000000000000c330                memcpy
                0x000000000000c330                __memcpy.lto_priv.134
 .text.lv_style_copy
                0x000000000000c350        0x8 /tmp/ccgdRr0t.ltrans0.ltrans.o
                0x000000000000c350                lv_style_copy
 .text.create_title_with_text.part.0
                0x000000000000c358       0xb0 /tmp/ccgdRr0t.ltrans0.ltrans.o
 .text.create_label_with_text
                0x000000000000c408       0xb8 /tmp/ccgdRr0t.ltrans0.ltrans.o
 .text.SystemInfoEntry
                0x000000000000c4c0      0x14c /tmp/ccgdRr0t.ltrans0.ltrans.o
 .text.lv_init  0x000000000000c60c      0x724 /tmp/ccgdRr0t.ltrans0.ltrans.o
 .text._ModuleEntryPoint
                0x000000000000cd30     0x1d44 /tmp/ccgdRr0t.ltrans0.ltrans.o
                0x000000000000cd30                _ModuleEntryPoint
 .text.BmCachePartitionDevicePath
                0x000000000000ea74       0xcc /tmp/ccgdRr0t.ltrans0.ltrans.o
 .text.BmGetNextLoadOptionDevicePath
                0x000000000000eb40      0xd3c /tmp/ccgdRr0t.ltrans0.ltrans.o
 .text.EfiBootManagerBoot
                0x000000000000f87c     0x12a8 /tmp/ccgdRr0t.ltrans0.ltrans.o
                0x000000000000f87c                EfiBootManagerBoot
 .text.lv_anim_path_linear
                0x0000000000010b24       0x38 /tmp/ccgdRr0t.ltrans1.ltrans.o
                0x0000000000010b24                lv_anim_path_linear
 .text.lv_label_revert_dots
                0x0000000000010b5c       0x74 /tmp/ccgdRr0t.ltrans1.ltrans.o
 .text.ent_get_next
                0x0000000000010bd0       0x34 /tmp/ccgdRr0t.ltrans1.ltrans.o
 .text.lv_ufs_dir_close
                0x0000000000010c04        0x8 /tmp/ccgdRr0t.ltrans1.ltrans.o
                0x0000000000010c04                lv_ufs_dir_close
 .text.lv_ufs_dir_open
                0x0000000000010c0c       0x18 /tmp/ccgdRr0t.ltrans1.ltrans.o
                0x0000000000010c0c                lv_ufs_dir_open
 .text.lv_ufs_size
                0x0000000000010c24       0x14 /tmp/ccgdRr0t.ltrans1.ltrans.o
                0x0000000000010c24                lv_ufs_size
 .text.lv_ufs_tell
                0x0000000000010c38       0x10 /tmp/ccgdRr0t.ltrans1.ltrans.o
                0x0000000000010c38                lv_ufs_tell
 .text.lv_ufs_close
                0x0000000000010c48       0x20 /tmp/ccgdRr0t.ltrans1.ltrans.o
                0x0000000000010c48                lv_ufs_close
 .text.lv_ufs_ready
                0x0000000000010c68        0xc /tmp/ccgdRr0t.ltrans1.ltrans.o
                0x0000000000010c68                lv_ufs_ready
 .text.ent_trunc
                0x0000000000010c74       0x78 /tmp/ccgdRr0t.ltrans1.ltrans.o
 .text.lv_anim_speed_to_time
                0x0000000000010cec       0x30 /tmp/ccgdRr0t.ltrans1.ltrans.o
 .text.lv_area_set_pos
                0x0000000000010d1c       0x3c /tmp/ccgdRr0t.ltrans1.ltrans.o
 .text.lv_font_get_width_continuous
                0x0000000000010d58       0x34 /tmp/ccgdRr0t.ltrans1.ltrans.o
                0x0000000000010d58                lv_font_get_width_continuous
 .text.lv_font_get_bitmap_continuous
                0x0000000000010d8c       0x3c /tmp/ccgdRr0t.ltrans1.ltrans.o
                0x0000000000010d8c                lv_font_get_bitmap_continuous
 .text.lv_label_set_offset_y
                0x0000000000010dc8        0xc /tmp/ccgdRr0t.ltrans1.ltrans.o
 .text.lv_label_set_offset_x
                0x0000000000010dd4        0xc /tmp/ccgdRr0t.ltrans1.ltrans.o
 .text.lv_page_design
                0x0000000000010de0      0x1bc /tmp/ccgdRr0t.ltrans1.ltrans.o
 .text.get_button_text
                0x0000000000010f9c       0xa4 /tmp/ccgdRr0t.ltrans1.ltrans.o
 .text.get_button_from_point
                0x0000000000011040       0xe4 /tmp/ccgdRr0t.ltrans1.ltrans.o
 .text.lv_btnm_design.lto_priv.127
                0x0000000000011124      0x2ec /tmp/ccgdRr0t.ltrans1.ltrans.o
                0x0000000000011124                lv_btnm_design.lto_priv.127
 .text.lv_log_add
                0x0000000000011410       0x74 /tmp/ccgdRr0t.ltrans1.ltrans.o
                0x0000000000011410                lv_log_add
 .text.lv_indev_is_dragging
                0x0000000000011484       0x2c /tmp/ccgdRr0t.ltrans1.ltrans.o
                0x0000000000011484                lv_indev_is_dragging
 .text.lv_page_sb_refresh
                0x00000000000114b0      0x45c /tmp/ccgdRr0t.ltrans1.ltrans.o
 .text.lv_page_set_style
                0x000000000001190c       0x80 /tmp/ccgdRr0t.ltrans1.ltrans.o
 .text.lv_page_scrollable_signal
                0x000000000001198c      0x2ec /tmp/ccgdRr0t.ltrans1.ltrans.o
 .text.lv_indev_get_point
                0x0000000000011c78       0x34 /tmp/ccgdRr0t.ltrans1.ltrans.o
                0x0000000000011c78                lv_indev_get_point
 .text.tabpage_pressing_handler
                0x0000000000011cac      0x15c /tmp/ccgdRr0t.ltrans1.ltrans.o
 .text.lv_group_get_editing
                0x0000000000011e08       0x18 /tmp/ccgdRr0t.ltrans1.ltrans.o
                0x0000000000011e08                lv_group_get_editing
 .text.lv_group_get_focused
                0x0000000000011e20       0x1c /tmp/ccgdRr0t.ltrans1.ltrans.o
                0x0000000000011e20                lv_group_get_focused
 .text.lv_group_send_data
                0x0000000000011e3c       0x2c /tmp/ccgdRr0t.ltrans1.ltrans.o
 .text.lv_label_design
                0x0000000000011e68      0x1b4 /tmp/ccgdRr0t.ltrans1.ltrans.o
 .text.lv_group_mod_style
                0x000000000001201c      0x1b0 /tmp/ccgdRr0t.ltrans1.ltrans.o
                0x000000000001201c                lv_group_mod_style
 .text.lv_scrl_design
                0x00000000000121cc       0xe0 /tmp/ccgdRr0t.ltrans1.ltrans.o
 .text.lv_group_set_editing
                0x00000000000122ac       0x58 /tmp/ccgdRr0t.ltrans1.ltrans.o
                0x00000000000122ac                lv_group_set_editing
 .text.lv_theme_set_current
                0x0000000000012304        0xc /tmp/ccgdRr0t.ltrans1.ltrans.o
                0x0000000000012304                lv_theme_set_current
 .text.lv_win_realign.lto_priv.131
                0x0000000000012310      0x194 /tmp/ccgdRr0t.ltrans1.ltrans.o
                0x0000000000012310                lv_win_realign.lto_priv.131
 .text.lv_win_signal.lto_priv.128
                0x00000000000124a4      0x190 /tmp/ccgdRr0t.ltrans1.ltrans.o
                0x00000000000124a4                lv_win_signal.lto_priv.128
 .text.lv_win_set_style
                0x0000000000012634      0x108 /tmp/ccgdRr0t.ltrans1.ltrans.o
                0x0000000000012634                lv_win_set_style
 .text.lv_page_set_sb_mode
                0x000000000001273c       0x88 /tmp/ccgdRr0t.ltrans1.ltrans.o
                0x000000000001273c                lv_page_set_sb_mode
 .text.lv_cont_set_fit
                0x00000000000127c4       0x80 /tmp/ccgdRr0t.ltrans1.ltrans.o
                0x00000000000127c4                lv_cont_set_fit
 .text.lv_cont_set_layout
                0x0000000000012844       0x34 /tmp/ccgdRr0t.ltrans1.ltrans.o
                0x0000000000012844                lv_cont_set_layout
 .text.lv_cont_create
                0x0000000000012878      0x118 /tmp/ccgdRr0t.ltrans1.ltrans.o
                0x0000000000012878                lv_cont_create
 .text.lv_win_add_btn
                0x0000000000012990      0x348 /tmp/ccgdRr0t.ltrans1.ltrans.o
                0x0000000000012990                lv_win_add_btn
 .text.lv_page_create
                0x0000000000012cd8      0x2e4 /tmp/ccgdRr0t.ltrans1.ltrans.o
                0x0000000000012cd8                lv_page_create
 .text.lv_label_set_align
                0x0000000000012fbc       0x28 /tmp/ccgdRr0t.ltrans1.ltrans.o
                0x0000000000012fbc                lv_label_set_align
 .text.lv_mem_alloc.part.0
                0x0000000000012fe4       0xa4 /tmp/ccgdRr0t.ltrans1.ltrans.o
                0x0000000000012fe4                lv_mem_alloc.part.0
 .text.lv_mem_free
                0x0000000000013088       0x6c /tmp/ccgdRr0t.ltrans1.ltrans.o
                0x0000000000013088                lv_mem_free
 .text.lv_mem_alloc
                0x00000000000130f4       0x14 /tmp/ccgdRr0t.ltrans1.ltrans.o
                0x00000000000130f4                lv_mem_alloc
 .text.lv_btnm_set_map.part.7
                0x0000000000013108      0x348 /tmp/ccgdRr0t.ltrans1.ltrans.o
                0x0000000000013108                lv_btnm_set_map.part.7
 .text.lv_fs_read
                0x0000000000013450       0x64 /tmp/ccgdRr0t.ltrans1.ltrans.o
                0x0000000000013450                lv_fs_read
 .text.lv_fs_close
                0x00000000000134b4       0x5c /tmp/ccgdRr0t.ltrans1.ltrans.o
                0x00000000000134b4                lv_fs_close
 .text.lv_area_is_in
                0x0000000000013510       0x4c /tmp/ccgdRr0t.ltrans1.ltrans.o
                0x0000000000013510                lv_area_is_in
 .text.lv_area_intersect
                0x000000000001355c       0x88 /tmp/ccgdRr0t.ltrans1.ltrans.o
                0x000000000001355c                lv_area_intersect
 .text.lv_area_get_size
                0x00000000000135e4       0x24 /tmp/ccgdRr0t.ltrans1.ltrans.o
                0x00000000000135e4                lv_area_get_size
 .text.lv_circ_next
                0x0000000000013608       0x58 /tmp/ccgdRr0t.ltrans1.ltrans.o
                0x0000000000013608                lv_circ_next
 .text.lv_font_get_width
                0x0000000000013660       0x60 /tmp/ccgdRr0t.ltrans1.ltrans.o
                0x0000000000013660                lv_font_get_width
 .text.lv_font_add
                0x00000000000136c0       0x1c /tmp/ccgdRr0t.ltrans1.ltrans.o
                0x00000000000136c0                lv_font_add
 .text.lv_tick_get
                0x00000000000136dc       0x28 /tmp/ccgdRr0t.ltrans1.ltrans.o
                0x00000000000136dc                lv_tick_get
 .text.lv_btnm_signal.lto_priv.126
                0x0000000000013704      0x634 /tmp/ccgdRr0t.ltrans1.ltrans.o
                0x0000000000013704                lv_btnm_signal.lto_priv.126
 .text.lv_tick_elaps
                0x0000000000013d38       0x1c /tmp/ccgdRr0t.ltrans1.ltrans.o
                0x0000000000013d38                lv_tick_elaps
 .text.lv_indev_drv_init
                0x0000000000013d54        0xc /tmp/ccgdRr0t.ltrans1.ltrans.o
                0x0000000000013d54                lv_indev_drv_init
 .text.antialias_get_opa_circ.lto_priv.198
                0x0000000000013d60       0x54 /tmp/ccgdRr0t.ltrans1.ltrans.o
                0x0000000000013d60                antialias_get_opa_circ.lto_priv.198
 .text.lv_draw_cont_radius_corr.lto_priv.196
                0x0000000000013db4       0x50 /tmp/ccgdRr0t.ltrans1.ltrans.o
                0x0000000000013db4                lv_draw_cont_radius_corr.lto_priv.196
 .text.lv_ufs_free
                0x0000000000013e04       0xa4 /tmp/ccgdRr0t.ltrans1.ltrans.o
                0x0000000000013e04                lv_ufs_free
 .text.lv_ufs_read
                0x0000000000013ea8       0x8c /tmp/ccgdRr0t.ltrans1.ltrans.o
                0x0000000000013ea8                lv_ufs_read
 .text.node_set_prev.isra.2.lto_priv.133
                0x0000000000013f34       0x40 /tmp/ccgdRr0t.ltrans1.ltrans.o
                0x0000000000013f34                node_set_prev.isra.2.lto_priv.133
 .text.node_set_next.isra.0.lto_priv.132
                0x0000000000013f74       0x44 /tmp/ccgdRr0t.ltrans1.ltrans.o
                0x0000000000013f74                node_set_next.isra.0.lto_priv.132
 .text.lv_ll_ins_tail
                0x0000000000013fb8       0x78 /tmp/ccgdRr0t.ltrans1.ltrans.o
                0x0000000000013fb8                lv_ll_ins_tail
 .text.lv_ll_ins_head
                0x0000000000014030       0x78 /tmp/ccgdRr0t.ltrans1.ltrans.o
                0x0000000000014030                lv_ll_ins_head
 .text.lv_ll_get_prev
                0x00000000000140a8       0x30 /tmp/ccgdRr0t.ltrans1.ltrans.o
                0x00000000000140a8                lv_ll_get_prev
 .text.lv_group_focus_prev
                0x00000000000140d8       0xb0 /tmp/ccgdRr0t.ltrans1.ltrans.o
 .text.lv_ll_get_next
                0x0000000000014188       0x34 /tmp/ccgdRr0t.ltrans1.ltrans.o
                0x0000000000014188                lv_ll_get_next
 .text.lv_group_focus_next
                0x00000000000141bc       0xb0 /tmp/ccgdRr0t.ltrans1.ltrans.o
                0x00000000000141bc                lv_group_focus_next
 .text.indev_proc_task.lto_priv.185
                0x000000000001426c      0x4b8 /tmp/ccgdRr0t.ltrans1.ltrans.o
                0x000000000001426c                indev_proc_task.lto_priv.185
 .text.lv_cont_refr_autofit
                0x0000000000014724      0x1f4 /tmp/ccgdRr0t.ltrans1.ltrans.o
 .text.lv_cont_refr_layout
                0x0000000000014918      0x6f0 /tmp/ccgdRr0t.ltrans1.ltrans.o
 .text.lv_cont_signal
                0x0000000000015008      0x104 /tmp/ccgdRr0t.ltrans1.ltrans.o
 .text.lv_ufs_ent_get
                0x000000000001510c       0x60 /tmp/ccgdRr0t.ltrans1.ltrans.o
 .text.lv_ufs_open
                0x000000000001516c      0x138 /tmp/ccgdRr0t.ltrans1.ltrans.o
                0x000000000001516c                lv_ufs_open
 .text.lv_ufs_dir_read
                0x00000000000152a4       0x60 /tmp/ccgdRr0t.ltrans1.ltrans.o
                0x00000000000152a4                lv_ufs_dir_read
 .text.lv_ll_rem
                0x0000000000015304       0xe8 /tmp/ccgdRr0t.ltrans1.ltrans.o
 .text.lv_ufs_remove
                0x00000000000153ec       0x70 /tmp/ccgdRr0t.ltrans1.ltrans.o
                0x00000000000153ec                lv_ufs_remove
 .text.lv_ll_chg_list
                0x000000000001545c       0x6c /tmp/ccgdRr0t.ltrans1.ltrans.o
                0x000000000001545c                lv_ll_chg_list
 .text.lv_task_exec
                0x00000000000154c8       0xa4 /tmp/ccgdRr0t.ltrans1.ltrans.o
 .text.anim_task.lto_priv.189
                0x000000000001556c      0x1a8 /tmp/ccgdRr0t.ltrans1.ltrans.o
                0x000000000001556c                anim_task.lto_priv.189
 .text.lv_anim_del
                0x0000000000015714       0xac /tmp/ccgdRr0t.ltrans1.ltrans.o
                0x0000000000015714                lv_anim_del
 .text.lv_task_handler
                0x00000000000157c0      0x178 /tmp/ccgdRr0t.ltrans1.ltrans.o
                0x00000000000157c0                lv_task_handler
 .text.lv_mem_realloc
                0x0000000000015938       0xdc /tmp/ccgdRr0t.ltrans1.ltrans.o
                0x0000000000015938                lv_mem_realloc
 .text.lv_ufs_trunc
                0x0000000000015a14       0x70 /tmp/ccgdRr0t.ltrans1.ltrans.o
                0x0000000000015a14                lv_ufs_trunc
 .text.lv_ufs_seek
                0x0000000000015a84       0x8c /tmp/ccgdRr0t.ltrans1.ltrans.o
                0x0000000000015a84                lv_ufs_seek
 .text.lv_ufs_write
                0x0000000000015b10       0xc8 /tmp/ccgdRr0t.ltrans1.ltrans.o
                0x0000000000015b10                lv_ufs_write
 .text.lv_anim_create
                0x0000000000015bd8       0x98 /tmp/ccgdRr0t.ltrans1.ltrans.o
                0x0000000000015bd8                lv_anim_create
 .text.lv_page_scroll_ver
                0x0000000000015c70       0x7c /tmp/ccgdRr0t.ltrans1.ltrans.o
 .text.lv_page_scroll_hor
                0x0000000000015cec       0x7c /tmp/ccgdRr0t.ltrans1.ltrans.o
 .text.lv_page_signal
                0x0000000000015d68      0x3d8 /tmp/ccgdRr0t.ltrans1.ltrans.o
 .text.lv_label_refr_text
                0x0000000000016140      0x6b4 /tmp/ccgdRr0t.ltrans1.ltrans.o
 .text.lv_label_signal
                0x00000000000167f4      0x16c /tmp/ccgdRr0t.ltrans1.ltrans.o
 .text.lv_label_set_long_mode
                0x0000000000016960       0xbc /tmp/ccgdRr0t.ltrans1.ltrans.o
                0x0000000000016960                lv_label_set_long_mode
 .text.lv_label_set_text
                0x0000000000016a1c       0xec /tmp/ccgdRr0t.ltrans1.ltrans.o
                0x0000000000016a1c                lv_label_set_text
 .text.lv_label_create
                0x0000000000016b08      0x2d0 /tmp/ccgdRr0t.ltrans1.ltrans.o
                0x0000000000016b08                lv_label_create
 .text.lv_tabview_set_tab_act
                0x0000000000016dd8      0x1e8 /tmp/ccgdRr0t.ltrans1.ltrans.o
 .text.tabview_realign.lto_priv.130
                0x0000000000016fc0      0x1d0 /tmp/ccgdRr0t.ltrans1.ltrans.o
                0x0000000000016fc0                tabview_realign.lto_priv.130
 .text.lv_tabview_signal.lto_priv.124
                0x0000000000017190      0x1c4 /tmp/ccgdRr0t.ltrans1.ltrans.o
                0x0000000000017190                lv_tabview_signal.lto_priv.124
 .text.tab_btnm_action.lto_priv.125
                0x0000000000017354       0x74 /tmp/ccgdRr0t.ltrans1.ltrans.o
                0x0000000000017354                tab_btnm_action.lto_priv.125
 .text.tabpage_press_lost_handler
                0x00000000000173c8      0x120 /tmp/ccgdRr0t.ltrans1.ltrans.o
 .text.tabpage_scrl_signal
                0x00000000000174e8       0xa4 /tmp/ccgdRr0t.ltrans1.ltrans.o
 .text.tabpage_signal
                0x000000000001758c       0xa8 /tmp/ccgdRr0t.ltrans1.ltrans.o
 .text.lv_tabview_add_tab
                0x0000000000017634      0x280 /tmp/ccgdRr0t.ltrans1.ltrans.o
                0x0000000000017634                lv_tabview_add_tab
 .text.lv_indev_drv_register
                0x00000000000178b4       0x80 /tmp/ccgdRr0t.ltrans1.ltrans.o
                0x00000000000178b4                lv_indev_drv_register
 .text.BootManagerExtractConfig
                0x0000000000017934       0x24 /tmp/ccgdRr0t.ltrans2.ltrans.o
 .text.DeviceManagerExtractConfig
                0x0000000000017958       0x24 /tmp/ccgdRr0t.ltrans2.ltrans.o
 .text.lv_img_src_get_type
                0x000000000001797c       0x34 /tmp/ccgdRr0t.ltrans2.ltrans.o
 .text.lv_txt_utf8_get_length.lto_priv.169
                0x00000000000179b0       0x54 /tmp/ccgdRr0t.ltrans2.ltrans.o
                0x00000000000179b0                lv_txt_utf8_get_length.lto_priv.169
 .text.lv_txt_utf8_get_char_id.lto_priv.170
                0x0000000000017a04       0x58 /tmp/ccgdRr0t.ltrans2.ltrans.o
                0x0000000000017a04                lv_txt_utf8_get_char_id.lto_priv.170
 .text.lv_txt_utf8_get_byte_id.lto_priv.168
                0x0000000000017a5c       0x50 /tmp/ccgdRr0t.ltrans2.ltrans.o
                0x0000000000017a5c                lv_txt_utf8_get_byte_id.lto_priv.168
 .text.lv_txt_utf8_prev
                0x0000000000017aac       0x7c /tmp/ccgdRr0t.ltrans2.ltrans.o
 .text.lv_txt_utf8_next.lto_priv.172
                0x0000000000017b28      0x138 /tmp/ccgdRr0t.ltrans2.ltrans.o
                0x0000000000017b28                lv_txt_utf8_next.lto_priv.172
 .text.lv_txt_utf8_size.lto_priv.171
                0x0000000000017c60       0x4c /tmp/ccgdRr0t.ltrans2.ltrans.o
                0x0000000000017c60                lv_txt_utf8_size.lto_priv.171
 .text.hex_char_to_num
                0x0000000000017cac       0x40 /tmp/ccgdRr0t.ltrans2.ltrans.o
 .text.DmExtractDevicePathFromHiiHandle
                0x0000000000017cec       0x78 /tmp/ccgdRr0t.ltrans2.ltrans.o
 .text.BmSetConsoleMode
                0x0000000000017d64      0x49c /tmp/ccgdRr0t.ltrans2.ltrans.o
 .text.BootMaintExtractConfig
                0x0000000000018200      0x23c /tmp/ccgdRr0t.ltrans2.ltrans.o
                0x0000000000018200                BootMaintExtractConfig
 .text.UpdateConsoleContent
                0x000000000001843c      0x378 /tmp/ccgdRr0t.ltrans2.ltrans.o
 .text.BootMaintCallback
                0x00000000000187b4     0x18f0 /tmp/ccgdRr0t.ltrans2.ltrans.o
                0x00000000000187b4                BootMaintCallback
 .text.BootManagerCallback
                0x000000000001a0a4      0x7f4 /tmp/ccgdRr0t.ltrans2.ltrans.o
 .text.BootManagerRouteConfig
                0x000000000001a898        0x4 /tmp/ccgdRr0t.ltrans2.ltrans.o
 .text.DeviceManagerRouteConfig
                0x000000000001a89c        0x4 /tmp/ccgdRr0t.ltrans2.ltrans.o
 .text.IsMacAddressDevicePath
                0x000000000001a8a0      0x344 /tmp/ccgdRr0t.ltrans2.ltrans.o
 .text.lv_img_built_in_decoder_line_indexed
                0x000000000001abe4      0x214 /tmp/ccgdRr0t.ltrans2.ltrans.o
 .text.lv_img_built_in_decoder_line_alpha
                0x000000000001adf8      0x294 /tmp/ccgdRr0t.ltrans2.ltrans.o
 .text.lv_img_decoder_close
                0x000000000001b08c       0x64 /tmp/ccgdRr0t.ltrans2.ltrans.o
 .text.lv_img_dsc_get_info
                0x000000000001b0f0      0x144 /tmp/ccgdRr0t.ltrans2.ltrans.o
 .text.lv_img_decoder_open
                0x000000000001b234      0x1e8 /tmp/ccgdRr0t.ltrans2.ltrans.o
 .text.lv_btn_ink_effect_anim
                0x000000000001b41c       0x14 /tmp/ccgdRr0t.ltrans2.ltrans.o
 .text.lv_btn_ink_effect_anim_ready
                0x000000000001b430       0xd0 /tmp/ccgdRr0t.ltrans2.ltrans.o
 .text.lv_btn_set_state
                0x000000000001b500       0x28 /tmp/ccgdRr0t.ltrans2.ltrans.o
 .text.lv_btn_signal.lto_priv.157
                0x000000000001b528      0x498 /tmp/ccgdRr0t.ltrans2.ltrans.o
                0x000000000001b528                lv_btn_signal.lto_priv.157
 .text.indev_search_obj
                0x000000000001b9c0       0xc0 /tmp/ccgdRr0t.ltrans2.ltrans.o
 .text.UiDevicePathToStr
                0x000000000001ba80       0xec /tmp/ccgdRr0t.ltrans2.ltrans.o
                0x000000000001ba80                UiDevicePathToStr
 .text.BootMaintRouteConfig
                0x000000000001bb6c     0x10c8 /tmp/ccgdRr0t.ltrans2.ltrans.o
                0x000000000001bb6c                BootMaintRouteConfig
 .text.ExtractFileNameFromDevicePath
                0x000000000001cc34       0xb4 /tmp/ccgdRr0t.ltrans2.ltrans.o
                0x000000000001cc34                ExtractFileNameFromDevicePath
 .text.BmmSetConsoleMode
                0x000000000001cce8      0x49c /tmp/ccgdRr0t.ltrans2.ltrans.o
                0x000000000001cce8                BmmSetConsoleMode
 .text.CreateDeviceManagerForm
                0x000000000001d184      0x5e0 /tmp/ccgdRr0t.ltrans2.ltrans.o
                0x000000000001d184                CreateDeviceManagerForm
 .text.DeviceManagerCallback
                0x000000000001d764       0xd4 /tmp/ccgdRr0t.ltrans2.ltrans.o
 .text.lv_color_mix.isra.0.lto_priv.143.lto_priv.182
                0x000000000001d838       0x68 /tmp/ccgdRr0t.ltrans2.ltrans.o
                0x000000000001d838                lv_color_mix.isra.0.lto_priv.144.lto_priv.197
                0x000000000001d838                lv_color_mix.isra.0.lto_priv.145.lto_priv.176
                0x000000000001d838                lv_color_mix.isra.0.lto_priv.143.lto_priv.182
 .text.lv_vletter
                0x000000000001d8a0      0x560 /tmp/ccgdRr0t.ltrans2.ltrans.o
 .text.lv_vpx   0x000000000001de00      0x154 /tmp/ccgdRr0t.ltrans2.ltrans.o
                0x000000000001de00                lv_vpx
 .text.lv_btn_design.lto_priv.158
                0x000000000001df54      0x5f4 /tmp/ccgdRr0t.ltrans2.ltrans.o
                0x000000000001df54                lv_btn_design.lto_priv.158
 .text.lv_btn_set_style
                0x000000000001e548       0x60 /tmp/ccgdRr0t.ltrans2.ltrans.o
                0x000000000001e548                lv_btn_set_style
 .text.lv_txt_is_cmd
                0x000000000001e5a8       0x68 /tmp/ccgdRr0t.ltrans2.ltrans.o
                0x000000000001e5a8                lv_txt_is_cmd
 .text.lv_txt_get_width
                0x000000000001e610       0xc4 /tmp/ccgdRr0t.ltrans2.ltrans.o
                0x000000000001e610                lv_txt_get_width
 .text.lv_txt_get_next_line
                0x000000000001e6d4      0x1a8 /tmp/ccgdRr0t.ltrans2.ltrans.o
                0x000000000001e6d4                lv_txt_get_next_line
 .text.lv_txt_get_size
                0x000000000001e87c      0x12c /tmp/ccgdRr0t.ltrans2.ltrans.o
                0x000000000001e87c                lv_txt_get_size
 .text.lv_img_set_src
                0x000000000001e9a8      0x1ec /tmp/ccgdRr0t.ltrans2.ltrans.o
                0x000000000001e9a8                lv_img_set_src
 .text.lv_img_signal.lto_priv.153
                0x000000000001eb94       0xf0 /tmp/ccgdRr0t.ltrans2.ltrans.o
                0x000000000001eb94                lv_img_signal.lto_priv.153
 .text.lv_color_hsv_to_rgb
                0x000000000001ec84      0x120 /tmp/ccgdRr0t.ltrans2.ltrans.o
                0x000000000001ec84                lv_color_hsv_to_rgb
 .text.lv_draw_aa_get_opa
                0x000000000001eda4       0x5c /tmp/ccgdRr0t.ltrans2.ltrans.o
                0x000000000001eda4                lv_draw_aa_get_opa
 .text.indev_proc_reset_query_handler.lto_priv.173
                0x000000000001ee00       0x30 /tmp/ccgdRr0t.ltrans2.ltrans.o
                0x000000000001ee00                indev_proc_reset_query_handler.lto_priv.173
 .text.indev_proc_press.lto_priv.175
                0x000000000001ee30      0x34c /tmp/ccgdRr0t.ltrans2.ltrans.o
                0x000000000001ee30                indev_proc_press.lto_priv.175
 .text.lv_area_copy.lto_priv.136.lto_priv.178
                0x000000000001f17c        0x8 /tmp/ccgdRr0t.ltrans2.ltrans.o
                0x000000000001f17c                lv_area_copy.lto_priv.139.lto_priv.180
                0x000000000001f17c                lv_area_copy.lto_priv.141.lto_priv.177
                0x000000000001f17c                lv_area_copy.lto_priv.138.lto_priv.195
                0x000000000001f17c                lv_area_copy.lto_priv.137.lto_priv.199
                0x000000000001f17c                lv_area_copy.lto_priv.136.lto_priv.178
                0x000000000001f17c                lv_area_copy.lto_priv.140.lto_priv.179
 .text.indev_proc_release.lto_priv.174
                0x000000000001f184      0x2d4 /tmp/ccgdRr0t.ltrans2.ltrans.o
                0x000000000001f184                indev_proc_release.lto_priv.174
 .text.lv_vmap  0x000000000001f458      0x428 /tmp/ccgdRr0t.ltrans2.ltrans.o
 .text.lv_vfill
                0x000000000001f880      0x288 /tmp/ccgdRr0t.ltrans2.ltrans.o
                0x000000000001f880                lv_vfill
 .text.lv_draw_label
                0x000000000001fb08      0x3f8 /tmp/ccgdRr0t.ltrans2.ltrans.o
                0x000000000001fb08                lv_draw_label
 .text.lv_draw_img.part.2
                0x000000000001ff00       0x80 /tmp/ccgdRr0t.ltrans2.ltrans.o
 .text.lv_img_design.lto_priv.154
                0x000000000001ff80      0x614 /tmp/ccgdRr0t.ltrans2.ltrans.o
                0x000000000001ff80                lv_img_design.lto_priv.154
 .text.BasePrintLibSPrintMarker.constprop.115
                0x0000000000020594     0x108c /tmp/ccgdRr0t.ltrans3.ltrans.o
                0x0000000000020594                BasePrintLibSPrintMarker.constprop.115
 .text.unlikely.BasePrintLibSPrint.constprop.116
                0x0000000000021620       0x54 /tmp/ccgdRr0t.ltrans3.ltrans.o
 .text.UnicodeStrToAsciiStrS.constprop.110
                0x0000000000021674      0x154 /tmp/ccgdRr0t.ltrans3.ltrans.o
                0x0000000000021674                UnicodeStrToAsciiStrS.constprop.110
 .text.lv_btnm_set_toggle.constprop.109
                0x00000000000217c8       0x30 /tmp/ccgdRr0t.ltrans3.ltrans.o
                0x00000000000217c8                lv_btnm_set_toggle.constprop.109
 .text.lv_tabview_create.constprop.105
                0x00000000000217f8      0x50c /tmp/ccgdRr0t.ltrans3.ltrans.o
                0x00000000000217f8                lv_tabview_create.constprop.105
 .text.lv_fs_open.constprop.102
                0x0000000000021d04      0x134 /tmp/ccgdRr0t.ltrans3.ltrans.o
                0x0000000000021d04                lv_fs_open.constprop.102
 .text.lv_win_set_title.constprop.100
                0x0000000000021e38       0x34 /tmp/ccgdRr0t.ltrans3.ltrans.o
                0x0000000000021e38                lv_win_set_title.constprop.100
 .text.lv_win_create.constprop.99
                0x0000000000021e6c      0x278 /tmp/ccgdRr0t.ltrans3.ltrans.o
                0x0000000000021e6c                lv_win_create.constprop.99
 .text.lv_theme_material_init.constprop.98
                0x00000000000220e4      0xffc /tmp/ccgdRr0t.ltrans3.ltrans.o
                0x00000000000220e4                lv_theme_material_init.constprop.98
 .text.lv_disp_drv_init.constprop.95
                0x00000000000230e0       0x18 /tmp/ccgdRr0t.ltrans3.ltrans.o
                0x00000000000230e0                lv_disp_drv_init.constprop.95
 .text.lv_task_create.constprop.91
                0x00000000000230f8      0x19c /tmp/ccgdRr0t.ltrans3.ltrans.o
                0x00000000000230f8                lv_task_create.constprop.91
 .text.InternalAllocatePool.constprop.89
                0x0000000000023294       0x38 /tmp/ccgdRr0t.ltrans3.ltrans.o
                0x0000000000023294                InternalAllocatePool.constprop.89
 .text.EfiBootManagerAddLoadOptionVariable.constprop.87
                0x00000000000232cc      0x1e0 /tmp/ccgdRr0t.ltrans3.ltrans.o
                0x00000000000232cc                EfiBootManagerAddLoadOptionVariable.constprop.87
 .text.LShiftU64.constprop.85
                0x00000000000234ac        0x8 /tmp/ccgdRr0t.ltrans3.ltrans.o
                0x00000000000234ac                LShiftU64.constprop.85
 .text.EfiBootManagerGetLoadOptions.part.9.constprop.78
                0x00000000000234b4      0x1d4 /tmp/ccgdRr0t.ltrans3.ltrans.o
                0x00000000000234b4                EfiBootManagerGetLoadOptions.part.9.constprop.78
 .text.EndPerformanceMeasurementEx.constprop.76
                0x0000000000023688       0xe4 /tmp/ccgdRr0t.ltrans3.ltrans.o
                0x0000000000023688                EndPerformanceMeasurementEx.constprop.76
 .text.HiiCreateGuidOpCode.constprop.70
                0x000000000002376c       0x54 /tmp/ccgdRr0t.ltrans3.ltrans.o
                0x000000000002376c                HiiCreateGuidOpCode.constprop.70
 .text.HiiSetString.constprop.69
                0x00000000000237c0      0x164 /tmp/ccgdRr0t.ltrans3.ltrans.o
                0x00000000000237c0                HiiSetString.constprop.69
 .text.HiiCreateGotoExOpCode.constprop.64
                0x0000000000023924       0x94 /tmp/ccgdRr0t.ltrans3.ltrans.o
                0x0000000000023924                HiiCreateGotoExOpCode.constprop.64
 .text.UefiDevicePathLibConvertDevicePathToText.constprop.63
                0x00000000000239b8      0x12c /tmp/ccgdRr0t.ltrans3.ltrans.o
                0x00000000000239b8                UefiDevicePathLibConvertDevicePathToText.constprop.63
 .text.HiiGetString.constprop.61
                0x0000000000023ae4      0x188 /tmp/ccgdRr0t.ltrans3.ltrans.o
                0x0000000000023ae4                HiiGetString.constprop.61
 .text.HiiGetHiiHandles.constprop.59
                0x0000000000023c6c       0x94 /tmp/ccgdRr0t.ltrans3.ltrans.o
                0x0000000000023c6c                HiiGetHiiHandles.constprop.59
 .text.lv_tick_inc.constprop.51
                0x0000000000023d00       0x1c /tmp/ccgdRr0t.ltrans3.ltrans.o
                0x0000000000023d00                lv_tick_inc.constprop.51
 .text.StrnCatS.constprop.50
                0x0000000000023d1c      0x1c4 /tmp/ccgdRr0t.ltrans3.ltrans.o
                0x0000000000023d1c                StrnCatS.constprop.50
 .text.EfiAcquireLock.constprop.49
                0x0000000000023ee0       0x74 /tmp/ccgdRr0t.ltrans3.ltrans.o
                0x0000000000023ee0                EfiAcquireLock.constprop.49
 .text.EfiReleaseLock.constprop.48
                0x0000000000023f54       0x6c /tmp/ccgdRr0t.ltrans3.ltrans.o
                0x0000000000023f54                EfiReleaseLock.constprop.48
 .text.ReportStatusCodeEx.constprop.44
                0x0000000000023fc0      0x1fc /tmp/ccgdRr0t.ltrans3.ltrans.o
                0x0000000000023fc0                ReportStatusCodeEx.constprop.44
 .text.IsZeroGuid.constprop.37
                0x00000000000241bc       0x40 /tmp/ccgdRr0t.ltrans3.ltrans.o
                0x00000000000241bc                IsZeroGuid.constprop.37
 .text.HiiCreateActionOpCode.constprop.33
                0x00000000000241fc       0x68 /tmp/ccgdRr0t.ltrans3.ltrans.o
                0x00000000000241fc                HiiCreateActionOpCode.constprop.33
 .text.IsZeroBuffer.constprop.29
                0x0000000000024264       0x70 /tmp/ccgdRr0t.ltrans3.ltrans.o
                0x0000000000024264                IsZeroBuffer.constprop.29
 .text.ChooseFile.constprop.28
                0x00000000000242d4      0x41c /tmp/ccgdRr0t.ltrans3.ltrans.o
                0x00000000000242d4                ChooseFile.constprop.28
 .text.lv_fs_seek.constprop.26
                0x00000000000246f0       0x34 /tmp/ccgdRr0t.ltrans3.ltrans.o
                0x00000000000246f0                lv_fs_seek.constprop.26
 .text.CreatePopUp.constprop.25
                0x0000000000024724      0x4f4 /tmp/ccgdRr0t.ltrans3.ltrans.o
                0x0000000000024724                CreatePopUp.constprop.25
 .text.SetMem.constprop.23
                0x0000000000024c18       0x54 /tmp/ccgdRr0t.ltrans3.ltrans.o
                0x0000000000024c18                SetMem.constprop.23
 .text.HiiCreateSubTitleOpCode.constprop.22
                0x0000000000024c6c       0x60 /tmp/ccgdRr0t.ltrans3.ltrans.o
                0x0000000000024c6c                HiiCreateSubTitleOpCode.constprop.22
 .text.HiiConstructConfigHdr.constprop.21
                0x0000000000024ccc      0x218 /tmp/ccgdRr0t.ltrans3.ltrans.o
                0x0000000000024ccc                HiiConstructConfigHdr.constprop.21
 .text.lv_disp_drv_register.constprop.94
                0x0000000000024ee4       0x8c /tmp/ccgdRr0t.ltrans3.ltrans.o
                0x0000000000024ee4                lv_disp_drv_register.constprop.94
 .text.InternalBaseLibIsListValid
                0x0000000000024f70       0xb8 /tmp/ccgdRr0t.ltrans4.ltrans.o
 .text.InternalHiiCompareSubString
                0x0000000000025028       0xf8 /tmp/ccgdRr0t.ltrans4.ltrans.o
 .text.GetPcdProtocol
                0x0000000000025120       0xc4 /tmp/ccgdRr0t.ltrans4.ltrans.o
 .text.FbConFlush
                0x00000000000251e4       0x54 /tmp/ccgdRr0t.ltrans4.ltrans.o
 .text.EfiLibDeleteVariable.constprop.19
                0x0000000000025238       0x24 /tmp/ccgdRr0t.ltrans4.ltrans.o
                0x0000000000025238                EfiLibDeleteVariable.constprop.19
 .text.SetMem16
                0x000000000002525c       0xb8 /tmp/ccgdRr0t.ltrans4.ltrans.o
                0x000000000002525c                SetMem16
 .text.HiiRemovePackages
                0x0000000000025314       0xb4 /tmp/ccgdRr0t.ltrans4.ltrans.o
                0x0000000000025314                HiiRemovePackages
 .text.PerformanceMeasurementEnabled
                0x00000000000253c8        0x8 /tmp/ccgdRr0t.ltrans4.ltrans.o
                0x00000000000253c8                PerformanceMeasurementEnabled
 .text.GetPerformanceProtocol
                0x00000000000253d0      0x104 /tmp/ccgdRr0t.ltrans4.ltrans.o
                0x00000000000253d0                GetPerformanceProtocol
 .text.StartPerformanceMeasurementEx
                0x00000000000254d4       0xe8 /tmp/ccgdRr0t.ltrans4.ltrans.o
                0x00000000000254d4                StartPerformanceMeasurementEx
 .text.UefiLibGetStringWidth
                0x00000000000255bc       0x94 /tmp/ccgdRr0t.ltrans4.ltrans.o
                0x00000000000255bc                UefiLibGetStringWidth
 .text.DevicePathFromHandle
                0x0000000000025650       0x38 /tmp/ccgdRr0t.ltrans4.ltrans.o
                0x0000000000025650                DevicePathFromHandle
 .text.DevicePathSubType
                0x0000000000025688       0x48 /tmp/ccgdRr0t.ltrans4.ltrans.o
                0x0000000000025688                DevicePathSubType
 .text.DevicePathType
                0x00000000000256d0       0x48 /tmp/ccgdRr0t.ltrans4.ltrans.o
                0x00000000000256d0                DevicePathType
 .text.EfiGetNameGuidFromFwVolDevicePathNode
                0x0000000000025718       0x78 /tmp/ccgdRr0t.ltrans4.ltrans.o
                0x0000000000025718                EfiGetNameGuidFromFwVolDevicePathNode
 .text.IsDevicePathEndType
                0x0000000000025790       0x58 /tmp/ccgdRr0t.ltrans4.ltrans.o
                0x0000000000025790                IsDevicePathEndType
 .text.IsDevicePathEnd
                0x00000000000257e8       0x70 /tmp/ccgdRr0t.ltrans4.ltrans.o
                0x00000000000257e8                IsDevicePathEnd
 .text.FreePool
                0x0000000000025858       0x8c /tmp/ccgdRr0t.ltrans4.ltrans.o
                0x0000000000025858                FreePool
 .text.HiiIsConfigHdrMatch.constprop.20
                0x00000000000258e4       0xb4 /tmp/ccgdRr0t.ltrans4.ltrans.o
                0x00000000000258e4                HiiIsConfigHdrMatch.constprop.20
 .text.HiiFreeOpCodeHandle
                0x0000000000025998       0x54 /tmp/ccgdRr0t.ltrans4.ltrans.o
                0x0000000000025998                HiiFreeOpCodeHandle
 .text.AllocatePool
                0x00000000000259ec        0x4 /tmp/ccgdRr0t.ltrans4.ltrans.o
                0x00000000000259ec                AllocatePool
 .text.HiiAllocateOpCodeHandle
                0x00000000000259f0       0x54 /tmp/ccgdRr0t.ltrans4.ltrans.o
                0x00000000000259f0                HiiAllocateOpCodeHandle
 .text.RefreshUpdateData
                0x0000000000025a44       0x44 /tmp/ccgdRr0t.ltrans4.ltrans.o
 .text.Print    0x0000000000025a88      0x164 /tmp/ccgdRr0t.ltrans4.ltrans.o
                0x0000000000025a88                Print
 .text.FreePages
                0x0000000000025bec       0xc8 /tmp/ccgdRr0t.ltrans4.ltrans.o
                0x0000000000025bec                FreePages
 .text.SerialPortWrite
                0x0000000000025cb4      0x314 /tmp/ccgdRr0t.ltrans4.ltrans.o
                0x0000000000025cb4                SerialPortWrite
 .text.WriteUnaligned16
                0x0000000000025fc8       0x5c /tmp/ccgdRr0t.ltrans4.ltrans.o
                0x0000000000025fc8                WriteUnaligned16
 .text.SetDevicePathNodeLength
                0x0000000000026024       0x60 /tmp/ccgdRr0t.ltrans4.ltrans.o
                0x0000000000026024                SetDevicePathNodeLength
 .text.WriteUnaligned32
                0x0000000000026084       0x64 /tmp/ccgdRr0t.ltrans4.ltrans.o
                0x0000000000026084                WriteUnaligned32
 .text.WriteUnaligned64
                0x00000000000260e8       0x64 /tmp/ccgdRr0t.ltrans4.ltrans.o
 .text.ReadUnaligned16
                0x000000000002614c       0x68 /tmp/ccgdRr0t.ltrans4.ltrans.o
                0x000000000002614c                ReadUnaligned16
 .text.DevicePathNodeLength
                0x00000000000261b4       0x50 /tmp/ccgdRr0t.ltrans4.ltrans.o
                0x00000000000261b4                DevicePathNodeLength
 .text.NextDevicePathNode
                0x0000000000026204       0x50 /tmp/ccgdRr0t.ltrans4.ltrans.o
                0x0000000000026204                NextDevicePathNode
 .text.IsDevicePathValid
                0x0000000000026254       0xc4 /tmp/ccgdRr0t.ltrans4.ltrans.o
                0x0000000000026254                IsDevicePathValid
 .text.UefiDevicePathLibGetDevicePathSize
                0x0000000000026318       0x70 /tmp/ccgdRr0t.ltrans4.ltrans.o
                0x0000000000026318                UefiDevicePathLibGetDevicePathSize
 .text.ReadUnaligned32
                0x0000000000026388       0x5c /tmp/ccgdRr0t.ltrans4.ltrans.o
                0x0000000000026388                ReadUnaligned32
 .text.ReadUnaligned64
                0x00000000000263e4       0x64 /tmp/ccgdRr0t.ltrans4.ltrans.o
                0x00000000000263e4                ReadUnaligned64
 .text.IsNull   0x0000000000026448       0x5c /tmp/ccgdRr0t.ltrans4.ltrans.o
                0x0000000000026448                IsNull
 .text.IsListEmpty
                0x00000000000264a4       0x5c /tmp/ccgdRr0t.ltrans4.ltrans.o
                0x00000000000264a4                IsListEmpty
 .text.RemoveEntryList
                0x0000000000026500       0x64 /tmp/ccgdRr0t.ltrans4.ltrans.o
                0x0000000000026500                RemoveEntryList
 .text.GetNextNode
                0x0000000000026564       0x58 /tmp/ccgdRr0t.ltrans4.ltrans.o
                0x0000000000026564                GetNextNode
 .text.GetFirstNode
                0x00000000000265bc       0x54 /tmp/ccgdRr0t.ltrans4.ltrans.o
                0x00000000000265bc                GetFirstNode
 .text.InsertTailList
                0x0000000000026610       0x6c /tmp/ccgdRr0t.ltrans4.ltrans.o
                0x0000000000026610                InsertTailList
 .text.InitializeListHead
                0x000000000002667c       0x4c /tmp/ccgdRr0t.ltrans4.ltrans.o
                0x000000000002667c                InitializeListHead
 .text.InternalMemSetMem
                0x00000000000266c8       0xfc /tmp/ccgdRr0t.ltrans4.ltrans.o
                0x00000000000266c8                InternalMemSetMem
 .text.CompareGuid
                0x00000000000267c4       0x5c /tmp/ccgdRr0t.ltrans4.ltrans.o
                0x00000000000267c4                CompareGuid
 .text.CopyGuid
                0x0000000000026820       0x4c /tmp/ccgdRr0t.ltrans4.ltrans.o
                0x0000000000026820                CopyGuid
 .text.CopyMem  0x000000000002686c      0x2a8 /tmp/ccgdRr0t.ltrans4.ltrans.o
                0x000000000002686c                CopyMem
 .text.SetDevicePathEndNode
                0x0000000000026b14       0x54 /tmp/ccgdRr0t.ltrans4.ltrans.o
                0x0000000000026b14                SetDevicePathEndNode
 .text.AllocateCopyPool
                0x0000000000026b68       0x8c /tmp/ccgdRr0t.ltrans4.ltrans.o
                0x0000000000026b68                AllocateCopyPool
 .text.UefiDevicePathLibDuplicateDevicePath
                0x0000000000026bf4       0x34 /tmp/ccgdRr0t.ltrans4.ltrans.o
                0x0000000000026bf4                UefiDevicePathLibDuplicateDevicePath
 .text.UefiDevicePathLibGetNextDevicePathInstance
                0x0000000000026c28       0xd0 /tmp/ccgdRr0t.ltrans4.ltrans.o
                0x0000000000026c28                UefiDevicePathLibGetNextDevicePathInstance
 .text.UefiDevicePathLibAppendDevicePathInstance
                0x0000000000026cf8       0xdc /tmp/ccgdRr0t.ltrans4.ltrans.o
                0x0000000000026cf8                UefiDevicePathLibAppendDevicePathInstance
 .text.UefiDevicePathLibAppendDevicePath
                0x0000000000026dd4       0xcc /tmp/ccgdRr0t.ltrans4.ltrans.o
                0x0000000000026dd4                UefiDevicePathLibAppendDevicePath
 .text.UefiDevicePathLibAppendDevicePathNode
                0x0000000000026ea0       0x9c /tmp/ccgdRr0t.ltrans4.ltrans.o
                0x0000000000026ea0                UefiDevicePathLibAppendDevicePathNode
 .text.FileDevicePath
                0x0000000000026f3c       0xa0 /tmp/ccgdRr0t.ltrans4.ltrans.o
                0x0000000000026f3c                FileDevicePath
 .text.CompareMem
                0x0000000000026fdc       0xfc /tmp/ccgdRr0t.ltrans4.ltrans.o
                0x0000000000026fdc                CompareMem
 .text.ZeroMem  0x00000000000270d8       0x80 /tmp/ccgdRr0t.ltrans4.ltrans.o
                0x00000000000270d8                ZeroMem
 .text.ReallocatePool
                0x0000000000027158       0x6c /tmp/ccgdRr0t.ltrans4.ltrans.o
                0x0000000000027158                ReallocatePool
 .text.InternalHiiGrowOpCodeHandle
                0x00000000000271c4       0xbc /tmp/ccgdRr0t.ltrans4.ltrans.o
 .text.InternalHiiAppendOpCodes
                0x0000000000027280       0x8c /tmp/ccgdRr0t.ltrans4.ltrans.o
 .text.InternalHiiCreateOpCodeExtended
                0x000000000002730c       0xa4 /tmp/ccgdRr0t.ltrans4.ltrans.o
                0x000000000002730c                InternalHiiCreateOpCodeExtended
 .text.InternalHiiCreateOpCode
                0x00000000000273b0        0xc /tmp/ccgdRr0t.ltrans4.ltrans.o
                0x00000000000273b0                InternalHiiCreateOpCode
 .text.HiiCreateCheckBoxOpCode.constprop.5
                0x00000000000273bc       0x8c /tmp/ccgdRr0t.ltrans4.ltrans.o
                0x00000000000273bc                HiiCreateCheckBoxOpCode.constprop.5
 .text.HiiCreateGotoOpCode
                0x0000000000027448       0x74 /tmp/ccgdRr0t.ltrans4.ltrans.o
                0x0000000000027448                HiiCreateGotoOpCode
 .text.HiiCreateOneOfOptionOpCode
                0x00000000000274bc       0x7c /tmp/ccgdRr0t.ltrans4.ltrans.o
                0x00000000000274bc                HiiCreateOneOfOptionOpCode
 .text.HiiCreateEndOpCode
                0x0000000000027538       0x20 /tmp/ccgdRr0t.ltrans4.ltrans.o
                0x0000000000027538                HiiCreateEndOpCode
 .text.HiiCreateOneOfOpCode.constprop.16
                0x0000000000027558       0xec /tmp/ccgdRr0t.ltrans4.ltrans.o
                0x0000000000027558                HiiCreateOneOfOpCode.constprop.16
 .text.HiiGetFormSetFromHiiHandle
                0x0000000000027644      0x220 /tmp/ccgdRr0t.ltrans4.ltrans.o
                0x0000000000027644                HiiGetFormSetFromHiiHandle
 .text.UefiDevicePathLibCatPrint
                0x0000000000027864      0x15c /tmp/ccgdRr0t.ltrans4.ltrans.o
                0x0000000000027864                UefiDevicePathLibCatPrint
 .text.DevPathToTextNodeGeneric
                0x00000000000279c0      0x104 /tmp/ccgdRr0t.ltrans4.ltrans.o
                0x00000000000279c0                DevPathToTextNodeGeneric
 .text.DevPathToTextEndInstance
                0x0000000000027ac4        0xc /tmp/ccgdRr0t.ltrans4.ltrans.o
                0x0000000000027ac4                DevPathToTextEndInstance
 .text.DevPathToTextBBS
                0x0000000000027ad0       0xec /tmp/ccgdRr0t.ltrans4.ltrans.o
                0x0000000000027ad0                DevPathToTextBBS
 .text.DevPathToTextRamDisk
                0x0000000000027bbc      0x1a8 /tmp/ccgdRr0t.ltrans4.ltrans.o
                0x0000000000027bbc                DevPathToTextRamDisk
 .text.DevPathRelativeOffsetRange
                0x0000000000027d64       0x10 /tmp/ccgdRr0t.ltrans4.ltrans.o
                0x0000000000027d64                DevPathRelativeOffsetRange
 .text.DevPathToTextFvFile
                0x0000000000027d74       0x10 /tmp/ccgdRr0t.ltrans4.ltrans.o
                0x0000000000027d74                DevPathToTextFvFile
 .text.DevPathToTextFv
                0x0000000000027d84       0x10 /tmp/ccgdRr0t.ltrans4.ltrans.o
                0x0000000000027d84                DevPathToTextFv
 .text.DevPathToTextMediaProtocol
                0x0000000000027d94       0x10 /tmp/ccgdRr0t.ltrans4.ltrans.o
                0x0000000000027d94                DevPathToTextMediaProtocol
 .text.DevPathToTextFilePath
                0x0000000000027da4       0x10 /tmp/ccgdRr0t.ltrans4.ltrans.o
                0x0000000000027da4                DevPathToTextFilePath
 .text.DevPathToTextCDROM
                0x0000000000027db4       0x30 /tmp/ccgdRr0t.ltrans4.ltrans.o
                0x0000000000027db4                DevPathToTextCDROM
 .text.DevPathToTextHardDrive
                0x0000000000027de4       0x8c /tmp/ccgdRr0t.ltrans4.ltrans.o
                0x0000000000027de4                DevPathToTextHardDrive
 .text.DevPathToTextUri
                0x0000000000027e70       0x94 /tmp/ccgdRr0t.ltrans4.ltrans.o
                0x0000000000027e70                DevPathToTextUri
 .text.DevPathToTextBluetoothLE
                0x0000000000027f04       0x44 /tmp/ccgdRr0t.ltrans4.ltrans.o
                0x0000000000027f04                DevPathToTextBluetoothLE
 .text.DevPathToTextWiFi
                0x0000000000027f48       0x44 /tmp/ccgdRr0t.ltrans4.ltrans.o
                0x0000000000027f48                DevPathToTextWiFi
 .text.DevPathToTextBluetooth
                0x0000000000027f8c       0x24 /tmp/ccgdRr0t.ltrans4.ltrans.o
                0x0000000000027f8c                DevPathToTextBluetooth
 .text.DevPathToTextVlan
                0x0000000000027fb0       0x10 /tmp/ccgdRr0t.ltrans4.ltrans.o
                0x0000000000027fb0                DevPathToTextVlan
 .text.DevPathToTextiSCSI
                0x0000000000027fc0       0xe4 /tmp/ccgdRr0t.ltrans4.ltrans.o
                0x0000000000027fc0                DevPathToTextiSCSI
 .text.DevPathToTextUart
                0x00000000000280a4      0x118 /tmp/ccgdRr0t.ltrans4.ltrans.o
                0x00000000000280a4                DevPathToTextUart
 .text.DevPathToTextInfiniBand
                0x00000000000281bc       0x1c /tmp/ccgdRr0t.ltrans4.ltrans.o
                0x00000000000281bc                DevPathToTextInfiniBand
 .text.CatIPv6Address
                0x00000000000281d8       0x8c /tmp/ccgdRr0t.ltrans4.ltrans.o
 .text.CatIPv4Address
                0x0000000000028264       0x1c /tmp/ccgdRr0t.ltrans4.ltrans.o
 .text.DevPathToTextDns
                0x0000000000028280       0xc0 /tmp/ccgdRr0t.ltrans4.ltrans.o
                0x0000000000028280                DevPathToTextDns
 .text.CatNetworkProtocol
                0x0000000000028340       0x38 /tmp/ccgdRr0t.ltrans4.ltrans.o
 .text.DevPathToTextIPv6
                0x0000000000028378       0xe8 /tmp/ccgdRr0t.ltrans4.ltrans.o
                0x0000000000028378                DevPathToTextIPv6
 .text.DevPathToTextIPv4
                0x0000000000028460       0xf0 /tmp/ccgdRr0t.ltrans4.ltrans.o
                0x0000000000028460                DevPathToTextIPv4
 .text.DevPathToTextMacAddr
                0x0000000000028550       0x8c /tmp/ccgdRr0t.ltrans4.ltrans.o
                0x0000000000028550                DevPathToTextMacAddr
 .text.DevPathToTextI2O
                0x00000000000285dc       0x10 /tmp/ccgdRr0t.ltrans4.ltrans.o
                0x00000000000285dc                DevPathToTextI2O
 .text.DevPathToTextSata
                0x00000000000285ec       0x18 /tmp/ccgdRr0t.ltrans4.ltrans.o
                0x00000000000285ec                DevPathToTextSata
 .text.DevPathToTextUsbClass
                0x0000000000028604      0x1bc /tmp/ccgdRr0t.ltrans4.ltrans.o
                0x0000000000028604                DevPathToTextUsbClass
 .text.DevPathToTextLogicalUnit
                0x00000000000287c0       0x10 /tmp/ccgdRr0t.ltrans4.ltrans.o
                0x00000000000287c0                DevPathToTextLogicalUnit
 .text.DevPathToTextUsbWWID
                0x00000000000287d0       0xa4 /tmp/ccgdRr0t.ltrans4.ltrans.o
                0x00000000000287d0                DevPathToTextUsbWWID
 .text.DevPathToTextUsb
                0x0000000000028874       0x14 /tmp/ccgdRr0t.ltrans4.ltrans.o
                0x0000000000028874                DevPathToTextUsb
 .text.DevPathToText1394
                0x0000000000028888       0x10 /tmp/ccgdRr0t.ltrans4.ltrans.o
                0x0000000000028888                DevPathToText1394
 .text.DevPathToTextEmmc
                0x0000000000028898       0x10 /tmp/ccgdRr0t.ltrans4.ltrans.o
                0x0000000000028898                DevPathToTextEmmc
 .text.DevPathToTextSd
                0x00000000000288a8       0x10 /tmp/ccgdRr0t.ltrans4.ltrans.o
                0x00000000000288a8                DevPathToTextSd
 .text.DevPathToTextUfs
                0x00000000000288b8       0x14 /tmp/ccgdRr0t.ltrans4.ltrans.o
                0x00000000000288b8                DevPathToTextUfs
 .text.DevPathToTextNVMe
                0x00000000000288cc       0x54 /tmp/ccgdRr0t.ltrans4.ltrans.o
                0x00000000000288cc                DevPathToTextNVMe
 .text.DevPathToTextSasEx
                0x0000000000028920      0x184 /tmp/ccgdRr0t.ltrans4.ltrans.o
                0x0000000000028920                DevPathToTextSasEx
 .text.DevPathToTextFibreEx
                0x0000000000028aa4       0xa0 /tmp/ccgdRr0t.ltrans4.ltrans.o
                0x0000000000028aa4                DevPathToTextFibreEx
 .text.DevPathToTextFibre
                0x0000000000028b44       0x10 /tmp/ccgdRr0t.ltrans4.ltrans.o
                0x0000000000028b44                DevPathToTextFibre
 .text.DevPathToTextScsi
                0x0000000000028b54       0x14 /tmp/ccgdRr0t.ltrans4.ltrans.o
                0x0000000000028b54                DevPathToTextScsi
 .text.DevPathToTextAtapi
                0x0000000000028b68       0x60 /tmp/ccgdRr0t.ltrans4.ltrans.o
                0x0000000000028b68                DevPathToTextAtapi
 .text.DevPathToTextAcpiAdr
                0x0000000000028bc8       0x90 /tmp/ccgdRr0t.ltrans4.ltrans.o
                0x0000000000028bc8                DevPathToTextAcpiAdr
 .text.DevPathToTextAcpiEx
                0x0000000000028c58      0x1b8 /tmp/ccgdRr0t.ltrans4.ltrans.o
                0x0000000000028c58                DevPathToTextAcpiEx
 .text.DevPathToTextAcpi
                0x0000000000028e10       0xc0 /tmp/ccgdRr0t.ltrans4.ltrans.o
                0x0000000000028e10                DevPathToTextAcpi
 .text.DevPathToTextBmc
                0x0000000000028ed0       0x3c /tmp/ccgdRr0t.ltrans4.ltrans.o
                0x0000000000028ed0                DevPathToTextBmc
 .text.DevPathToTextController
                0x0000000000028f0c       0x10 /tmp/ccgdRr0t.ltrans4.ltrans.o
                0x0000000000028f0c                DevPathToTextController
 .text.DevPathToTextVendor
                0x0000000000028f1c      0x350 /tmp/ccgdRr0t.ltrans4.ltrans.o
                0x0000000000028f1c                DevPathToTextVendor
 .text.DevPathToTextMemMap
                0x000000000002926c       0x14 /tmp/ccgdRr0t.ltrans4.ltrans.o
                0x000000000002926c                DevPathToTextMemMap
 .text.DevPathToTextPccard
                0x0000000000029280       0x10 /tmp/ccgdRr0t.ltrans4.ltrans.o
                0x0000000000029280                DevPathToTextPccard
 .text.DevPathToTextPci
                0x0000000000029290       0x14 /tmp/ccgdRr0t.ltrans4.ltrans.o
                0x0000000000029290                DevPathToTextPci
 .text.AllocateZeroPool
                0x00000000000292a4       0x34 /tmp/ccgdRr0t.ltrans4.ltrans.o
                0x00000000000292a4                AllocateZeroPool
 .text.InternalHiiBrowserCallback.constprop.7
                0x00000000000292d8      0x10c /tmp/ccgdRr0t.ltrans4.ltrans.o
                0x00000000000292d8                InternalHiiBrowserCallback.constprop.7
 .text.HiiGetSupportedLanguages
                0x00000000000293e4       0xc0 /tmp/ccgdRr0t.ltrans4.ltrans.o
                0x00000000000293e4                HiiGetSupportedLanguages
 .text.HiiUpdateForm
                0x00000000000294a4      0x4b8 /tmp/ccgdRr0t.ltrans4.ltrans.o
                0x00000000000294a4                HiiUpdateForm
 .text.HiiAddPackages
                0x000000000002995c      0x194 /tmp/ccgdRr0t.ltrans4.ltrans.o
                0x000000000002995c                HiiAddPackages
 .text.BootFromFile
                0x0000000000029af0      0x1a8 /tmp/ccgdRr0t.ltrans4.ltrans.o
                0x0000000000029af0                BootFromFile
 .text.ReSendForm
                0x0000000000029c98      0x1d0 /tmp/ccgdRr0t.ltrans4.ltrans.o
 .text.CreateDriverOptionFromFile
                0x0000000000029e68        0x8 /tmp/ccgdRr0t.ltrans4.ltrans.o
                0x0000000000029e68                CreateDriverOptionFromFile
 .text.CreateBootOptionFromFile
                0x0000000000029e70        0x8 /tmp/ccgdRr0t.ltrans4.ltrans.o
                0x0000000000029e70                CreateBootOptionFromFile
 .text.LibPcdSet32S
                0x0000000000029e78       0x30 /tmp/ccgdRr0t.ltrans4.ltrans.o
                0x0000000000029e78                LibPcdSet32S
 .text.LibPcdGet32
                0x0000000000029ea8       0x28 /tmp/ccgdRr0t.ltrans4.ltrans.o
                0x0000000000029ea8                LibPcdGet32
 .text.CleanUpPage
                0x0000000000029ed0       0x50 /tmp/ccgdRr0t.ltrans4.ltrans.o
                0x0000000000029ed0                CleanUpPage
 .text.UpdatePageEnd
                0x0000000000029f20       0x7c /tmp/ccgdRr0t.ltrans4.ltrans.o
                0x0000000000029f20                UpdatePageEnd
 .text.UpdatePageStart
                0x0000000000029f9c       0x60 /tmp/ccgdRr0t.ltrans4.ltrans.o
                0x0000000000029f9c                UpdatePageStart
 .text.GetConsoleOutMode
                0x0000000000029ffc       0xa4 /tmp/ccgdRr0t.ltrans4.ltrans.o
                0x0000000000029ffc                GetConsoleOutMode
 .text.IsIsaSerialNode
                0x000000000002a0a0       0x60 /tmp/ccgdRr0t.ltrans4.ltrans.o
                0x000000000002a0a0                IsIsaSerialNode
 .text.RetrieveUartUid
                0x000000000002a100       0xc0 /tmp/ccgdRr0t.ltrans4.ltrans.o
                0x000000000002a100                RetrieveUartUid
 .text.BmMatchDevicePaths
                0x000000000002a1c0       0x7c /tmp/ccgdRr0t.ltrans4.ltrans.o
                0x000000000002a1c0                BmMatchDevicePaths
                0x000000000002a1c0                MatchDevicePaths
 .text.BOpt_GetOptionNumber
                0x000000000002a23c      0x110 /tmp/ccgdRr0t.ltrans4.ltrans.o
                0x000000000002a23c                BOpt_GetOptionNumber
 .text.BOpt_GetMenuEntry
                0x000000000002a34c       0xac /tmp/ccgdRr0t.ltrans4.ltrans.o
                0x000000000002a34c                BOpt_GetMenuEntry
 .text.UpdateConsolePage
                0x000000000002a3f8      0x254 /tmp/ccgdRr0t.ltrans4.ltrans.o
 .text.UpdateComAttributeFromVariable
                0x000000000002a64c      0x1c8 /tmp/ccgdRr0t.ltrans4.ltrans.o
                0x000000000002a64c                UpdateComAttributeFromVariable
 .text.ChangeTerminalDevicePath
                0x000000000002a814      0x1a0 /tmp/ccgdRr0t.ltrans4.ltrans.o
                0x000000000002a814                ChangeTerminalDevicePath
 .text.Var_UpdateConsoleOption
                0x000000000002a9b4      0x200 /tmp/ccgdRr0t.ltrans4.ltrans.o
                0x000000000002a9b4                Var_UpdateConsoleOption
 .text.GetDriverOrder
                0x000000000002abb4       0xdc /tmp/ccgdRr0t.ltrans4.ltrans.o
                0x000000000002abb4                GetDriverOrder
 .text.GetBootOrder
                0x000000000002ac90       0xdc /tmp/ccgdRr0t.ltrans4.ltrans.o
                0x000000000002ac90                GetBootOrder
 .text.UpdateOrderPage
                0x000000000002ad6c      0x23c /tmp/ccgdRr0t.ltrans4.ltrans.o
 .text.UpdatePageBody
                0x000000000002afa8       0xb4 /tmp/ccgdRr0t.ltrans4.ltrans.o
                0x000000000002afa8                UpdatePageBody
 .text.BOpt_DestroyMenuEntry
                0x000000000002b05c       0xd4 /tmp/ccgdRr0t.ltrans4.ltrans.o
                0x000000000002b05c                BOpt_DestroyMenuEntry
 .text.BOpt_FreeMenu
                0x000000000002b130       0xa0 /tmp/ccgdRr0t.ltrans4.ltrans.o
                0x000000000002b130                BOpt_FreeMenu
 .text.BOpt_CreateMenuEntry
                0x000000000002b1d0       0xac /tmp/ccgdRr0t.ltrans4.ltrans.o
                0x000000000002b1d0                BOpt_CreateMenuEntry
 .text.GetConsoleMenu
                0x000000000002b27c      0x380 /tmp/ccgdRr0t.ltrans4.ltrans.o
                0x000000000002b27c                GetConsoleMenu
 .text.BOpt_GetDriverOptions
                0x000000000002b5fc      0x270 /tmp/ccgdRr0t.ltrans4.ltrans.o
                0x000000000002b5fc                BOpt_GetDriverOptions
 .text.BOpt_GetBootOptions
                0x000000000002b86c      0x3b8 /tmp/ccgdRr0t.ltrans4.ltrans.o
                0x000000000002b86c                BOpt_GetBootOptions
 .text.CleanUselessBeforeSubmit
                0x000000000002bc24       0xa0 /tmp/ccgdRr0t.ltrans4.ltrans.o
                0x000000000002bc24                CleanUselessBeforeSubmit
 .text.ArmCleanInvalidateDataCacheEntryByMVA
                0x000000000002bcc4        0x8 /home/vsts/work/1/edk2/Build/Lumia950XL-AARCH64/DEBUG_GCC5/AARCH64/ArmPkg/Library/ArmLib/ArmBaseLib/OUTPUT/ArmBaseLib.lib(AArch64Support.obj)
                0x000000000002bcc4                ArmCleanInvalidateDataCacheEntryByMVA
 .text.ArmDataSynchronizationBarrier
                0x000000000002bccc        0x8 /home/vsts/work/1/edk2/Build/Lumia950XL-AARCH64/DEBUG_GCC5/AARCH64/ArmPkg/Library/ArmLib/ArmBaseLib/OUTPUT/ArmBaseLib.lib(AArch64Support.obj)
                0x000000000002bccc                ArmDataSynchronizationBarrier
 .text.ArmIsArchTimerImplemented
                0x000000000002bcd4        0x8 /home/vsts/work/1/edk2/Build/Lumia950XL-AARCH64/DEBUG_GCC5/AARCH64/ArmPkg/Library/ArmLib/ArmBaseLib/OUTPUT/ArmBaseLib.lib(AArch64Support.obj)
                0x000000000002bcd4                ArmIsArchTimerImplemented
 .text.ArmCacheInfo
                0x000000000002bcdc        0x8 /home/vsts/work/1/edk2/Build/Lumia950XL-AARCH64/DEBUG_GCC5/AARCH64/ArmPkg/Library/ArmLib/ArmBaseLib/OUTPUT/ArmBaseLib.lib(ArmLibSupport.obj)
                0x000000000002bcdc                ArmCacheInfo
 .text.ArmGetInterruptState
                0x000000000002bce4       0x10 /home/vsts/work/1/edk2/Build/Lumia950XL-AARCH64/DEBUG_GCC5/AARCH64/ArmPkg/Library/ArmLib/ArmBaseLib/OUTPUT/ArmBaseLib.lib(ArmLibSupport.obj)
                0x000000000002bce4                ArmGetInterruptState
 .text.ArmEnableInterrupts
                0x000000000002bcf4        0xc /home/vsts/work/1/edk2/Build/Lumia950XL-AARCH64/DEBUG_GCC5/AARCH64/ArmPkg/Library/ArmLib/ArmBaseLib/OUTPUT/ArmBaseLib.lib(ArmLibSupportV8.obj)
                0x000000000002bcf4                ArmEnableInterrupts
 .text.ArmDisableInterrupts
                0x000000000002bd00        0xc /home/vsts/work/1/edk2/Build/Lumia950XL-AARCH64/DEBUG_GCC5/AARCH64/ArmPkg/Library/ArmLib/ArmBaseLib/OUTPUT/ArmBaseLib.lib(ArmLibSupportV8.obj)
                0x000000000002bd00                ArmDisableInterrupts
 .text.ArmReadCntFrq
                0x000000000002bd0c        0x8 /home/vsts/work/1/edk2/Build/Lumia950XL-AARCH64/DEBUG_GCC5/AARCH64/ArmPkg/Library/ArmLib/ArmBaseLib/OUTPUT/ArmBaseLib.lib(AArch64ArchTimerSupport.obj)
                0x000000000002bd0c                ArmReadCntFrq
 *(.rodata .rodata.* .gnu.linkonce.r.*)
 .rodata.lv_obj_align
                0x000000000002bd14       0x20 /tmp/ccgdRr0t.ltrans0.ltrans.o
 .rodata.AsciiStrCpy.str1.1
                0x000000000002bd34       0x86 /tmp/ccgdRr0t.ltrans0.ltrans.o
 .rodata.AsciiStrLen.str1.1
                0x000000000002bdba       0x6f /tmp/ccgdRr0t.ltrans0.ltrans.o
                                         0x86 (size before relaxing)
 .rodata.AsciiStrToUnicodeStrS.str1.1
                0x000000000002be29       0xc0 /tmp/ccgdRr0t.ltrans0.ltrans.o
 .rodata.AsciiStrnCmp.str1.1
                0x000000000002bee9       0x70 /tmp/ccgdRr0t.ltrans0.ltrans.o
 .rodata.BmDestroyRamDisk.str1.1
                0x000000000002bf59       0x60 /tmp/ccgdRr0t.ltrans0.ltrans.o
 .rodata.BmDisplayMessages.str1.1
                0x000000000002bfb9       0x16 /tmp/ccgdRr0t.ltrans0.ltrans.o
 *fill*         0x000000000002bfcf        0x1 
 .rodata.BmDisplayMessages.str2.2
                0x000000000002bfd0       0x2c /tmp/ccgdRr0t.ltrans0.ltrans.o
 .rodata.BmEndOfBdsPerfCode.str1.1
                0x000000000002bffc        0x4 /tmp/ccgdRr0t.ltrans0.ltrans.o
 .rodata.BmExpandMediaDevicePath.str1.1
                0x000000000002c000       0x21 /tmp/ccgdRr0t.ltrans0.ltrans.o
 *fill*         0x000000000002c021        0x1 
 .rodata.BmExpandMediaDevicePath.str2.2
                0x000000000002c022       0x2e /tmp/ccgdRr0t.ltrans0.ltrans.o
 .rodata.BmGetBootDescription.str1.1
                0x000000000002c050       0x38 /tmp/ccgdRr0t.ltrans0.ltrans.o
 .rodata.BmGetControllerName.str1.1
                0x000000000002c088        0xa /tmp/ccgdRr0t.ltrans0.ltrans.o
                                          0xb (size before relaxing)
 .rodata.BmGetControllerName.str2.2
                0x000000000002c092       0x1a /tmp/ccgdRr0t.ltrans0.ltrans.o
                                         0x24 (size before relaxing)
 .rodata.BmGetDescriptionFromDiskInfo.str2.2
                0x000000000002c0ac       0x2c /tmp/ccgdRr0t.ltrans0.ltrans.o
 .rodata.BmGetFreeOptionNumber.str1.1
                0x000000000002c0d8      0x14f /tmp/ccgdRr0t.ltrans0.ltrans.o
 *fill*         0x000000000002c227        0x1 
 .rodata.BmGetFreeOptionNumber.str2.2
                0x000000000002c228       0x12 /tmp/ccgdRr0t.ltrans0.ltrans.o
 .rodata.BmGetMiscDescription.str1.1
                0x000000000002c23a      0x14f /tmp/ccgdRr0t.ltrans0.ltrans.o
                                         0x1b (size before relaxing)
 .rodata.BmGetMiscDescription.str2.2
                0x000000000002c23a       0xa4 /tmp/ccgdRr0t.ltrans0.ltrans.o
                                         0xc8 (size before relaxing)
 .rodata.BmGetNetworkDescription.str1.1
                0x000000000002c2de       0x53 /tmp/ccgdRr0t.ltrans0.ltrans.o
                                         0x6f (size before relaxing)
 *fill*         0x000000000002c331        0x1 
 .rodata.BmGetNetworkDescription.str2.2
                0x000000000002c332       0xb4 /tmp/ccgdRr0t.ltrans0.ltrans.o
 .rodata.BmGetNextLoadOptionDevicePath.str1.1
                0x000000000002c3e6       0x19 /tmp/ccgdRr0t.ltrans0.ltrans.o
 *fill*         0x000000000002c3ff        0x1 
 .rodata.BmGetNextLoadOptionDevicePath.str2.2
                0x000000000002c400        0xa /tmp/ccgdRr0t.ltrans0.ltrans.o
 .rodata.BmGetRamDiskDevicePath.str1.1
                0x000000000002c40a       0x6a /tmp/ccgdRr0t.ltrans0.ltrans.o
 .rodata.BmGetSingleControllerHealthStatus.str1.1
                0x000000000002c474       0xca /tmp/ccgdRr0t.ltrans0.ltrans.o
 .rodata.BmGetUsbDescription.str2.2
                0x000000000002c53e        0xa /tmp/ccgdRr0t.ltrans0.ltrans.o
                                          0x4 (size before relaxing)
 .rodata.BmHotkeyCallback.str1.1
                0x000000000002c53e       0xf7 /tmp/ccgdRr0t.ltrans0.ltrans.o
 *fill*         0x000000000002c635        0x1 
 .rodata.BmHotkeyCallback.str2.2
                0x000000000002c636        0xa /tmp/ccgdRr0t.ltrans0.ltrans.o
 .rodata.BmPrintDp.str1.1
                0x000000000002c640        0x3 /tmp/ccgdRr0t.ltrans0.ltrans.o
 .rodata.BmRepairAllControllers.str1.1
                0x000000000002c643       0x4d /tmp/ccgdRr0t.ltrans0.ltrans.o
 .rodata.BmRepairNotify.str1.1
                0x000000000002c690       0x1a /tmp/ccgdRr0t.ltrans0.ltrans.o
 .rodata.BmRepairNotify.str2.2
                0x000000000002c6aa       0x34 /tmp/ccgdRr0t.ltrans0.ltrans.o
 .rodata.BmUpdateSystemTableConsole.str1.1
                0x000000000002c6de       0xbd /tmp/ccgdRr0t.ltrans0.ltrans.o
 .rodata.DebugAssert.str1.1
                0x000000000002c79b       0x1e /tmp/ccgdRr0t.ltrans0.ltrans.o
 .rodata.EfiBootManagerBoot.str1.1
                0x000000000002c7b9      0x31a /tmp/ccgdRr0t.ltrans0.ltrans.o
                                        0x31c (size before relaxing)
 *fill*         0x000000000002cad3        0x1 
 .rodata.EfiBootManagerBoot.str2.2
                0x000000000002cad4       0x44 /tmp/ccgdRr0t.ltrans0.ltrans.o
 .rodata.EfiBootManagerConnectAllDefaultConsoles.str1.1
                0x000000000002cb18       0x23 /tmp/ccgdRr0t.ltrans0.ltrans.o
 *fill*         0x000000000002cb3b        0x1 
 .rodata.EfiBootManagerConnectAllDefaultConsoles.str2.2
                0x000000000002cb3c       0x28 /tmp/ccgdRr0t.ltrans0.ltrans.o
 .rodata.EfiBootManagerConnectDevicePath.str1.1
                0x000000000002cb64       0x9a /tmp/ccgdRr0t.ltrans0.ltrans.o
 .rodata.EfiBootManagerDeleteLoadOptionVariable.str2.2
                0x000000000002cbfe        0xe /tmp/ccgdRr0t.ltrans0.ltrans.o
 .rodata.EfiBootManagerGetDriverHealthInfo.str1.1
                0x000000000002cc0c       0x24 /tmp/ccgdRr0t.ltrans0.ltrans.o
 .rodata.EfiBootManagerLoadOptionToVariable.str1.1
                0x000000000002cc30       0x19 /tmp/ccgdRr0t.ltrans0.ltrans.o
 .rodata.EfiBootManagerRefreshAllBootOption.str1.1
                0x000000000002cc49       0x34 /tmp/ccgdRr0t.ltrans0.ltrans.o
 *fill*         0x000000000002cc7d        0x1 
 .rodata.EfiBootManagerRefreshAllBootOption.str2.2
                0x000000000002cc7e        0xc /tmp/ccgdRr0t.ltrans0.ltrans.o
 .rodata.GetBestLanguage.str1.1
                0x000000000002cc8a       0x23 /tmp/ccgdRr0t.ltrans0.ltrans.o
 .rodata.GetHobList.str1.1
                0x000000000002ccad       0x52 /tmp/ccgdRr0t.ltrans0.ltrans.o
 .rodata.GetVariable2.str1.1
                0x000000000002ccff       0x95 /tmp/ccgdRr0t.ltrans0.ltrans.o
 .rodata.LibAppendFileName.str1.1
                0x000000000002cd94       0x17 /tmp/ccgdRr0t.ltrans0.ltrans.o
                                         0x2b (size before relaxing)